#
# There is insufficient memory for the Java Runtime Environment to continue.
# Native memory allocation (malloc) failed to allocate 1800848 bytes. Error detail: Chunk::new
# Possible reasons:
#   The system is out of physical RAM or swap space
#   This process is running with CompressedOops enabled, and the Java Heap may be blocking the growth of the native heap
# Possible solutions:
#   Reduce memory load on the system
#   Increase physical memory or swap space
#   Check if swap backing store is full
#   Decrease Java heap size (-Xmx/-Xms)
#   Decrease number of Java threads
#   Decrease Java thread stack sizes (-Xss)
#   Set larger code cache with -XX:ReservedCodeCacheSize=
#   JVM is running with Zero Based Compressed Oops mode in which the Java heap is
#     placed in the first 32GB address space. The Java Heap base address is the
#     maximum limit for the native heap growth. Please use -XX:HeapBaseMinAddress
#     to set the Java Heap base and to place the Java Heap above 32GB virtual address.
# This output file may be truncated or incomplete.
#
#  Out of Memory Error (arena.cpp:168), pid=23536, tid=22916
#
# JRE version: OpenJDK Runtime Environment (21.0.6) (build 21.0.6+-13368085-b895.109)
# Java VM: OpenJDK 64-Bit Server VM (21.0.6+-13368085-b895.109, mixed mode, tiered, compressed oops, compressed class ptrs, g1 gc, windows-amd64)
# No core dump will be written. Minidumps are not enabled by default on client versions of Windows
#

---------------  S U M M A R Y ------------

Command Line: org.jetbrains.kotlin.cli.jvm.K2JVMCompiler @C:\Users\harsh\AndroidStudioProjects\M7pairlix\pairlix-user-android\app\build\20260422_1627260972501240260.compiler.options

Host: AMD Ryzen 5 5625U with Radeon Graphics         , 12 cores, 15G,  Windows 11 , 64 bit Build 26100 (10.0.26100.8115)
Time: Wed Apr 22 11:44:45 2026 India Standard Time elapsed time: 53.358649 seconds (0d 0h 0m 53s)

---------------  T H R E A D  ---------------

Current thread (0x000001a6b10a0ab0):  JavaThread "C2 CompilerThread0" daemon [_thread_in_native, id=22916, stack(0x0000007f77d00000,0x0000007f77e00000) (1024K)]


Current CompileTask:
C2:53358 25632       4       org.jetbrains.kotlin.ir.util.IrDeepCopyBase::copyRemappedTypeArgumentsFrom (145 bytes)

Stack: [0x0000007f77d00000,0x0000007f77e00000]
Native frames: (J=compiled Java code, j=interpreted, Vv=VM code, C=native code)
V  [jvm.dll+0x6d0639]
V  [jvm.dll+0x85eb03]
V  [jvm.dll+0x86105e]
V  [jvm.dll+0x861743]
V  [jvm.dll+0x27e6e6]
V  [jvm.dll+0xbff6d]
V  [jvm.dll+0xc04a3]
V  [jvm.dll+0x3b61ab]
V  [jvm.dll+0x1de684]
V  [jvm.dll+0x247dd4]
V  [jvm.dll+0x247251]
V  [jvm.dll+0x1c5f04]
V  [jvm.dll+0x2569ac]
V  [jvm.dll+0x254ef6]
V  [jvm.dll+0x3f0e96]
V  [jvm.dll+0x806ed8]
V  [jvm.dll+0x6cef0d]
C  [ucrtbase.dll+0x37b0]
C  [KERNEL32.DLL+0x2e8d7]
C  [ntdll.dll+0x8c3fc]


---------------  P R O C E S S  ---------------

Threads class SMR info:
_java_thread_list=0x000001a6b68f9e20, length=13, elements={
0x000001a692b196d0, 0x000001a6b1090a20, 0x000001a6b1091fe0, 0x000001a6b107da80,
0x000001a6b109ba50, 0x000001a6b107b000, 0x000001a6b107c1d0, 0x000001a6b10a0ab0,
0x000001a6b10a9550, 0x000001a6b12302e0, 0x000001a6b123b540, 0x000001a6b37c5630,
0x000001a6b213db90
}

Java Threads: ( => current thread )
  0x000001a692b196d0 JavaThread "main"                              [_thread_in_Java, id=18344, stack(0x0000007f76f00000,0x0000007f77000000) (1024K)]
  0x000001a6b1090a20 JavaThread "Reference Handler"          daemon [_thread_blocked, id=6156, stack(0x0000007f77700000,0x0000007f77800000) (1024K)]
  0x000001a6b1091fe0 JavaThread "Finalizer"                  daemon [_thread_blocked, id=11252, stack(0x0000007f77800000,0x0000007f77900000) (1024K)]
  0x000001a6b107da80 JavaThread "Signal Dispatcher"          daemon [_thread_blocked, id=13356, stack(0x0000007f77900000,0x0000007f77a00000) (1024K)]
  0x000001a6b109ba50 JavaThread "Attach Listener"            daemon [_thread_blocked, id=20808, stack(0x0000007f77a00000,0x0000007f77b00000) (1024K)]
  0x000001a6b107b000 JavaThread "Service Thread"             daemon [_thread_blocked, id=9476, stack(0x0000007f77b00000,0x0000007f77c00000) (1024K)]
  0x000001a6b107c1d0 JavaThread "Monitor Deflation Thread"   daemon [_thread_blocked, id=18288, stack(0x0000007f77c00000,0x0000007f77d00000) (1024K)]
=>0x000001a6b10a0ab0 JavaThread "C2 CompilerThread0"         daemon [_thread_in_native, id=22916, stack(0x0000007f77d00000,0x0000007f77e00000) (1024K)]
  0x000001a6b10a9550 JavaThread "C1 CompilerThread0"         daemon [_thread_in_vm, id=13504, stack(0x0000007f77e00000,0x0000007f77f00000) (1024K)]
  0x000001a6b12302e0 JavaThread "Notification Thread"        daemon [_thread_blocked, id=16040, stack(0x0000007f77f00000,0x0000007f78000000) (1024K)]
  0x000001a6b123b540 JavaThread "Common-Cleaner"             daemon [_thread_blocked, id=24044, stack(0x0000007f78000000,0x0000007f78100000) (1024K)]
  0x000001a6b37c5630 JavaThread "C2 CompilerThread1"         daemon [_thread_in_native, id=2440, stack(0x0000007f78b00000,0x0000007f78c00000) (1024K)]
  0x000001a6b213db90 JavaThread "C2 CompilerThread2"         daemon [_thread_in_native, id=7836, stack(0x0000007f78d00000,0x0000007f78e00000) (1024K)]
Total: 13

Other Threads:
  0x000001a6acb03c70 VMThread "VM Thread"                           [id=2024, stack(0x0000007f77600000,0x0000007f77700000) (1024K)]
  0x000001a6acaac720 WatcherThread "VM Periodic Task Thread"        [id=15232, stack(0x0000007f77500000,0x0000007f77600000) (1024K)]
  0x000001a692b7dc80 WorkerThread "GC Thread#0"                     [id=2076, stack(0x0000007f77000000,0x0000007f77100000) (1024K)]
  0x000001a6b19615f0 WorkerThread "GC Thread#1"                     [id=4252, stack(0x0000007f78300000,0x0000007f78400000) (1024K)]
  0x000001a6b1961dc0 WorkerThread "GC Thread#2"                     [id=15876, stack(0x0000007f78400000,0x0000007f78500000) (1024K)]
  0x000001a6b19b1030 WorkerThread "GC Thread#3"                     [id=5760, stack(0x0000007f78500000,0x0000007f78600000) (1024K)]
  0x000001a6b19b13d0 WorkerThread "GC Thread#4"                     [id=19360, stack(0x0000007f78600000,0x0000007f78700000) (1024K)]
  0x000001a6b19d4c60 WorkerThread "GC Thread#5"                     [id=23112, stack(0x0000007f78700000,0x0000007f78800000) (1024K)]
  0x000001a6b1b31320 WorkerThread "GC Thread#6"                     [id=18108, stack(0x0000007f78100000,0x0000007f78200000) (1024K)]
  0x000001a6b1b316c0 WorkerThread "GC Thread#7"                     [id=13816, stack(0x0000007f78200000,0x0000007f78300000) (1024K)]
  0x000001a6b1f42630 WorkerThread "GC Thread#8"                     [id=19760, stack(0x0000007f78800000,0x0000007f78900000) (1024K)]
  0x000001a6b1f3f370 WorkerThread "GC Thread#9"                     [id=2364, stack(0x0000007f78c00000,0x0000007f78d00000) (1024K)]
  0x000001a692b900f0 ConcurrentGCThread "G1 Main Marker"            [id=9448, stack(0x0000007f77100000,0x0000007f77200000) (1024K)]
  0x000001a692b91930 WorkerThread "G1 Conc#0"                       [id=2672, stack(0x0000007f77200000,0x0000007f77300000) (1024K)]
  0x000001a6b1f41070 WorkerThread "G1 Conc#1"                       [id=10620, stack(0x0000007f78900000,0x0000007f78a00000) (1024K)]
  0x000001a6b1f3ec30 WorkerThread "G1 Conc#2"                       [id=23408, stack(0x0000007f78a00000,0x0000007f78b00000) (1024K)]
  0x000001a6ac97f5d0 ConcurrentGCThread "G1 Refine#0"               [id=25548, stack(0x0000007f77300000,0x0000007f77400000) (1024K)]
  0x000001a6ac97fa00 ConcurrentGCThread "G1 Service"                [id=5704, stack(0x0000007f77400000,0x0000007f77500000) (1024K)]
Total: 18

Threads with active compile tasks:
C2 CompilerThread0  53399 25632       4       org.jetbrains.kotlin.ir.util.IrDeepCopyBase::copyRemappedTypeArgumentsFrom (145 bytes)
C1 CompilerThread0  53399 25798       2       androidx.compose.compiler.plugins.kotlin.lower.ComposableTypeRemapper::remapType (548 bytes)
C2 CompilerThread1  53399 25777       4       androidx.compose.compiler.plugins.kotlin.lower.ComposerParamTransformer::withComposerParamIfNeeded (1038 bytes)
C2 CompilerThread2  53400 25524       4       org.jetbrains.kotlin.ir.util.DeepCopyIrTreeWithSymbols::remapType (12 bytes)
Total: 4

VM state: not at safepoint (normal execution)

VM Mutex/Monitor currently owned by a thread: None

Heap address: 0x000000070a800000, size: 3928 MB, Compressed Oops mode: Zero based, Oop shift amount: 3

CDS archive(s) not mapped
Compressed class space mapped at: 0x0000000800000000-0x0000000840000000, reserved size: 1073741824
Narrow klass base: 0x0000000800000000, Narrow klass shift: 0, Narrow klass range: 0x40000000

GC Precious Log:
 CardTable entry size: 512
 Card Set container configuration: InlinePtr #cards 4 size 8 Array Of Cards #cards 16 size 48 Howl #buckets 8 coarsen threshold 3686 Howl Bitmap #cards 512 size 80 coarsen threshold 460 Card regions per heap region 1 cards per card region 4096
 CPUs: 12 total, 12 available
 Memory: 15708M
 Large Page Support: Disabled
 NUMA Support: Disabled
 Compressed Oops: Enabled (Zero based)
 Heap Region Size: 2M
 Heap Min Capacity: 8M
 Heap Initial Capacity: 246M
 Heap Max Capacity: 3928M
 Pre-touch: Disabled
 Parallel Workers: 10
 Concurrent Workers: 3
 Concurrent Refinement Workers: 10
 Periodic GC: Disabled

Heap:
 garbage-first heap   total 604160K, used 547300K [0x000000070a800000, 0x0000000800000000)
  region size 2048K, 80 young (163840K), 9 survivors (18432K)
 Metaspace       used 93779K, committed 94144K, reserved 1179648K
  class space    used 9417K, committed 9600K, reserved 1048576K

Heap Regions: E=young(eden), S=young(survivor), O=old, HS=humongous(starts), HC=humongous(continues), CS=collection set, F=free, TAMS=top-at-mark-start, PB=parsable bottom
|   0|0x000000070a800000, 0x000000070aa00000, 0x000000070aa00000|100%|HS|  |TAMS 0x000000070a800000| PB 0x000000070a800000| Complete 
|   1|0x000000070aa00000, 0x000000070ac00000, 0x000000070ac00000|100%|HC|  |TAMS 0x000000070aa00000| PB 0x000000070aa00000| Complete 
|   2|0x000000070ac00000, 0x000000070ae00000, 0x000000070ae00000|100%| O|  |TAMS 0x000000070ac00000| PB 0x000000070ac00000| Untracked 
|   3|0x000000070ae00000, 0x000000070b000000, 0x000000070b000000|100%| O|  |TAMS 0x000000070ae00000| PB 0x000000070ae00000| Untracked 
|   4|0x000000070b000000, 0x000000070b200000, 0x000000070b200000|100%| O|  |TAMS 0x000000070b000000| PB 0x000000070b000000| Untracked 
|   5|0x000000070b200000, 0x000000070b400000, 0x000000070b400000|100%| O|  |TAMS 0x000000070b200000| PB 0x000000070b200000| Untracked 
|   6|0x000000070b400000, 0x000000070b600000, 0x000000070b600000|100%| O|  |TAMS 0x000000070b400000| PB 0x000000070b400000| Untracked 
|   7|0x000000070b600000, 0x000000070b800000, 0x000000070b800000|100%| O|  |TAMS 0x000000070b600000| PB 0x000000070b600000| Untracked 
|   8|0x000000070b800000, 0x000000070ba00000, 0x000000070ba00000|100%| O|  |TAMS 0x000000070b800000| PB 0x000000070b800000| Untracked 
|   9|0x000000070ba00000, 0x000000070bc00000, 0x000000070bc00000|100%| O|  |TAMS 0x000000070ba00000| PB 0x000000070ba00000| Untracked 
|  10|0x000000070bc00000, 0x000000070be00000, 0x000000070be00000|100%| O|  |TAMS 0x000000070bc00000| PB 0x000000070bc00000| Untracked 
|  11|0x000000070be00000, 0x000000070c000000, 0x000000070c000000|100%| O|  |TAMS 0x000000070be00000| PB 0x000000070be00000| Untracked 
|  12|0x000000070c000000, 0x000000070c200000, 0x000000070c200000|100%| O|  |TAMS 0x000000070c000000| PB 0x000000070c000000| Untracked 
|  13|0x000000070c200000, 0x000000070c400000, 0x000000070c400000|100%| O|  |TAMS 0x000000070c200000| PB 0x000000070c200000| Untracked 
|  14|0x000000070c400000, 0x000000070c600000, 0x000000070c600000|100%| O|  |TAMS 0x000000070c400000| PB 0x000000070c400000| Untracked 
|  15|0x000000070c600000, 0x000000070c800000, 0x000000070c800000|100%| O|  |TAMS 0x000000070c600000| PB 0x000000070c600000| Untracked 
|  16|0x000000070c800000, 0x000000070ca00000, 0x000000070ca00000|100%| O|  |TAMS 0x000000070c800000| PB 0x000000070c800000| Untracked 
|  17|0x000000070ca00000, 0x000000070cc00000, 0x000000070cc00000|100%| O|  |TAMS 0x000000070ca00000| PB 0x000000070ca00000| Untracked 
|  18|0x000000070cc00000, 0x000000070ce00000, 0x000000070ce00000|100%| O|  |TAMS 0x000000070cc00000| PB 0x000000070cc00000| Untracked 
|  19|0x000000070ce00000, 0x000000070d000000, 0x000000070d000000|100%| O|  |TAMS 0x000000070ce00000| PB 0x000000070ce00000| Untracked 
|  20|0x000000070d000000, 0x000000070d200000, 0x000000070d200000|100%| O|  |TAMS 0x000000070d000000| PB 0x000000070d000000| Untracked 
|  21|0x000000070d200000, 0x000000070d400000, 0x000000070d400000|100%| O|  |TAMS 0x000000070d200000| PB 0x000000070d200000| Untracked 
|  22|0x000000070d400000, 0x000000070d600000, 0x000000070d600000|100%| O|  |TAMS 0x000000070d400000| PB 0x000000070d400000| Untracked 
|  23|0x000000070d600000, 0x000000070d800000, 0x000000070d800000|100%| O|  |TAMS 0x000000070d600000| PB 0x000000070d600000| Untracked 
|  24|0x000000070d800000, 0x000000070da00000, 0x000000070da00000|100%| O|  |TAMS 0x000000070d800000| PB 0x000000070d800000| Untracked 
|  25|0x000000070da00000, 0x000000070dc00000, 0x000000070dc00000|100%| O|  |TAMS 0x000000070da00000| PB 0x000000070da00000| Untracked 
|  26|0x000000070dc00000, 0x000000070de00000, 0x000000070de00000|100%| O|  |TAMS 0x000000070dc00000| PB 0x000000070dc00000| Untracked 
|  27|0x000000070de00000, 0x000000070e000000, 0x000000070e000000|100%| O|  |TAMS 0x000000070de00000| PB 0x000000070de00000| Untracked 
|  28|0x000000070e000000, 0x000000070e200000, 0x000000070e200000|100%| O|  |TAMS 0x000000070e000000| PB 0x000000070e000000| Untracked 
|  29|0x000000070e200000, 0x000000070e400000, 0x000000070e400000|100%| O|  |TAMS 0x000000070e200000| PB 0x000000070e200000| Untracked 
|  30|0x000000070e400000, 0x000000070e600000, 0x000000070e600000|100%| O|  |TAMS 0x000000070e400000| PB 0x000000070e400000| Untracked 
|  31|0x000000070e600000, 0x000000070e800000, 0x000000070e800000|100%| O|  |TAMS 0x000000070e600000| PB 0x000000070e600000| Untracked 
|  32|0x000000070e800000, 0x000000070ea00000, 0x000000070ea00000|100%| O|  |TAMS 0x000000070e800000| PB 0x000000070e800000| Untracked 
|  33|0x000000070ea00000, 0x000000070ec00000, 0x000000070ec00000|100%| O|  |TAMS 0x000000070ea00000| PB 0x000000070ea00000| Untracked 
|  34|0x000000070ec00000, 0x000000070ee00000, 0x000000070ee00000|100%| O|  |TAMS 0x000000070ec00000| PB 0x000000070ec00000| Untracked 
|  35|0x000000070ee00000, 0x000000070f000000, 0x000000070f000000|100%| O|  |TAMS 0x000000070ee00000| PB 0x000000070ee00000| Untracked 
|  36|0x000000070f000000, 0x000000070f200000, 0x000000070f200000|100%| O|  |TAMS 0x000000070f000000| PB 0x000000070f000000| Untracked 
|  37|0x000000070f200000, 0x000000070f400000, 0x000000070f400000|100%| O|  |TAMS 0x000000070f200000| PB 0x000000070f200000| Untracked 
|  38|0x000000070f400000, 0x000000070f600000, 0x000000070f600000|100%| O|  |TAMS 0x000000070f400000| PB 0x000000070f400000| Untracked 
|  39|0x000000070f600000, 0x000000070f800000, 0x000000070f800000|100%| O|  |TAMS 0x000000070f600000| PB 0x000000070f600000| Untracked 
|  40|0x000000070f800000, 0x000000070fa00000, 0x000000070fa00000|100%| O|  |TAMS 0x000000070f800000| PB 0x000000070f800000| Untracked 
|  41|0x000000070fa00000, 0x000000070fc00000, 0x000000070fc00000|100%| O|  |TAMS 0x000000070fa00000| PB 0x000000070fa00000| Untracked 
|  42|0x000000070fc00000, 0x000000070fe00000, 0x000000070fe00000|100%| O|  |TAMS 0x000000070fc00000| PB 0x000000070fc00000| Untracked 
|  43|0x000000070fe00000, 0x0000000710000000, 0x0000000710000000|100%| O|  |TAMS 0x000000070fe00000| PB 0x000000070fe00000| Untracked 
|  44|0x0000000710000000, 0x0000000710200000, 0x0000000710200000|100%| O|  |TAMS 0x0000000710000000| PB 0x0000000710000000| Untracked 
|  45|0x0000000710200000, 0x0000000710400000, 0x0000000710400000|100%| O|  |TAMS 0x0000000710200000| PB 0x0000000710200000| Untracked 
|  46|0x0000000710400000, 0x0000000710600000, 0x0000000710600000|100%| O|  |TAMS 0x0000000710400000| PB 0x0000000710400000| Untracked 
|  47|0x0000000710600000, 0x0000000710800000, 0x0000000710800000|100%| O|  |TAMS 0x0000000710600000| PB 0x0000000710600000| Untracked 
|  48|0x0000000710800000, 0x0000000710a00000, 0x0000000710a00000|100%| O|  |TAMS 0x0000000710800000| PB 0x0000000710800000| Untracked 
|  49|0x0000000710a00000, 0x0000000710c00000, 0x0000000710c00000|100%| O|  |TAMS 0x0000000710a00000| PB 0x0000000710a00000| Untracked 
|  50|0x0000000710c00000, 0x0000000710e00000, 0x0000000710e00000|100%| O|  |TAMS 0x0000000710c00000| PB 0x0000000710c00000| Untracked 
|  51|0x0000000710e00000, 0x0000000711000000, 0x0000000711000000|100%| O|  |TAMS 0x0000000710e00000| PB 0x0000000710e00000| Untracked 
|  52|0x0000000711000000, 0x0000000711200000, 0x0000000711200000|100%| O|  |TAMS 0x0000000711000000| PB 0x0000000711000000| Untracked 
|  53|0x0000000711200000, 0x0000000711400000, 0x0000000711400000|100%| O|  |TAMS 0x0000000711200000| PB 0x0000000711200000| Untracked 
|  54|0x0000000711400000, 0x0000000711600000, 0x0000000711600000|100%| O|  |TAMS 0x0000000711400000| PB 0x0000000711400000| Untracked 
|  55|0x0000000711600000, 0x0000000711800000, 0x0000000711800000|100%| O|  |TAMS 0x0000000711600000| PB 0x0000000711600000| Untracked 
|  56|0x0000000711800000, 0x0000000711a00000, 0x0000000711a00000|100%| O|  |TAMS 0x0000000711800000| PB 0x0000000711800000| Untracked 
|  57|0x0000000711a00000, 0x0000000711c00000, 0x0000000711c00000|100%| O|  |TAMS 0x0000000711a00000| PB 0x0000000711a00000| Untracked 
|  58|0x0000000711c00000, 0x0000000711e00000, 0x0000000711e00000|100%| O|  |TAMS 0x0000000711c00000| PB 0x0000000711c00000| Untracked 
|  59|0x0000000711e00000, 0x0000000712000000, 0x0000000712000000|100%| O|  |TAMS 0x0000000711e00000| PB 0x0000000711e00000| Untracked 
|  60|0x0000000712000000, 0x0000000712200000, 0x0000000712200000|100%| O|  |TAMS 0x0000000712000000| PB 0x0000000712000000| Untracked 
|  61|0x0000000712200000, 0x0000000712400000, 0x0000000712400000|100%| O|  |TAMS 0x0000000712200000| PB 0x0000000712200000| Untracked 
|  62|0x0000000712400000, 0x0000000712600000, 0x0000000712600000|100%| O|  |TAMS 0x0000000712400000| PB 0x0000000712400000| Untracked 
|  63|0x0000000712600000, 0x0000000712800000, 0x0000000712800000|100%| O|  |TAMS 0x0000000712600000| PB 0x0000000712600000| Untracked 
|  64|0x0000000712800000, 0x0000000712a00000, 0x0000000712a00000|100%| O|  |TAMS 0x0000000712800000| PB 0x0000000712800000| Untracked 
|  65|0x0000000712a00000, 0x0000000712c00000, 0x0000000712c00000|100%| O|  |TAMS 0x0000000712a00000| PB 0x0000000712a00000| Untracked 
|  66|0x0000000712c00000, 0x0000000712e00000, 0x0000000712e00000|100%| O|  |TAMS 0x0000000712c00000| PB 0x0000000712c00000| Untracked 
|  67|0x0000000712e00000, 0x0000000713000000, 0x0000000713000000|100%| O|  |TAMS 0x0000000712e00000| PB 0x0000000712e00000| Untracked 
|  68|0x0000000713000000, 0x0000000713200000, 0x0000000713200000|100%| O|  |TAMS 0x0000000713000000| PB 0x0000000713000000| Untracked 
|  69|0x0000000713200000, 0x0000000713400000, 0x0000000713400000|100%| O|  |TAMS 0x0000000713200000| PB 0x0000000713200000| Untracked 
|  70|0x0000000713400000, 0x0000000713600000, 0x0000000713600000|100%| O|  |TAMS 0x0000000713400000| PB 0x0000000713400000| Untracked 
|  71|0x0000000713600000, 0x0000000713800000, 0x0000000713800000|100%| O|  |TAMS 0x0000000713600000| PB 0x0000000713600000| Untracked 
|  72|0x0000000713800000, 0x0000000713a00000, 0x0000000713a00000|100%| O|  |TAMS 0x0000000713800000| PB 0x0000000713800000| Untracked 
|  73|0x0000000713a00000, 0x0000000713c00000, 0x0000000713c00000|100%| O|  |TAMS 0x0000000713a00000| PB 0x0000000713a00000| Untracked 
|  74|0x0000000713c00000, 0x0000000713e00000, 0x0000000713e00000|100%| O|  |TAMS 0x0000000713c00000| PB 0x0000000713c00000| Untracked 
|  75|0x0000000713e00000, 0x0000000714000000, 0x0000000714000000|100%| O|  |TAMS 0x0000000713e00000| PB 0x0000000713e00000| Untracked 
|  76|0x0000000714000000, 0x0000000714200000, 0x0000000714200000|100%| O|  |TAMS 0x0000000714000000| PB 0x0000000714000000| Untracked 
|  77|0x0000000714200000, 0x0000000714400000, 0x0000000714400000|100%| O|  |TAMS 0x0000000714200000| PB 0x0000000714200000| Untracked 
|  78|0x0000000714400000, 0x0000000714600000, 0x0000000714600000|100%| O|  |TAMS 0x0000000714400000| PB 0x0000000714400000| Untracked 
|  79|0x0000000714600000, 0x0000000714800000, 0x0000000714800000|100%| O|  |TAMS 0x0000000714600000| PB 0x0000000714600000| Untracked 
|  80|0x0000000714800000, 0x0000000714a00000, 0x0000000714a00000|100%| O|  |TAMS 0x0000000714800000| PB 0x0000000714800000| Untracked 
|  81|0x0000000714a00000, 0x0000000714c00000, 0x0000000714c00000|100%| O|  |TAMS 0x0000000714a00000| PB 0x0000000714a00000| Untracked 
|  82|0x0000000714c00000, 0x0000000714e00000, 0x0000000714e00000|100%| O|  |TAMS 0x0000000714c00000| PB 0x0000000714c00000| Untracked 
|  83|0x0000000714e00000, 0x0000000715000000, 0x0000000715000000|100%| O|  |TAMS 0x0000000714e00000| PB 0x0000000714e00000| Untracked 
|  84|0x0000000715000000, 0x0000000715200000, 0x0000000715200000|100%| O|  |TAMS 0x0000000715000000| PB 0x0000000715000000| Untracked 
|  85|0x0000000715200000, 0x0000000715400000, 0x0000000715400000|100%| O|  |TAMS 0x0000000715200000| PB 0x0000000715200000| Untracked 
|  86|0x0000000715400000, 0x0000000715600000, 0x0000000715600000|100%| O|  |TAMS 0x0000000715400000| PB 0x0000000715400000| Untracked 
|  87|0x0000000715600000, 0x0000000715800000, 0x0000000715800000|100%| O|  |TAMS 0x0000000715600000| PB 0x0000000715600000| Untracked 
|  88|0x0000000715800000, 0x0000000715a00000, 0x0000000715a00000|100%| O|  |TAMS 0x0000000715800000| PB 0x0000000715800000| Untracked 
|  89|0x0000000715a00000, 0x0000000715c00000, 0x0000000715c00000|100%| O|  |TAMS 0x0000000715a00000| PB 0x0000000715a00000| Untracked 
|  90|0x0000000715c00000, 0x0000000715e00000, 0x0000000715e00000|100%| O|  |TAMS 0x0000000715c00000| PB 0x0000000715c00000| Untracked 
|  91|0x0000000715e00000, 0x0000000716000000, 0x0000000716000000|100%| O|  |TAMS 0x0000000715e00000| PB 0x0000000715e00000| Untracked 
|  92|0x0000000716000000, 0x0000000716200000, 0x0000000716200000|100%| O|  |TAMS 0x0000000716000000| PB 0x0000000716000000| Untracked 
|  93|0x0000000716200000, 0x0000000716200000, 0x0000000716400000|  0%| F|  |TAMS 0x0000000716200000| PB 0x0000000716200000| Untracked 
|  94|0x0000000716400000, 0x0000000716600000, 0x0000000716600000|100%| O|  |TAMS 0x0000000716400000| PB 0x0000000716400000| Untracked 
|  95|0x0000000716600000, 0x0000000716800000, 0x0000000716800000|100%| O|  |TAMS 0x0000000716600000| PB 0x0000000716600000| Untracked 
|  96|0x0000000716800000, 0x0000000716a00000, 0x0000000716a00000|100%| O|  |TAMS 0x0000000716800000| PB 0x0000000716800000| Untracked 
|  97|0x0000000716a00000, 0x0000000716c00000, 0x0000000716c00000|100%| O|  |TAMS 0x0000000716a00000| PB 0x0000000716a00000| Untracked 
|  98|0x0000000716c00000, 0x0000000716e00000, 0x0000000716e00000|100%| O|  |TAMS 0x0000000716c00000| PB 0x0000000716c00000| Untracked 
|  99|0x0000000716e00000, 0x0000000717000000, 0x0000000717000000|100%| O|  |TAMS 0x0000000716e00000| PB 0x0000000716e00000| Untracked 
| 100|0x0000000717000000, 0x0000000717200000, 0x0000000717200000|100%| O|  |TAMS 0x0000000717000000| PB 0x0000000717000000| Untracked 
| 101|0x0000000717200000, 0x0000000717400000, 0x0000000717400000|100%| O|  |TAMS 0x0000000717200000| PB 0x0000000717200000| Untracked 
| 102|0x0000000717400000, 0x0000000717600000, 0x0000000717600000|100%| O|  |TAMS 0x0000000717400000| PB 0x0000000717400000| Untracked 
| 103|0x0000000717600000, 0x0000000717800000, 0x0000000717800000|100%| O|  |TAMS 0x0000000717600000| PB 0x0000000717600000| Untracked 
| 104|0x0000000717800000, 0x0000000717a00000, 0x0000000717a00000|100%| O|  |TAMS 0x0000000717800000| PB 0x0000000717800000| Untracked 
| 105|0x0000000717a00000, 0x0000000717c00000, 0x0000000717c00000|100%| O|  |TAMS 0x0000000717a00000| PB 0x0000000717a00000| Untracked 
| 106|0x0000000717c00000, 0x0000000717e00000, 0x0000000717e00000|100%| O|  |TAMS 0x0000000717c00000| PB 0x0000000717c00000| Untracked 
| 107|0x0000000717e00000, 0x0000000718000000, 0x0000000718000000|100%| O|  |TAMS 0x0000000717e00000| PB 0x0000000717e00000| Untracked 
| 108|0x0000000718000000, 0x0000000718200000, 0x0000000718200000|100%| O|  |TAMS 0x0000000718000000| PB 0x0000000718000000| Untracked 
| 109|0x0000000718200000, 0x0000000718400000, 0x0000000718400000|100%| O|  |TAMS 0x0000000718200000| PB 0x0000000718200000| Untracked 
| 110|0x0000000718400000, 0x0000000718600000, 0x0000000718600000|100%| O|  |TAMS 0x0000000718400000| PB 0x0000000718400000| Untracked 
| 111|0x0000000718600000, 0x0000000718800000, 0x0000000718800000|100%| O|  |TAMS 0x0000000718600000| PB 0x0000000718600000| Untracked 
| 112|0x0000000718800000, 0x0000000718a00000, 0x0000000718a00000|100%| O|  |TAMS 0x0000000718800000| PB 0x0000000718800000| Untracked 
| 113|0x0000000718a00000, 0x0000000718c00000, 0x0000000718c00000|100%| O|  |TAMS 0x0000000718a00000| PB 0x0000000718a00000| Untracked 
| 114|0x0000000718c00000, 0x0000000718e00000, 0x0000000718e00000|100%| O|  |TAMS 0x0000000718c00000| PB 0x0000000718c00000| Untracked 
| 115|0x0000000718e00000, 0x0000000719000000, 0x0000000719000000|100%| O|  |TAMS 0x0000000718e00000| PB 0x0000000718e00000| Untracked 
| 116|0x0000000719000000, 0x0000000719200000, 0x0000000719200000|100%| O|  |TAMS 0x0000000719000000| PB 0x0000000719000000| Untracked 
| 117|0x0000000719200000, 0x0000000719400000, 0x0000000719400000|100%| O|  |TAMS 0x0000000719200000| PB 0x0000000719200000| Untracked 
| 118|0x0000000719400000, 0x0000000719600000, 0x0000000719600000|100%| O|  |TAMS 0x0000000719400000| PB 0x0000000719400000| Untracked 
| 119|0x0000000719600000, 0x0000000719800000, 0x0000000719800000|100%| O|  |TAMS 0x0000000719600000| PB 0x0000000719600000| Untracked 
| 120|0x0000000719800000, 0x0000000719a00000, 0x0000000719a00000|100%| O|  |TAMS 0x0000000719800000| PB 0x0000000719800000| Untracked 
| 121|0x0000000719a00000, 0x0000000719a00000, 0x0000000719c00000|  0%| F|  |TAMS 0x0000000719a00000| PB 0x0000000719a00000| Untracked 
| 122|0x0000000719c00000, 0x0000000719e00000, 0x0000000719e00000|100%| O|  |TAMS 0x0000000719c00000| PB 0x0000000719c00000| Untracked 
| 123|0x0000000719e00000, 0x000000071a000000, 0x000000071a000000|100%| O|  |TAMS 0x0000000719e00000| PB 0x0000000719e00000| Untracked 
| 124|0x000000071a000000, 0x000000071a200000, 0x000000071a200000|100%| O|  |TAMS 0x000000071a000000| PB 0x000000071a000000| Untracked 
| 125|0x000000071a200000, 0x000000071a400000, 0x000000071a400000|100%| O|  |TAMS 0x000000071a200000| PB 0x000000071a200000| Untracked 
| 126|0x000000071a400000, 0x000000071a600000, 0x000000071a600000|100%| O|  |TAMS 0x000000071a400000| PB 0x000000071a400000| Untracked 
| 127|0x000000071a600000, 0x000000071a800000, 0x000000071a800000|100%| O|  |TAMS 0x000000071a600000| PB 0x000000071a600000| Untracked 
| 128|0x000000071a800000, 0x000000071aa00000, 0x000000071aa00000|100%| O|  |TAMS 0x000000071a800000| PB 0x000000071a800000| Untracked 
| 129|0x000000071aa00000, 0x000000071ac00000, 0x000000071ac00000|100%| O|  |TAMS 0x000000071aa00000| PB 0x000000071aa00000| Untracked 
| 130|0x000000071ac00000, 0x000000071ae00000, 0x000000071ae00000|100%| O|  |TAMS 0x000000071ac00000| PB 0x000000071ac00000| Untracked 
| 131|0x000000071ae00000, 0x000000071b000000, 0x000000071b000000|100%| O|  |TAMS 0x000000071ae00000| PB 0x000000071ae00000| Untracked 
| 132|0x000000071b000000, 0x000000071b200000, 0x000000071b200000|100%| O|  |TAMS 0x000000071b000000| PB 0x000000071b000000| Untracked 
| 133|0x000000071b200000, 0x000000071b400000, 0x000000071b400000|100%| O|  |TAMS 0x000000071b200000| PB 0x000000071b200000| Untracked 
| 134|0x000000071b400000, 0x000000071b600000, 0x000000071b600000|100%| O|  |TAMS 0x000000071b400000| PB 0x000000071b400000| Untracked 
| 135|0x000000071b600000, 0x000000071b800000, 0x000000071b800000|100%| O|  |TAMS 0x000000071b600000| PB 0x000000071b600000| Untracked 
| 136|0x000000071b800000, 0x000000071ba00000, 0x000000071ba00000|100%| O|  |TAMS 0x000000071b800000| PB 0x000000071b800000| Untracked 
| 137|0x000000071ba00000, 0x000000071bc00000, 0x000000071bc00000|100%| O|  |TAMS 0x000000071ba00000| PB 0x000000071ba00000| Untracked 
| 138|0x000000071bc00000, 0x000000071be00000, 0x000000071be00000|100%| O|  |TAMS 0x000000071bc00000| PB 0x000000071bc00000| Untracked 
| 139|0x000000071be00000, 0x000000071c000000, 0x000000071c000000|100%| O|  |TAMS 0x000000071be00000| PB 0x000000071be00000| Untracked 
| 140|0x000000071c000000, 0x000000071c200000, 0x000000071c200000|100%| O|  |TAMS 0x000000071c000000| PB 0x000000071c000000| Untracked 
| 141|0x000000071c200000, 0x000000071c400000, 0x000000071c400000|100%| O|  |TAMS 0x000000071c200000| PB 0x000000071c200000| Untracked 
| 142|0x000000071c400000, 0x000000071c600000, 0x000000071c600000|100%| O|  |TAMS 0x000000071c400000| PB 0x000000071c400000| Untracked 
| 143|0x000000071c600000, 0x000000071c800000, 0x000000071c800000|100%| O|  |TAMS 0x000000071c600000| PB 0x000000071c600000| Untracked 
| 144|0x000000071c800000, 0x000000071ca00000, 0x000000071ca00000|100%| O|  |TAMS 0x000000071c800000| PB 0x000000071c800000| Untracked 
| 145|0x000000071ca00000, 0x000000071cc00000, 0x000000071cc00000|100%| O|  |TAMS 0x000000071ca00000| PB 0x000000071ca00000| Untracked 
| 146|0x000000071cc00000, 0x000000071ce00000, 0x000000071ce00000|100%| O|  |TAMS 0x000000071cc00000| PB 0x000000071cc00000| Untracked 
| 147|0x000000071ce00000, 0x000000071d000000, 0x000000071d000000|100%| O|  |TAMS 0x000000071ce00000| PB 0x000000071ce00000| Untracked 
| 148|0x000000071d000000, 0x000000071d200000, 0x000000071d200000|100%| O|  |TAMS 0x000000071d000000| PB 0x000000071d000000| Untracked 
| 149|0x000000071d200000, 0x000000071d400000, 0x000000071d400000|100%| O|  |TAMS 0x000000071d200000| PB 0x000000071d200000| Untracked 
| 150|0x000000071d400000, 0x000000071d600000, 0x000000071d600000|100%| O|  |TAMS 0x000000071d400000| PB 0x000000071d400000| Untracked 
| 151|0x000000071d600000, 0x000000071d800000, 0x000000071d800000|100%| O|  |TAMS 0x000000071d600000| PB 0x000000071d600000| Untracked 
| 152|0x000000071d800000, 0x000000071da00000, 0x000000071da00000|100%| O|  |TAMS 0x000000071d800000| PB 0x000000071d800000| Untracked 
| 153|0x000000071da00000, 0x000000071dc00000, 0x000000071dc00000|100%| O|  |TAMS 0x000000071da00000| PB 0x000000071da00000| Untracked 
| 154|0x000000071dc00000, 0x000000071de00000, 0x000000071de00000|100%| O|  |TAMS 0x000000071dc00000| PB 0x000000071dc00000| Untracked 
| 155|0x000000071de00000, 0x000000071e000000, 0x000000071e000000|100%| O|  |TAMS 0x000000071de00000| PB 0x000000071de00000| Untracked 
| 156|0x000000071e000000, 0x000000071e200000, 0x000000071e200000|100%| O|  |TAMS 0x000000071e000000| PB 0x000000071e000000| Untracked 
| 157|0x000000071e200000, 0x000000071e400000, 0x000000071e400000|100%| O|  |TAMS 0x000000071e200000| PB 0x000000071e200000| Untracked 
| 158|0x000000071e400000, 0x000000071e600000, 0x000000071e600000|100%| O|  |TAMS 0x000000071e400000| PB 0x000000071e400000| Untracked 
| 159|0x000000071e600000, 0x000000071e800000, 0x000000071e800000|100%| O|  |TAMS 0x000000071e600000| PB 0x000000071e600000| Untracked 
| 160|0x000000071e800000, 0x000000071ea00000, 0x000000071ea00000|100%| O|  |TAMS 0x000000071e800000| PB 0x000000071e800000| Untracked 
| 161|0x000000071ea00000, 0x000000071ec00000, 0x000000071ec00000|100%| O|  |TAMS 0x000000071ea00000| PB 0x000000071ea00000| Untracked 
| 162|0x000000071ec00000, 0x000000071ee00000, 0x000000071ee00000|100%| O|  |TAMS 0x000000071ec00000| PB 0x000000071ec00000| Untracked 
| 163|0x000000071ee00000, 0x000000071ee00000, 0x000000071f000000|  0%| F|  |TAMS 0x000000071ee00000| PB 0x000000071ee00000| Untracked 
| 164|0x000000071f000000, 0x000000071f200000, 0x000000071f200000|100%| O|  |TAMS 0x000000071f000000| PB 0x000000071f000000| Untracked 
| 165|0x000000071f200000, 0x000000071f400000, 0x000000071f400000|100%| O|  |TAMS 0x000000071f200000| PB 0x000000071f200000| Untracked 
| 166|0x000000071f400000, 0x000000071f400000, 0x000000071f600000|  0%| F|  |TAMS 0x000000071f400000| PB 0x000000071f400000| Untracked 
| 167|0x000000071f600000, 0x000000071f800000, 0x000000071f800000|100%| O|  |TAMS 0x000000071f600000| PB 0x000000071f600000| Untracked 
| 168|0x000000071f800000, 0x000000071fa00000, 0x000000071fa00000|100%| O|  |TAMS 0x000000071f800000| PB 0x000000071f800000| Untracked 
| 169|0x000000071fa00000, 0x000000071fc00000, 0x000000071fc00000|100%| O|  |TAMS 0x000000071fa00000| PB 0x000000071fa00000| Untracked 
| 170|0x000000071fc00000, 0x000000071fe00000, 0x000000071fe00000|100%| O|  |TAMS 0x000000071fc00000| PB 0x000000071fc00000| Untracked 
| 171|0x000000071fe00000, 0x0000000720000000, 0x0000000720000000|100%| O|  |TAMS 0x000000071fe00000| PB 0x000000071fe00000| Untracked 
| 172|0x0000000720000000, 0x0000000720200000, 0x0000000720200000|100%| O|  |TAMS 0x0000000720000000| PB 0x0000000720000000| Untracked 
| 173|0x0000000720200000, 0x0000000720400000, 0x0000000720400000|100%| O|  |TAMS 0x0000000720200000| PB 0x0000000720200000| Untracked 
| 174|0x0000000720400000, 0x0000000720600000, 0x0000000720600000|100%| O|  |TAMS 0x0000000720400000| PB 0x0000000720400000| Untracked 
| 175|0x0000000720600000, 0x0000000720800000, 0x0000000720800000|100%| O|  |TAMS 0x0000000720600000| PB 0x0000000720600000| Untracked 
| 176|0x0000000720800000, 0x0000000720a00000, 0x0000000720a00000|100%| O|  |TAMS 0x0000000720800000| PB 0x0000000720800000| Untracked 
| 177|0x0000000720a00000, 0x0000000720c00000, 0x0000000720c00000|100%| O|  |TAMS 0x0000000720a00000| PB 0x0000000720a00000| Untracked 
| 178|0x0000000720c00000, 0x0000000720e00000, 0x0000000720e00000|100%| O|  |TAMS 0x0000000720c00000| PB 0x0000000720c00000| Untracked 
| 179|0x0000000720e00000, 0x0000000721000000, 0x0000000721000000|100%| O|  |TAMS 0x0000000720e00000| PB 0x0000000720e00000| Untracked 
| 180|0x0000000721000000, 0x0000000721200000, 0x0000000721200000|100%| O|  |TAMS 0x0000000721000000| PB 0x0000000721000000| Untracked 
| 181|0x0000000721200000, 0x0000000721400000, 0x0000000721400000|100%| O|  |TAMS 0x0000000721200000| PB 0x0000000721200000| Untracked 
| 182|0x0000000721400000, 0x0000000721600000, 0x0000000721600000|100%| O|  |TAMS 0x0000000721400000| PB 0x0000000721400000| Untracked 
| 183|0x0000000721600000, 0x0000000721800000, 0x0000000721800000|100%| O|  |TAMS 0x0000000721600000| PB 0x0000000721600000| Untracked 
| 184|0x0000000721800000, 0x0000000721a00000, 0x0000000721a00000|100%| O|  |TAMS 0x0000000721800000| PB 0x0000000721800000| Untracked 
| 185|0x0000000721a00000, 0x0000000721c00000, 0x0000000721c00000|100%| O|  |TAMS 0x0000000721a00000| PB 0x0000000721a00000| Untracked 
| 186|0x0000000721c00000, 0x0000000721e00000, 0x0000000721e00000|100%| O|  |TAMS 0x0000000721c00000| PB 0x0000000721c00000| Untracked 
| 187|0x0000000721e00000, 0x0000000722000000, 0x0000000722000000|100%| O|  |TAMS 0x0000000721e00000| PB 0x0000000721e00000| Untracked 
| 188|0x0000000722000000, 0x0000000722200000, 0x0000000722200000|100%| O|  |TAMS 0x0000000722000000| PB 0x0000000722000000| Untracked 
| 189|0x0000000722200000, 0x0000000722400000, 0x0000000722400000|100%| O|  |TAMS 0x0000000722200000| PB 0x0000000722200000| Untracked 
| 190|0x0000000722400000, 0x0000000722600000, 0x0000000722600000|100%| O|  |TAMS 0x0000000722400000| PB 0x0000000722400000| Untracked 
| 191|0x0000000722600000, 0x0000000722800000, 0x0000000722800000|100%| O|  |TAMS 0x0000000722600000| PB 0x0000000722600000| Untracked 
| 192|0x0000000722800000, 0x000000072299e980, 0x0000000722a00000| 80%| O|  |TAMS 0x0000000722800000| PB 0x0000000722800000| Untracked 
| 193|0x0000000722a00000, 0x0000000722a00000, 0x0000000722c00000|  0%| F|  |TAMS 0x0000000722a00000| PB 0x0000000722a00000| Untracked 
| 194|0x0000000722c00000, 0x0000000722c00000, 0x0000000722e00000|  0%| F|  |TAMS 0x0000000722c00000| PB 0x0000000722c00000| Untracked 
| 195|0x0000000722e00000, 0x0000000722e00000, 0x0000000723000000|  0%| F|  |TAMS 0x0000000722e00000| PB 0x0000000722e00000| Untracked 
| 196|0x0000000723000000, 0x0000000723000000, 0x0000000723200000|  0%| F|  |TAMS 0x0000000723000000| PB 0x0000000723000000| Untracked 
| 197|0x0000000723200000, 0x00000007232daa20, 0x0000000723400000| 42%| S|CS|TAMS 0x0000000723200000| PB 0x0000000723200000| Complete 
| 198|0x0000000723400000, 0x0000000723600000, 0x0000000723600000|100%| S|CS|TAMS 0x0000000723400000| PB 0x0000000723400000| Complete 
| 199|0x0000000723600000, 0x0000000723800000, 0x0000000723800000|100%| S|CS|TAMS 0x0000000723600000| PB 0x0000000723600000| Complete 
| 200|0x0000000723800000, 0x0000000723a00000, 0x0000000723a00000|100%| S|CS|TAMS 0x0000000723800000| PB 0x0000000723800000| Complete 
| 201|0x0000000723a00000, 0x0000000723c00000, 0x0000000723c00000|100%| S|CS|TAMS 0x0000000723a00000| PB 0x0000000723a00000| Complete 
| 202|0x0000000723c00000, 0x0000000723e00000, 0x0000000723e00000|100%| S|CS|TAMS 0x0000000723c00000| PB 0x0000000723c00000| Complete 
| 203|0x0000000723e00000, 0x0000000724000000, 0x0000000724000000|100%| S|CS|TAMS 0x0000000723e00000| PB 0x0000000723e00000| Complete 
| 204|0x0000000724000000, 0x0000000724200000, 0x0000000724200000|100%| S|CS|TAMS 0x0000000724000000| PB 0x0000000724000000| Complete 
| 205|0x0000000724200000, 0x0000000724400000, 0x0000000724400000|100%| S|CS|TAMS 0x0000000724200000| PB 0x0000000724200000| Complete 
| 206|0x0000000724400000, 0x0000000724400000, 0x0000000724600000|  0%| F|  |TAMS 0x0000000724400000| PB 0x0000000724400000| Untracked 
| 207|0x0000000724600000, 0x0000000724600000, 0x0000000724800000|  0%| F|  |TAMS 0x0000000724600000| PB 0x0000000724600000| Untracked 
| 208|0x0000000724800000, 0x0000000724800000, 0x0000000724a00000|  0%| F|  |TAMS 0x0000000724800000| PB 0x0000000724800000| Untracked 
| 209|0x0000000724a00000, 0x0000000724a00000, 0x0000000724c00000|  0%| F|  |TAMS 0x0000000724a00000| PB 0x0000000724a00000| Untracked 
| 210|0x0000000724c00000, 0x0000000724c00000, 0x0000000724e00000|  0%| F|  |TAMS 0x0000000724c00000| PB 0x0000000724c00000| Untracked 
| 211|0x0000000724e00000, 0x0000000724e00000, 0x0000000725000000|  0%| F|  |TAMS 0x0000000724e00000| PB 0x0000000724e00000| Untracked 
| 212|0x0000000725000000, 0x0000000725000000, 0x0000000725200000|  0%| F|  |TAMS 0x0000000725000000| PB 0x0000000725000000| Untracked 
| 213|0x0000000725200000, 0x0000000725200000, 0x0000000725400000|  0%| F|  |TAMS 0x0000000725200000| PB 0x0000000725200000| Untracked 
| 214|0x0000000725400000, 0x0000000725400000, 0x0000000725600000|  0%| F|  |TAMS 0x0000000725400000| PB 0x0000000725400000| Untracked 
| 215|0x0000000725600000, 0x0000000725600000, 0x0000000725800000|  0%| F|  |TAMS 0x0000000725600000| PB 0x0000000725600000| Untracked 
| 216|0x0000000725800000, 0x0000000725800000, 0x0000000725a00000|  0%| F|  |TAMS 0x0000000725800000| PB 0x0000000725800000| Untracked 
| 217|0x0000000725a00000, 0x0000000725a00000, 0x0000000725c00000|  0%| F|  |TAMS 0x0000000725a00000| PB 0x0000000725a00000| Untracked 
| 218|0x0000000725c00000, 0x0000000725c00000, 0x0000000725e00000|  0%| F|  |TAMS 0x0000000725c00000| PB 0x0000000725c00000| Untracked 
| 219|0x0000000725e00000, 0x0000000725e00000, 0x0000000726000000|  0%| F|  |TAMS 0x0000000725e00000| PB 0x0000000725e00000| Untracked 
| 220|0x0000000726000000, 0x0000000726000000, 0x0000000726200000|  0%| F|  |TAMS 0x0000000726000000| PB 0x0000000726000000| Untracked 
| 221|0x0000000726200000, 0x0000000726200000, 0x0000000726400000|  0%| F|  |TAMS 0x0000000726200000| PB 0x0000000726200000| Untracked 
| 222|0x0000000726400000, 0x0000000726400000, 0x0000000726600000|  0%| F|  |TAMS 0x0000000726400000| PB 0x0000000726400000| Untracked 
| 223|0x0000000726600000, 0x0000000726600000, 0x0000000726800000|  0%| F|  |TAMS 0x0000000726600000| PB 0x0000000726600000| Untracked 
| 224|0x0000000726800000, 0x0000000726900000, 0x0000000726a00000| 50%| E|  |TAMS 0x0000000726800000| PB 0x0000000726800000| Complete 
| 225|0x0000000726a00000, 0x0000000726c00000, 0x0000000726c00000|100%| E|CS|TAMS 0x0000000726a00000| PB 0x0000000726a00000| Complete 
| 226|0x0000000726c00000, 0x0000000726e00000, 0x0000000726e00000|100%| E|CS|TAMS 0x0000000726c00000| PB 0x0000000726c00000| Complete 
| 227|0x0000000726e00000, 0x0000000727000000, 0x0000000727000000|100%| E|CS|TAMS 0x0000000726e00000| PB 0x0000000726e00000| Complete 
| 228|0x0000000727000000, 0x0000000727200000, 0x0000000727200000|100%| E|CS|TAMS 0x0000000727000000| PB 0x0000000727000000| Complete 
| 229|0x0000000727200000, 0x0000000727400000, 0x0000000727400000|100%| E|CS|TAMS 0x0000000727200000| PB 0x0000000727200000| Complete 
| 230|0x0000000727400000, 0x0000000727600000, 0x0000000727600000|100%| E|CS|TAMS 0x0000000727400000| PB 0x0000000727400000| Complete 
| 231|0x0000000727600000, 0x0000000727800000, 0x0000000727800000|100%| E|CS|TAMS 0x0000000727600000| PB 0x0000000727600000| Complete 
| 232|0x0000000727800000, 0x0000000727a00000, 0x0000000727a00000|100%| E|CS|TAMS 0x0000000727800000| PB 0x0000000727800000| Complete 
| 233|0x0000000727a00000, 0x0000000727c00000, 0x0000000727c00000|100%| E|CS|TAMS 0x0000000727a00000| PB 0x0000000727a00000| Complete 
| 234|0x0000000727c00000, 0x0000000727e00000, 0x0000000727e00000|100%| E|CS|TAMS 0x0000000727c00000| PB 0x0000000727c00000| Complete 
| 235|0x0000000727e00000, 0x0000000728000000, 0x0000000728000000|100%| E|CS|TAMS 0x0000000727e00000| PB 0x0000000727e00000| Complete 
| 236|0x0000000728000000, 0x0000000728200000, 0x0000000728200000|100%| E|CS|TAMS 0x0000000728000000| PB 0x0000000728000000| Complete 
| 237|0x0000000728200000, 0x0000000728400000, 0x0000000728400000|100%| E|CS|TAMS 0x0000000728200000| PB 0x0000000728200000| Complete 
| 238|0x0000000728400000, 0x0000000728600000, 0x0000000728600000|100%| E|CS|TAMS 0x0000000728400000| PB 0x0000000728400000| Complete 
| 239|0x0000000728600000, 0x0000000728800000, 0x0000000728800000|100%| E|CS|TAMS 0x0000000728600000| PB 0x0000000728600000| Complete 
| 240|0x0000000728800000, 0x0000000728a00000, 0x0000000728a00000|100%| E|CS|TAMS 0x0000000728800000| PB 0x0000000728800000| Complete 
| 241|0x0000000728a00000, 0x0000000728c00000, 0x0000000728c00000|100%| E|CS|TAMS 0x0000000728a00000| PB 0x0000000728a00000| Complete 
| 242|0x0000000728c00000, 0x0000000728e00000, 0x0000000728e00000|100%| E|CS|TAMS 0x0000000728c00000| PB 0x0000000728c00000| Complete 
| 243|0x0000000728e00000, 0x0000000729000000, 0x0000000729000000|100%| E|CS|TAMS 0x0000000728e00000| PB 0x0000000728e00000| Complete 
| 244|0x0000000729000000, 0x0000000729200000, 0x0000000729200000|100%| E|CS|TAMS 0x0000000729000000| PB 0x0000000729000000| Complete 
| 245|0x0000000729200000, 0x0000000729400000, 0x0000000729400000|100%| E|CS|TAMS 0x0000000729200000| PB 0x0000000729200000| Complete 
| 246|0x0000000729400000, 0x0000000729600000, 0x0000000729600000|100%| E|CS|TAMS 0x0000000729400000| PB 0x0000000729400000| Complete 
| 247|0x0000000729600000, 0x0000000729800000, 0x0000000729800000|100%| E|CS|TAMS 0x0000000729600000| PB 0x0000000729600000| Complete 
| 248|0x0000000729800000, 0x0000000729a00000, 0x0000000729a00000|100%| E|CS|TAMS 0x0000000729800000| PB 0x0000000729800000| Complete 
| 249|0x0000000729a00000, 0x0000000729c00000, 0x0000000729c00000|100%| E|CS|TAMS 0x0000000729a00000| PB 0x0000000729a00000| Complete 
| 250|0x0000000729c00000, 0x0000000729e00000, 0x0000000729e00000|100%| E|CS|TAMS 0x0000000729c00000| PB 0x0000000729c00000| Complete 
| 251|0x0000000729e00000, 0x000000072a000000, 0x000000072a000000|100%| E|CS|TAMS 0x0000000729e00000| PB 0x0000000729e00000| Complete 
| 252|0x000000072a000000, 0x000000072a200000, 0x000000072a200000|100%| E|CS|TAMS 0x000000072a000000| PB 0x000000072a000000| Complete 
| 253|0x000000072a200000, 0x000000072a400000, 0x000000072a400000|100%| E|CS|TAMS 0x000000072a200000| PB 0x000000072a200000| Complete 
| 254|0x000000072a400000, 0x000000072a600000, 0x000000072a600000|100%| E|CS|TAMS 0x000000072a400000| PB 0x000000072a400000| Complete 
| 255|0x000000072a600000, 0x000000072a800000, 0x000000072a800000|100%| E|CS|TAMS 0x000000072a600000| PB 0x000000072a600000| Complete 
| 256|0x000000072a800000, 0x000000072aa00000, 0x000000072aa00000|100%| E|CS|TAMS 0x000000072a800000| PB 0x000000072a800000| Complete 
| 257|0x000000072aa00000, 0x000000072ac00000, 0x000000072ac00000|100%| E|CS|TAMS 0x000000072aa00000| PB 0x000000072aa00000| Complete 
| 258|0x000000072ac00000, 0x000000072ae00000, 0x000000072ae00000|100%| E|CS|TAMS 0x000000072ac00000| PB 0x000000072ac00000| Complete 
| 259|0x000000072ae00000, 0x000000072b000000, 0x000000072b000000|100%| E|CS|TAMS 0x000000072ae00000| PB 0x000000072ae00000| Complete 
| 260|0x000000072b000000, 0x000000072b200000, 0x000000072b200000|100%| E|CS|TAMS 0x000000072b000000| PB 0x000000072b000000| Complete 
| 261|0x000000072b200000, 0x000000072b400000, 0x000000072b400000|100%| E|CS|TAMS 0x000000072b200000| PB 0x000000072b200000| Complete 
| 262|0x000000072b400000, 0x000000072b600000, 0x000000072b600000|100%| E|CS|TAMS 0x000000072b400000| PB 0x000000072b400000| Complete 
| 263|0x000000072b600000, 0x000000072b800000, 0x000000072b800000|100%| E|CS|TAMS 0x000000072b600000| PB 0x000000072b600000| Complete 
| 264|0x000000072b800000, 0x000000072ba00000, 0x000000072ba00000|100%| E|CS|TAMS 0x000000072b800000| PB 0x000000072b800000| Complete 
| 265|0x000000072ba00000, 0x000000072bc00000, 0x000000072bc00000|100%| E|CS|TAMS 0x000000072ba00000| PB 0x000000072ba00000| Complete 
| 266|0x000000072bc00000, 0x000000072be00000, 0x000000072be00000|100%| E|CS|TAMS 0x000000072bc00000| PB 0x000000072bc00000| Complete 
| 267|0x000000072be00000, 0x000000072c000000, 0x000000072c000000|100%| E|CS|TAMS 0x000000072be00000| PB 0x000000072be00000| Complete 
| 268|0x000000072c000000, 0x000000072c200000, 0x000000072c200000|100%| E|CS|TAMS 0x000000072c000000| PB 0x000000072c000000| Complete 
| 269|0x000000072c200000, 0x000000072c400000, 0x000000072c400000|100%| E|CS|TAMS 0x000000072c200000| PB 0x000000072c200000| Complete 
| 270|0x000000072c400000, 0x000000072c600000, 0x000000072c600000|100%| E|CS|TAMS 0x000000072c400000| PB 0x000000072c400000| Complete 
| 271|0x000000072c600000, 0x000000072c800000, 0x000000072c800000|100%| E|CS|TAMS 0x000000072c600000| PB 0x000000072c600000| Complete 
| 272|0x000000072c800000, 0x000000072ca00000, 0x000000072ca00000|100%| E|CS|TAMS 0x000000072c800000| PB 0x000000072c800000| Complete 
| 273|0x000000072ca00000, 0x000000072cc00000, 0x000000072cc00000|100%| E|CS|TAMS 0x000000072ca00000| PB 0x000000072ca00000| Complete 
| 274|0x000000072cc00000, 0x000000072ce00000, 0x000000072ce00000|100%| E|CS|TAMS 0x000000072cc00000| PB 0x000000072cc00000| Complete 
| 275|0x000000072ce00000, 0x000000072d000000, 0x000000072d000000|100%| E|CS|TAMS 0x000000072ce00000| PB 0x000000072ce00000| Complete 
| 276|0x000000072d000000, 0x000000072d200000, 0x000000072d200000|100%| E|CS|TAMS 0x000000072d000000| PB 0x000000072d000000| Complete 
| 277|0x000000072d200000, 0x000000072d400000, 0x000000072d400000|100%| E|CS|TAMS 0x000000072d200000| PB 0x000000072d200000| Complete 
| 278|0x000000072d400000, 0x000000072d600000, 0x000000072d600000|100%| E|CS|TAMS 0x000000072d400000| PB 0x000000072d400000| Complete 
| 279|0x000000072d600000, 0x000000072d800000, 0x000000072d800000|100%| E|CS|TAMS 0x000000072d600000| PB 0x000000072d600000| Complete 
| 280|0x000000072d800000, 0x000000072da00000, 0x000000072da00000|100%| E|CS|TAMS 0x000000072d800000| PB 0x000000072d800000| Complete 
| 281|0x000000072da00000, 0x000000072dc00000, 0x000000072dc00000|100%| E|CS|TAMS 0x000000072da00000| PB 0x000000072da00000| Complete 
| 282|0x000000072dc00000, 0x000000072de00000, 0x000000072de00000|100%| E|CS|TAMS 0x000000072dc00000| PB 0x000000072dc00000| Complete 
| 283|0x000000072de00000, 0x000000072e000000, 0x000000072e000000|100%| E|CS|TAMS 0x000000072de00000| PB 0x000000072de00000| Complete 
| 284|0x000000072e000000, 0x000000072e200000, 0x000000072e200000|100%| E|CS|TAMS 0x000000072e000000| PB 0x000000072e000000| Complete 
| 285|0x000000072e200000, 0x000000072e400000, 0x000000072e400000|100%| E|CS|TAMS 0x000000072e200000| PB 0x000000072e200000| Complete 
| 286|0x000000072e400000, 0x000000072e600000, 0x000000072e600000|100%| E|CS|TAMS 0x000000072e400000| PB 0x000000072e400000| Complete 
| 287|0x000000072e600000, 0x000000072e800000, 0x000000072e800000|100%| E|CS|TAMS 0x000000072e600000| PB 0x000000072e600000| Complete 
| 288|0x000000072e800000, 0x000000072ea00000, 0x000000072ea00000|100%| E|CS|TAMS 0x000000072e800000| PB 0x000000072e800000| Complete 
| 289|0x000000072ea00000, 0x000000072ec00000, 0x000000072ec00000|100%| E|CS|TAMS 0x000000072ea00000| PB 0x000000072ea00000| Complete 
| 290|0x000000072ec00000, 0x000000072ee00000, 0x000000072ee00000|100%| E|CS|TAMS 0x000000072ec00000| PB 0x000000072ec00000| Complete 
| 291|0x000000072ee00000, 0x000000072f000000, 0x000000072f000000|100%| E|CS|TAMS 0x000000072ee00000| PB 0x000000072ee00000| Complete 
| 292|0x000000072f000000, 0x000000072f200000, 0x000000072f200000|100%| E|CS|TAMS 0x000000072f000000| PB 0x000000072f000000| Complete 
| 293|0x000000072f200000, 0x000000072f400000, 0x000000072f400000|100%| E|CS|TAMS 0x000000072f200000| PB 0x000000072f200000| Complete 
|1963|0x00000007ffe00000, 0x0000000800000000, 0x0000000800000000|100%| E|CS|TAMS 0x00000007ffe00000| PB 0x00000007ffe00000| Complete 

Card table byte_map: [0x000001a6a5970000,0x000001a6a6120000] _byte_map_base: 0x000001a6a211c000

Marking Bits: (CMBitMap*) 0x000001a692b80290
 Bits: [0x000001a6a6120000, 0x000001a6a9e80000)

Polling page: 0x000001a690c10000

Metaspace:

Usage:
  Non-class:     82.39 MB used.
      Class:      9.20 MB used.
       Both:     91.58 MB used.

Virtual space:
  Non-class space:      128.00 MB reserved,      82.56 MB ( 65%) committed,  2 nodes.
      Class space:        1.00 GB reserved,       9.38 MB ( <1%) committed,  1 nodes.
             Both:        1.12 GB reserved,      91.94 MB (  8%) committed. 

Chunk freelists:
   Non-Class:  13.31 MB
       Class:  6.66 MB
        Both:  19.97 MB

MaxMetaspaceSize: unlimited
CompressedClassSpaceSize: 1.00 GB
Initial GC threshold: 21.00 MB
Current GC threshold: 142.50 MB
CDS: off
 - commit_granule_bytes: 65536.
 - commit_granule_words: 8192.
 - virtual_space_node_default_size: 8388608.
 - enlarge_chunks_in_place: 1.
 - use_allocation_guard: 0.


Internal statistics:

num_allocs_failed_limit: 3.
num_arena_births: 424.
num_arena_deaths: 0.
num_vsnodes_births: 3.
num_vsnodes_deaths: 0.
num_space_committed: 1469.
num_space_uncommitted: 0.
num_chunks_returned_to_freelist: 3.
num_chunks_taken_from_freelist: 3408.
num_chunk_merges: 3.
num_chunk_splits: 2820.
num_chunks_enlarged: 2532.
num_inconsistent_stats: 0.

CodeHeap 'non-profiled nmethods': size=120000Kb used=19981Kb max_used=19981Kb free=100019Kb
 bounds [0x000001a69d740000, 0x000001a69ead0000, 0x000001a6a4c70000]
CodeHeap 'profiled nmethods': size=120000Kb used=66201Kb max_used=66201Kb free=53799Kb
 bounds [0x000001a695c70000, 0x000001a699d20000, 0x000001a69d1a0000]
CodeHeap 'non-nmethods': size=5760Kb used=1861Kb max_used=1928Kb free=3898Kb
 bounds [0x000001a69d1a0000, 0x000001a69d410000, 0x000001a69d740000]
 total_blobs=18384 nmethods=17538 adapters=746
 compilation: enabled
              stopped_count=0, restarted_count=0
 full_count=0

Compilation events (20 events):
Event: 50.181 Thread 0x000001a6b10a9550 25760       2       org.jetbrains.kotlin.ir.expressions.impl.IrWhileLoopImpl::getCondition (17 bytes)
Event: 50.182 Thread 0x000001a6b10a9550 nmethod 25760 0x000001a699cf5e90 code [0x000001a699cf60c0, 0x000001a699cf6528]
Event: 50.198 Thread 0x000001a6b10a9550 25763       1       org.jetbrains.kotlin.ir.expressions.impl.IrStringConcatenationImpl::getAttributeOwnerId (5 bytes)
Event: 50.198 Thread 0x000001a6b10a9550 nmethod 25763 0x000001a69eab1790 code [0x000001a69eab1920, 0x000001a69eab19f0]
Event: 50.204 Thread 0x000001a6b10a9550 25764       3       org.jetbrains.kotlin.ir.declarations.IrClass::transformChildren (51 bytes)
Event: 50.206 Thread 0x000001a6b10a9550 nmethod 25764 0x000001a699cf6810 code [0x000001a699cf6c20, 0x000001a699cf8750]
Event: 50.280 Thread 0x000001a6b10a9550 25767       2       androidx.compose.compiler.plugins.kotlin.lower.ComposerParamTransformer::visitLocalDelegatedProperty (109 bytes)
Event: 50.283 Thread 0x000001a6b10a9550 nmethod 25767 0x000001a699cf8f90 code [0x000001a699cf93a0, 0x000001a699cfa298]
Event: 50.298 Thread 0x000001a6b10a9550 25768       2       org.jetbrains.kotlin.ir.expressions.impl.IrConstImpl$Companion::float (24 bytes)
Event: 50.298 Thread 0x000001a6b10a9550 nmethod 25768 0x000001a699cfac10 code [0x000001a699cfae00, 0x000001a699cfb190]
Event: 50.401 Thread 0x000001a6b10a9550 25773       2       org.jetbrains.kotlin.ir.visitors.IrVisitor::visitGetEnumValue (17 bytes)
Event: 52.340 Thread 0x000001a6b10a9550 nmethod 25773 0x000001a699cfb410 code [0x000001a699cfb600, 0x000001a699cfb918]
Event: 52.340 Thread 0x000001a6b10a9550 25778       3       org.jetbrains.kotlin.ir.visitors.IrElementTransformerVoid::visitStringConcatenation (16 bytes)
Event: 52.341 Thread 0x000001a6b10a9550 nmethod 25778 0x000001a699cfbb10 code [0x000001a699cfbde0, 0x000001a699cfca98]
Event: 52.341 Thread 0x000001a6b10a9550 25776       2       org.jetbrains.kotlin.ir.visitors.IrElementTransformerVoid::visitErrorExpression (16 bytes)
Event: 52.342 Thread 0x000001a6b10a9550 nmethod 25776 0x000001a699cfcf90 code [0x000001a699cfd1c0, 0x000001a699cfd618]
Event: 52.342 Thread 0x000001a6b10a9550 25774       2       org.jetbrains.kotlin.ir.visitors.IrVisitor::visitStringConcatenation (17 bytes)
Event: 52.343 Thread 0x000001a6b10a9550 nmethod 25774 0x000001a699cfd910 code [0x000001a699cfdb00, 0x000001a699cfde18]
Event: 52.371 Thread 0x000001a6b10a9550 25781       2       org.jetbrains.kotlin.ir.visitors.IrElementTransformerVoid::visitPropertyReference (16 bytes)
Event: 53.341 Thread 0x000001a6b10a9550 nmethod 25781 0x000001a699cfe010 code [0x000001a699cfe300, 0x000001a699cfeb80]

GC Heap History (20 events):
Event: 30.009 GC heap before
{Heap before GC invocations=36 (full 0):
 garbage-first heap   total 491520K, used 450560K [0x000000070a800000, 0x0000000800000000)
  region size 2048K, 81 young (165888K), 8 survivors (16384K)
 Metaspace       used 74542K, committed 74816K, reserved 1179648K
  class space    used 7945K, committed 8064K, reserved 1048576K
}
Event: 30.027 GC heap after
{Heap after GC invocations=37 (full 0):
 garbage-first heap   total 491520K, used 306149K [0x000000070a800000, 0x0000000800000000)
  region size 2048K, 8 young (16384K), 8 survivors (16384K)
 Metaspace       used 74542K, committed 74816K, reserved 1179648K
  class space    used 7945K, committed 8064K, reserved 1048576K
}
Event: 30.919 GC heap before
{Heap before GC invocations=37 (full 0):
 garbage-first heap   total 491520K, used 447461K [0x000000070a800000, 0x0000000800000000)
  region size 2048K, 77 young (157696K), 8 survivors (16384K)
 Metaspace       used 74624K, committed 74880K, reserved 1179648K
  class space    used 7946K, committed 8064K, reserved 1048576K
}
Event: 30.936 GC heap after
{Heap after GC invocations=38 (full 0):
 garbage-first heap   total 491520K, used 314084K [0x000000070a800000, 0x0000000800000000)
  region size 2048K, 8 young (16384K), 8 survivors (16384K)
 Metaspace       used 74624K, committed 74880K, reserved 1179648K
  class space    used 7946K, committed 8064K, reserved 1048576K
}
Event: 31.776 GC heap before
{Heap before GC invocations=39 (full 0):
 garbage-first heap   total 526336K, used 445156K [0x000000070a800000, 0x0000000800000000)
  region size 2048K, 72 young (147456K), 8 survivors (16384K)
 Metaspace       used 74707K, committed 75008K, reserved 1179648K
  class space    used 7952K, committed 8064K, reserved 1048576K
}
Event: 31.790 GC heap after
{Heap after GC invocations=40 (full 0):
 garbage-first heap   total 526336K, used 320477K [0x000000070a800000, 0x0000000800000000)
  region size 2048K, 7 young (14336K), 7 survivors (14336K)
 Metaspace       used 74707K, committed 75008K, reserved 1179648K
  class space    used 7952K, committed 8064K, reserved 1048576K
}
Event: 32.785 GC heap before
{Heap before GC invocations=40 (full 0):
 garbage-first heap   total 526336K, used 482269K [0x000000070a800000, 0x0000000800000000)
  region size 2048K, 86 young (176128K), 7 survivors (14336K)
 Metaspace       used 74778K, committed 75072K, reserved 1179648K
  class space    used 7953K, committed 8064K, reserved 1048576K
}
Event: 32.807 GC heap after
{Heap after GC invocations=41 (full 0):
 garbage-first heap   total 526336K, used 324237K [0x000000070a800000, 0x0000000800000000)
  region size 2048K, 7 young (14336K), 7 survivors (14336K)
 Metaspace       used 74778K, committed 75072K, reserved 1179648K
  class space    used 7953K, committed 8064K, reserved 1048576K
}
Event: 35.919 GC heap before
{Heap before GC invocations=41 (full 0):
 garbage-first heap   total 526336K, used 481933K [0x000000070a800000, 0x0000000800000000)
  region size 2048K, 84 young (172032K), 7 survivors (14336K)
 Metaspace       used 78125K, committed 78528K, reserved 1179648K
  class space    used 8154K, committed 8320K, reserved 1048576K
}
Event: 35.943 GC heap after
{Heap after GC invocations=42 (full 0):
 garbage-first heap   total 526336K, used 338812K [0x000000070a800000, 0x0000000800000000)
  region size 2048K, 11 young (22528K), 11 survivors (22528K)
 Metaspace       used 78125K, committed 78528K, reserved 1179648K
  class space    used 8154K, committed 8320K, reserved 1048576K
}
Event: 38.785 GC heap before
{Heap before GC invocations=43 (full 0):
 garbage-first heap   total 567296K, used 471932K [0x000000070a800000, 0x0000000800000000)
  region size 2048K, 76 young (155648K), 11 survivors (22528K)
 Metaspace       used 80505K, committed 80896K, reserved 1179648K
  class space    used 8379K, committed 8576K, reserved 1048576K
}
Event: 38.803 GC heap after
{Heap after GC invocations=44 (full 0):
 garbage-first heap   total 567296K, used 343362K [0x000000070a800000, 0x0000000800000000)
  region size 2048K, 3 young (6144K), 3 survivors (6144K)
 Metaspace       used 80505K, committed 80896K, reserved 1179648K
  class space    used 8379K, committed 8576K, reserved 1048576K
}
Event: 41.038 GC heap before
{Heap before GC invocations=44 (full 0):
 garbage-first heap   total 567296K, used 527682K [0x000000070a800000, 0x0000000800000000)
  region size 2048K, 93 young (190464K), 3 survivors (6144K)
 Metaspace       used 80766K, committed 81152K, reserved 1179648K
  class space    used 8394K, committed 8576K, reserved 1048576K
}
Event: 41.055 GC heap after
{Heap after GC invocations=45 (full 0):
 garbage-first heap   total 567296K, used 348189K [0x000000070a800000, 0x0000000800000000)
  region size 2048K, 6 young (12288K), 6 survivors (12288K)
 Metaspace       used 80766K, committed 81152K, reserved 1179648K
  class space    used 8394K, committed 8576K, reserved 1048576K
}
Event: 43.680 GC heap before
{Heap before GC invocations=45 (full 0):
 garbage-first heap   total 567296K, used 522269K [0x000000070a800000, 0x0000000800000000)
  region size 2048K, 91 young (186368K), 6 survivors (12288K)
 Metaspace       used 86229K, committed 86592K, reserved 1179648K
  class space    used 8826K, committed 9024K, reserved 1048576K
}
Event: 43.705 GC heap after
{Heap after GC invocations=46 (full 0):
 garbage-first heap   total 567296K, used 360943K [0x000000070a800000, 0x0000000800000000)
  region size 2048K, 12 young (24576K), 12 survivors (24576K)
 Metaspace       used 86229K, committed 86592K, reserved 1179648K
  class space    used 8826K, committed 9024K, reserved 1048576K
}
Event: 46.776 GC heap before
{Heap before GC invocations=47 (full 0):
 garbage-first heap   total 604160K, used 508399K [0x000000070a800000, 0x0000000800000000)
  region size 2048K, 84 young (172032K), 12 survivors (24576K)
 Metaspace       used 89739K, committed 90112K, reserved 1179648K
  class space    used 9126K, committed 9280K, reserved 1048576K
}
Event: 46.815 GC heap after
{Heap after GC invocations=48 (full 0):
 garbage-first heap   total 604160K, used 387870K [0x000000070a800000, 0x0000000800000000)
  region size 2048K, 11 young (22528K), 11 survivors (22528K)
 Metaspace       used 89739K, committed 90112K, reserved 1179648K
  class space    used 9126K, committed 9280K, reserved 1048576K
}
Event: 48.929 GC heap before
{Heap before GC invocations=48 (full 0):
 garbage-first heap   total 604160K, used 547614K [0x000000070a800000, 0x0000000800000000)
  region size 2048K, 89 young (182272K), 11 survivors (22528K)
 Metaspace       used 92728K, committed 93120K, reserved 1179648K
  class space    used 9341K, committed 9536K, reserved 1048576K
}
Event: 48.968 GC heap after
{Heap after GC invocations=49 (full 0):
 garbage-first heap   total 604160K, used 403940K [0x000000070a800000, 0x0000000800000000)
  region size 2048K, 9 young (18432K), 9 survivors (18432K)
 Metaspace       used 92728K, committed 93120K, reserved 1179648K
  class space    used 9341K, committed 9536K, reserved 1048576K
}

Dll operation events (3 events):
Event: 0.013 Loaded shared library C:\Users\harsh\AppData\Local\Programs\Android Studio\jbr\bin\java.dll
Event: 0.022 Loaded shared library C:\Users\harsh\AppData\Local\Programs\Android Studio\jbr\bin\zip.dll
Event: 3.170 Loaded shared library C:\Users\harsh\AppData\Local\Programs\Android Studio\jbr\bin\verify.dll

Deoptimization events (20 events):
Event: 49.860 Thread 0x000001a692b196d0 DEOPT PACKING pc=0x000001a69dfdf0b4 sp=0x0000007f76ffcba0
Event: 49.860 Thread 0x000001a692b196d0 DEOPT UNPACKING pc=0x000001a69d1f46a2 sp=0x0000007f76ffca80 mode 2
Event: 50.022 Thread 0x000001a692b196d0 Uncommon trap: trap_request=0xffffffc6 fr.pc=0x000001a69eaaf6cc relative=0x000000000000010c
Event: 50.022 Thread 0x000001a692b196d0 Uncommon trap: reason=bimorphic_or_optimized_type_check action=maybe_recompile pc=0x000001a69eaaf6cc method=org.jetbrains.kotlin.ir.util.AdditionalIrUtilsKt.isSetter(Lorg/jetbrains/kotlin/ir/declarations/IrDeclaration;)Z @ 18 c2
Event: 50.022 Thread 0x000001a692b196d0 DEOPT PACKING pc=0x000001a69eaaf6cc sp=0x0000007f76ffa5e0
Event: 50.022 Thread 0x000001a692b196d0 DEOPT UNPACKING pc=0x000001a69d1f46a2 sp=0x0000007f76ffa570 mode 2
Event: 50.023 Thread 0x000001a692b196d0 Uncommon trap: trap_request=0xffffffc6 fr.pc=0x000001a69eaaf6cc relative=0x000000000000010c
Event: 50.023 Thread 0x000001a692b196d0 Uncommon trap: reason=bimorphic_or_optimized_type_check action=maybe_recompile pc=0x000001a69eaaf6cc method=org.jetbrains.kotlin.ir.util.AdditionalIrUtilsKt.isSetter(Lorg/jetbrains/kotlin/ir/declarations/IrDeclaration;)Z @ 18 c2
Event: 50.023 Thread 0x000001a692b196d0 DEOPT PACKING pc=0x000001a69eaaf6cc sp=0x0000007f76ffa5e0
Event: 50.023 Thread 0x000001a692b196d0 DEOPT UNPACKING pc=0x000001a69d1f46a2 sp=0x0000007f76ffa570 mode 2
Event: 50.023 Thread 0x000001a692b196d0 Uncommon trap: trap_request=0xffffffc6 fr.pc=0x000001a69eaaf6cc relative=0x000000000000010c
Event: 50.023 Thread 0x000001a692b196d0 Uncommon trap: reason=bimorphic_or_optimized_type_check action=maybe_recompile pc=0x000001a69eaaf6cc method=org.jetbrains.kotlin.ir.util.AdditionalIrUtilsKt.isSetter(Lorg/jetbrains/kotlin/ir/declarations/IrDeclaration;)Z @ 18 c2
Event: 50.023 Thread 0x000001a692b196d0 DEOPT PACKING pc=0x000001a69eaaf6cc sp=0x0000007f76ffa5e0
Event: 50.023 Thread 0x000001a692b196d0 DEOPT UNPACKING pc=0x000001a69d1f46a2 sp=0x0000007f76ffa570 mode 2
Event: 50.023 Thread 0x000001a692b196d0 Uncommon trap: trap_request=0xffffffc6 fr.pc=0x000001a69eaaf6cc relative=0x000000000000010c
Event: 50.023 Thread 0x000001a692b196d0 Uncommon trap: reason=bimorphic_or_optimized_type_check action=maybe_recompile pc=0x000001a69eaaf6cc method=org.jetbrains.kotlin.ir.util.AdditionalIrUtilsKt.isSetter(Lorg/jetbrains/kotlin/ir/declarations/IrDeclaration;)Z @ 18 c2
Event: 50.023 Thread 0x000001a692b196d0 DEOPT PACKING pc=0x000001a69eaaf6cc sp=0x0000007f76ffa5e0
Event: 50.023 Thread 0x000001a692b196d0 DEOPT UNPACKING pc=0x000001a69d1f46a2 sp=0x0000007f76ffa570 mode 2
Event: 52.325 Thread 0x000001a692b196d0 DEOPT PACKING pc=0x000001a699b81201 sp=0x0000007f76ffc370
Event: 52.325 Thread 0x000001a692b196d0 DEOPT UNPACKING pc=0x000001a69d1f4e42 sp=0x0000007f76ffb810 mode 0

Classes loaded (20 events):
Event: 44.772 Loading class sun/util/locale/LocaleObjectCache$CacheEntry
Event: 44.772 Loading class sun/util/locale/LocaleObjectCache$CacheEntry done
Event: 44.772 Loading class java/util/Locale$Cache
Event: 44.772 Loading class java/util/Locale$Cache done
Event: 44.772 Loading class java/util/Formatter$FixedString
Event: 44.772 Loading class java/util/Formatter$FormatString
Event: 44.772 Loading class java/util/Formatter$FormatString done
Event: 44.772 Loading class java/util/Formatter$FixedString done
Event: 44.772 Loading class java/util/Formatter$Conversion
Event: 44.772 Loading class java/util/Formatter$Conversion done
Event: 44.772 Loading class java/util/Formatter$FormatSpecifier
Event: 44.773 Loading class java/util/Formatter$FormatSpecifier done
Event: 44.773 Loading class java/util/Formattable
Event: 44.774 Loading class java/util/Formattable done
Event: 44.774 Loading class java/util/Formatter$Flags
Event: 44.774 Loading class java/util/Formatter$Flags done
Event: 48.421 Loading class java/math/BigDecimal
Event: 48.423 Loading class java/math/BigDecimal done
Event: 48.666 Loading class java/util/Collections$SynchronizedMap
Event: 48.667 Loading class java/util/Collections$SynchronizedMap done

Classes unloaded (0 events):
No events

Classes redefined (0 events):
No events

Internal exceptions (20 events):
Event: 42.928 Thread 0x000001a692b196d0 Implicit null exception at 0x000001a69d977922 to 0x000001a69d977d40
Event: 42.931 Thread 0x000001a692b196d0 Implicit null exception at 0x000001a69d9ca822 to 0x000001a69d9cac34
Event: 43.771 Thread 0x000001a692b196d0 Exception <a 'java/lang/NoSuchMethodError'{0x000000072cee6278}: 'java.lang.Object java.lang.invoke.DirectMethodHandle$Holder.newInvokeSpecial(java.lang.Object, java.lang.Object, java.lang.Object, java.lang.Object, java.lang.Object, java.lang.Object, java.lang.Object, java.lang.Object, int)'> (0x000000072cee6278) 
thrown [s\src\hotspot\share\interpreter\linkResolver.cpp, line 784]
Event: 43.772 Thread 0x000001a692b196d0 Exception <a 'java/lang/NoSuchMethodError'{0x000000072ceeb020}: 'java.lang.Object java.lang.invoke.DirectMethodHandle$Holder.invokeSpecial(java.lang.Object, java.lang.Object, java.lang.Object, java.lang.Object, java.lang.Object, java.lang.Object, java.lang.Object, java.lang.Object, java.lang.Object, int)'> (0x000000072ceeb020) 
thrown [s\src\hotspot\share\interpreter\linkResolver.cpp, line 784]
Event: 43.808 Thread 0x000001a692b196d0 Exception <a 'java/lang/NoSuchMethodError'{0x000000072cfe8998}: 'java.lang.Object java.lang.invoke.DirectMethodHandle$Holder.newInvokeSpecial(java.lang.Object, java.lang.Object, java.lang.Object, java.lang.Object, java.lang.Object, java.lang.Object, java.lang.Object, int)'> (0x000000072cfe8998) 
thrown [s\src\hotspot\share\interpreter\linkResolver.cpp, line 784]
Event: 43.808 Thread 0x000001a692b196d0 Exception <a 'java/lang/NoSuchMethodError'{0x000000072cfed048}: 'java.lang.Object java.lang.invoke.DirectMethodHandle$Holder.invokeSpecial(java.lang.Object, java.lang.Object, java.lang.Object, java.lang.Object, java.lang.Object, java.lang.Object, java.lang.Object, java.lang.Object, int)'> (0x000000072cfed048) 
thrown [s\src\hotspot\share\interpreter\linkResolver.cpp, line 784]
Event: 43.808 Thread 0x000001a692b196d0 Exception <a 'java/lang/NoSuchMethodError'{0x000000072cff0f70}: 'java.lang.Object java.lang.invoke.Invokers$Holder.linkToTargetMethod(java.lang.Object, java.lang.Object, java.lang.Object, java.lang.Object, java.lang.Object, java.lang.Object, int, java.lang.Object)'> (0x000000072cff0f70) 
thrown [s\src\hotspot\share\interpreter\linkResolver.cpp, line 784]
Event: 44.352 Thread 0x000001a692b196d0 Exception <a 'java/lang/NoSuchMethodError'{0x000000072ef27ac0}: 'java.lang.Object java.lang.invoke.DirectMethodHandle$Holder.invokeStatic(java.lang.Object, java.lang.Object, int, int)'> (0x000000072ef27ac0) 
thrown [s\src\hotspot\share\interpreter\linkResolver.cpp, line 784]
Event: 45.343 Thread 0x000001a692b196d0 Exception <a 'java/lang/NoSuchMethodError'{0x000000072bbdaca0}: 'java.lang.Object java.lang.invoke.DirectMethodHandle$Holder.invokeStatic(java.lang.Object, java.lang.Object, java.lang.Object, int, int)'> (0x000000072bbdaca0) 
thrown [s\src\hotspot\share\interpreter\linkResolver.cpp, line 784]
Event: 45.778 Thread 0x000001a692b196d0 Implicit null exception at 0x000001a69d8260a0 to 0x000001a69d827154
Event: 46.177 Thread 0x000001a692b196d0 Implicit null exception at 0x000001a69d93378c to 0x000001a69d9351ec
Event: 46.960 Thread 0x000001a692b196d0 Implicit null exception at 0x000001a69e248df8 to 0x000001a69e249620
Event: 46.961 Thread 0x000001a692b196d0 Implicit null exception at 0x000001a69de429d8 to 0x000001a69de42a4d
Event: 47.243 Thread 0x000001a692b196d0 Implicit null exception at 0x000001a69dccbfc0 to 0x000001a69dccc05d
Event: 47.893 Thread 0x000001a692b196d0 Implicit null exception at 0x000001a69e4209d6 to 0x000001a69e42483c
Event: 48.467 Thread 0x000001a692b196d0 Implicit null exception at 0x000001a69e8c6c1d to 0x000001a69e8c7494
Event: 48.672 Thread 0x000001a692b196d0 Exception <a 'java/lang/NoSuchMethodError'{0x00000007285b3ee8}: 'java.lang.Object java.lang.invoke.DirectMethodHandle$Holder.invokeStatic(java.lang.Object, java.lang.Object, int, java.lang.Object, java.lang.Object)'> (0x00000007285b3ee8) 
thrown [s\src\hotspot\share\interpreter\linkResolver.cpp, line 784]
Event: 48.673 Thread 0x000001a692b196d0 Exception <a 'java/lang/NoSuchMethodError'{0x00000007285bb4a0}: 'java.lang.Object java.lang.invoke.DirectMethodHandle$Holder.newInvokeSpecial(java.lang.Object, java.lang.Object, int, java.lang.Object, java.lang.Object)'> (0x00000007285bb4a0) 
thrown [s\src\hotspot\share\interpreter\linkResolver.cpp, line 784]
Event: 48.673 Thread 0x000001a692b196d0 Exception <a 'java/lang/NoSuchMethodError'{0x00000007285bfa08}: 'java.lang.Object java.lang.invoke.DirectMethodHandle$Holder.invokeSpecial(java.lang.Object, java.lang.Object, java.lang.Object, int, java.lang.Object, java.lang.Object)'> (0x00000007285bfa08) 
thrown [s\src\hotspot\share\interpreter\linkResolver.cpp, line 784]
Event: 48.673 Thread 0x000001a692b196d0 Exception <a 'java/lang/NoSuchMethodError'{0x00000007285c3500}: 'java.lang.Object java.lang.invoke.Invokers$Holder.linkToTargetMethod(java.lang.Object, int, java.lang.Object, java.lang.Object, java.lang.Object)'> (0x00000007285c3500) 
thrown [s\src\hotspot\share\interpreter\linkResolver.cpp, line 784]

ZGC Phase Switch (0 events):
No events

VM Operations (20 events):
Event: 49.390 Executing VM operation: ICBufferFull
Event: 49.390 Executing VM operation: ICBufferFull done
Event: 49.506 Executing VM operation: ICBufferFull
Event: 49.506 Executing VM operation: ICBufferFull done
Event: 49.599 Executing VM operation: HandshakeAllThreads (Deoptimize)
Event: 49.599 Executing VM operation: HandshakeAllThreads (Deoptimize) done
Event: 49.603 Executing VM operation: HandshakeAllThreads (Deoptimize)
Event: 49.603 Executing VM operation: HandshakeAllThreads (Deoptimize) done
Event: 49.613 Executing VM operation: HandshakeAllThreads (Deoptimize)
Event: 49.613 Executing VM operation: HandshakeAllThreads (Deoptimize) done
Event: 49.636 Executing VM operation: HandshakeAllThreads (Deoptimize)
Event: 49.636 Executing VM operation: HandshakeAllThreads (Deoptimize) done
Event: 49.638 Executing VM operation: HandshakeAllThreads (Deoptimize)
Event: 49.638 Executing VM operation: HandshakeAllThreads (Deoptimize) done
Event: 49.657 Executing VM operation: ICBufferFull
Event: 49.657 Executing VM operation: ICBufferFull done
Event: 49.895 Executing VM operation: ICBufferFull
Event: 49.896 Executing VM operation: ICBufferFull done
Event: 50.903 Executing VM operation: Cleanup
Event: 52.339 Executing VM operation: Cleanup done

Memory protections (0 events):
No events

Nmethod flushes (20 events):
Event: 44.089 Thread 0x000001a6acb03c70 flushing  nmethod 0x000001a6980af690
Event: 44.089 Thread 0x000001a6acb03c70 flushing  nmethod 0x000001a698195890
Event: 44.089 Thread 0x000001a6acb03c70 flushing  nmethod 0x000001a698198e90
Event: 44.089 Thread 0x000001a6acb03c70 flushing  nmethod 0x000001a698199a90
Event: 44.089 Thread 0x000001a6acb03c70 flushing  nmethod 0x000001a69819bd10
Event: 44.089 Thread 0x000001a6acb03c70 flushing  nmethod 0x000001a69819e790
Event: 44.089 Thread 0x000001a6acb03c70 flushing  nmethod 0x000001a6981aee90
Event: 44.089 Thread 0x000001a6acb03c70 flushing  nmethod 0x000001a69827cf90
Event: 44.089 Thread 0x000001a6acb03c70 flushing  nmethod 0x000001a69827db10
Event: 44.089 Thread 0x000001a6acb03c70 flushing  nmethod 0x000001a698288f90
Event: 44.089 Thread 0x000001a6acb03c70 flushing  nmethod 0x000001a69828b810
Event: 44.089 Thread 0x000001a6acb03c70 flushing  nmethod 0x000001a6983ca790
Event: 44.089 Thread 0x000001a6acb03c70 flushing  nmethod 0x000001a6983d4290
Event: 44.089 Thread 0x000001a6acb03c70 flushing  nmethod 0x000001a6983d7d90
Event: 44.089 Thread 0x000001a6acb03c70 flushing  nmethod 0x000001a6984ed990
Event: 44.089 Thread 0x000001a6acb03c70 flushing  nmethod 0x000001a6984f2390
Event: 44.089 Thread 0x000001a6acb03c70 flushing  nmethod 0x000001a6984f2710
Event: 44.089 Thread 0x000001a6acb03c70 flushing  nmethod 0x000001a69857da90
Event: 44.089 Thread 0x000001a6acb03c70 flushing  nmethod 0x000001a69857e190
Event: 44.089 Thread 0x000001a6acb03c70 flushing  nmethod 0x000001a6985aca10

Events (20 events):
Event: 1.709 Thread 0x000001a6b10a9550 Thread added: 0x000001a6b1ea2060
Event: 1.906 Thread 0x000001a6b1ea2060 Thread exited: 0x000001a6b1ea2060
Event: 3.016 Thread 0x000001a6b10a9550 Thread added: 0x000001a6b37c1fb0
Event: 3.289 Thread 0x000001a6b10a0ab0 Thread added: 0x000001a6b37c5630
Event: 3.681 Thread 0x000001a6b37c5630 Thread exited: 0x000001a6b37c5630
Event: 4.375 Thread 0x000001a6b37c1fb0 Thread added: 0x000001a6b37c3420
Event: 4.612 Thread 0x000001a6b37c3420 Thread exited: 0x000001a6b37c3420
Event: 4.715 Thread 0x000001a6b37c1fb0 Thread exited: 0x000001a6b37c1fb0
Event: 4.765 Thread 0x000001a6b10a9550 Thread added: 0x000001a6b37c5630
Event: 4.957 Thread 0x000001a6b37c5630 Thread exited: 0x000001a6b37c5630
Event: 5.026 Thread 0x000001a6b10a9550 Thread added: 0x000001a6b37c41c0
Event: 5.044 Thread 0x000001a6b10a9550 Thread added: 0x000001a6b37c4890
Event: 5.263 Thread 0x000001a6b37c4890 Thread exited: 0x000001a6b37c4890
Event: 5.485 Thread 0x000001a6b37c41c0 Thread exited: 0x000001a6b37c41c0
Event: 5.822 Thread 0x000001a6b10a9550 Thread added: 0x000001a6b37c5630
Event: 5.943 Thread 0x000001a6b10a9550 Thread added: 0x000001a6b37c2d50
Event: 10.770 Thread 0x000001a6b37c2d50 Thread exited: 0x000001a6b37c2d50
Event: 10.890 Thread 0x000001a6b10a9550 Thread added: 0x000001a6b37c4890
Event: 12.687 Thread 0x000001a6b37c4890 Thread exited: 0x000001a6b37c4890
Event: 12.888 Thread 0x000001a6b10a9550 Thread added: 0x000001a6b213db90


Dynamic libraries:
0x00007ff74e160000 - 0x00007ff74e16a000 	C:\Users\harsh\AppData\Local\Programs\Android Studio\jbr\bin\java.exe
0x00007ff859280000 - 0x00007ff8594e7000 	C:\Windows\SYSTEM32\ntdll.dll
0x00007ff858700000 - 0x00007ff8587c9000 	C:\Windows\System32\KERNEL32.DLL
0x00007ff855df0000 - 0x00007ff8561e4000 	C:\Windows\System32\KERNELBASE.dll
0x00007ff8561f0000 - 0x00007ff85633b000 	C:\Windows\System32\ucrtbase.dll
0x00007ff842760000 - 0x00007ff842778000 	C:\Users\harsh\AppData\Local\Programs\Android Studio\jbr\bin\jli.dll
0x00007ff83b320000 - 0x00007ff83b33b000 	C:\Users\harsh\AppData\Local\Programs\Android Studio\jbr\bin\VCRUNTIME140.dll
0x00007ff857ae0000 - 0x00007ff857ca5000 	C:\Windows\System32\USER32.dll
0x00007ff846950000 - 0x00007ff846be3000 	C:\Windows\WinSxS\amd64_microsoft.windows.common-controls_6595b64144ccf1df_6.0.26100.8115_none_3e075c82e3354f9c\COMCTL32.dll
0x00007ff8563f0000 - 0x00007ff856417000 	C:\Windows\System32\win32u.dll
0x00007ff8572a0000 - 0x00007ff857349000 	C:\Windows\System32\msvcrt.dll
0x00007ff8579a0000 - 0x00007ff8579cb000 	C:\Windows\System32\GDI32.dll
0x00007ff855c00000 - 0x00007ff855d2a000 	C:\Windows\System32\gdi32full.dll
0x00007ff855b50000 - 0x00007ff855bf3000 	C:\Windows\System32\msvcp_win.dll
0x00007ff858630000 - 0x00007ff858662000 	C:\Windows\System32\IMM32.DLL
0x00007ff852f80000 - 0x00007ff852f8c000 	C:\Users\harsh\AppData\Local\Programs\Android Studio\jbr\bin\vcruntime140_1.dll
0x00007ff829f90000 - 0x00007ff82a01d000 	C:\Users\harsh\AppData\Local\Programs\Android Studio\jbr\bin\msvcp140.dll
0x00007ff8017d0000 - 0x00007ff80245b000 	C:\Users\harsh\AppData\Local\Programs\Android Studio\jbr\bin\server\jvm.dll
0x00007ff8588d0000 - 0x00007ff858986000 	C:\Windows\System32\ADVAPI32.dll
0x00007ff8571f0000 - 0x00007ff857297000 	C:\Windows\System32\sechost.dll
0x00007ff857350000 - 0x00007ff857468000 	C:\Windows\System32\RPCRT4.dll
0x00007ff858670000 - 0x00007ff8586f0000 	C:\Windows\System32\WS2_32.dll
0x00007ff855800000 - 0x00007ff85585e000 	C:\Windows\SYSTEM32\POWRPROF.dll
0x00007ff8505b0000 - 0x00007ff8505e6000 	C:\Windows\SYSTEM32\WINMM.dll
0x00007ff850600000 - 0x00007ff85060b000 	C:\Windows\SYSTEM32\VERSION.dll
0x00007ff8557e0000 - 0x00007ff8557f4000 	C:\Windows\SYSTEM32\UMPDC.dll
0x00007ff8548e0000 - 0x00007ff8548fb000 	C:\Windows\SYSTEM32\kernel.appcore.dll
0x00007ff83b2e0000 - 0x00007ff83b2ea000 	C:\Users\harsh\AppData\Local\Programs\Android Studio\jbr\bin\jimage.dll
0x00007ff84a2b0000 - 0x00007ff84a4f2000 	C:\Windows\SYSTEM32\DBGHELP.DLL
0x00007ff857610000 - 0x00007ff857992000 	C:\Windows\System32\combase.dll
0x00007ff857530000 - 0x00007ff857607000 	C:\Windows\System32\OLEAUT32.dll
0x00007ff838c10000 - 0x00007ff838c4b000 	C:\Windows\SYSTEM32\dbgcore.DLL
0x00007ff856340000 - 0x00007ff8563e5000 	C:\Windows\System32\bcryptPrimitives.dll
0x00007ff8337d0000 - 0x00007ff8337f0000 	C:\Users\harsh\AppData\Local\Programs\Android Studio\jbr\bin\java.dll
0x00007ff82df90000 - 0x00007ff82dfa8000 	C:\Users\harsh\AppData\Local\Programs\Android Studio\jbr\bin\zip.dll
0x00007ff858ad0000 - 0x00007ff859236000 	C:\Windows\System32\SHELL32.dll
0x00007ff856c90000 - 0x00007ff856dfa000 	C:\Windows\System32\wintypes.dll
0x00007ff856420000 - 0x00007ff856c85000 	C:\Windows\System32\windows.storage.dll
0x00007ff8579d0000 - 0x00007ff857ac7000 	C:\Windows\System32\SHCORE.dll
0x00007ff857470000 - 0x00007ff8574d6000 	C:\Windows\System32\shlwapi.dll
0x00007ff855a70000 - 0x00007ff855a99000 	C:\Windows\SYSTEM32\profapi.dll
0x00007ff83b2d0000 - 0x00007ff83b2e0000 	C:\Users\harsh\AppData\Local\Programs\Android Studio\jbr\bin\net.dll
0x00007ff84e430000 - 0x00007ff84e55d000 	C:\Windows\SYSTEM32\WINHTTP.dll
0x00007ff854e50000 - 0x00007ff854ebc000 	C:\Windows\system32\mswsock.dll
0x00007ff80ddb0000 - 0x00007ff80ddc6000 	C:\Users\harsh\AppData\Local\Programs\Android Studio\jbr\bin\nio.dll
0x00007ff835b70000 - 0x00007ff835b79000 	C:\Users\harsh\AppData\Local\Programs\Android Studio\jbr\bin\management.dll
0x00007ff8347b0000 - 0x00007ff8347bb000 	C:\Users\harsh\AppData\Local\Programs\Android Studio\jbr\bin\management_ext.dll
0x00007ff857cb0000 - 0x00007ff857cb8000 	C:\Windows\System32\PSAPI.DLL
0x00007ff8499e0000 - 0x00007ff8499f0000 	C:\Users\harsh\AppData\Local\Programs\Android Studio\jbr\bin\verify.dll

dbghelp: loaded successfully - version: 4.0.5 - missing functions: none
symbol engine: initialized successfully - sym options: 0x614 - pdb path: .;C:\Users\harsh\AppData\Local\Programs\Android Studio\jbr\bin;C:\Windows\SYSTEM32;C:\Windows\WinSxS\amd64_microsoft.windows.common-controls_6595b64144ccf1df_6.0.26100.8115_none_3e075c82e3354f9c;C:\Users\harsh\AppData\Local\Programs\Android Studio\jbr\bin\server

VM Arguments:
java_command: org.jetbrains.kotlin.cli.jvm.K2JVMCompiler @C:\Users\harsh\AndroidStudioProjects\M7pairlix\pairlix-user-android\app\build\20260422_1627260972501240260.compiler.options
java_class_path (initial): C:\Users\harsh\.gradle\caches\modules-2\files-2.1\org.jetbrains.kotlin\kotlin-compiler-embeddable\2.2.21\b13aed5cf8412f9ee9d1e4db21bdcfebcc24f606\kotlin-compiler-embeddable-2.2.21.jar;C:\Users\harsh\.gradle\caches\modules-2\files-2.1\org.jetbrains.kotlin\kotlin-stdlib\2.2.21\fa374a986e128314c3db00a20aae55f72a258511\kotlin-stdlib-2.2.21.jar;C:\Users\harsh\.gradle\caches\modules-2\files-2.1\org.jetbrains.kotlin\kotlin-script-runtime\2.2.21\e9b021c4e335e4ed7a7e3b32285249ae6bb3a6c8\kotlin-script-runtime-2.2.21.jar;C:\Users\harsh\.gradle\caches\modules-2\files-2.1\org.jetbrains.kotlin\kotlin-reflect\1.6.10\1cbe9c92c12a94eea200d23c2bbaedaf3daf5132\kotlin-reflect-1.6.10.jar;C:\Users\harsh\.gradle\caches\modules-2\files-2.1\org.jetbrains.kotlin\kotlin-daemon-embeddable\2.2.21\78fde5db1c92786448170b351d8f8868acabd2ce\kotlin-daemon-embeddable-2.2.21.jar;C:\Users\harsh\.gradle\caches\modules-2\files-2.1\org.jetbrains.kotlinx\kotlinx-coroutines-core-jvm\1.8.0\ac1dc37a30a93150b704022f8d895ee1bd3a36b3\kotlinx-coroutines-core-jvm-1.8.0.jar;C:\Users\harsh\.gradle\caches\modules-2\files-2.1\org.jetbrains\annotations\13.0\919f0dfe192fb4e063e7dacadee7f8bb9a2672a9\annotations-13.0.jar
Launcher Type: SUN_STANDARD

[Global flags]
     intx CICompilerCount                          = 4                                         {product} {ergonomic}
     uint ConcGCThreads                            = 3                                         {product} {ergonomic}
     uint G1ConcRefinementThreads                  = 10                                        {product} {ergonomic}
   size_t G1HeapRegionSize                         = 2097152                                   {product} {ergonomic}
    uintx GCDrainStackTargetSize                   = 64                                        {product} {ergonomic}
   size_t InitialHeapSize                          = 257949696                                 {product} {ergonomic}
   size_t MarkStackSize                            = 4194304                                   {product} {ergonomic}
   size_t MaxHeapSize                              = 4118806528                                {product} {ergonomic}
   size_t MaxNewSize                               = 2470445056                                {product} {ergonomic}
   size_t MinHeapDeltaBytes                        = 2097152                                   {product} {ergonomic}
   size_t MinHeapSize                              = 8388608                                   {product} {ergonomic}
    uintx NonNMethodCodeHeapSize                   = 5839372                                {pd product} {ergonomic}
    uintx NonProfiledCodeHeapSize                  = 122909434                              {pd product} {ergonomic}
    uintx ProfiledCodeHeapSize                     = 122909434                              {pd product} {ergonomic}
    uintx ReservedCodeCacheSize                    = 251658240                              {pd product} {ergonomic}
     bool SegmentedCodeCache                       = true                                      {product} {ergonomic}
   size_t SoftMaxHeapSize                          = 4118806528                             {manageable} {ergonomic}
     bool UseCompressedOops                        = true                           {product lp64_product} {ergonomic}
     bool UseG1GC                                  = true                                      {product} {ergonomic}
     bool UseLargePagesIndividualAllocation        = false                                  {pd product} {ergonomic}

Logging:
Log output configuration:
 #0: stdout all=warning uptime,level,tags foldmultilines=false
 #1: stderr all=off uptime,level,tags foldmultilines=false

Environment Variables:
PATH=D:\oracle\product\10.2.0\db_1\bin;C:\Program Files\Common Files\Oracle\Java\javapath;C:\Windows\system32;C:\Windows;C:\Windows\System32\Wbem;C:\Windows\System32\WindowsPowerShell\v1.0\;C:\Windows\System32\OpenSSH\;C:\ProgramData\chocolatey\bin;C:\Program Files\Java\jdk-23\bin;C:\Program Files\Git\cmd;D:\flutter\bin;C:\Users\harsh\AppData\Local\Microsoft\WindowsApps;C:\Users\harsh\AppData\Local\Programs\Microsoft VS Code\bin;C:\Users\harsh\AppData\Roaming\Python\Python313\Scripts;C:\Users\harsh\AppData\Local\JetBrains\Toolbox\scripts;
USERNAME=harsh
OS=Windows_NT
PROCESSOR_IDENTIFIER=AMD64 Family 25 Model 80 Stepping 0, AuthenticAMD
TMP=C:\Users\harsh\AppData\Local\Temp
TEMP=C:\Users\harsh\AppData\Local\Temp




Periodic native trim disabled

JNI global refs:
JNI global refs: 15, weak refs: 59

JNI global refs memory usage: 835, weak refs: 833

Process memory usage:
Resident Set Size: 976096K (6% of 16085060K total physical memory with 591800K free physical memory)

OOME stack traces (most recent first):
Classloader memory used:
Loader jdk.internal.loader.ClassLoaders$AppClassLoader                                 : 79716K
Loader bootstrap                                                                       : 11982K
Loader java.net.URLClassLoader                                                         : 2088K

---------------  S Y S T E M  ---------------

OS:
 Windows 11 , 64 bit Build 26100 (10.0.26100.8115)
OS uptime: 14 days 15:56 hours
Hyper-V role detected

CPU: total 12 (initial active 12) (12 cores per cpu, 2 threads per core) family 25 model 80 stepping 0 microcode 0xa50000d, cx8, cmov, fxsr, ht, mmx, 3dnowpref, sse, sse2, sse3, ssse3, sse4a, sse4.1, sse4.2, popcnt, lzcnt, tsc, tscinvbit, avx, avx2, aes, erms, clmul, bmi1, bmi2, adx, sha, fma, vzeroupper, clflush, clflushopt, hv, rdtscp, rdpid, fsrm, f16c, cet_ss
Processor Information for processor 0
  Max Mhz: 2301, Current Mhz: 1798, Mhz Limit: 2301
Processor Information for processor 1
  Max Mhz: 2301, Current Mhz: 1798, Mhz Limit: 2301
Processor Information for processor 2
  Max Mhz: 2301, Current Mhz: 1798, Mhz Limit: 2301
Processor Information for processor 3
  Max Mhz: 2301, Current Mhz: 1798, Mhz Limit: 2301
Processor Information for processor 4
  Max Mhz: 2301, Current Mhz: 1798, Mhz Limit: 2301
Processor Information for processor 5
  Max Mhz: 2301, Current Mhz: 1798, Mhz Limit: 2301
Processor Information for processor 6
  Max Mhz: 2301, Current Mhz: 1904, Mhz Limit: 2301
Processor Information for processor 7
  Max Mhz: 2301, Current Mhz: 1798, Mhz Limit: 2301
Processor Information for processor 8
  Max Mhz: 2301, Current Mhz: 1904, Mhz Limit: 2301
Processor Information for processor 9
  Max Mhz: 2301, Current Mhz: 1904, Mhz Limit: 2301
Processor Information for processor 10
  Max Mhz: 2301, Current Mhz: 1904, Mhz Limit: 2301
Processor Information for processor 11
  Max Mhz: 2301, Current Mhz: 1904, Mhz Limit: 2301

Memory: 4k page, system-wide physical 15708M (577M free)
TotalPageFile size 20708M (AvailPageFile size 6M)
current process WorkingSet (physical memory assigned to process): 954M, peak: 957M
current process commit charge ("private bytes"): 988M, peak: 992M

vm_info: OpenJDK 64-Bit Server VM (21.0.6+-13368085-b895.109) for windows-amd64 JRE (21.0.6+-13368085-b895.109), built on 2025-04-16T17:01:31Z by "builder" with MS VC++ 16.10 / 16.11 (VS2019)

END.
