#
# There is insufficient memory for the Java Runtime Environment to continue.
# Native memory allocation (mmap) failed to map 228589568 bytes. Error detail: G1 virtual space
# Possible reasons:
#   The system is out of physical RAM or swap space
#   This process is running with CompressedOops enabled, and the Java Heap may be blocking the growth of the native heap
# Possible solutions:
#   Reduce memory load on the system
#   Increase physical memory or swap space
#   Check if swap backing store is full
#   Decrease Java heap size (-Xmx/-Xms)
#   Decrease number of Java threads
#   Decrease Java thread stack sizes (-Xss)
#   Set larger code cache with -XX:ReservedCodeCacheSize=
#   JVM is running with Zero Based Compressed Oops mode in which the Java heap is
#     placed in the first 32GB address space. The Java Heap base address is the
#     maximum limit for the native heap growth. Please use -XX:HeapBaseMinAddress
#     to set the Java Heap base and to place the Java Heap above 32GB virtual address.
# This output file may be truncated or incomplete.
#
#  Out of Memory Error (os_windows.cpp:3898), pid=17856, tid=17284
#
# JRE version: OpenJDK Runtime Environment (21.0.6) (build 21.0.6+-13368085-b895.109)
# Java VM: OpenJDK 64-Bit Server VM (21.0.6+-13368085-b895.109, mixed mode, tiered, compressed oops, compressed class ptrs, g1 gc, windows-amd64)
# No core dump will be written. Minidumps are not enabled by default on client versions of Windows
#

---------------  S U M M A R Y ------------

Command Line: org.jetbrains.kotlin.cli.jvm.K2JVMCompiler @C:\Users\harsh\AndroidStudioProjects\PairlixDating\app\build\20251208_13026280931952937931.compiler.options

Host: AMD Ryzen 5 5625U with Radeon Graphics         , 12 cores, 15G,  Windows 11 , 64 bit Build 26100 (10.0.26100.7019)
Time: Mon Dec  8 11:18:49 2025 India Standard Time elapsed time: 40.004316 seconds (0d 0h 0m 40s)

---------------  T H R E A D  ---------------

Current thread (0x0000019e6f10f680):  VMThread "VM Thread"          [id=17284, stack(0x00000084e0b00000,0x00000084e0c00000) (1024K)]

Stack: [0x00000084e0b00000,0x00000084e0c00000]
Native frames: (J=compiled Java code, j=interpreted, Vv=VM code, C=native code)
V  [jvm.dll+0x6d0639]
V  [jvm.dll+0x85eb03]
V  [jvm.dll+0x86105e]
V  [jvm.dll+0x861743]
V  [jvm.dll+0x27e6e6]
V  [jvm.dll+0x6ccfd5]
V  [jvm.dll+0x6c0a8a]
V  [jvm.dll+0x35537b]
V  [jvm.dll+0x35cfd6]
V  [jvm.dll+0x3aef86]
V  [jvm.dll+0x3af258]
V  [jvm.dll+0x327a2c]
V  [jvm.dll+0x327ab7]
V  [jvm.dll+0x36d93c]
V  [jvm.dll+0x36c0ee]
V  [jvm.dll+0x327181]
V  [jvm.dll+0x36b7f0]
V  [jvm.dll+0x8674c8]
V  [jvm.dll+0x868844]
V  [jvm.dll+0x868d80]
V  [jvm.dll+0x869013]
V  [jvm.dll+0x806ed8]
V  [jvm.dll+0x6cef0d]
C  [ucrtbase.dll+0x37b0]
C  [KERNEL32.DLL+0x2e8d7]
C  [ntdll.dll+0x8c53c]

VM_Operation (0x00000084e04fb520): G1CollectForAllocation, mode: safepoint, requested by thread 0x0000019e52a82590


---------------  P R O C E S S  ---------------

Threads class SMR info:
_java_thread_list=0x0000019e751e7840, length=13, elements={
0x0000019e52a82590, 0x0000019e6f17b1b0, 0x0000019e6f17bc00, 0x0000019e6f189450,
0x0000019e6f17f7a0, 0x0000019e6f1693a0, 0x0000019e6f169df0, 0x0000019e6f15caf0,
0x0000019e6f1ad4e0, 0x0000019e6f34a050, 0x0000019e6f34ead0, 0x0000019e7c347ff0,
0x0000019e7c345040
}

Java Threads: ( => current thread )
  0x0000019e52a82590 JavaThread "main"                              [_thread_blocked, id=18948, stack(0x00000084e0400000,0x00000084e0500000) (1024K)]
  0x0000019e6f17b1b0 JavaThread "Reference Handler"          daemon [_thread_blocked, id=404, stack(0x00000084e0c00000,0x00000084e0d00000) (1024K)]
  0x0000019e6f17bc00 JavaThread "Finalizer"                  daemon [_thread_blocked, id=16500, stack(0x00000084e0d00000,0x00000084e0e00000) (1024K)]
  0x0000019e6f189450 JavaThread "Signal Dispatcher"          daemon [_thread_blocked, id=15388, stack(0x00000084e0e00000,0x00000084e0f00000) (1024K)]
  0x0000019e6f17f7a0 JavaThread "Attach Listener"            daemon [_thread_blocked, id=948, stack(0x00000084e0f00000,0x00000084e1000000) (1024K)]
  0x0000019e6f1693a0 JavaThread "Service Thread"             daemon [_thread_blocked, id=15624, stack(0x00000084e1000000,0x00000084e1100000) (1024K)]
  0x0000019e6f169df0 JavaThread "Monitor Deflation Thread"   daemon [_thread_blocked, id=17180, stack(0x00000084e1100000,0x00000084e1200000) (1024K)]
  0x0000019e6f15caf0 JavaThread "C2 CompilerThread0"         daemon [_thread_blocked, id=11732, stack(0x00000084e1200000,0x00000084e1300000) (1024K)]
  0x0000019e6f1ad4e0 JavaThread "C1 CompilerThread0"         daemon [_thread_blocked, id=8960, stack(0x00000084e1300000,0x00000084e1400000) (1024K)]
  0x0000019e6f34a050 JavaThread "Notification Thread"        daemon [_thread_blocked, id=16556, stack(0x00000084e1400000,0x00000084e1500000) (1024K)]
  0x0000019e6f34ead0 JavaThread "Common-Cleaner"             daemon [_thread_blocked, id=6416, stack(0x00000084e1500000,0x00000084e1600000) (1024K)]
  0x0000019e7c347ff0 JavaThread "C2 CompilerThread1"         daemon [_thread_blocked, id=11848, stack(0x00000084e0300000,0x00000084e0400000) (1024K)]
  0x0000019e7c345040 JavaThread "C2 CompilerThread2"         daemon [_thread_blocked, id=12896, stack(0x00000084e2000000,0x00000084e2100000) (1024K)]
Total: 13

Other Threads:
=>0x0000019e6f10f680 VMThread "VM Thread"                           [id=17284, stack(0x00000084e0b00000,0x00000084e0c00000) (1024K)]
  0x0000019e6ee4dba0 WatcherThread "VM Periodic Task Thread"        [id=19376, stack(0x00000084e0a00000,0x00000084e0b00000) (1024K)]
  0x0000019e54fff250 WorkerThread "GC Thread#0"                     [id=16240, stack(0x00000084e0500000,0x00000084e0600000) (1024K)]
  0x0000019e6fab1dd0 WorkerThread "GC Thread#1"                     [id=17700, stack(0x00000084e1700000,0x00000084e1800000) (1024K)]
  0x0000019e6fab2170 WorkerThread "GC Thread#2"                     [id=9324, stack(0x00000084e1800000,0x00000084e1900000) (1024K)]
  0x0000019e6fab2510 WorkerThread "GC Thread#3"                     [id=8880, stack(0x00000084e1900000,0x00000084e1a00000) (1024K)]
  0x0000019e6fabdac0 WorkerThread "GC Thread#4"                     [id=5188, stack(0x00000084e1a00000,0x00000084e1b00000) (1024K)]
  0x0000019e6fad7870 WorkerThread "GC Thread#5"                     [id=14876, stack(0x00000084e1b00000,0x00000084e1c00000) (1024K)]
  0x0000019e6fc1a770 WorkerThread "GC Thread#6"                     [id=3084, stack(0x00000084e1600000,0x00000084e1700000) (1024K)]
  0x0000019e6fc1ab10 WorkerThread "GC Thread#7"                     [id=19248, stack(0x00000084e1c00000,0x00000084e1d00000) (1024K)]
  0x0000019e7434d100 WorkerThread "GC Thread#8"                     [id=3504, stack(0x00000084e1d00000,0x00000084e1e00000) (1024K)]
  0x0000019e7434b400 WorkerThread "GC Thread#9"                     [id=8888, stack(0x00000084e2100000,0x00000084e2200000) (1024K)]
  0x0000019e5502c8a0 ConcurrentGCThread "G1 Main Marker"            [id=6308, stack(0x00000084e0600000,0x00000084e0700000) (1024K)]
  0x0000019e5502fa50 WorkerThread "G1 Conc#0"                       [id=17932, stack(0x00000084e0700000,0x00000084e0800000) (1024K)]
  0x0000019e7434acc0 WorkerThread "G1 Conc#1"                       [id=9204, stack(0x00000084e1e00000,0x00000084e1f00000) (1024K)]
  0x0000019e7434cd60 WorkerThread "G1 Conc#2"                       [id=9016, stack(0x00000084e1f00000,0x00000084e2000000) (1024K)]
  0x0000019e6ed1b770 ConcurrentGCThread "G1 Refine#0"               [id=11344, stack(0x00000084e0800000,0x00000084e0900000) (1024K)]
  0x0000019e6ed1bf90 ConcurrentGCThread "G1 Service"                [id=15960, stack(0x00000084e0900000,0x00000084e0a00000) (1024K)]
Total: 18

Threads with active compile tasks:
C2 CompilerThread0  40037 28330       4       org.jetbrains.kotlin.types.TypeUtils::makeUnsubstitutedType (48 bytes)
C2 CompilerThread1  40037 28329       4       org.jetbrains.kotlin.types.TypeUtils::getDefaultTypeProjections (86 bytes)
C2 CompilerThread2  40038 28307   !   4       org.jetbrains.kotlin.ir.descriptors.IrBasedDescriptorsKt::makeKotlinType (509 bytes)
Total: 3

VM state: at safepoint (normal execution)

VM Mutex/Monitor currently owned by a thread:  ([mutex/lock_event])
[0x00007ffcefb5e3a0] Threads_lock - owner thread: 0x0000019e6f10f680
[0x00007ffcefb5e4a0] Heap_lock - owner thread: 0x0000019e52a82590

Heap address: 0x000000070a800000, size: 3928 MB, Compressed Oops mode: Zero based, Oop shift amount: 3

CDS archive(s) not mapped
Compressed class space mapped at: 0x0000000800000000-0x0000000840000000, reserved size: 1073741824
Narrow klass base: 0x0000000800000000, Narrow klass shift: 0, Narrow klass range: 0x40000000

GC Precious Log:
 CardTable entry size: 512
 Card Set container configuration: InlinePtr #cards 4 size 8 Array Of Cards #cards 16 size 48 Howl #buckets 8 coarsen threshold 3686 Howl Bitmap #cards 512 size 80 coarsen threshold 460 Card regions per heap region 1 cards per card region 4096
 CPUs: 12 total, 12 available
 Memory: 15708M
 Large Page Support: Disabled
 NUMA Support: Disabled
 Compressed Oops: Enabled (Zero based)
 Heap Region Size: 2M
 Heap Min Capacity: 8M
 Heap Initial Capacity: 246M
 Heap Max Capacity: 3928M
 Pre-touch: Disabled
 Parallel Workers: 10
 Concurrent Workers: 3
 Concurrent Refinement Workers: 10
 Periodic GC: Disabled

Heap:
 garbage-first heap   total 542720K, used 336469K [0x000000070a800000, 0x0000000800000000)
  region size 2048K, 9 young (18432K), 9 survivors (18432K)
 Metaspace       used 111024K, committed 111552K, reserved 1179648K
  class space    used 11087K, committed 11328K, reserved 1048576K

Heap Regions: E=young(eden), S=young(survivor), O=old, HS=humongous(starts), HC=humongous(continues), CS=collection set, F=free, TAMS=top-at-mark-start, PB=parsable bottom
|   0|0x000000070a800000, 0x000000070aa00000, 0x000000070aa00000|100%|HS|  |TAMS 0x000000070a800000| PB 0x000000070a800000| Complete 
|   1|0x000000070aa00000, 0x000000070ac00000, 0x000000070ac00000|100%|HC|  |TAMS 0x000000070aa00000| PB 0x000000070aa00000| Complete 
|   2|0x000000070ac00000, 0x000000070ae00000, 0x000000070ae00000|100%| O|  |TAMS 0x000000070ac00000| PB 0x000000070ac00000| Untracked 
|   3|0x000000070ae00000, 0x000000070b000000, 0x000000070b000000|100%| O|  |TAMS 0x000000070ae00000| PB 0x000000070ae00000| Untracked 
|   4|0x000000070b000000, 0x000000070b200000, 0x000000070b200000|100%| O|  |TAMS 0x000000070b000000| PB 0x000000070b000000| Untracked 
|   5|0x000000070b200000, 0x000000070b400000, 0x000000070b400000|100%| O|  |TAMS 0x000000070b200000| PB 0x000000070b200000| Untracked 
|   6|0x000000070b400000, 0x000000070b600000, 0x000000070b600000|100%| O|  |TAMS 0x000000070b400000| PB 0x000000070b400000| Untracked 
|   7|0x000000070b600000, 0x000000070b800000, 0x000000070b800000|100%| O|  |TAMS 0x000000070b600000| PB 0x000000070b600000| Untracked 
|   8|0x000000070b800000, 0x000000070ba00000, 0x000000070ba00000|100%| O|  |TAMS 0x000000070b800000| PB 0x000000070b800000| Untracked 
|   9|0x000000070ba00000, 0x000000070bc00000, 0x000000070bc00000|100%| O|  |TAMS 0x000000070ba00000| PB 0x000000070ba00000| Untracked 
|  10|0x000000070bc00000, 0x000000070be00000, 0x000000070be00000|100%| O|  |TAMS 0x000000070bc00000| PB 0x000000070bc00000| Untracked 
|  11|0x000000070be00000, 0x000000070c000000, 0x000000070c000000|100%| O|  |TAMS 0x000000070be00000| PB 0x000000070be00000| Untracked 
|  12|0x000000070c000000, 0x000000070c200000, 0x000000070c200000|100%| O|  |TAMS 0x000000070c000000| PB 0x000000070c000000| Untracked 
|  13|0x000000070c200000, 0x000000070c400000, 0x000000070c400000|100%| O|  |TAMS 0x000000070c200000| PB 0x000000070c200000| Untracked 
|  14|0x000000070c400000, 0x000000070c600000, 0x000000070c600000|100%| O|  |TAMS 0x000000070c400000| PB 0x000000070c400000| Untracked 
|  15|0x000000070c600000, 0x000000070c800000, 0x000000070c800000|100%| O|  |TAMS 0x000000070c600000| PB 0x000000070c600000| Untracked 
|  16|0x000000070c800000, 0x000000070ca00000, 0x000000070ca00000|100%| O|  |TAMS 0x000000070c800000| PB 0x000000070c800000| Untracked 
|  17|0x000000070ca00000, 0x000000070cc00000, 0x000000070cc00000|100%| O|  |TAMS 0x000000070ca00000| PB 0x000000070ca00000| Untracked 
|  18|0x000000070cc00000, 0x000000070ce00000, 0x000000070ce00000|100%| O|  |TAMS 0x000000070cc00000| PB 0x000000070cc00000| Untracked 
|  19|0x000000070ce00000, 0x000000070d000000, 0x000000070d000000|100%| O|  |TAMS 0x000000070ce00000| PB 0x000000070ce00000| Untracked 
|  20|0x000000070d000000, 0x000000070d200000, 0x000000070d200000|100%| O|  |TAMS 0x000000070d000000| PB 0x000000070d000000| Untracked 
|  21|0x000000070d200000, 0x000000070d400000, 0x000000070d400000|100%| O|  |TAMS 0x000000070d200000| PB 0x000000070d200000| Untracked 
|  22|0x000000070d400000, 0x000000070d600000, 0x000000070d600000|100%| O|  |TAMS 0x000000070d400000| PB 0x000000070d400000| Untracked 
|  23|0x000000070d600000, 0x000000070d800000, 0x000000070d800000|100%| O|  |TAMS 0x000000070d600000| PB 0x000000070d600000| Untracked 
|  24|0x000000070d800000, 0x000000070da00000, 0x000000070da00000|100%| O|  |TAMS 0x000000070d800000| PB 0x000000070d800000| Untracked 
|  25|0x000000070da00000, 0x000000070dc00000, 0x000000070dc00000|100%| O|  |TAMS 0x000000070da00000| PB 0x000000070da00000| Untracked 
|  26|0x000000070dc00000, 0x000000070de00000, 0x000000070de00000|100%| O|  |TAMS 0x000000070dc00000| PB 0x000000070dc00000| Untracked 
|  27|0x000000070de00000, 0x000000070e000000, 0x000000070e000000|100%| O|  |TAMS 0x000000070de00000| PB 0x000000070de00000| Untracked 
|  28|0x000000070e000000, 0x000000070e200000, 0x000000070e200000|100%| O|  |TAMS 0x000000070e000000| PB 0x000000070e000000| Untracked 
|  29|0x000000070e200000, 0x000000070e400000, 0x000000070e400000|100%| O|  |TAMS 0x000000070e200000| PB 0x000000070e200000| Untracked 
|  30|0x000000070e400000, 0x000000070e600000, 0x000000070e600000|100%| O|  |TAMS 0x000000070e400000| PB 0x000000070e400000| Untracked 
|  31|0x000000070e600000, 0x000000070e800000, 0x000000070e800000|100%| O|  |TAMS 0x000000070e600000| PB 0x000000070e600000| Untracked 
|  32|0x000000070e800000, 0x000000070ea00000, 0x000000070ea00000|100%| O|  |TAMS 0x000000070e800000| PB 0x000000070e800000| Untracked 
|  33|0x000000070ea00000, 0x000000070ec00000, 0x000000070ec00000|100%| O|  |TAMS 0x000000070ea00000| PB 0x000000070ea00000| Untracked 
|  34|0x000000070ec00000, 0x000000070ee00000, 0x000000070ee00000|100%| O|  |TAMS 0x000000070ec00000| PB 0x000000070ec00000| Untracked 
|  35|0x000000070ee00000, 0x000000070f000000, 0x000000070f000000|100%| O|  |TAMS 0x000000070ee00000| PB 0x000000070ee00000| Untracked 
|  36|0x000000070f000000, 0x000000070f200000, 0x000000070f200000|100%| O|  |TAMS 0x000000070f000000| PB 0x000000070f000000| Untracked 
|  37|0x000000070f200000, 0x000000070f400000, 0x000000070f400000|100%| O|  |TAMS 0x000000070f200000| PB 0x000000070f200000| Untracked 
|  38|0x000000070f400000, 0x000000070f600000, 0x000000070f600000|100%| O|  |TAMS 0x000000070f400000| PB 0x000000070f400000| Untracked 
|  39|0x000000070f600000, 0x000000070f800000, 0x000000070f800000|100%| O|  |TAMS 0x000000070f600000| PB 0x000000070f600000| Untracked 
|  40|0x000000070f800000, 0x000000070fa00000, 0x000000070fa00000|100%| O|  |TAMS 0x000000070f800000| PB 0x000000070f800000| Untracked 
|  41|0x000000070fa00000, 0x000000070fc00000, 0x000000070fc00000|100%| O|  |TAMS 0x000000070fa00000| PB 0x000000070fa00000| Untracked 
|  42|0x000000070fc00000, 0x000000070fe00000, 0x000000070fe00000|100%| O|  |TAMS 0x000000070fc00000| PB 0x000000070fc00000| Untracked 
|  43|0x000000070fe00000, 0x0000000710000000, 0x0000000710000000|100%| O|  |TAMS 0x000000070fe00000| PB 0x000000070fe00000| Untracked 
|  44|0x0000000710000000, 0x0000000710200000, 0x0000000710200000|100%| O|  |TAMS 0x0000000710000000| PB 0x0000000710000000| Untracked 
|  45|0x0000000710200000, 0x0000000710400000, 0x0000000710400000|100%| O|  |TAMS 0x0000000710200000| PB 0x0000000710200000| Untracked 
|  46|0x0000000710400000, 0x0000000710600000, 0x0000000710600000|100%| O|  |TAMS 0x0000000710400000| PB 0x0000000710400000| Untracked 
|  47|0x0000000710600000, 0x0000000710800000, 0x0000000710800000|100%| O|  |TAMS 0x0000000710600000| PB 0x0000000710600000| Untracked 
|  48|0x0000000710800000, 0x0000000710a00000, 0x0000000710a00000|100%| O|  |TAMS 0x0000000710800000| PB 0x0000000710800000| Untracked 
|  49|0x0000000710a00000, 0x0000000710c00000, 0x0000000710c00000|100%| O|  |TAMS 0x0000000710a00000| PB 0x0000000710a00000| Untracked 
|  50|0x0000000710c00000, 0x0000000710e00000, 0x0000000710e00000|100%| O|  |TAMS 0x0000000710c00000| PB 0x0000000710c00000| Untracked 
|  51|0x0000000710e00000, 0x0000000711000000, 0x0000000711000000|100%| O|  |TAMS 0x0000000710e00000| PB 0x0000000710e00000| Untracked 
|  52|0x0000000711000000, 0x0000000711200000, 0x0000000711200000|100%| O|  |TAMS 0x0000000711000000| PB 0x0000000711000000| Untracked 
|  53|0x0000000711200000, 0x0000000711400000, 0x0000000711400000|100%| O|  |TAMS 0x0000000711200000| PB 0x0000000711200000| Untracked 
|  54|0x0000000711400000, 0x0000000711600000, 0x0000000711600000|100%| O|  |TAMS 0x0000000711400000| PB 0x0000000711400000| Untracked 
|  55|0x0000000711600000, 0x0000000711800000, 0x0000000711800000|100%| O|  |TAMS 0x0000000711600000| PB 0x0000000711600000| Untracked 
|  56|0x0000000711800000, 0x0000000711a00000, 0x0000000711a00000|100%| O|  |TAMS 0x0000000711800000| PB 0x0000000711800000| Untracked 
|  57|0x0000000711a00000, 0x0000000711c00000, 0x0000000711c00000|100%| O|  |TAMS 0x0000000711a00000| PB 0x0000000711a00000| Untracked 
|  58|0x0000000711c00000, 0x0000000711e00000, 0x0000000711e00000|100%| O|  |TAMS 0x0000000711c00000| PB 0x0000000711c00000| Untracked 
|  59|0x0000000711e00000, 0x0000000712000000, 0x0000000712000000|100%| O|  |TAMS 0x0000000711e00000| PB 0x0000000711e00000| Untracked 
|  60|0x0000000712000000, 0x0000000712200000, 0x0000000712200000|100%| O|  |TAMS 0x0000000712000000| PB 0x0000000712000000| Untracked 
|  61|0x0000000712200000, 0x0000000712400000, 0x0000000712400000|100%| O|  |TAMS 0x0000000712200000| PB 0x0000000712200000| Untracked 
|  62|0x0000000712400000, 0x0000000712600000, 0x0000000712600000|100%| O|  |TAMS 0x0000000712400000| PB 0x0000000712400000| Untracked 
|  63|0x0000000712600000, 0x0000000712800000, 0x0000000712800000|100%| O|  |TAMS 0x0000000712600000| PB 0x0000000712600000| Untracked 
|  64|0x0000000712800000, 0x0000000712a00000, 0x0000000712a00000|100%| O|  |TAMS 0x0000000712800000| PB 0x0000000712800000| Untracked 
|  65|0x0000000712a00000, 0x0000000712c00000, 0x0000000712c00000|100%| O|  |TAMS 0x0000000712a00000| PB 0x0000000712a00000| Untracked 
|  66|0x0000000712c00000, 0x0000000712e00000, 0x0000000712e00000|100%| O|  |TAMS 0x0000000712c00000| PB 0x0000000712c00000| Untracked 
|  67|0x0000000712e00000, 0x0000000713000000, 0x0000000713000000|100%| O|  |TAMS 0x0000000712e00000| PB 0x0000000712e00000| Untracked 
|  68|0x0000000713000000, 0x0000000713200000, 0x0000000713200000|100%| O|  |TAMS 0x0000000713000000| PB 0x0000000713000000| Untracked 
|  69|0x0000000713200000, 0x0000000713400000, 0x0000000713400000|100%| O|  |TAMS 0x0000000713200000| PB 0x0000000713200000| Untracked 
|  70|0x0000000713400000, 0x0000000713600000, 0x0000000713600000|100%| O|  |TAMS 0x0000000713400000| PB 0x0000000713400000| Untracked 
|  71|0x0000000713600000, 0x0000000713800000, 0x0000000713800000|100%| O|  |TAMS 0x0000000713600000| PB 0x0000000713600000| Untracked 
|  72|0x0000000713800000, 0x0000000713a00000, 0x0000000713a00000|100%| O|  |TAMS 0x0000000713800000| PB 0x0000000713800000| Untracked 
|  73|0x0000000713a00000, 0x0000000713c00000, 0x0000000713c00000|100%| O|  |TAMS 0x0000000713a00000| PB 0x0000000713a00000| Untracked 
|  74|0x0000000713c00000, 0x0000000713e00000, 0x0000000713e00000|100%| O|  |TAMS 0x0000000713c00000| PB 0x0000000713c00000| Untracked 
|  75|0x0000000713e00000, 0x0000000714000000, 0x0000000714000000|100%| O|  |TAMS 0x0000000713e00000| PB 0x0000000713e00000| Untracked 
|  76|0x0000000714000000, 0x0000000714200000, 0x0000000714200000|100%| O|  |TAMS 0x0000000714000000| PB 0x0000000714000000| Untracked 
|  77|0x0000000714200000, 0x0000000714400000, 0x0000000714400000|100%| O|  |TAMS 0x0000000714200000| PB 0x0000000714200000| Untracked 
|  78|0x0000000714400000, 0x0000000714600000, 0x0000000714600000|100%| O|  |TAMS 0x0000000714400000| PB 0x0000000714400000| Untracked 
|  79|0x0000000714600000, 0x0000000714800000, 0x0000000714800000|100%| O|  |TAMS 0x0000000714600000| PB 0x0000000714600000| Untracked 
|  80|0x0000000714800000, 0x0000000714a00000, 0x0000000714a00000|100%| O|  |TAMS 0x0000000714800000| PB 0x0000000714800000| Untracked 
|  81|0x0000000714a00000, 0x0000000714c00000, 0x0000000714c00000|100%| O|  |TAMS 0x0000000714a00000| PB 0x0000000714a00000| Untracked 
|  82|0x0000000714c00000, 0x0000000714e00000, 0x0000000714e00000|100%| O|  |TAMS 0x0000000714c00000| PB 0x0000000714c00000| Untracked 
|  83|0x0000000714e00000, 0x0000000715000000, 0x0000000715000000|100%| O|  |TAMS 0x0000000714e00000| PB 0x0000000714e00000| Untracked 
|  84|0x0000000715000000, 0x0000000715200000, 0x0000000715200000|100%| O|  |TAMS 0x0000000715000000| PB 0x0000000715000000| Untracked 
|  85|0x0000000715200000, 0x0000000715400000, 0x0000000715400000|100%| O|  |TAMS 0x0000000715200000| PB 0x0000000715200000| Untracked 
|  86|0x0000000715400000, 0x0000000715600000, 0x0000000715600000|100%| O|  |TAMS 0x0000000715400000| PB 0x0000000715400000| Untracked 
|  87|0x0000000715600000, 0x0000000715800000, 0x0000000715800000|100%| O|  |TAMS 0x0000000715600000| PB 0x0000000715600000| Untracked 
|  88|0x0000000715800000, 0x0000000715a00000, 0x0000000715a00000|100%| O|  |TAMS 0x0000000715800000| PB 0x0000000715800000| Untracked 
|  89|0x0000000715a00000, 0x0000000715c00000, 0x0000000715c00000|100%| O|  |TAMS 0x0000000715a00000| PB 0x0000000715a00000| Untracked 
|  90|0x0000000715c00000, 0x0000000715e00000, 0x0000000715e00000|100%| O|  |TAMS 0x0000000715c00000| PB 0x0000000715c00000| Untracked 
|  91|0x0000000715e00000, 0x0000000716000000, 0x0000000716000000|100%| O|  |TAMS 0x0000000715e00000| PB 0x0000000715e00000| Untracked 
|  92|0x0000000716000000, 0x0000000716200000, 0x0000000716200000|100%| O|  |TAMS 0x0000000716000000| PB 0x0000000716000000| Untracked 
|  93|0x0000000716200000, 0x0000000716400000, 0x0000000716400000|100%| O|  |TAMS 0x0000000716200000| PB 0x0000000716200000| Untracked 
|  94|0x0000000716400000, 0x0000000716600000, 0x0000000716600000|100%| O|  |TAMS 0x0000000716400000| PB 0x0000000716400000| Untracked 
|  95|0x0000000716600000, 0x0000000716800000, 0x0000000716800000|100%| O|  |TAMS 0x0000000716600000| PB 0x0000000716600000| Untracked 
|  96|0x0000000716800000, 0x0000000716a00000, 0x0000000716a00000|100%| O|  |TAMS 0x0000000716800000| PB 0x0000000716800000| Untracked 
|  97|0x0000000716a00000, 0x0000000716c00000, 0x0000000716c00000|100%| O|  |TAMS 0x0000000716a00000| PB 0x0000000716a00000| Untracked 
|  98|0x0000000716c00000, 0x0000000716e00000, 0x0000000716e00000|100%| O|  |TAMS 0x0000000716c00000| PB 0x0000000716c00000| Untracked 
|  99|0x0000000716e00000, 0x0000000717000000, 0x0000000717000000|100%| O|  |TAMS 0x0000000716e00000| PB 0x0000000716e00000| Untracked 
| 100|0x0000000717000000, 0x0000000717200000, 0x0000000717200000|100%| O|  |TAMS 0x0000000717000000| PB 0x0000000717000000| Untracked 
| 101|0x0000000717200000, 0x0000000717400000, 0x0000000717400000|100%| O|  |TAMS 0x0000000717200000| PB 0x0000000717200000| Untracked 
| 102|0x0000000717400000, 0x0000000717600000, 0x0000000717600000|100%| O|  |TAMS 0x0000000717400000| PB 0x0000000717400000| Untracked 
| 103|0x0000000717600000, 0x0000000717800000, 0x0000000717800000|100%| O|  |TAMS 0x0000000717600000| PB 0x0000000717600000| Untracked 
| 104|0x0000000717800000, 0x0000000717a00000, 0x0000000717a00000|100%| O|  |TAMS 0x0000000717800000| PB 0x0000000717800000| Untracked 
| 105|0x0000000717a00000, 0x0000000717c00000, 0x0000000717c00000|100%| O|  |TAMS 0x0000000717a00000| PB 0x0000000717a00000| Untracked 
| 106|0x0000000717c00000, 0x0000000717e00000, 0x0000000717e00000|100%| O|  |TAMS 0x0000000717c00000| PB 0x0000000717c00000| Untracked 
| 107|0x0000000717e00000, 0x0000000718000000, 0x0000000718000000|100%| O|  |TAMS 0x0000000717e00000| PB 0x0000000717e00000| Untracked 
| 108|0x0000000718000000, 0x0000000718200000, 0x0000000718200000|100%| O|  |TAMS 0x0000000718000000| PB 0x0000000718000000| Untracked 
| 109|0x0000000718200000, 0x0000000718400000, 0x0000000718400000|100%| O|  |TAMS 0x0000000718200000| PB 0x0000000718200000| Untracked 
| 110|0x0000000718400000, 0x0000000718600000, 0x0000000718600000|100%| O|  |TAMS 0x0000000718400000| PB 0x0000000718400000| Untracked 
| 111|0x0000000718600000, 0x0000000718800000, 0x0000000718800000|100%| O|  |TAMS 0x0000000718600000| PB 0x0000000718600000| Untracked 
| 112|0x0000000718800000, 0x0000000718a00000, 0x0000000718a00000|100%| O|  |TAMS 0x0000000718800000| PB 0x0000000718800000| Untracked 
| 113|0x0000000718a00000, 0x0000000718c00000, 0x0000000718c00000|100%| O|  |TAMS 0x0000000718a00000| PB 0x0000000718a00000| Untracked 
| 114|0x0000000718c00000, 0x0000000718e00000, 0x0000000718e00000|100%| O|  |TAMS 0x0000000718c00000| PB 0x0000000718c00000| Untracked 
| 115|0x0000000718e00000, 0x0000000719000000, 0x0000000719000000|100%| O|  |TAMS 0x0000000718e00000| PB 0x0000000718e00000| Untracked 
| 116|0x0000000719000000, 0x0000000719200000, 0x0000000719200000|100%| O|  |TAMS 0x0000000719000000| PB 0x0000000719000000| Untracked 
| 117|0x0000000719200000, 0x0000000719400000, 0x0000000719400000|100%| O|  |TAMS 0x0000000719200000| PB 0x0000000719200000| Untracked 
| 118|0x0000000719400000, 0x0000000719600000, 0x0000000719600000|100%| O|  |TAMS 0x0000000719400000| PB 0x0000000719400000| Untracked 
| 119|0x0000000719600000, 0x0000000719800000, 0x0000000719800000|100%| O|  |TAMS 0x0000000719600000| PB 0x0000000719600000| Untracked 
| 120|0x0000000719800000, 0x0000000719a00000, 0x0000000719a00000|100%| O|  |TAMS 0x0000000719800000| PB 0x0000000719800000| Untracked 
| 121|0x0000000719a00000, 0x0000000719c00000, 0x0000000719c00000|100%| O|  |TAMS 0x0000000719a00000| PB 0x0000000719a00000| Untracked 
| 122|0x0000000719c00000, 0x0000000719e00000, 0x0000000719e00000|100%| O|  |TAMS 0x0000000719c00000| PB 0x0000000719c00000| Untracked 
| 123|0x0000000719e00000, 0x000000071a000000, 0x000000071a000000|100%| O|  |TAMS 0x0000000719e00000| PB 0x0000000719e00000| Untracked 
| 124|0x000000071a000000, 0x000000071a200000, 0x000000071a200000|100%| O|  |TAMS 0x000000071a000000| PB 0x000000071a000000| Untracked 
| 125|0x000000071a200000, 0x000000071a400000, 0x000000071a400000|100%| O|  |TAMS 0x000000071a200000| PB 0x000000071a200000| Untracked 
| 126|0x000000071a400000, 0x000000071a600000, 0x000000071a600000|100%| O|  |TAMS 0x000000071a400000| PB 0x000000071a400000| Untracked 
| 127|0x000000071a600000, 0x000000071a800000, 0x000000071a800000|100%| O|  |TAMS 0x000000071a600000| PB 0x000000071a600000| Untracked 
| 128|0x000000071a800000, 0x000000071aa00000, 0x000000071aa00000|100%| O|  |TAMS 0x000000071a800000| PB 0x000000071a800000| Untracked 
| 129|0x000000071aa00000, 0x000000071ac00000, 0x000000071ac00000|100%| O|  |TAMS 0x000000071aa00000| PB 0x000000071aa00000| Untracked 
| 130|0x000000071ac00000, 0x000000071ac00000, 0x000000071ae00000|  0%| F|  |TAMS 0x000000071ac00000| PB 0x000000071ac00000| Untracked 
| 131|0x000000071ae00000, 0x000000071ae00000, 0x000000071b000000|  0%| F|  |TAMS 0x000000071ae00000| PB 0x000000071ae00000| Untracked 
| 132|0x000000071b000000, 0x000000071b000000, 0x000000071b200000|  0%| F|  |TAMS 0x000000071b000000| PB 0x000000071b000000| Untracked 
| 133|0x000000071b200000, 0x000000071b400000, 0x000000071b400000|100%| O|  |TAMS 0x000000071b200000| PB 0x000000071b200000| Untracked 
| 134|0x000000071b400000, 0x000000071b600000, 0x000000071b600000|100%| O|  |TAMS 0x000000071b400000| PB 0x000000071b400000| Untracked 
| 135|0x000000071b600000, 0x000000071b800000, 0x000000071b800000|100%| O|  |TAMS 0x000000071b600000| PB 0x000000071b600000| Untracked 
| 136|0x000000071b800000, 0x000000071ba00000, 0x000000071ba00000|100%| O|  |TAMS 0x000000071b800000| PB 0x000000071b800000| Untracked 
| 137|0x000000071ba00000, 0x000000071bc00000, 0x000000071bc00000|100%| O|  |TAMS 0x000000071ba00000| PB 0x000000071ba00000| Untracked 
| 138|0x000000071bc00000, 0x000000071be00000, 0x000000071be00000|100%| O|  |TAMS 0x000000071bc00000| PB 0x000000071bc00000| Untracked 
| 139|0x000000071be00000, 0x000000071c000000, 0x000000071c000000|100%| O|  |TAMS 0x000000071be00000| PB 0x000000071be00000| Untracked 
| 140|0x000000071c000000, 0x000000071c200000, 0x000000071c200000|100%| O|  |TAMS 0x000000071c000000| PB 0x000000071c000000| Untracked 
| 141|0x000000071c200000, 0x000000071c400000, 0x000000071c400000|100%| O|  |TAMS 0x000000071c200000| PB 0x000000071c200000| Untracked 
| 142|0x000000071c400000, 0x000000071c400000, 0x000000071c600000|  0%| F|  |TAMS 0x000000071c400000| PB 0x000000071c400000| Untracked 
| 143|0x000000071c600000, 0x000000071c600000, 0x000000071c800000|  0%| F|  |TAMS 0x000000071c600000| PB 0x000000071c600000| Untracked 
| 144|0x000000071c800000, 0x000000071ca00000, 0x000000071ca00000|100%| O|  |TAMS 0x000000071c800000| PB 0x000000071c800000| Untracked 
| 145|0x000000071ca00000, 0x000000071cc00000, 0x000000071cc00000|100%| O|  |TAMS 0x000000071ca00000| PB 0x000000071ca00000| Untracked 
| 146|0x000000071cc00000, 0x000000071ce00000, 0x000000071ce00000|100%| O|  |TAMS 0x000000071cc00000| PB 0x000000071cc00000| Untracked 
| 147|0x000000071ce00000, 0x000000071ce00000, 0x000000071d000000|  0%| F|  |TAMS 0x000000071ce00000| PB 0x000000071ce00000| Untracked 
| 148|0x000000071d000000, 0x000000071d200000, 0x000000071d200000|100%| O|  |TAMS 0x000000071d000000| PB 0x000000071d000000| Untracked 
| 149|0x000000071d200000, 0x000000071d400000, 0x000000071d400000|100%| O|  |TAMS 0x000000071d200000| PB 0x000000071d200000| Untracked 
| 150|0x000000071d400000, 0x000000071d600000, 0x000000071d600000|100%| O|  |TAMS 0x000000071d400000| PB 0x000000071d400000| Untracked 
| 151|0x000000071d600000, 0x000000071d800000, 0x000000071d800000|100%| O|  |TAMS 0x000000071d600000| PB 0x000000071d600000| Untracked 
| 152|0x000000071d800000, 0x000000071da00000, 0x000000071da00000|100%| O|  |TAMS 0x000000071d800000| PB 0x000000071d800000| Untracked 
| 153|0x000000071da00000, 0x000000071dc00000, 0x000000071dc00000|100%| O|  |TAMS 0x000000071da00000| PB 0x000000071da00000| Untracked 
| 154|0x000000071dc00000, 0x000000071de00000, 0x000000071de00000|100%| O|  |TAMS 0x000000071dc00000| PB 0x000000071dc00000| Untracked 
| 155|0x000000071de00000, 0x000000071e000000, 0x000000071e000000|100%| O|  |TAMS 0x000000071de00000| PB 0x000000071de00000| Untracked 
| 156|0x000000071e000000, 0x000000071e200000, 0x000000071e200000|100%| O|  |TAMS 0x000000071e000000| PB 0x000000071e000000| Untracked 
| 157|0x000000071e200000, 0x000000071e400000, 0x000000071e400000|100%| O|  |TAMS 0x000000071e200000| PB 0x000000071e200000| Untracked 
| 158|0x000000071e400000, 0x000000071e600000, 0x000000071e600000|100%| O|  |TAMS 0x000000071e400000| PB 0x000000071e400000| Untracked 
| 159|0x000000071e600000, 0x000000071e800000, 0x000000071e800000|100%| O|  |TAMS 0x000000071e600000| PB 0x000000071e600000| Untracked 
| 160|0x000000071e800000, 0x000000071e9bb220, 0x000000071ea00000| 86%| O|  |TAMS 0x000000071e800000| PB 0x000000071e800000| Untracked 
| 161|0x000000071ea00000, 0x000000071ea00000, 0x000000071ec00000|  0%| F|  |TAMS 0x000000071ea00000| PB 0x000000071ea00000| Untracked 
| 162|0x000000071ec00000, 0x000000071ec00000, 0x000000071ee00000|  0%| F|  |TAMS 0x000000071ec00000| PB 0x000000071ec00000| Untracked 
| 163|0x000000071ee00000, 0x000000071ee00000, 0x000000071f000000|  0%| F|  |TAMS 0x000000071ee00000| PB 0x000000071ee00000| Untracked 
| 164|0x000000071f000000, 0x000000071f000000, 0x000000071f200000|  0%| F|  |TAMS 0x000000071f000000| PB 0x000000071f000000| Untracked 
| 165|0x000000071f200000, 0x000000071f200000, 0x000000071f400000|  0%| F|  |TAMS 0x000000071f200000| PB 0x000000071f200000| Untracked 
| 166|0x000000071f400000, 0x000000071f400000, 0x000000071f600000|  0%| F|  |TAMS 0x000000071f400000| PB 0x000000071f400000| Untracked 
| 167|0x000000071f600000, 0x000000071f600000, 0x000000071f800000|  0%| F|  |TAMS 0x000000071f600000| PB 0x000000071f600000| Untracked 
| 168|0x000000071f800000, 0x000000071f800000, 0x000000071fa00000|  0%| F|  |TAMS 0x000000071f800000| PB 0x000000071f800000| Untracked 
| 169|0x000000071fa00000, 0x000000071fa00000, 0x000000071fc00000|  0%| F|  |TAMS 0x000000071fa00000| PB 0x000000071fa00000| Untracked 
| 170|0x000000071fc00000, 0x000000071fcda320, 0x000000071fe00000| 42%| S|CS|TAMS 0x000000071fc00000| PB 0x000000071fc00000| Complete 
| 171|0x000000071fe00000, 0x0000000720000000, 0x0000000720000000|100%| S|CS|TAMS 0x000000071fe00000| PB 0x000000071fe00000| Complete 
| 172|0x0000000720000000, 0x0000000720200000, 0x0000000720200000|100%| S|CS|TAMS 0x0000000720000000| PB 0x0000000720000000| Complete 
| 173|0x0000000720200000, 0x0000000720400000, 0x0000000720400000|100%| S|CS|TAMS 0x0000000720200000| PB 0x0000000720200000| Complete 
| 174|0x0000000720400000, 0x0000000720600000, 0x0000000720600000|100%| S|CS|TAMS 0x0000000720400000| PB 0x0000000720400000| Complete 
| 175|0x0000000720600000, 0x0000000720800000, 0x0000000720800000|100%| S|CS|TAMS 0x0000000720600000| PB 0x0000000720600000| Complete 
| 176|0x0000000720800000, 0x0000000720a00000, 0x0000000720a00000|100%| S|CS|TAMS 0x0000000720800000| PB 0x0000000720800000| Complete 
| 177|0x0000000720a00000, 0x0000000720c00000, 0x0000000720c00000|100%| S|CS|TAMS 0x0000000720a00000| PB 0x0000000720a00000| Complete 
| 178|0x0000000720c00000, 0x0000000720e00000, 0x0000000720e00000|100%| S|CS|TAMS 0x0000000720c00000| PB 0x0000000720c00000| Complete 
| 179|0x0000000720e00000, 0x0000000720e00000, 0x0000000721000000|  0%| F|  |TAMS 0x0000000720e00000| PB 0x0000000720e00000| Untracked 
| 180|0x0000000721000000, 0x0000000721000000, 0x0000000721200000|  0%| F|  |TAMS 0x0000000721000000| PB 0x0000000721000000| Untracked 
| 181|0x0000000721200000, 0x0000000721200000, 0x0000000721400000|  0%| F|  |TAMS 0x0000000721200000| PB 0x0000000721200000| Untracked 
| 182|0x0000000721400000, 0x0000000721400000, 0x0000000721600000|  0%| F|  |TAMS 0x0000000721400000| PB 0x0000000721400000| Untracked 
| 183|0x0000000721600000, 0x0000000721600000, 0x0000000721800000|  0%| F|  |TAMS 0x0000000721600000| PB 0x0000000721600000| Untracked 
| 184|0x0000000721800000, 0x0000000721800000, 0x0000000721a00000|  0%| F|  |TAMS 0x0000000721800000| PB 0x0000000721800000| Untracked 
| 185|0x0000000721a00000, 0x0000000721a00000, 0x0000000721c00000|  0%| F|  |TAMS 0x0000000721a00000| PB 0x0000000721a00000| Untracked 
| 186|0x0000000721c00000, 0x0000000721c00000, 0x0000000721e00000|  0%| F|  |TAMS 0x0000000721c00000| PB 0x0000000721c00000| Untracked 
| 187|0x0000000721e00000, 0x0000000721e00000, 0x0000000722000000|  0%| F|  |TAMS 0x0000000721e00000| PB 0x0000000721e00000| Untracked 
| 188|0x0000000722000000, 0x0000000722000000, 0x0000000722200000|  0%| F|  |TAMS 0x0000000722000000| PB 0x0000000722000000| Untracked 
| 189|0x0000000722200000, 0x0000000722200000, 0x0000000722400000|  0%| F|  |TAMS 0x0000000722200000| PB 0x0000000722200000| Untracked 
| 190|0x0000000722400000, 0x0000000722400000, 0x0000000722600000|  0%| F|  |TAMS 0x0000000722400000| PB 0x0000000722400000| Untracked 
| 191|0x0000000722600000, 0x0000000722600000, 0x0000000722800000|  0%| F|  |TAMS 0x0000000722600000| PB 0x0000000722600000| Untracked 
| 192|0x0000000722800000, 0x0000000722800000, 0x0000000722a00000|  0%| F|  |TAMS 0x0000000722800000| PB 0x0000000722800000| Untracked 
| 193|0x0000000722a00000, 0x0000000722a00000, 0x0000000722c00000|  0%| F|  |TAMS 0x0000000722a00000| PB 0x0000000722a00000| Untracked 
| 194|0x0000000722c00000, 0x0000000722c00000, 0x0000000722e00000|  0%| F|  |TAMS 0x0000000722c00000| PB 0x0000000722c00000| Untracked 
| 195|0x0000000722e00000, 0x0000000722e00000, 0x0000000723000000|  0%| F|  |TAMS 0x0000000722e00000| PB 0x0000000722e00000| Untracked 
| 196|0x0000000723000000, 0x0000000723000000, 0x0000000723200000|  0%| F|  |TAMS 0x0000000723000000| PB 0x0000000723000000| Untracked 
| 197|0x0000000723200000, 0x0000000723200000, 0x0000000723400000|  0%| F|  |TAMS 0x0000000723200000| PB 0x0000000723200000| Untracked 
| 198|0x0000000723400000, 0x0000000723400000, 0x0000000723600000|  0%| F|  |TAMS 0x0000000723400000| PB 0x0000000723400000| Untracked 
| 199|0x0000000723600000, 0x0000000723600000, 0x0000000723800000|  0%| F|  |TAMS 0x0000000723600000| PB 0x0000000723600000| Untracked 
| 200|0x0000000723800000, 0x0000000723800000, 0x0000000723a00000|  0%| F|  |TAMS 0x0000000723800000| PB 0x0000000723800000| Untracked 
| 201|0x0000000723a00000, 0x0000000723a00000, 0x0000000723c00000|  0%| F|  |TAMS 0x0000000723a00000| PB 0x0000000723a00000| Untracked 
| 202|0x0000000723c00000, 0x0000000723c00000, 0x0000000723e00000|  0%| F|  |TAMS 0x0000000723c00000| PB 0x0000000723c00000| Untracked 
| 203|0x0000000723e00000, 0x0000000723e00000, 0x0000000724000000|  0%| F|  |TAMS 0x0000000723e00000| PB 0x0000000723e00000| Untracked 
| 204|0x0000000724000000, 0x0000000724000000, 0x0000000724200000|  0%| F|  |TAMS 0x0000000724000000| PB 0x0000000724000000| Untracked 
| 205|0x0000000724200000, 0x0000000724200000, 0x0000000724400000|  0%| F|  |TAMS 0x0000000724200000| PB 0x0000000724200000| Untracked 
| 206|0x0000000724400000, 0x0000000724400000, 0x0000000724600000|  0%| F|  |TAMS 0x0000000724400000| PB 0x0000000724400000| Untracked 
| 207|0x0000000724600000, 0x0000000724600000, 0x0000000724800000|  0%| F|  |TAMS 0x0000000724600000| PB 0x0000000724600000| Untracked 
| 208|0x0000000724800000, 0x0000000724800000, 0x0000000724a00000|  0%| F|  |TAMS 0x0000000724800000| PB 0x0000000724800000| Untracked 
| 209|0x0000000724a00000, 0x0000000724a00000, 0x0000000724c00000|  0%| F|  |TAMS 0x0000000724a00000| PB 0x0000000724a00000| Untracked 
| 210|0x0000000724c00000, 0x0000000724c00000, 0x0000000724e00000|  0%| F|  |TAMS 0x0000000724c00000| PB 0x0000000724c00000| Untracked 
| 211|0x0000000724e00000, 0x0000000724e00000, 0x0000000725000000|  0%| F|  |TAMS 0x0000000724e00000| PB 0x0000000724e00000| Untracked 
| 212|0x0000000725000000, 0x0000000725000000, 0x0000000725200000|  0%| F|  |TAMS 0x0000000725000000| PB 0x0000000725000000| Untracked 
| 213|0x0000000725200000, 0x0000000725200000, 0x0000000725400000|  0%| F|  |TAMS 0x0000000725200000| PB 0x0000000725200000| Untracked 
| 214|0x0000000725400000, 0x0000000725400000, 0x0000000725600000|  0%| F|  |TAMS 0x0000000725400000| PB 0x0000000725400000| Untracked 
| 215|0x0000000725600000, 0x0000000725600000, 0x0000000725800000|  0%| F|  |TAMS 0x0000000725600000| PB 0x0000000725600000| Untracked 
| 216|0x0000000725800000, 0x0000000725800000, 0x0000000725a00000|  0%| F|  |TAMS 0x0000000725800000| PB 0x0000000725800000| Untracked 
| 217|0x0000000725a00000, 0x0000000725a00000, 0x0000000725c00000|  0%| F|  |TAMS 0x0000000725a00000| PB 0x0000000725a00000| Untracked 
| 218|0x0000000725c00000, 0x0000000725c00000, 0x0000000725e00000|  0%| F|  |TAMS 0x0000000725c00000| PB 0x0000000725c00000| Untracked 
| 219|0x0000000725e00000, 0x0000000725e00000, 0x0000000726000000|  0%| F|  |TAMS 0x0000000725e00000| PB 0x0000000725e00000| Untracked 
| 220|0x0000000726000000, 0x0000000726000000, 0x0000000726200000|  0%| F|  |TAMS 0x0000000726000000| PB 0x0000000726000000| Untracked 
| 221|0x0000000726200000, 0x0000000726200000, 0x0000000726400000|  0%| F|  |TAMS 0x0000000726200000| PB 0x0000000726200000| Untracked 
| 222|0x0000000726400000, 0x0000000726400000, 0x0000000726600000|  0%| F|  |TAMS 0x0000000726400000| PB 0x0000000726400000| Untracked 
| 223|0x0000000726600000, 0x0000000726600000, 0x0000000726800000|  0%| F|  |TAMS 0x0000000726600000| PB 0x0000000726600000| Untracked 
| 224|0x0000000726800000, 0x0000000726800000, 0x0000000726a00000|  0%| F|  |TAMS 0x0000000726800000| PB 0x0000000726800000| Untracked 
| 225|0x0000000726a00000, 0x0000000726a00000, 0x0000000726c00000|  0%| F|  |TAMS 0x0000000726a00000| PB 0x0000000726a00000| Untracked 
| 226|0x0000000726c00000, 0x0000000726c00000, 0x0000000726e00000|  0%| F|  |TAMS 0x0000000726c00000| PB 0x0000000726c00000| Untracked 
| 227|0x0000000726e00000, 0x0000000726e00000, 0x0000000727000000|  0%| F|  |TAMS 0x0000000726e00000| PB 0x0000000726e00000| Untracked 
| 228|0x0000000727000000, 0x0000000727000000, 0x0000000727200000|  0%| F|  |TAMS 0x0000000727000000| PB 0x0000000727000000| Untracked 
| 229|0x0000000727200000, 0x0000000727200000, 0x0000000727400000|  0%| F|  |TAMS 0x0000000727200000| PB 0x0000000727200000| Untracked 
| 230|0x0000000727400000, 0x0000000727400000, 0x0000000727600000|  0%| F|  |TAMS 0x0000000727400000| PB 0x0000000727400000| Untracked 
| 231|0x0000000727600000, 0x0000000727600000, 0x0000000727800000|  0%| F|  |TAMS 0x0000000727600000| PB 0x0000000727600000| Untracked 
| 232|0x0000000727800000, 0x0000000727800000, 0x0000000727a00000|  0%| F|  |TAMS 0x0000000727800000| PB 0x0000000727800000| Untracked 
| 233|0x0000000727a00000, 0x0000000727a00000, 0x0000000727c00000|  0%| F|  |TAMS 0x0000000727a00000| PB 0x0000000727a00000| Untracked 
| 234|0x0000000727c00000, 0x0000000727c00000, 0x0000000727e00000|  0%| F|  |TAMS 0x0000000727c00000| PB 0x0000000727c00000| Untracked 
| 235|0x0000000727e00000, 0x0000000727e00000, 0x0000000728000000|  0%| F|  |TAMS 0x0000000727e00000| PB 0x0000000727e00000| Untracked 
| 236|0x0000000728000000, 0x0000000728000000, 0x0000000728200000|  0%| F|  |TAMS 0x0000000728000000| PB 0x0000000728000000| Untracked 
| 237|0x0000000728200000, 0x0000000728200000, 0x0000000728400000|  0%| F|  |TAMS 0x0000000728200000| PB 0x0000000728200000| Untracked 
| 238|0x0000000728400000, 0x0000000728400000, 0x0000000728600000|  0%| F|  |TAMS 0x0000000728400000| PB 0x0000000728400000| Untracked 
| 239|0x0000000728600000, 0x0000000728600000, 0x0000000728800000|  0%| F|  |TAMS 0x0000000728600000| PB 0x0000000728600000| Untracked 
| 240|0x0000000728800000, 0x0000000728800000, 0x0000000728a00000|  0%| F|  |TAMS 0x0000000728800000| PB 0x0000000728800000| Untracked 
| 241|0x0000000728a00000, 0x0000000728a00000, 0x0000000728c00000|  0%| F|  |TAMS 0x0000000728a00000| PB 0x0000000728a00000| Untracked 
| 242|0x0000000728c00000, 0x0000000728c00000, 0x0000000728e00000|  0%| F|  |TAMS 0x0000000728c00000| PB 0x0000000728c00000| Untracked 
| 243|0x0000000728e00000, 0x0000000728e00000, 0x0000000729000000|  0%| F|  |TAMS 0x0000000728e00000| PB 0x0000000728e00000| Untracked 
| 244|0x0000000729000000, 0x0000000729000000, 0x0000000729200000|  0%| F|  |TAMS 0x0000000729000000| PB 0x0000000729000000| Untracked 
| 245|0x0000000729200000, 0x0000000729200000, 0x0000000729400000|  0%| F|  |TAMS 0x0000000729200000| PB 0x0000000729200000| Untracked 
| 246|0x0000000729400000, 0x0000000729400000, 0x0000000729600000|  0%| F|  |TAMS 0x0000000729400000| PB 0x0000000729400000| Untracked 
| 247|0x0000000729600000, 0x0000000729600000, 0x0000000729800000|  0%| F|  |TAMS 0x0000000729600000| PB 0x0000000729600000| Untracked 
| 248|0x0000000729800000, 0x0000000729800000, 0x0000000729a00000|  0%| F|  |TAMS 0x0000000729800000| PB 0x0000000729800000| Untracked 
| 249|0x0000000729a00000, 0x0000000729a00000, 0x0000000729c00000|  0%| F|  |TAMS 0x0000000729a00000| PB 0x0000000729a00000| Untracked 
| 250|0x0000000729c00000, 0x0000000729c00000, 0x0000000729e00000|  0%| F|  |TAMS 0x0000000729c00000| PB 0x0000000729c00000| Untracked 
| 251|0x0000000729e00000, 0x0000000729e00000, 0x000000072a000000|  0%| F|  |TAMS 0x0000000729e00000| PB 0x0000000729e00000| Untracked 
| 252|0x000000072a000000, 0x000000072a000000, 0x000000072a200000|  0%| F|  |TAMS 0x000000072a000000| PB 0x000000072a000000| Untracked 
| 253|0x000000072a200000, 0x000000072a200000, 0x000000072a400000|  0%| F|  |TAMS 0x000000072a200000| PB 0x000000072a200000| Untracked 
| 254|0x000000072a400000, 0x000000072a400000, 0x000000072a600000|  0%| F|  |TAMS 0x000000072a400000| PB 0x000000072a400000| Untracked 
| 255|0x000000072a600000, 0x000000072a600000, 0x000000072a800000|  0%| F|  |TAMS 0x000000072a600000| PB 0x000000072a600000| Untracked 
| 256|0x000000072a800000, 0x000000072a800000, 0x000000072aa00000|  0%| F|  |TAMS 0x000000072a800000| PB 0x000000072a800000| Untracked 
| 257|0x000000072aa00000, 0x000000072aa00000, 0x000000072ac00000|  0%| F|  |TAMS 0x000000072aa00000| PB 0x000000072aa00000| Untracked 
| 258|0x000000072ac00000, 0x000000072ac00000, 0x000000072ae00000|  0%| F|  |TAMS 0x000000072ac00000| PB 0x000000072ac00000| Untracked 
| 259|0x000000072ae00000, 0x000000072ae00000, 0x000000072b000000|  0%| F|  |TAMS 0x000000072ae00000| PB 0x000000072ae00000| Untracked 
| 260|0x000000072b000000, 0x000000072b000000, 0x000000072b200000|  0%| F|  |TAMS 0x000000072b000000| PB 0x000000072b000000| Untracked 
| 261|0x000000072b200000, 0x000000072b200000, 0x000000072b400000|  0%| F|  |TAMS 0x000000072b200000| PB 0x000000072b200000| Untracked 
| 262|0x000000072b400000, 0x000000072b400000, 0x000000072b600000|  0%| F|  |TAMS 0x000000072b400000| PB 0x000000072b400000| Untracked 
| 263|0x000000072b600000, 0x000000072b600000, 0x000000072b800000|  0%| F|  |TAMS 0x000000072b600000| PB 0x000000072b600000| Untracked 
|1963|0x00000007ffe00000, 0x0000000800000000, 0x0000000800000000|100%| O|  |TAMS 0x00000007ffe00000| PB 0x00000007ffe00000| Untracked 

Card table byte_map: [0x0000019e67e00000,0x0000019e685b0000] _byte_map_base: 0x0000019e645ac000

Marking Bits: (CMBitMap*) 0x0000019e54fff950
 Bits: [0x0000019e685b0000, 0x0000019e6c310000)

Polling page: 0x0000019e52dc0000

Metaspace:

Usage:
  Non-class:     97.59 MB used.
      Class:     10.83 MB used.
       Both:    108.42 MB used.

Virtual space:
  Non-class space:      128.00 MB reserved,      97.88 MB ( 76%) committed,  2 nodes.
      Class space:        1.00 GB reserved,      11.06 MB (  1%) committed,  1 nodes.
             Both:        1.12 GB reserved,     108.94 MB (  9%) committed. 

Chunk freelists:
   Non-Class:  13.73 MB
       Class:  4.92 MB
        Both:  18.66 MB

MaxMetaspaceSize: unlimited
CompressedClassSpaceSize: 1.00 GB
Initial GC threshold: 21.00 MB
Current GC threshold: 181.50 MB
CDS: off
 - commit_granule_bytes: 65536.
 - commit_granule_words: 8192.
 - virtual_space_node_default_size: 8388608.
 - enlarge_chunks_in_place: 1.
 - use_allocation_guard: 0.


Internal statistics:

num_allocs_failed_limit: 9.
num_arena_births: 550.
num_arena_deaths: 0.
num_vsnodes_births: 3.
num_vsnodes_deaths: 0.
num_space_committed: 1739.
num_space_uncommitted: 0.
num_chunks_returned_to_freelist: 9.
num_chunks_taken_from_freelist: 4174.
num_chunk_merges: 9.
num_chunk_splits: 3423.
num_chunks_enlarged: 3032.
num_inconsistent_stats: 0.

CodeHeap 'non-profiled nmethods': size=120000Kb used=15572Kb max_used=16102Kb free=104427Kb
 bounds [0x0000019e5fbc0000, 0x0000019e60bc0000, 0x0000019e670f0000]
CodeHeap 'profiled nmethods': size=120000Kb used=68223Kb max_used=78642Kb free=51776Kb
 bounds [0x0000019e580f0000, 0x0000019e5cdd0000, 0x0000019e5f620000]
CodeHeap 'non-nmethods': size=5760Kb used=1925Kb max_used=1996Kb free=3834Kb
 bounds [0x0000019e5f620000, 0x0000019e5f890000, 0x0000019e5fbc0000]
 total_blobs=18864 nmethods=17967 adapters=798
 compilation: enabled
              stopped_count=0, restarted_count=0
 full_count=0

Compilation events (20 events):
Event: 38.866 Thread 0x0000019e7c347ff0 nmethod 28295 0x0000019e5fc8aa90 code [0x0000019e5fc8ad20, 0x0000019e5fc8c288]
Event: 38.866 Thread 0x0000019e7c347ff0 28296       4       org.jetbrains.kotlin.backend.jvm.ir.JvmIrInlineUtilsKt::isInlineOnly (98 bytes)
Event: 38.880 Thread 0x0000019e7c347ff0 nmethod 28296 0x0000019e602c2610 code [0x0000019e602c28e0, 0x0000019e602c3200]
Event: 38.880 Thread 0x0000019e7c347ff0 28297       4       org.jetbrains.kotlin.ir.descriptors.IrBasedClassDescriptor::getTypeConstructor (5 bytes)
Event: 38.883 Thread 0x0000019e7c347ff0 nmethod 28297 0x0000019e601d9790 code [0x0000019e601d9960, 0x0000019e601d9ea0]
Event: 38.883 Thread 0x0000019e7c347ff0 28311       4       org.jetbrains.kotlin.codegen.StackValue::coerce (434 bytes)
Event: 38.899 Thread 0x0000019e6f1ad4e0 28334       2       org.jetbrains.kotlin.codegen.optimization.boxing.RedundantBoxingInterpreter$Companion::isSafeCast (140 bytes)
Event: 38.900 Thread 0x0000019e6f1ad4e0 nmethod 28334 0x0000019e58959790 code [0x0000019e58959a80, 0x0000019e5895a2d0]
Event: 38.907 Thread 0x0000019e6f1ad4e0 28335       2       java.util.ArrayList::equalsRange (85 bytes)
Event: 38.908 Thread 0x0000019e6f1ad4e0 nmethod 28335 0x0000019e59774110 code [0x0000019e59774320, 0x0000019e59774738]
Event: 38.918 Thread 0x0000019e7c347ff0 nmethod 28311 0x0000019e600a2190 code [0x0000019e600a2600, 0x0000019e600a4038]
Event: 38.918 Thread 0x0000019e7c347ff0 28329       4       org.jetbrains.kotlin.types.TypeUtils::getDefaultTypeProjections (86 bytes)
Event: 38.922 Thread 0x0000019e6f15caf0 nmethod 28317 0x0000019e60452a10 code [0x0000019e60452ce0, 0x0000019e60454a58]
Event: 38.922 Thread 0x0000019e6f15caf0 28336       4       org.jetbrains.kotlin.ir.types.IrTypesKt$$Lambda/0x00000008009af108::invoke (8 bytes)
Event: 38.923 Thread 0x0000019e6f15caf0 nmethod 28336 0x0000019e603d0d10 code [0x0000019e603d0ec0, 0x0000019e603d1088]
Event: 38.923 Thread 0x0000019e6f15caf0 28328       4       org.jetbrains.kotlin.ir.types.IrTypesKt::getTypeConstructorParameters (27 bytes)
Event: 38.928 Thread 0x0000019e6f15caf0 nmethod 28328 0x0000019e601e1d90 code [0x0000019e601e1f40, 0x0000019e601e22a0]
Event: 38.928 Thread 0x0000019e6f15caf0 28337       4       org.jetbrains.kotlin.load.kotlin.TypeMappingMode::<init> (68 bytes)
Event: 38.932 Thread 0x0000019e6f15caf0 nmethod 28337 0x0000019e5ff2c410 code [0x0000019e5ff2c5a0, 0x0000019e5ff2c970]
Event: 38.932 Thread 0x0000019e6f15caf0 28330       4       org.jetbrains.kotlin.types.TypeUtils::makeUnsubstitutedType (48 bytes)

GC Heap History (20 events):
Event: 33.116 GC heap after
{Heap after GC invocations=45 (full 0):
 garbage-first heap   total 444416K, used 270240K [0x000000070a800000, 0x0000000800000000)
  region size 2048K, 6 young (12288K), 6 survivors (12288K)
 Metaspace       used 110086K, committed 110528K, reserved 1179648K
  class space    used 11053K, committed 11264K, reserved 1048576K
}
Event: 34.136 GC heap before
{Heap before GC invocations=45 (full 0):
 garbage-first heap   total 444416K, used 405408K [0x000000070a800000, 0x0000000800000000)
  region size 2048K, 72 young (147456K), 6 survivors (12288K)
 Metaspace       used 110594K, committed 110976K, reserved 1179648K
  class space    used 11067K, committed 11264K, reserved 1048576K
}
Event: 34.148 GC heap after
{Heap after GC invocations=46 (full 0):
 garbage-first heap   total 444416K, used 274574K [0x000000070a800000, 0x0000000800000000)
  region size 2048K, 8 young (16384K), 8 survivors (16384K)
 Metaspace       used 110594K, committed 110976K, reserved 1179648K
  class space    used 11067K, committed 11264K, reserved 1048576K
}
Event: 34.455 GC heap before
{Heap before GC invocations=46 (full 0):
 garbage-first heap   total 444416K, used 401550K [0x000000070a800000, 0x0000000800000000)
  region size 2048K, 70 young (143360K), 8 survivors (16384K)
 Metaspace       used 110612K, committed 111104K, reserved 1179648K
  class space    used 11068K, committed 11264K, reserved 1048576K
}
Event: 34.471 GC heap after
{Heap after GC invocations=47 (full 0):
 garbage-first heap   total 444416K, used 284167K [0x000000070a800000, 0x0000000800000000)
  region size 2048K, 9 young (18432K), 9 survivors (18432K)
 Metaspace       used 110612K, committed 111104K, reserved 1179648K
  class space    used 11068K, committed 11264K, reserved 1048576K
}
Event: 35.042 GC heap before
{Heap before GC invocations=48 (full 0):
 garbage-first heap   total 475136K, used 398855K [0x000000070a800000, 0x0000000800000000)
  region size 2048K, 65 young (133120K), 9 survivors (18432K)
 Metaspace       used 110761K, committed 111296K, reserved 1179648K
  class space    used 11077K, committed 11328K, reserved 1048576K
}
Event: 35.060 GC heap after
{Heap after GC invocations=49 (full 0):
 garbage-first heap   total 475136K, used 297237K [0x000000070a800000, 0x0000000800000000)
  region size 2048K, 8 young (16384K), 8 survivors (16384K)
 Metaspace       used 110761K, committed 111296K, reserved 1179648K
  class space    used 11077K, committed 11328K, reserved 1048576K
}
Event: 35.456 GC heap before
{Heap before GC invocations=49 (full 0):
 garbage-first heap   total 475136K, used 430357K [0x000000070a800000, 0x0000000800000000)
  region size 2048K, 73 young (149504K), 8 survivors (16384K)
 Metaspace       used 110790K, committed 111296K, reserved 1179648K
  class space    used 11078K, committed 11328K, reserved 1048576K
}
Event: 35.481 GC heap after
{Heap after GC invocations=50 (full 0):
 garbage-first heap   total 475136K, used 296981K [0x000000070a800000, 0x0000000800000000)
  region size 2048K, 7 young (14336K), 7 survivors (14336K)
 Metaspace       used 110790K, committed 111296K, reserved 1179648K
  class space    used 11078K, committed 11328K, reserved 1048576K
}
Event: 35.804 GC heap before
{Heap before GC invocations=50 (full 0):
 garbage-first heap   total 475136K, used 432149K [0x000000070a800000, 0x0000000800000000)
  region size 2048K, 73 young (149504K), 7 survivors (14336K)
 Metaspace       used 110816K, committed 111360K, reserved 1179648K
  class space    used 11078K, committed 11328K, reserved 1048576K
}
Event: 35.825 GC heap after
{Heap after GC invocations=51 (full 0):
 garbage-first heap   total 475136K, used 308216K [0x000000070a800000, 0x0000000800000000)
  region size 2048K, 6 young (12288K), 6 survivors (12288K)
 Metaspace       used 110816K, committed 111360K, reserved 1179648K
  class space    used 11078K, committed 11328K, reserved 1048576K
}
Event: 36.443 GC heap before
{Heap before GC invocations=52 (full 0):
 garbage-first heap   total 516096K, used 433144K [0x000000070a800000, 0x0000000800000000)
  region size 2048K, 67 young (137216K), 6 survivors (12288K)
 Metaspace       used 110857K, committed 111360K, reserved 1179648K
  class space    used 11082K, committed 11328K, reserved 1048576K
}
Event: 36.455 GC heap after
{Heap after GC invocations=53 (full 0):
 garbage-first heap   total 516096K, used 313193K [0x000000070a800000, 0x0000000800000000)
  region size 2048K, 5 young (10240K), 5 survivors (10240K)
 Metaspace       used 110857K, committed 111360K, reserved 1179648K
  class space    used 11082K, committed 11328K, reserved 1048576K
}
Event: 37.136 GC heap before
{Heap before GC invocations=53 (full 0):
 garbage-first heap   total 516096K, used 462697K [0x000000070a800000, 0x0000000800000000)
  region size 2048K, 78 young (159744K), 5 survivors (10240K)
 Metaspace       used 110958K, committed 111488K, reserved 1179648K
  class space    used 11086K, committed 11328K, reserved 1048576K
}
Event: 37.148 GC heap after
{Heap after GC invocations=54 (full 0):
 garbage-first heap   total 516096K, used 315011K [0x000000070a800000, 0x0000000800000000)
  region size 2048K, 9 young (18432K), 9 survivors (18432K)
 Metaspace       used 110958K, committed 111488K, reserved 1179648K
  class space    used 11086K, committed 11328K, reserved 1048576K
}
Event: 37.633 GC heap before
{Heap before GC invocations=54 (full 0):
 garbage-first heap   total 516096K, used 466563K [0x000000070a800000, 0x0000000800000000)
  region size 2048K, 83 young (169984K), 9 survivors (18432K)
 Metaspace       used 110965K, committed 111488K, reserved 1179648K
  class space    used 11086K, committed 11328K, reserved 1048576K
}
Event: 37.659 GC heap after
{Heap after GC invocations=55 (full 0):
 garbage-first heap   total 516096K, used 325286K [0x000000070a800000, 0x0000000800000000)
  region size 2048K, 11 young (22528K), 11 survivors (22528K)
 Metaspace       used 110965K, committed 111488K, reserved 1179648K
  class space    used 11086K, committed 11328K, reserved 1048576K
}
Event: 38.395 GC heap before
{Heap before GC invocations=56 (full 0):
 garbage-first heap   total 542720K, used 464550K [0x000000070a800000, 0x0000000800000000)
  region size 2048K, 79 young (161792K), 11 survivors (22528K)
 Metaspace       used 110985K, committed 111488K, reserved 1179648K
  class space    used 11086K, committed 11328K, reserved 1048576K
}
Event: 38.411 GC heap after
{Heap after GC invocations=57 (full 0):
 garbage-first heap   total 542720K, used 333103K [0x000000070a800000, 0x0000000800000000)
  region size 2048K, 6 young (12288K), 6 survivors (12288K)
 Metaspace       used 110985K, committed 111488K, reserved 1179648K
  class space    used 11086K, committed 11328K, reserved 1048576K
}
Event: 38.944 GC heap before
{Heap before GC invocations=57 (full 0):
 garbage-first heap   total 542720K, used 494895K [0x000000070a800000, 0x0000000800000000)
  region size 2048K, 85 young (174080K), 6 survivors (12288K)
 Metaspace       used 111024K, committed 111552K, reserved 1179648K
  class space    used 11087K, committed 11328K, reserved 1048576K
}

Dll operation events (3 events):
Event: 0.011 Loaded shared library C:\Users\harsh\AppData\Local\Programs\Android Studio\jbr\bin\java.dll
Event: 0.020 Loaded shared library C:\Users\harsh\AppData\Local\Programs\Android Studio\jbr\bin\zip.dll
Event: 2.789 Loaded shared library C:\Users\harsh\AppData\Local\Programs\Android Studio\jbr\bin\verify.dll

Deoptimization events (20 events):
Event: 38.822 Thread 0x0000019e52a82590 DEOPT PACKING pc=0x0000019e587e0fd7 sp=0x00000084e04fa780
Event: 38.822 Thread 0x0000019e52a82590 DEOPT UNPACKING pc=0x0000019e5f674e42 sp=0x00000084e04f9cf8 mode 0
Event: 38.839 Thread 0x0000019e52a82590 DEOPT PACKING pc=0x0000019e5ca8e9a3 sp=0x00000084e04fbd00
Event: 38.839 Thread 0x0000019e52a82590 DEOPT UNPACKING pc=0x0000019e5f674e42 sp=0x00000084e04fb228 mode 0
Event: 38.839 Thread 0x0000019e52a82590 DEOPT PACKING pc=0x0000019e5ccf06c1 sp=0x00000084e04fbe50
Event: 38.839 Thread 0x0000019e52a82590 DEOPT UNPACKING pc=0x0000019e5f674e42 sp=0x00000084e04fb548 mode 0
Event: 38.851 Thread 0x0000019e52a82590 DEOPT PACKING pc=0x0000019e5baf01a9 sp=0x00000084e04fde30
Event: 38.851 Thread 0x0000019e52a82590 DEOPT UNPACKING pc=0x0000019e5f674e42 sp=0x00000084e04fd3c0 mode 0
Event: 38.865 Thread 0x0000019e52a82590 Uncommon trap: trap_request=0xffffff66 fr.pc=0x0000019e5fddb150 relative=0x00000000000000b0
Event: 38.865 Thread 0x0000019e52a82590 Uncommon trap: reason=speculate_class_check action=maybe_recompile pc=0x0000019e5fddb150 method=org.jetbrains.kotlin.fir.lazy.Fir2IrLazyClass.isInner()Z @ 11 c2
Event: 38.865 Thread 0x0000019e52a82590 DEOPT PACKING pc=0x0000019e5fddb150 sp=0x00000084e04fe400
Event: 38.865 Thread 0x0000019e52a82590 DEOPT UNPACKING pc=0x0000019e5f6746a2 sp=0x00000084e04fe378 mode 2
Event: 38.916 Thread 0x0000019e52a82590 DEOPT PACKING pc=0x0000019e587e0eef sp=0x00000084e04f6310
Event: 38.916 Thread 0x0000019e52a82590 DEOPT UNPACKING pc=0x0000019e5f674e42 sp=0x00000084e04f5888 mode 0
Event: 38.932 Thread 0x0000019e52a82590 DEOPT PACKING pc=0x0000019e587e0fd7 sp=0x00000084e04fa780
Event: 38.932 Thread 0x0000019e52a82590 DEOPT UNPACKING pc=0x0000019e5f674e42 sp=0x00000084e04f9cf8 mode 0
Event: 38.937 Thread 0x0000019e52a82590 DEOPT PACKING pc=0x0000019e5ca8e9a3 sp=0x00000084e04fa9c0
Event: 38.938 Thread 0x0000019e52a82590 DEOPT UNPACKING pc=0x0000019e5f674e42 sp=0x00000084e04f9ee8 mode 0
Event: 38.938 Thread 0x0000019e52a82590 DEOPT PACKING pc=0x0000019e5ccf06c1 sp=0x00000084e04fab10
Event: 38.938 Thread 0x0000019e52a82590 DEOPT UNPACKING pc=0x0000019e5f674e42 sp=0x00000084e04fa208 mode 0

Classes loaded (20 events):
Event: 27.098 Loading class sun/security/jca/GetInstance$Instance
Event: 27.098 Loading class sun/security/jca/GetInstance$Instance done
Event: 27.098 Loading class java/security/MessageDigest$Delegate
Event: 27.098 Loading class sun/security/util/MessageDigestSpi2
Event: 27.098 Loading class sun/security/util/MessageDigestSpi2 done
Event: 27.099 Loading class java/security/MessageDigest$Delegate done
Event: 27.099 Loading class java/security/MessageDigest$Delegate$CloneableDelegate
Event: 27.099 Loading class java/security/MessageDigest$Delegate$CloneableDelegate done
Event: 27.099 Loading class sun/security/provider/ByteArrayAccess$LE
Event: 27.099 Loading class sun/security/provider/ByteArrayAccess$LE done
Event: 27.099 Loading class sun/security/provider/ByteArrayAccess
Event: 27.099 Loading class sun/security/provider/ByteArrayAccess done
Event: 27.099 Loading class java/util/Base64
Event: 27.100 Loading class java/util/Base64 done
Event: 27.100 Loading class java/util/Base64$Encoder
Event: 27.100 Loading class java/util/Base64$Encoder done
Event: 29.726 Loading class java/lang/TypeNotPresentException
Event: 29.726 Loading class java/lang/TypeNotPresentException done
Event: 29.952 Loading class java/util/Vector$Itr
Event: 29.952 Loading class java/util/Vector$Itr done

Classes unloaded (0 events):
No events

Classes redefined (0 events):
No events

Internal exceptions (20 events):
Event: 27.702 Thread 0x0000019e52a82590 Implicit null exception at 0x0000019e609bd53d to 0x0000019e609bdde0
Event: 27.704 Thread 0x0000019e52a82590 Exception <a 'java/lang/NoSuchMethodError'{0x0000000723fe2c40}: 'java.lang.Object java.lang.invoke.DirectMethodHandle$Holder.newInvokeSpecial(java.lang.Object, java.lang.Object, java.lang.Object, java.lang.Object, java.lang.Object, java.lang.Object, int, java.lang.Object)'> (0x0000000723fe2c40) 
thrown [s\src\hotspot\share\interpreter\linkResolver.cpp, line 784]
Event: 27.705 Thread 0x0000019e52a82590 Exception <a 'java/lang/NoSuchMethodError'{0x0000000723fe7340}: 'java.lang.Object java.lang.invoke.DirectMethodHandle$Holder.invokeSpecial(java.lang.Object, java.lang.Object, java.lang.Object, java.lang.Object, java.lang.Object, java.lang.Object, java.lang.Object, int, java.lang.Object)'> (0x0000000723fe7340) 
thrown [s\src\hotspot\share\interpreter\linkResolver.cpp, line 784]
Event: 27.705 Thread 0x0000019e52a82590 Exception <a 'java/lang/NoSuchMethodError'{0x0000000723feb268}: 'java.lang.Object java.lang.invoke.Invokers$Holder.linkToTargetMethod(java.lang.Object, java.lang.Object, java.lang.Object, java.lang.Object, java.lang.Object, int, java.lang.Object, java.lang.Object)'> (0x0000000723feb268) 
thrown [s\src\hotspot\share\interpreter\linkResolver.cpp, line 784]
Event: 27.837 Thread 0x0000019e52a82590 Implicit null exception at 0x0000019e6050991d to 0x0000019e60509ee4
Event: 29.819 Thread 0x0000019e52a82590 Exception <a 'java/lang/NoSuchMethodError'{0x000000072296a180}: 'java.lang.Object java.lang.invoke.DirectMethodHandle$Holder.newInvokeSpecial(java.lang.Object, int, int, java.lang.Object)'> (0x000000072296a180) 
thrown [s\src\hotspot\share\interpreter\linkResolver.cpp, line 784]
Event: 29.819 Thread 0x0000019e52a82590 Exception <a 'java/lang/NoSuchMethodError'{0x000000072296e150}: 'java.lang.Object java.lang.invoke.DirectMethodHandle$Holder.invokeSpecial(java.lang.Object, java.lang.Object, int, int, java.lang.Object)'> (0x000000072296e150) 
thrown [s\src\hotspot\share\interpreter\linkResolver.cpp, line 784]
Event: 29.819 Thread 0x0000019e52a82590 Exception <a 'java/lang/NoSuchMethodError'{0x0000000722971800}: 'java.lang.Object java.lang.invoke.Invokers$Holder.linkToTargetMethod(int, int, java.lang.Object, java.lang.Object)'> (0x0000000722971800) 
thrown [s\src\hotspot\share\interpreter\linkResolver.cpp, line 784]
Event: 29.861 Thread 0x0000019e52a82590 Exception <a 'java/lang/NoSuchMethodError'{0x0000000722739e28}: 'java.lang.Object java.lang.invoke.DirectMethodHandle$Holder.invokeStatic(java.lang.Object, int, int)'> (0x0000000722739e28) 
thrown [s\src\hotspot\share\interpreter\linkResolver.cpp, line 784]
Event: 30.052 Thread 0x0000019e52a82590 Exception <a 'java/lang/NoSuchMethodError'{0x0000000721e6e070}: 'java.lang.Object java.lang.invoke.DirectMethodHandle$Holder.invokeStatic(java.lang.Object, java.lang.Object, java.lang.Object, int, java.lang.Object, java.lang.Object, java.lang.Object, java.lang.Object)'> (0x0000000721e6e070) 
thrown [s\src\hotspot\share\interpreter\linkResolver.cpp, line 784]
Event: 30.138 Thread 0x0000019e52a82590 Exception <a 'java/lang/NoSuchMethodError'{0x0000000721ceb6f8}: 'java.lang.Object java.lang.invoke.DirectMethodHandle$Holder.newInvokeSpecial(java.lang.Object, java.lang.Object, java.lang.Object, java.lang.Object, java.lang.Object, int, java.lang.Object)'> (0x0000000721ceb6f8) 
thrown [s\src\hotspot\share\interpreter\linkResolver.cpp, line 784]
Event: 30.138 Thread 0x0000019e52a82590 Exception <a 'java/lang/NoSuchMethodError'{0x0000000721cef840}: 'java.lang.Object java.lang.invoke.DirectMethodHandle$Holder.invokeSpecial(java.lang.Object, java.lang.Object, java.lang.Object, java.lang.Object, java.lang.Object, java.lang.Object, int, java.lang.Object)'> (0x0000000721cef840) 
thrown [s\src\hotspot\share\interpreter\linkResolver.cpp, line 784]
Event: 30.138 Thread 0x0000019e52a82590 Exception <a 'java/lang/NoSuchMethodError'{0x0000000721cf2fb0}: 'java.lang.Object java.lang.invoke.Invokers$Holder.linkToTargetMethod(java.lang.Object, java.lang.Object, java.lang.Object, java.lang.Object, int, java.lang.Object, java.lang.Object)'> (0x0000000721cf2fb0) 
thrown [s\src\hotspot\share\interpreter\linkResolver.cpp, line 784]
Event: 31.017 Thread 0x0000019e52a82590 Implicit null exception at 0x0000019e605f1fde to 0x0000019e605f200e
Event: 32.747 Thread 0x0000019e52a82590 Implicit null exception at 0x0000019e5fd7123e to 0x0000019e5fd72edc
Event: 38.147 Thread 0x0000019e52a82590 Implicit null exception at 0x0000019e602d936c to 0x0000019e602d954c
Event: 38.147 Thread 0x0000019e52a82590 Implicit null exception at 0x0000019e6027f648 to 0x0000019e602810a8
Event: 38.516 Thread 0x0000019e52a82590 Implicit null exception at 0x0000019e6038aa22 to 0x0000019e6038e3f4
Event: 38.526 Thread 0x0000019e52a82590 Implicit null exception at 0x0000019e601f74b3 to 0x0000019e601f879c
Event: 38.771 Thread 0x0000019e52a82590 Implicit null exception at 0x0000019e600d9d1f to 0x0000019e600d9ea0

ZGC Phase Switch (0 events):
No events

VM Operations (20 events):
Event: 35.825 Executing VM operation: G1CollectForAllocation (G1 Evacuation Pause) done
Event: 36.042 Executing VM operation: G1PauseRemark
Event: 36.056 Executing VM operation: G1PauseRemark done
Event: 36.183 Executing VM operation: G1PauseCleanup
Event: 36.183 Executing VM operation: G1PauseCleanup done
Event: 36.443 Executing VM operation: G1CollectForAllocation (G1 Evacuation Pause)
Event: 36.455 Executing VM operation: G1CollectForAllocation (G1 Evacuation Pause) done
Event: 36.987 Executing VM operation: HandshakeAllThreads (Deoptimize)
Event: 36.988 Executing VM operation: HandshakeAllThreads (Deoptimize) done
Event: 37.135 Executing VM operation: G1CollectForAllocation (G1 Evacuation Pause)
Event: 37.148 Executing VM operation: G1CollectForAllocation (G1 Evacuation Pause) done
Event: 37.633 Executing VM operation: G1CollectForAllocation (G1 Evacuation Pause)
Event: 37.659 Executing VM operation: G1CollectForAllocation (G1 Evacuation Pause) done
Event: 37.864 Executing VM operation: G1PauseRemark
Event: 37.876 Executing VM operation: G1PauseRemark done
Event: 37.988 Executing VM operation: G1PauseCleanup
Event: 37.988 Executing VM operation: G1PauseCleanup done
Event: 38.394 Executing VM operation: G1CollectForAllocation (G1 Evacuation Pause)
Event: 38.411 Executing VM operation: G1CollectForAllocation (G1 Evacuation Pause) done
Event: 38.944 Executing VM operation: G1CollectForAllocation (G1 Evacuation Pause)

Memory protections (0 events):
No events

Nmethod flushes (20 events):
Event: 37.874 Thread 0x0000019e6f10f680 flushing  nmethod 0x0000019e5c19f410
Event: 37.874 Thread 0x0000019e6f10f680 flushing  nmethod 0x0000019e5c47ea10
Event: 37.874 Thread 0x0000019e6f10f680 flushing  nmethod 0x0000019e5ca34d90
Event: 37.874 Thread 0x0000019e6f10f680 flushing  nmethod 0x0000019e5ca3da10
Event: 37.874 Thread 0x0000019e6f10f680 flushing osr nmethod 0x0000019e5fec4e90
Event: 37.874 Thread 0x0000019e6f10f680 flushing  nmethod 0x0000019e60223a90
Event: 37.874 Thread 0x0000019e6f10f680 flushing  nmethod 0x0000019e60935210
Event: 37.874 Thread 0x0000019e6f10f680 flushing  nmethod 0x0000019e5847b390
Event: 37.874 Thread 0x0000019e6f10f680 flushing  nmethod 0x0000019e58be0e90
Event: 37.874 Thread 0x0000019e6f10f680 flushing  nmethod 0x0000019e59719510
Event: 37.874 Thread 0x0000019e6f10f680 flushing  nmethod 0x0000019e5971c990
Event: 37.874 Thread 0x0000019e6f10f680 flushing  nmethod 0x0000019e59720c10
Event: 37.874 Thread 0x0000019e6f10f680 flushing  nmethod 0x0000019e59722110
Event: 37.874 Thread 0x0000019e6f10f680 flushing  nmethod 0x0000019e5a715010
Event: 37.874 Thread 0x0000019e6f10f680 flushing  nmethod 0x0000019e5a72d210
Event: 37.874 Thread 0x0000019e6f10f680 flushing  nmethod 0x0000019e5c2ed590
Event: 37.874 Thread 0x0000019e6f10f680 flushing  nmethod 0x0000019e5cb44e90
Event: 37.874 Thread 0x0000019e6f10f680 flushing  nmethod 0x0000019e5cb47690
Event: 37.874 Thread 0x0000019e6f10f680 flushing  nmethod 0x0000019e5cb49490
Event: 37.874 Thread 0x0000019e6f10f680 flushing  nmethod 0x0000019e5cbe3110

Events (20 events):
Event: 1.157 Loaded shared library C:\Users\harsh\AppData\Local\Programs\Android Studio\jbr\bin\management.dll
Event: 1.169 Loaded shared library C:\Users\harsh\AppData\Local\Programs\Android Studio\jbr\bin\management_ext.dll
Event: 1.568 Thread 0x0000019e6f1ad4e0 Thread added: 0x0000019e6f1af020
Event: 1.835 Thread 0x0000019e6f1af020 Thread exited: 0x0000019e6f1af020
Event: 2.509 Thread 0x0000019e6f1ad4e0 Thread added: 0x0000019e6f1ace10
Event: 2.897 Thread 0x0000019e6f1ace10 Thread added: 0x0000019e6f1ab9a0
Event: 3.331 Thread 0x0000019e6f1ab9a0 Thread exited: 0x0000019e6f1ab9a0
Event: 3.563 Thread 0x0000019e6f1ace10 Thread added: 0x0000019e6f1ab9a0
Event: 3.946 Thread 0x0000019e6f1ab9a0 Thread exited: 0x0000019e6f1ab9a0
Event: 4.096 Thread 0x0000019e6f1ad4e0 Thread added: 0x0000019e7538ade0
Event: 4.376 Thread 0x0000019e7538ade0 Thread exited: 0x0000019e7538ade0
Event: 4.376 Thread 0x0000019e6f1ace10 Thread exited: 0x0000019e6f1ace10
Event: 4.757 Thread 0x0000019e6f1ad4e0 Thread added: 0x0000019e753892a0
Event: 4.768 Thread 0x0000019e6f1ad4e0 Thread added: 0x0000019e75389970
Event: 29.814 Thread 0x0000019e75389970 Thread exited: 0x0000019e75389970
Event: 29.814 Thread 0x0000019e753892a0 Thread exited: 0x0000019e753892a0
Event: 30.027 Thread 0x0000019e6f1ad4e0 Thread added: 0x0000019e7c347ff0
Event: 30.034 Thread 0x0000019e6f1ad4e0 Thread added: 0x0000019e7c3486c0
Event: 37.975 Thread 0x0000019e7c3486c0 Thread exited: 0x0000019e7c3486c0
Event: 38.025 Thread 0x0000019e6f1ad4e0 Thread added: 0x0000019e7c345040


Dynamic libraries:
0x00007ff78bbc0000 - 0x00007ff78bbca000 	C:\Users\harsh\AppData\Local\Programs\Android Studio\jbr\bin\java.exe
0x00007ffd583e0000 - 0x00007ffd58648000 	C:\Windows\SYSTEM32\ntdll.dll
0x00007ffd56c00000 - 0x00007ffd56cc9000 	C:\Windows\System32\KERNEL32.DLL
0x00007ffd55ab0000 - 0x00007ffd55ea8000 	C:\Windows\System32\KERNELBASE.dll
0x00007ffd55530000 - 0x00007ffd5567b000 	C:\Windows\System32\ucrtbase.dll
0x00007ffd47870000 - 0x00007ffd47888000 	C:\Users\harsh\AppData\Local\Programs\Android Studio\jbr\bin\jli.dll
0x00007ffd23e40000 - 0x00007ffd23e5b000 	C:\Users\harsh\AppData\Local\Programs\Android Studio\jbr\bin\VCRUNTIME140.dll
0x00007ffd56550000 - 0x00007ffd56717000 	C:\Windows\System32\USER32.dll
0x00007ffd43760000 - 0x00007ffd439f4000 	C:\Windows\WinSxS\amd64_microsoft.windows.common-controls_6595b64144ccf1df_6.0.26100.7019_none_3e06ffa0e335b8a8\COMCTL32.dll
0x00007ffd55730000 - 0x00007ffd55757000 	C:\Windows\System32\win32u.dll
0x00007ffd57ec0000 - 0x00007ffd57eeb000 	C:\Windows\System32\GDI32.dll
0x00007ffd57c80000 - 0x00007ffd57d29000 	C:\Windows\System32\msvcrt.dll
0x00007ffd55980000 - 0x00007ffd55aac000 	C:\Windows\System32\gdi32full.dll
0x00007ffd558d0000 - 0x00007ffd55973000 	C:\Windows\System32\msvcp_win.dll
0x00007ffd57ef0000 - 0x00007ffd57f21000 	C:\Windows\System32\IMM32.DLL
0x00007ffd23cc0000 - 0x00007ffd23ccc000 	C:\Users\harsh\AppData\Local\Programs\Android Studio\jbr\bin\vcruntime140_1.dll
0x00007ffd42040000 - 0x00007ffd420cd000 	C:\Users\harsh\AppData\Local\Programs\Android Studio\jbr\bin\msvcp140.dll
0x00007ffceefb0000 - 0x00007ffcefc3b000 	C:\Users\harsh\AppData\Local\Programs\Android Studio\jbr\bin\server\jvm.dll
0x00007ffd56730000 - 0x00007ffd567e4000 	C:\Windows\System32\ADVAPI32.dll
0x00007ffd56290000 - 0x00007ffd56336000 	C:\Windows\System32\sechost.dll
0x00007ffd57d30000 - 0x00007ffd57e48000 	C:\Windows\System32\RPCRT4.dll
0x00007ffd57f30000 - 0x00007ffd57fa4000 	C:\Windows\System32\WS2_32.dll
0x00007ffd55390000 - 0x00007ffd553ee000 	C:\Windows\SYSTEM32\POWRPROF.dll
0x00007ffd4e5d0000 - 0x00007ffd4e605000 	C:\Windows\SYSTEM32\WINMM.dll
0x00007ffd4e610000 - 0x00007ffd4e61b000 	C:\Windows\SYSTEM32\VERSION.dll
0x00007ffd552c0000 - 0x00007ffd552d4000 	C:\Windows\SYSTEM32\UMPDC.dll
0x00007ffd542f0000 - 0x00007ffd5430b000 	C:\Windows\SYSTEM32\kernel.appcore.dll
0x00007ffcf6d40000 - 0x00007ffcf6d4a000 	C:\Users\harsh\AppData\Local\Programs\Android Studio\jbr\bin\jimage.dll
0x00007ffd48600000 - 0x00007ffd48842000 	C:\Windows\SYSTEM32\DBGHELP.DLL
0x00007ffd57fb0000 - 0x00007ffd5833b000 	C:\Windows\System32\combase.dll
0x00007ffd561b0000 - 0x00007ffd56287000 	C:\Windows\System32\OLEAUT32.dll
0x00007ffd3eb10000 - 0x00007ffd3eb4c000 	C:\Windows\SYSTEM32\dbgcore.DLL
0x00007ffd55680000 - 0x00007ffd55725000 	C:\Windows\System32\bcryptPrimitives.dll
0x00007ffcf6c80000 - 0x00007ffcf6ca0000 	C:\Users\harsh\AppData\Local\Programs\Android Studio\jbr\bin\java.dll
0x00007ffcf6c60000 - 0x00007ffcf6c78000 	C:\Users\harsh\AppData\Local\Programs\Android Studio\jbr\bin\zip.dll
0x00007ffd57000000 - 0x00007ffd5774f000 	C:\Windows\System32\SHELL32.dll
0x00007ffd55760000 - 0x00007ffd558cb000 	C:\Windows\System32\wintypes.dll
0x00007ffd53150000 - 0x00007ffd539ad000 	C:\Windows\SYSTEM32\windows.storage.dll
0x00007ffd56cd0000 - 0x00007ffd56dc2000 	C:\Windows\System32\SHCORE.dll
0x00007ffd57e50000 - 0x00007ffd57eb7000 	C:\Windows\System32\shlwapi.dll
0x00007ffd55450000 - 0x00007ffd55479000 	C:\Windows\SYSTEM32\profapi.dll
0x00007ffcf6d30000 - 0x00007ffcf6d40000 	C:\Users\harsh\AppData\Local\Programs\Android Studio\jbr\bin\net.dll
0x00007ffd4b4e0000 - 0x00007ffd4b608000 	C:\Windows\SYSTEM32\WINHTTP.dll
0x00007ffd54860000 - 0x00007ffd548cb000 	C:\Windows\system32\mswsock.dll
0x00007ffcf5a10000 - 0x00007ffcf5a26000 	C:\Users\harsh\AppData\Local\Programs\Android Studio\jbr\bin\nio.dll
0x00007ffcf59f0000 - 0x00007ffcf59f9000 	C:\Users\harsh\AppData\Local\Programs\Android Studio\jbr\bin\management.dll
0x00007ffcf4ef0000 - 0x00007ffcf4efb000 	C:\Users\harsh\AppData\Local\Programs\Android Studio\jbr\bin\management_ext.dll
0x00007ffd56720000 - 0x00007ffd56728000 	C:\Windows\System32\PSAPI.DLL
0x00007ffcf6c50000 - 0x00007ffcf6c60000 	C:\Users\harsh\AppData\Local\Programs\Android Studio\jbr\bin\verify.dll

dbghelp: loaded successfully - version: 4.0.5 - missing functions: none
symbol engine: initialized successfully - sym options: 0x614 - pdb path: .;C:\Users\harsh\AppData\Local\Programs\Android Studio\jbr\bin;C:\Windows\SYSTEM32;C:\Windows\WinSxS\amd64_microsoft.windows.common-controls_6595b64144ccf1df_6.0.26100.7019_none_3e06ffa0e335b8a8;C:\Users\harsh\AppData\Local\Programs\Android Studio\jbr\bin\server

VM Arguments:
java_command: org.jetbrains.kotlin.cli.jvm.K2JVMCompiler @C:\Users\harsh\AndroidStudioProjects\PairlixDating\app\build\20251208_13026280931952937931.compiler.options
java_class_path (initial): C:\Users\harsh\.gradle\caches\modules-2\files-2.1\org.jetbrains.kotlin\kotlin-compiler-embeddable\2.2.21\b13aed5cf8412f9ee9d1e4db21bdcfebcc24f606\kotlin-compiler-embeddable-2.2.21.jar;C:\Users\harsh\.gradle\caches\modules-2\files-2.1\org.jetbrains.kotlin\kotlin-stdlib\2.2.21\fa374a986e128314c3db00a20aae55f72a258511\kotlin-stdlib-2.2.21.jar;C:\Users\harsh\.gradle\caches\modules-2\files-2.1\org.jetbrains.kotlin\kotlin-script-runtime\2.2.21\e9b021c4e335e4ed7a7e3b32285249ae6bb3a6c8\kotlin-script-runtime-2.2.21.jar;C:\Users\harsh\.gradle\caches\modules-2\files-2.1\org.jetbrains.kotlin\kotlin-reflect\1.6.10\1cbe9c92c12a94eea200d23c2bbaedaf3daf5132\kotlin-reflect-1.6.10.jar;C:\Users\harsh\.gradle\caches\modules-2\files-2.1\org.jetbrains.kotlin\kotlin-daemon-embeddable\2.2.21\78fde5db1c92786448170b351d8f8868acabd2ce\kotlin-daemon-embeddable-2.2.21.jar;C:\Users\harsh\.gradle\caches\modules-2\files-2.1\org.jetbrains.kotlinx\kotlinx-coroutines-core-jvm\1.8.0\ac1dc37a30a93150b704022f8d895ee1bd3a36b3\kotlinx-coroutines-core-jvm-1.8.0.jar;C:\Users\harsh\.gradle\caches\modules-2\files-2.1\org.jetbrains\annotations\13.0\919f0dfe192fb4e063e7dacadee7f8bb9a2672a9\annotations-13.0.jar
Launcher Type: SUN_STANDARD

[Global flags]
     intx CICompilerCount                          = 4                                         {product} {ergonomic}
     uint ConcGCThreads                            = 3                                         {product} {ergonomic}
     uint G1ConcRefinementThreads                  = 10                                        {product} {ergonomic}
   size_t G1HeapRegionSize                         = 2097152                                   {product} {ergonomic}
    uintx GCDrainStackTargetSize                   = 64                                        {product} {ergonomic}
   size_t InitialHeapSize                          = 257949696                                 {product} {ergonomic}
   size_t MarkStackSize                            = 4194304                                   {product} {ergonomic}
   size_t MaxHeapSize                              = 4118806528                                {product} {ergonomic}
   size_t MaxNewSize                               = 2470445056                                {product} {ergonomic}
   size_t MinHeapDeltaBytes                        = 2097152                                   {product} {ergonomic}
   size_t MinHeapSize                              = 8388608                                   {product} {ergonomic}
    uintx NonNMethodCodeHeapSize                   = 5839372                                {pd product} {ergonomic}
    uintx NonProfiledCodeHeapSize                  = 122909434                              {pd product} {ergonomic}
    uintx ProfiledCodeHeapSize                     = 122909434                              {pd product} {ergonomic}
    uintx ReservedCodeCacheSize                    = 251658240                              {pd product} {ergonomic}
     bool SegmentedCodeCache                       = true                                      {product} {ergonomic}
   size_t SoftMaxHeapSize                          = 4118806528                             {manageable} {ergonomic}
     bool UseCompressedOops                        = true                           {product lp64_product} {ergonomic}
     bool UseG1GC                                  = true                                      {product} {ergonomic}
     bool UseLargePagesIndividualAllocation        = false                                  {pd product} {ergonomic}

Logging:
Log output configuration:
 #0: stdout all=warning uptime,level,tags foldmultilines=false
 #1: stderr all=off uptime,level,tags foldmultilines=false

Environment Variables:
PATH=D:\oracle\product\10.2.0\db_1\bin;C:\Program Files\Common Files\Oracle\Java\javapath;C:\Windows\system32;C:\Windows;C:\Windows\System32\Wbem;C:\Windows\System32\WindowsPowerShell\v1.0\;C:\Windows\System32\OpenSSH\;C:\ProgramData\chocolatey\bin;C:\Program Files\Java\jdk-23\bin;C:\Program Files\Git\cmd;D:\flutter\bin;C:\Users\harsh\AppData\Local\Microsoft\WindowsApps;C:\Users\harsh\AppData\Local\Programs\Microsoft VS Code\bin;C:\Users\harsh\AppData\Roaming\Python\Python313\Scripts;C:\Users\harsh\AppData\Local\JetBrains\Toolbox\scripts;
USERNAME=harsh
OS=Windows_NT
PROCESSOR_IDENTIFIER=AMD64 Family 25 Model 80 Stepping 0, AuthenticAMD
TMP=C:\Users\harsh\AppData\Local\Temp
TEMP=C:\Users\harsh\AppData\Local\Temp




Periodic native trim disabled

JNI global refs:
JNI global refs: 14, weak refs: 17

JNI global refs memory usage: 835, weak refs: 833

Process memory usage:
Resident Set Size: 941420K (5% of 16085060K total physical memory with 2273724K free physical memory)

OOME stack traces (most recent first):
Classloader memory used:
Loader jdk.internal.loader.ClassLoaders$AppClassLoader                                 : 95124K
Loader bootstrap                                                                       : 12601K
Loader java.net.URLClassLoader                                                         : 3297K

---------------  S Y S T E M  ---------------

OS:
 Windows 11 , 64 bit Build 26100 (10.0.26100.7019)
OS uptime: 0 days 20:28 hours
Hyper-V role detected

CPU: total 12 (initial active 12) (12 cores per cpu, 2 threads per core) family 25 model 80 stepping 0 microcode 0xa50000d, cx8, cmov, fxsr, ht, mmx, 3dnowpref, sse, sse2, sse3, ssse3, sse4a, sse4.1, sse4.2, popcnt, lzcnt, tsc, tscinvbit, avx, avx2, aes, erms, clmul, bmi1, bmi2, adx, sha, fma, vzeroupper, clflush, clflushopt, hv, rdtscp, rdpid, fsrm, f16c, cet_ss
Processor Information for the first 12 processors :
  Max Mhz: 2301, Current Mhz: 2010, Mhz Limit: 2301

Memory: 4k page, system-wide physical 15708M (2220M free)
TotalPageFile size 20708M (AvailPageFile size 178M)
current process WorkingSet (physical memory assigned to process): 919M, peak: 923M
current process commit charge ("private bytes"): 947M, peak: 1168M

vm_info: OpenJDK 64-Bit Server VM (21.0.6+-13368085-b895.109) for windows-amd64 JRE (21.0.6+-13368085-b895.109), built on 2025-04-16T17:01:31Z by "builder" with MS VC++ 16.10 / 16.11 (VS2019)

END.
