#
# There is insufficient memory for the Java Runtime Environment to continue.
# Native memory allocation (mmap) failed to map 106954752 bytes. Error detail: G1 virtual space
# Possible reasons:
#   The system is out of physical RAM or swap space
#   This process is running with CompressedOops enabled, and the Java Heap may be blocking the growth of the native heap
# Possible solutions:
#   Reduce memory load on the system
#   Increase physical memory or swap space
#   Check if swap backing store is full
#   Decrease Java heap size (-Xmx/-Xms)
#   Decrease number of Java threads
#   Decrease Java thread stack sizes (-Xss)
#   Set larger code cache with -XX:ReservedCodeCacheSize=
#   JVM is running with Zero Based Compressed Oops mode in which the Java heap is
#     placed in the first 32GB address space. The Java Heap base address is the
#     maximum limit for the native heap growth. Please use -XX:HeapBaseMinAddress
#     to set the Java Heap base and to place the Java Heap above 32GB virtual address.
# This output file may be truncated or incomplete.
#
#  Out of Memory Error (os_windows.cpp:3898), pid=20304, tid=372
#
# JRE version: OpenJDK Runtime Environment (21.0.6) (build 21.0.6+-13368085-b895.109)
# Java VM: OpenJDK 64-Bit Server VM (21.0.6+-13368085-b895.109, mixed mode, tiered, compressed oops, compressed class ptrs, g1 gc, windows-amd64)
# No core dump will be written. Minidumps are not enabled by default on client versions of Windows
#

---------------  S U M M A R Y ------------

Command Line: org.jetbrains.kotlin.cli.jvm.K2JVMCompiler @C:\Users\harsh\AndroidStudioProjects\M7pairlix\pairlix-user-android\app\build\20260421_6231797773265257050.compiler.options

Host: AMD Ryzen 5 5625U with Radeon Graphics         , 12 cores, 15G,  Windows 11 , 64 bit Build 26100 (10.0.26100.8115)
Time: Tue Apr 21 21:49:19 2026 India Standard Time elapsed time: 44.341818 seconds (0d 0h 0m 44s)

---------------  T H R E A D  ---------------

Current thread (0x000001c77f529820):  VMThread "VM Thread"          [id=372, stack(0x000000adfb500000,0x000000adfb600000) (1024K)]

Stack: [0x000000adfb500000,0x000000adfb600000]
Native frames: (J=compiled Java code, j=interpreted, Vv=VM code, C=native code)
V  [jvm.dll+0x6d0639]
V  [jvm.dll+0x85eb03]
V  [jvm.dll+0x86105e]
V  [jvm.dll+0x861743]
V  [jvm.dll+0x27e6e6]
V  [jvm.dll+0x6ccfd5]
V  [jvm.dll+0x6c0a8a]
V  [jvm.dll+0x35537b]
V  [jvm.dll+0x35cfd6]
V  [jvm.dll+0x3aef86]
V  [jvm.dll+0x3af258]
V  [jvm.dll+0x327a2c]
V  [jvm.dll+0x327ab7]
V  [jvm.dll+0x36d93c]
V  [jvm.dll+0x36c0ee]
V  [jvm.dll+0x327181]
V  [jvm.dll+0x36b7f0]
V  [jvm.dll+0x8674c8]
V  [jvm.dll+0x868844]
V  [jvm.dll+0x868d80]
V  [jvm.dll+0x869013]
V  [jvm.dll+0x806ed8]
V  [jvm.dll+0x6cef0d]
C  [ucrtbase.dll+0x37b0]
C  [KERNEL32.DLL+0x2e8d7]
C  [ntdll.dll+0x8c3fc]

VM_Operation (0x000000adfaefc250): G1CollectForAllocation, mode: safepoint, requested by thread 0x000001c777e1ea80


---------------  P R O C E S S  ---------------

Threads class SMR info:
_java_thread_list=0x000001c71e381f00, length=13, elements={
0x000001c777e1ea80, 0x000001c7190730e0, 0x000001c719078730, 0x000001c7190748f0,
0x000001c719075340, 0x000001c719096fe0, 0x000001c7190985a0, 0x000001c7190abad0,
0x000001c7190af920, 0x000001c719251b50, 0x000001c7192569e0, 0x000001c71a8b9f20,
0x000001c7241b5470
}

Java Threads: ( => current thread )
  0x000001c777e1ea80 JavaThread "main"                              [_thread_blocked, id=21716, stack(0x000000adfae00000,0x000000adfaf00000) (1024K)]
  0x000001c7190730e0 JavaThread "Reference Handler"          daemon [_thread_blocked, id=9640, stack(0x000000adfb600000,0x000000adfb700000) (1024K)]
  0x000001c719078730 JavaThread "Finalizer"                  daemon [_thread_blocked, id=5236, stack(0x000000adfb700000,0x000000adfb800000) (1024K)]
  0x000001c7190748f0 JavaThread "Signal Dispatcher"          daemon [_thread_blocked, id=21972, stack(0x000000adfb800000,0x000000adfb900000) (1024K)]
  0x000001c719075340 JavaThread "Attach Listener"            daemon [_thread_blocked, id=18660, stack(0x000000adfb900000,0x000000adfba00000) (1024K)]
  0x000001c719096fe0 JavaThread "Service Thread"             daemon [_thread_blocked, id=1892, stack(0x000000adfba00000,0x000000adfbb00000) (1024K)]
  0x000001c7190985a0 JavaThread "Monitor Deflation Thread"   daemon [_thread_blocked, id=24600, stack(0x000000adfbb00000,0x000000adfbc00000) (1024K)]
  0x000001c7190abad0 JavaThread "C2 CompilerThread0"         daemon [_thread_blocked, id=17004, stack(0x000000adfbc00000,0x000000adfbd00000) (1024K)]
  0x000001c7190af920 JavaThread "C1 CompilerThread0"         daemon [_thread_blocked, id=1844, stack(0x000000adfbd00000,0x000000adfbe00000) (1024K)]
  0x000001c719251b50 JavaThread "Notification Thread"        daemon [_thread_blocked, id=12044, stack(0x000000adfbe00000,0x000000adfbf00000) (1024K)]
  0x000001c7192569e0 JavaThread "Common-Cleaner"             daemon [_thread_blocked, id=15092, stack(0x000000adfbf00000,0x000000adfc000000) (1024K)]
  0x000001c71a8b9f20 JavaThread "C2 CompilerThread1"         daemon [_thread_blocked, id=4624, stack(0x000000adfca00000,0x000000adfcb00000) (1024K)]
  0x000001c7241b5470 JavaThread "C2 CompilerThread2"         daemon [_thread_blocked, id=9188, stack(0x000000adfcc00000,0x000000adfcd00000) (1024K)]
Total: 13

Other Threads:
=>0x000001c77f529820 VMThread "VM Thread"                           [id=372, stack(0x000000adfb500000,0x000000adfb600000) (1024K)]
  0x000001c77f4b87a0 WatcherThread "VM Periodic Task Thread"        [id=25040, stack(0x000000adfb400000,0x000000adfb500000) (1024K)]
  0x000001c77a2ec240 WorkerThread "GC Thread#0"                     [id=18768, stack(0x000000adfaf00000,0x000000adfb000000) (1024K)]
  0x000001c71995f110 WorkerThread "GC Thread#1"                     [id=16756, stack(0x000000adfc000000,0x000000adfc100000) (1024K)]
  0x000001c71995f4b0 WorkerThread "GC Thread#2"                     [id=14380, stack(0x000000adfc100000,0x000000adfc200000) (1024K)]
  0x000001c71995f850 WorkerThread "GC Thread#3"                     [id=9824, stack(0x000000adfc200000,0x000000adfc300000) (1024K)]
  0x000001c71996d730 WorkerThread "GC Thread#4"                     [id=15524, stack(0x000000adfc300000,0x000000adfc400000) (1024K)]
  0x000001c7199a95d0 WorkerThread "GC Thread#5"                     [id=19340, stack(0x000000adfc400000,0x000000adfc500000) (1024K)]
  0x000001c719ae2bf0 WorkerThread "GC Thread#6"                     [id=11636, stack(0x000000adfc500000,0x000000adfc600000) (1024K)]
  0x000001c719ae2f90 WorkerThread "GC Thread#7"                     [id=16488, stack(0x000000adfc600000,0x000000adfc700000) (1024K)]
  0x000001c719f384a0 WorkerThread "GC Thread#8"                     [id=2704, stack(0x000000adfc700000,0x000000adfc800000) (1024K)]
  0x000001c719f38be0 WorkerThread "GC Thread#9"                     [id=8736, stack(0x000000adfcb00000,0x000000adfcc00000) (1024K)]
  0x000001c77a2fe730 ConcurrentGCThread "G1 Main Marker"            [id=12112, stack(0x000000adfb000000,0x000000adfb100000) (1024K)]
  0x000001c77a2fff70 WorkerThread "G1 Conc#0"                       [id=18724, stack(0x000000adfb100000,0x000000adfb200000) (1024K)]
  0x000001c719f37620 WorkerThread "G1 Conc#1"                       [id=23244, stack(0x000000adfc800000,0x000000adfc900000) (1024K)]
  0x000001c719f39a60 WorkerThread "G1 Conc#2"                       [id=12972, stack(0x000000adfc900000,0x000000adfca00000) (1024K)]
  0x000001c77f38b5f0 ConcurrentGCThread "G1 Refine#0"               [id=5612, stack(0x000000adfb200000,0x000000adfb300000) (1024K)]
  0x000001c77f38be10 ConcurrentGCThread "G1 Service"                [id=24840, stack(0x000000adfb300000,0x000000adfb400000) (1024K)]
Total: 18

Threads with active compile tasks:
C2 CompilerThread0  44380 17809       4       org.jetbrains.kotlin.fir.analysis.jvm.checkers.expression.FirJvmProtectedInSuperClassCompanionCallChecker::check (729 bytes)
C1 CompilerThread0  44380 17842       3       org.jetbrains.kotlin.fir.analysis.checkers.declaration.FirValueParameterDefaultValueTypeMismatchChecker::check (116 bytes)
C2 CompilerThread1  44380 17785       4       org.jetbrains.kotlin.fir.types.TypeUtilsKt::withNullability (1438 bytes)
C2 CompilerThread2  44380 17726       4       org.jetbrains.kotlin.fir.analysis.checkers.expression.FirMissingDependencyClassChecker::check (1767 bytes)
Total: 4

VM state: at safepoint (normal execution)

VM Mutex/Monitor currently owned by a thread:  ([mutex/lock_event])
[0x00007ff80237e3a0] Threads_lock - owner thread: 0x000001c77f529820
[0x00007ff80237e4a0] Heap_lock - owner thread: 0x000001c777e1ea80

Heap address: 0x000000070a800000, size: 3928 MB, Compressed Oops mode: Zero based, Oop shift amount: 3

CDS archive(s) not mapped
Compressed class space mapped at: 0x0000000800000000-0x0000000840000000, reserved size: 1073741824
Narrow klass base: 0x0000000800000000, Narrow klass shift: 0, Narrow klass range: 0x40000000

GC Precious Log:
 CardTable entry size: 512
 Card Set container configuration: InlinePtr #cards 4 size 8 Array Of Cards #cards 16 size 48 Howl #buckets 8 coarsen threshold 3686 Howl Bitmap #cards 512 size 80 coarsen threshold 460 Card regions per heap region 1 cards per card region 4096
 CPUs: 12 total, 12 available
 Memory: 15708M
 Large Page Support: Disabled
 NUMA Support: Disabled
 Compressed Oops: Enabled (Zero based)
 Heap Region Size: 2M
 Heap Min Capacity: 8M
 Heap Initial Capacity: 246M
 Heap Max Capacity: 3928M
 Pre-touch: Disabled
 Parallel Workers: 10
 Concurrent Workers: 3
 Concurrent Refinement Workers: 10
 Periodic GC: Disabled

Heap:
 garbage-first heap   total 522240K, used 334553K [0x000000070a800000, 0x0000000800000000)
  region size 2048K, 9 young (18432K), 9 survivors (18432K)
 Metaspace       used 77961K, committed 78272K, reserved 1179648K
  class space    used 8147K, committed 8256K, reserved 1048576K

Heap Regions: E=young(eden), S=young(survivor), O=old, HS=humongous(starts), HC=humongous(continues), CS=collection set, F=free, TAMS=top-at-mark-start, PB=parsable bottom
|   0|0x000000070a800000, 0x000000070aa00000, 0x000000070aa00000|100%|HS|  |TAMS 0x000000070aa00000| PB 0x000000070a800000| Complete 
|   1|0x000000070aa00000, 0x000000070ac00000, 0x000000070ac00000|100%|HC|  |TAMS 0x000000070ac00000| PB 0x000000070aa00000| Complete 
|   2|0x000000070ac00000, 0x000000070ae00000, 0x000000070ae00000|100%| O|  |TAMS 0x000000070ae00000| PB 0x000000070ac00000| Untracked 
|   3|0x000000070ae00000, 0x000000070b000000, 0x000000070b000000|100%| O|  |TAMS 0x000000070b000000| PB 0x000000070ae00000| Untracked 
|   4|0x000000070b000000, 0x000000070b200000, 0x000000070b200000|100%| O|  |TAMS 0x000000070b200000| PB 0x000000070b000000| Untracked 
|   5|0x000000070b200000, 0x000000070b400000, 0x000000070b400000|100%| O|  |TAMS 0x000000070b400000| PB 0x000000070b200000| Untracked 
|   6|0x000000070b400000, 0x000000070b600000, 0x000000070b600000|100%| O|  |TAMS 0x000000070b600000| PB 0x000000070b400000| Untracked 
|   7|0x000000070b600000, 0x000000070b800000, 0x000000070b800000|100%| O|  |TAMS 0x000000070b800000| PB 0x000000070b600000| Untracked 
|   8|0x000000070b800000, 0x000000070ba00000, 0x000000070ba00000|100%| O|  |TAMS 0x000000070ba00000| PB 0x000000070b800000| Untracked 
|   9|0x000000070ba00000, 0x000000070bc00000, 0x000000070bc00000|100%| O|  |TAMS 0x000000070bc00000| PB 0x000000070ba00000| Untracked 
|  10|0x000000070bc00000, 0x000000070be00000, 0x000000070be00000|100%| O|  |TAMS 0x000000070be00000| PB 0x000000070bc00000| Untracked 
|  11|0x000000070be00000, 0x000000070c000000, 0x000000070c000000|100%| O|  |TAMS 0x000000070c000000| PB 0x000000070be00000| Untracked 
|  12|0x000000070c000000, 0x000000070c200000, 0x000000070c200000|100%| O|  |TAMS 0x000000070c200000| PB 0x000000070c000000| Untracked 
|  13|0x000000070c200000, 0x000000070c400000, 0x000000070c400000|100%| O|  |TAMS 0x000000070c400000| PB 0x000000070c200000| Untracked 
|  14|0x000000070c400000, 0x000000070c600000, 0x000000070c600000|100%| O|  |TAMS 0x000000070c600000| PB 0x000000070c400000| Untracked 
|  15|0x000000070c600000, 0x000000070c800000, 0x000000070c800000|100%| O|  |TAMS 0x000000070c800000| PB 0x000000070c600000| Untracked 
|  16|0x000000070c800000, 0x000000070ca00000, 0x000000070ca00000|100%| O|  |TAMS 0x000000070ca00000| PB 0x000000070c800000| Untracked 
|  17|0x000000070ca00000, 0x000000070cc00000, 0x000000070cc00000|100%| O|  |TAMS 0x000000070cc00000| PB 0x000000070ca00000| Untracked 
|  18|0x000000070cc00000, 0x000000070ce00000, 0x000000070ce00000|100%| O|  |TAMS 0x000000070ce00000| PB 0x000000070cc00000| Untracked 
|  19|0x000000070ce00000, 0x000000070d000000, 0x000000070d000000|100%| O|  |TAMS 0x000000070d000000| PB 0x000000070ce00000| Untracked 
|  20|0x000000070d000000, 0x000000070d200000, 0x000000070d200000|100%| O|  |TAMS 0x000000070d200000| PB 0x000000070d000000| Untracked 
|  21|0x000000070d200000, 0x000000070d400000, 0x000000070d400000|100%| O|  |TAMS 0x000000070d400000| PB 0x000000070d200000| Untracked 
|  22|0x000000070d400000, 0x000000070d600000, 0x000000070d600000|100%| O|  |TAMS 0x000000070d600000| PB 0x000000070d400000| Untracked 
|  23|0x000000070d600000, 0x000000070d800000, 0x000000070d800000|100%| O|  |TAMS 0x000000070d800000| PB 0x000000070d600000| Untracked 
|  24|0x000000070d800000, 0x000000070da00000, 0x000000070da00000|100%| O|  |TAMS 0x000000070da00000| PB 0x000000070d800000| Untracked 
|  25|0x000000070da00000, 0x000000070dc00000, 0x000000070dc00000|100%| O|  |TAMS 0x000000070dc00000| PB 0x000000070da00000| Untracked 
|  26|0x000000070dc00000, 0x000000070de00000, 0x000000070de00000|100%| O|  |TAMS 0x000000070de00000| PB 0x000000070dc00000| Untracked 
|  27|0x000000070de00000, 0x000000070e000000, 0x000000070e000000|100%| O|  |TAMS 0x000000070e000000| PB 0x000000070de00000| Untracked 
|  28|0x000000070e000000, 0x000000070e200000, 0x000000070e200000|100%| O|  |TAMS 0x000000070e200000| PB 0x000000070e000000| Untracked 
|  29|0x000000070e200000, 0x000000070e400000, 0x000000070e400000|100%| O|  |TAMS 0x000000070e400000| PB 0x000000070e200000| Untracked 
|  30|0x000000070e400000, 0x000000070e600000, 0x000000070e600000|100%| O|  |TAMS 0x000000070e600000| PB 0x000000070e400000| Untracked 
|  31|0x000000070e600000, 0x000000070e800000, 0x000000070e800000|100%| O|  |TAMS 0x000000070e800000| PB 0x000000070e600000| Untracked 
|  32|0x000000070e800000, 0x000000070ea00000, 0x000000070ea00000|100%| O|  |TAMS 0x000000070ea00000| PB 0x000000070e800000| Untracked 
|  33|0x000000070ea00000, 0x000000070ec00000, 0x000000070ec00000|100%| O|  |TAMS 0x000000070ec00000| PB 0x000000070ea00000| Untracked 
|  34|0x000000070ec00000, 0x000000070ee00000, 0x000000070ee00000|100%| O|  |TAMS 0x000000070ee00000| PB 0x000000070ec00000| Untracked 
|  35|0x000000070ee00000, 0x000000070f000000, 0x000000070f000000|100%| O|  |TAMS 0x000000070f000000| PB 0x000000070ee00000| Untracked 
|  36|0x000000070f000000, 0x000000070f200000, 0x000000070f200000|100%| O|  |TAMS 0x000000070f200000| PB 0x000000070f000000| Untracked 
|  37|0x000000070f200000, 0x000000070f400000, 0x000000070f400000|100%| O|  |TAMS 0x000000070f400000| PB 0x000000070f200000| Untracked 
|  38|0x000000070f400000, 0x000000070f600000, 0x000000070f600000|100%| O|  |TAMS 0x000000070f600000| PB 0x000000070f400000| Untracked 
|  39|0x000000070f600000, 0x000000070f800000, 0x000000070f800000|100%| O|  |TAMS 0x000000070f800000| PB 0x000000070f600000| Untracked 
|  40|0x000000070f800000, 0x000000070fa00000, 0x000000070fa00000|100%| O|  |TAMS 0x000000070fa00000| PB 0x000000070f800000| Untracked 
|  41|0x000000070fa00000, 0x000000070fc00000, 0x000000070fc00000|100%| O|  |TAMS 0x000000070fc00000| PB 0x000000070fa00000| Untracked 
|  42|0x000000070fc00000, 0x000000070fe00000, 0x000000070fe00000|100%| O|  |TAMS 0x000000070fe00000| PB 0x000000070fc00000| Untracked 
|  43|0x000000070fe00000, 0x0000000710000000, 0x0000000710000000|100%| O|  |TAMS 0x0000000710000000| PB 0x000000070fe00000| Untracked 
|  44|0x0000000710000000, 0x0000000710200000, 0x0000000710200000|100%| O|  |TAMS 0x0000000710200000| PB 0x0000000710000000| Untracked 
|  45|0x0000000710200000, 0x0000000710400000, 0x0000000710400000|100%| O|  |TAMS 0x0000000710400000| PB 0x0000000710200000| Untracked 
|  46|0x0000000710400000, 0x0000000710600000, 0x0000000710600000|100%| O|  |TAMS 0x0000000710600000| PB 0x0000000710400000| Untracked 
|  47|0x0000000710600000, 0x0000000710800000, 0x0000000710800000|100%| O|  |TAMS 0x0000000710800000| PB 0x0000000710600000| Untracked 
|  48|0x0000000710800000, 0x0000000710a00000, 0x0000000710a00000|100%| O|  |TAMS 0x0000000710a00000| PB 0x0000000710800000| Untracked 
|  49|0x0000000710a00000, 0x0000000710c00000, 0x0000000710c00000|100%| O|  |TAMS 0x0000000710a00000| PB 0x0000000710a00000| Untracked 
|  50|0x0000000710c00000, 0x0000000710e00000, 0x0000000710e00000|100%| O|  |TAMS 0x0000000710e00000| PB 0x0000000710c00000| Untracked 
|  51|0x0000000710e00000, 0x0000000711000000, 0x0000000711000000|100%| O|  |TAMS 0x0000000711000000| PB 0x0000000710e00000| Untracked 
|  52|0x0000000711000000, 0x0000000711200000, 0x0000000711200000|100%| O|  |TAMS 0x0000000711200000| PB 0x0000000711000000| Untracked 
|  53|0x0000000711200000, 0x0000000711400000, 0x0000000711400000|100%| O|  |TAMS 0x0000000711400000| PB 0x0000000711200000| Untracked 
|  54|0x0000000711400000, 0x0000000711600000, 0x0000000711600000|100%| O|  |TAMS 0x0000000711600000| PB 0x0000000711400000| Untracked 
|  55|0x0000000711600000, 0x0000000711800000, 0x0000000711800000|100%| O|  |TAMS 0x0000000711800000| PB 0x0000000711600000| Untracked 
|  56|0x0000000711800000, 0x0000000711a00000, 0x0000000711a00000|100%| O|  |TAMS 0x0000000711a00000| PB 0x0000000711800000| Untracked 
|  57|0x0000000711a00000, 0x0000000711c00000, 0x0000000711c00000|100%| O|  |TAMS 0x0000000711c00000| PB 0x0000000711a00000| Untracked 
|  58|0x0000000711c00000, 0x0000000711e00000, 0x0000000711e00000|100%| O|  |TAMS 0x0000000711e00000| PB 0x0000000711c00000| Untracked 
|  59|0x0000000711e00000, 0x0000000712000000, 0x0000000712000000|100%| O|  |TAMS 0x0000000712000000| PB 0x0000000711e00000| Untracked 
|  60|0x0000000712000000, 0x0000000712200000, 0x0000000712200000|100%| O|  |TAMS 0x0000000712200000| PB 0x0000000712000000| Untracked 
|  61|0x0000000712200000, 0x0000000712400000, 0x0000000712400000|100%| O|  |TAMS 0x0000000712400000| PB 0x0000000712200000| Untracked 
|  62|0x0000000712400000, 0x0000000712600000, 0x0000000712600000|100%| O|  |TAMS 0x0000000712600000| PB 0x0000000712400000| Untracked 
|  63|0x0000000712600000, 0x0000000712800000, 0x0000000712800000|100%| O|  |TAMS 0x0000000712800000| PB 0x0000000712600000| Untracked 
|  64|0x0000000712800000, 0x0000000712a00000, 0x0000000712a00000|100%| O|  |TAMS 0x0000000712a00000| PB 0x0000000712800000| Untracked 
|  65|0x0000000712a00000, 0x0000000712c00000, 0x0000000712c00000|100%| O|  |TAMS 0x0000000712c00000| PB 0x0000000712a00000| Untracked 
|  66|0x0000000712c00000, 0x0000000712e00000, 0x0000000712e00000|100%| O|  |TAMS 0x0000000712e00000| PB 0x0000000712c00000| Untracked 
|  67|0x0000000712e00000, 0x0000000713000000, 0x0000000713000000|100%| O|  |TAMS 0x0000000713000000| PB 0x0000000712e00000| Untracked 
|  68|0x0000000713000000, 0x0000000713200000, 0x0000000713200000|100%| O|  |TAMS 0x0000000713200000| PB 0x0000000713000000| Untracked 
|  69|0x0000000713200000, 0x0000000713400000, 0x0000000713400000|100%| O|  |TAMS 0x0000000713400000| PB 0x0000000713200000| Untracked 
|  70|0x0000000713400000, 0x0000000713600000, 0x0000000713600000|100%| O|  |TAMS 0x0000000713600000| PB 0x0000000713400000| Untracked 
|  71|0x0000000713600000, 0x0000000713800000, 0x0000000713800000|100%| O|  |TAMS 0x0000000713800000| PB 0x0000000713600000| Untracked 
|  72|0x0000000713800000, 0x0000000713a00000, 0x0000000713a00000|100%| O|  |TAMS 0x0000000713a00000| PB 0x0000000713800000| Untracked 
|  73|0x0000000713a00000, 0x0000000713c00000, 0x0000000713c00000|100%| O|  |TAMS 0x0000000713c00000| PB 0x0000000713a00000| Untracked 
|  74|0x0000000713c00000, 0x0000000713e00000, 0x0000000713e00000|100%| O|  |TAMS 0x0000000713e00000| PB 0x0000000713c00000| Untracked 
|  75|0x0000000713e00000, 0x0000000714000000, 0x0000000714000000|100%| O|  |TAMS 0x0000000714000000| PB 0x0000000713e00000| Untracked 
|  76|0x0000000714000000, 0x0000000714200000, 0x0000000714200000|100%| O|  |TAMS 0x0000000714200000| PB 0x0000000714000000| Untracked 
|  77|0x0000000714200000, 0x0000000714400000, 0x0000000714400000|100%| O|  |TAMS 0x0000000714400000| PB 0x0000000714200000| Untracked 
|  78|0x0000000714400000, 0x0000000714600000, 0x0000000714600000|100%| O|  |TAMS 0x0000000714600000| PB 0x0000000714400000| Untracked 
|  79|0x0000000714600000, 0x0000000714800000, 0x0000000714800000|100%| O|  |TAMS 0x0000000714800000| PB 0x0000000714600000| Untracked 
|  80|0x0000000714800000, 0x0000000714a00000, 0x0000000714a00000|100%| O|  |TAMS 0x0000000714a00000| PB 0x0000000714800000| Untracked 
|  81|0x0000000714a00000, 0x0000000714c00000, 0x0000000714c00000|100%| O|  |TAMS 0x0000000714c00000| PB 0x0000000714a00000| Untracked 
|  82|0x0000000714c00000, 0x0000000714e00000, 0x0000000714e00000|100%| O|  |TAMS 0x0000000714e00000| PB 0x0000000714c00000| Untracked 
|  83|0x0000000714e00000, 0x0000000715000000, 0x0000000715000000|100%| O|  |TAMS 0x0000000715000000| PB 0x0000000714e00000| Untracked 
|  84|0x0000000715000000, 0x0000000715200000, 0x0000000715200000|100%| O|  |TAMS 0x0000000715200000| PB 0x0000000715000000| Untracked 
|  85|0x0000000715200000, 0x0000000715400000, 0x0000000715400000|100%| O|  |TAMS 0x0000000715400000| PB 0x0000000715200000| Untracked 
|  86|0x0000000715400000, 0x0000000715600000, 0x0000000715600000|100%| O|  |TAMS 0x0000000715600000| PB 0x0000000715400000| Untracked 
|  87|0x0000000715600000, 0x0000000715800000, 0x0000000715800000|100%| O|  |TAMS 0x0000000715800000| PB 0x0000000715600000| Untracked 
|  88|0x0000000715800000, 0x0000000715a00000, 0x0000000715a00000|100%| O|  |TAMS 0x0000000715a00000| PB 0x0000000715800000| Untracked 
|  89|0x0000000715a00000, 0x0000000715c00000, 0x0000000715c00000|100%| O|  |TAMS 0x0000000715c00000| PB 0x0000000715a00000| Untracked 
|  90|0x0000000715c00000, 0x0000000715e00000, 0x0000000715e00000|100%| O|  |TAMS 0x0000000715c00000| PB 0x0000000715c00000| Untracked 
|  91|0x0000000715e00000, 0x0000000716000000, 0x0000000716000000|100%| O|  |TAMS 0x0000000716000000| PB 0x0000000715e00000| Untracked 
|  92|0x0000000716000000, 0x0000000716200000, 0x0000000716200000|100%| O|  |TAMS 0x0000000716200000| PB 0x0000000716000000| Untracked 
|  93|0x0000000716200000, 0x0000000716400000, 0x0000000716400000|100%| O|  |TAMS 0x0000000716400000| PB 0x0000000716200000| Untracked 
|  94|0x0000000716400000, 0x0000000716600000, 0x0000000716600000|100%| O|  |TAMS 0x0000000716600000| PB 0x0000000716400000| Untracked 
|  95|0x0000000716600000, 0x0000000716800000, 0x0000000716800000|100%| O|  |TAMS 0x0000000716800000| PB 0x0000000716600000| Untracked 
|  96|0x0000000716800000, 0x0000000716a00000, 0x0000000716a00000|100%| O|  |TAMS 0x0000000716a00000| PB 0x0000000716800000| Untracked 
|  97|0x0000000716a00000, 0x0000000716c00000, 0x0000000716c00000|100%| O|  |TAMS 0x0000000716c00000| PB 0x0000000716a00000| Untracked 
|  98|0x0000000716c00000, 0x0000000716e00000, 0x0000000716e00000|100%| O|  |TAMS 0x0000000716e00000| PB 0x0000000716c00000| Untracked 
|  99|0x0000000716e00000, 0x0000000717000000, 0x0000000717000000|100%| O|  |TAMS 0x0000000717000000| PB 0x0000000716e00000| Untracked 
| 100|0x0000000717000000, 0x0000000717200000, 0x0000000717200000|100%| O|  |TAMS 0x0000000717200000| PB 0x0000000717000000| Untracked 
| 101|0x0000000717200000, 0x0000000717400000, 0x0000000717400000|100%| O|  |TAMS 0x0000000717400000| PB 0x0000000717200000| Untracked 
| 102|0x0000000717400000, 0x0000000717600000, 0x0000000717600000|100%| O|  |TAMS 0x0000000717600000| PB 0x0000000717400000| Untracked 
| 103|0x0000000717600000, 0x0000000717800000, 0x0000000717800000|100%| O|  |TAMS 0x0000000717800000| PB 0x0000000717600000| Untracked 
| 104|0x0000000717800000, 0x0000000717a00000, 0x0000000717a00000|100%| O|  |TAMS 0x0000000717a00000| PB 0x0000000717800000| Untracked 
| 105|0x0000000717a00000, 0x0000000717c00000, 0x0000000717c00000|100%| O|  |TAMS 0x0000000717c00000| PB 0x0000000717a00000| Untracked 
| 106|0x0000000717c00000, 0x0000000717e00000, 0x0000000717e00000|100%| O|  |TAMS 0x0000000717e00000| PB 0x0000000717c00000| Untracked 
| 107|0x0000000717e00000, 0x0000000718000000, 0x0000000718000000|100%| O|  |TAMS 0x0000000718000000| PB 0x0000000717e00000| Untracked 
| 108|0x0000000718000000, 0x0000000718200000, 0x0000000718200000|100%| O|  |TAMS 0x0000000718200000| PB 0x0000000718000000| Untracked 
| 109|0x0000000718200000, 0x0000000718400000, 0x0000000718400000|100%| O|  |TAMS 0x0000000718400000| PB 0x0000000718200000| Untracked 
| 110|0x0000000718400000, 0x0000000718600000, 0x0000000718600000|100%| O|  |TAMS 0x0000000718600000| PB 0x0000000718400000| Untracked 
| 111|0x0000000718600000, 0x0000000718800000, 0x0000000718800000|100%| O|  |TAMS 0x0000000718800000| PB 0x0000000718600000| Untracked 
| 112|0x0000000718800000, 0x0000000718a00000, 0x0000000718a00000|100%| O|  |TAMS 0x0000000718a00000| PB 0x0000000718800000| Untracked 
| 113|0x0000000718a00000, 0x0000000718c00000, 0x0000000718c00000|100%| O|  |TAMS 0x0000000718c00000| PB 0x0000000718a00000| Untracked 
| 114|0x0000000718c00000, 0x0000000718e00000, 0x0000000718e00000|100%| O|  |TAMS 0x0000000718e00000| PB 0x0000000718c00000| Untracked 
| 115|0x0000000718e00000, 0x0000000719000000, 0x0000000719000000|100%| O|  |TAMS 0x0000000719000000| PB 0x0000000718e00000| Untracked 
| 116|0x0000000719000000, 0x0000000719200000, 0x0000000719200000|100%| O|  |TAMS 0x0000000719000000| PB 0x0000000719000000| Untracked 
| 117|0x0000000719200000, 0x0000000719400000, 0x0000000719400000|100%| O|  |TAMS 0x0000000719400000| PB 0x0000000719200000| Untracked 
| 118|0x0000000719400000, 0x0000000719600000, 0x0000000719600000|100%| O|  |TAMS 0x0000000719600000| PB 0x0000000719400000| Untracked 
| 119|0x0000000719600000, 0x0000000719800000, 0x0000000719800000|100%| O|  |TAMS 0x0000000719800000| PB 0x0000000719600000| Untracked 
| 120|0x0000000719800000, 0x0000000719a00000, 0x0000000719a00000|100%| O|  |TAMS 0x0000000719a00000| PB 0x0000000719800000| Untracked 
| 121|0x0000000719a00000, 0x0000000719c00000, 0x0000000719c00000|100%| O|  |TAMS 0x0000000719c00000| PB 0x0000000719a00000| Untracked 
| 122|0x0000000719c00000, 0x0000000719e00000, 0x0000000719e00000|100%| O|  |TAMS 0x0000000719e00000| PB 0x0000000719c00000| Untracked 
| 123|0x0000000719e00000, 0x000000071a000000, 0x000000071a000000|100%| O|  |TAMS 0x000000071a000000| PB 0x0000000719e00000| Untracked 
| 124|0x000000071a000000, 0x000000071a200000, 0x000000071a200000|100%| O|  |TAMS 0x000000071a200000| PB 0x000000071a000000| Untracked 
| 125|0x000000071a200000, 0x000000071a400000, 0x000000071a400000|100%| O|  |TAMS 0x000000071a400000| PB 0x000000071a200000| Untracked 
| 126|0x000000071a400000, 0x000000071a600000, 0x000000071a600000|100%| O|  |TAMS 0x000000071a600000| PB 0x000000071a400000| Untracked 
| 127|0x000000071a600000, 0x000000071a800000, 0x000000071a800000|100%| O|  |TAMS 0x000000071a800000| PB 0x000000071a600000| Untracked 
| 128|0x000000071a800000, 0x000000071aa00000, 0x000000071aa00000|100%| O|  |TAMS 0x000000071aa00000| PB 0x000000071a800000| Untracked 
| 129|0x000000071aa00000, 0x000000071ac00000, 0x000000071ac00000|100%| O|  |TAMS 0x000000071ac00000| PB 0x000000071aa00000| Untracked 
| 130|0x000000071ac00000, 0x000000071ae00000, 0x000000071ae00000|100%| O|  |TAMS 0x000000071ae00000| PB 0x000000071ac00000| Untracked 
| 131|0x000000071ae00000, 0x000000071b000000, 0x000000071b000000|100%| O|  |TAMS 0x000000071b000000| PB 0x000000071ae00000| Untracked 
| 132|0x000000071b000000, 0x000000071b200000, 0x000000071b200000|100%| O|  |TAMS 0x000000071b200000| PB 0x000000071b000000| Untracked 
| 133|0x000000071b200000, 0x000000071b400000, 0x000000071b400000|100%| O|  |TAMS 0x000000071b400000| PB 0x000000071b200000| Untracked 
| 134|0x000000071b400000, 0x000000071b4b67a8, 0x000000071b600000| 35%| O|  |TAMS 0x000000071b400000| PB 0x000000071b400000| Untracked 
| 135|0x000000071b600000, 0x000000071b800000, 0x000000071b800000|100%| O|  |TAMS 0x000000071b800000| PB 0x000000071b600000| Untracked 
| 136|0x000000071b800000, 0x000000071ba00000, 0x000000071ba00000|100%| O|  |TAMS 0x000000071ba00000| PB 0x000000071b800000| Untracked 
| 137|0x000000071ba00000, 0x000000071bc00000, 0x000000071bc00000|100%| O|  |TAMS 0x000000071bc00000| PB 0x000000071ba00000| Untracked 
| 138|0x000000071bc00000, 0x000000071be00000, 0x000000071be00000|100%| O|  |TAMS 0x000000071be00000| PB 0x000000071bc00000| Untracked 
| 139|0x000000071be00000, 0x000000071c000000, 0x000000071c000000|100%| O|  |TAMS 0x000000071c000000| PB 0x000000071be00000| Untracked 
| 140|0x000000071c000000, 0x000000071c200000, 0x000000071c200000|100%| O|  |TAMS 0x000000071c200000| PB 0x000000071c000000| Untracked 
| 141|0x000000071c200000, 0x000000071c400000, 0x000000071c400000|100%| O|  |TAMS 0x000000071c400000| PB 0x000000071c200000| Untracked 
| 142|0x000000071c400000, 0x000000071c600000, 0x000000071c600000|100%| O|  |TAMS 0x000000071c600000| PB 0x000000071c400000| Untracked 
| 143|0x000000071c600000, 0x000000071c800000, 0x000000071c800000|100%| O|  |TAMS 0x000000071c800000| PB 0x000000071c600000| Untracked 
| 144|0x000000071c800000, 0x000000071ca00000, 0x000000071ca00000|100%| O|  |TAMS 0x000000071ca00000| PB 0x000000071c800000| Untracked 
| 145|0x000000071ca00000, 0x000000071cc00000, 0x000000071cc00000|100%| O|  |TAMS 0x000000071cc00000| PB 0x000000071ca00000| Untracked 
| 146|0x000000071cc00000, 0x000000071ce00000, 0x000000071ce00000|100%| O|  |TAMS 0x000000071ce00000| PB 0x000000071cc00000| Untracked 
| 147|0x000000071ce00000, 0x000000071d000000, 0x000000071d000000|100%| O|  |TAMS 0x000000071d000000| PB 0x000000071ce00000| Untracked 
| 148|0x000000071d000000, 0x000000071d200000, 0x000000071d200000|100%| O|  |TAMS 0x000000071d200000| PB 0x000000071d000000| Untracked 
| 149|0x000000071d200000, 0x000000071d400000, 0x000000071d400000|100%| O|  |TAMS 0x000000071d400000| PB 0x000000071d200000| Untracked 
| 150|0x000000071d400000, 0x000000071d600000, 0x000000071d600000|100%| O|  |TAMS 0x000000071d600000| PB 0x000000071d400000| Untracked 
| 151|0x000000071d600000, 0x000000071d800000, 0x000000071d800000|100%| O|  |TAMS 0x000000071d800000| PB 0x000000071d600000| Untracked 
| 152|0x000000071d800000, 0x000000071da00000, 0x000000071da00000|100%| O|  |TAMS 0x000000071da00000| PB 0x000000071d800000| Untracked 
| 153|0x000000071da00000, 0x000000071dc00000, 0x000000071dc00000|100%| O|  |TAMS 0x000000071db8bee0| PB 0x000000071da00000| Untracked 
| 154|0x000000071dc00000, 0x000000071dc00000, 0x000000071de00000|  0%| F|  |TAMS 0x000000071dc00000| PB 0x000000071dc00000| Untracked 
| 155|0x000000071de00000, 0x000000071de00000, 0x000000071e000000|  0%| F|  |TAMS 0x000000071de00000| PB 0x000000071de00000| Untracked 
| 156|0x000000071e000000, 0x000000071e000000, 0x000000071e200000|  0%| F|  |TAMS 0x000000071e000000| PB 0x000000071e000000| Untracked 
| 157|0x000000071e200000, 0x000000071e200000, 0x000000071e400000|  0%| F|  |TAMS 0x000000071e200000| PB 0x000000071e200000| Untracked 
| 158|0x000000071e400000, 0x000000071e400000, 0x000000071e600000|  0%| F|  |TAMS 0x000000071e400000| PB 0x000000071e400000| Untracked 
| 159|0x000000071e600000, 0x000000071e600000, 0x000000071e800000|  0%| F|  |TAMS 0x000000071e600000| PB 0x000000071e600000| Untracked 
| 160|0x000000071e800000, 0x000000071e800000, 0x000000071ea00000|  0%| F|  |TAMS 0x000000071e800000| PB 0x000000071e800000| Untracked 
| 161|0x000000071ea00000, 0x000000071ea00000, 0x000000071ec00000|  0%| F|  |TAMS 0x000000071ea00000| PB 0x000000071ea00000| Untracked 
| 162|0x000000071ec00000, 0x000000071ec00000, 0x000000071ee00000|  0%| F|  |TAMS 0x000000071ec00000| PB 0x000000071ec00000| Untracked 
| 163|0x000000071ee00000, 0x000000071ee00000, 0x000000071f000000|  0%| F|  |TAMS 0x000000071ee00000| PB 0x000000071ee00000| Untracked 
| 164|0x000000071f000000, 0x000000071f000000, 0x000000071f200000|  0%| F|  |TAMS 0x000000071f000000| PB 0x000000071f000000| Untracked 
| 165|0x000000071f200000, 0x000000071f200000, 0x000000071f400000|  0%| F|  |TAMS 0x000000071f200000| PB 0x000000071f200000| Untracked 
| 166|0x000000071f400000, 0x000000071f400000, 0x000000071f600000|  0%| F|  |TAMS 0x000000071f400000| PB 0x000000071f400000| Untracked 
| 167|0x000000071f600000, 0x000000071f600000, 0x000000071f800000|  0%| F|  |TAMS 0x000000071f600000| PB 0x000000071f600000| Untracked 
| 168|0x000000071f800000, 0x000000071f800000, 0x000000071fa00000|  0%| F|  |TAMS 0x000000071f800000| PB 0x000000071f800000| Untracked 
| 169|0x000000071fa00000, 0x000000071fc00000, 0x000000071fc00000|100%| S|CS|TAMS 0x000000071fa00000| PB 0x000000071fa00000| Complete 
| 170|0x000000071fc00000, 0x000000071fe00000, 0x000000071fe00000|100%| S|CS|TAMS 0x000000071fc00000| PB 0x000000071fc00000| Complete 
| 171|0x000000071fe00000, 0x0000000720000000, 0x0000000720000000|100%| S|CS|TAMS 0x000000071fe00000| PB 0x000000071fe00000| Complete 
| 172|0x0000000720000000, 0x0000000720200000, 0x0000000720200000|100%| S|CS|TAMS 0x0000000720000000| PB 0x0000000720000000| Complete 
| 173|0x0000000720200000, 0x0000000720400000, 0x0000000720400000|100%| S|CS|TAMS 0x0000000720200000| PB 0x0000000720200000| Complete 
| 174|0x0000000720400000, 0x0000000720600000, 0x0000000720600000|100%| S|CS|TAMS 0x0000000720400000| PB 0x0000000720400000| Complete 
| 175|0x0000000720600000, 0x0000000720800000, 0x0000000720800000|100%| S|CS|TAMS 0x0000000720600000| PB 0x0000000720600000| Complete 
| 176|0x0000000720800000, 0x0000000720a00000, 0x0000000720a00000|100%| S|CS|TAMS 0x0000000720800000| PB 0x0000000720800000| Complete 
| 177|0x0000000720a00000, 0x0000000720c00000, 0x0000000720c00000|100%| S|CS|TAMS 0x0000000720a00000| PB 0x0000000720a00000| Complete 
| 178|0x0000000720c00000, 0x0000000720c00000, 0x0000000720e00000|  0%| F|  |TAMS 0x0000000720c00000| PB 0x0000000720c00000| Untracked 
| 179|0x0000000720e00000, 0x0000000720e00000, 0x0000000721000000|  0%| F|  |TAMS 0x0000000720e00000| PB 0x0000000720e00000| Untracked 
| 180|0x0000000721000000, 0x0000000721000000, 0x0000000721200000|  0%| F|  |TAMS 0x0000000721000000| PB 0x0000000721000000| Untracked 
| 181|0x0000000721200000, 0x0000000721200000, 0x0000000721400000|  0%| F|  |TAMS 0x0000000721200000| PB 0x0000000721200000| Untracked 
| 182|0x0000000721400000, 0x0000000721400000, 0x0000000721600000|  0%| F|  |TAMS 0x0000000721400000| PB 0x0000000721400000| Untracked 
| 183|0x0000000721600000, 0x0000000721600000, 0x0000000721800000|  0%| F|  |TAMS 0x0000000721600000| PB 0x0000000721600000| Untracked 
| 184|0x0000000721800000, 0x0000000721800000, 0x0000000721a00000|  0%| F|  |TAMS 0x0000000721800000| PB 0x0000000721800000| Untracked 
| 185|0x0000000721a00000, 0x0000000721a00000, 0x0000000721c00000|  0%| F|  |TAMS 0x0000000721a00000| PB 0x0000000721a00000| Untracked 
| 186|0x0000000721c00000, 0x0000000721c00000, 0x0000000721e00000|  0%| F|  |TAMS 0x0000000721c00000| PB 0x0000000721c00000| Untracked 
| 187|0x0000000721e00000, 0x0000000721e00000, 0x0000000722000000|  0%| F|  |TAMS 0x0000000721e00000| PB 0x0000000721e00000| Untracked 
| 188|0x0000000722000000, 0x0000000722000000, 0x0000000722200000|  0%| F|  |TAMS 0x0000000722000000| PB 0x0000000722000000| Untracked 
| 189|0x0000000722200000, 0x0000000722200000, 0x0000000722400000|  0%| F|  |TAMS 0x0000000722200000| PB 0x0000000722200000| Untracked 
| 190|0x0000000722400000, 0x0000000722400000, 0x0000000722600000|  0%| F|  |TAMS 0x0000000722400000| PB 0x0000000722400000| Untracked 
| 191|0x0000000722600000, 0x0000000722600000, 0x0000000722800000|  0%| F|  |TAMS 0x0000000722600000| PB 0x0000000722600000| Untracked 
| 192|0x0000000722800000, 0x0000000722800000, 0x0000000722a00000|  0%| F|  |TAMS 0x0000000722800000| PB 0x0000000722800000| Untracked 
| 193|0x0000000722a00000, 0x0000000722a00000, 0x0000000722c00000|  0%| F|  |TAMS 0x0000000722a00000| PB 0x0000000722a00000| Untracked 
| 194|0x0000000722c00000, 0x0000000722c00000, 0x0000000722e00000|  0%| F|  |TAMS 0x0000000722c00000| PB 0x0000000722c00000| Untracked 
| 195|0x0000000722e00000, 0x0000000722e00000, 0x0000000723000000|  0%| F|  |TAMS 0x0000000722e00000| PB 0x0000000722e00000| Untracked 
| 196|0x0000000723000000, 0x0000000723000000, 0x0000000723200000|  0%| F|  |TAMS 0x0000000723000000| PB 0x0000000723000000| Untracked 
| 197|0x0000000723200000, 0x0000000723200000, 0x0000000723400000|  0%| F|  |TAMS 0x0000000723200000| PB 0x0000000723200000| Untracked 
| 198|0x0000000723400000, 0x0000000723400000, 0x0000000723600000|  0%| F|  |TAMS 0x0000000723400000| PB 0x0000000723400000| Untracked 
| 199|0x0000000723600000, 0x0000000723600000, 0x0000000723800000|  0%| F|  |TAMS 0x0000000723600000| PB 0x0000000723600000| Untracked 
| 200|0x0000000723800000, 0x0000000723800000, 0x0000000723a00000|  0%| F|  |TAMS 0x0000000723800000| PB 0x0000000723800000| Untracked 
| 201|0x0000000723a00000, 0x0000000723a00000, 0x0000000723c00000|  0%| F|  |TAMS 0x0000000723a00000| PB 0x0000000723a00000| Untracked 
| 202|0x0000000723c00000, 0x0000000723c00000, 0x0000000723e00000|  0%| F|  |TAMS 0x0000000723c00000| PB 0x0000000723c00000| Untracked 
| 203|0x0000000723e00000, 0x0000000723e00000, 0x0000000724000000|  0%| F|  |TAMS 0x0000000723e00000| PB 0x0000000723e00000| Untracked 
| 204|0x0000000724000000, 0x0000000724000000, 0x0000000724200000|  0%| F|  |TAMS 0x0000000724000000| PB 0x0000000724000000| Untracked 
| 205|0x0000000724200000, 0x0000000724200000, 0x0000000724400000|  0%| F|  |TAMS 0x0000000724200000| PB 0x0000000724200000| Untracked 
| 206|0x0000000724400000, 0x0000000724400000, 0x0000000724600000|  0%| F|  |TAMS 0x0000000724400000| PB 0x0000000724400000| Untracked 
| 207|0x0000000724600000, 0x0000000724600000, 0x0000000724800000|  0%| F|  |TAMS 0x0000000724600000| PB 0x0000000724600000| Untracked 
| 208|0x0000000724800000, 0x0000000724800000, 0x0000000724a00000|  0%| F|  |TAMS 0x0000000724800000| PB 0x0000000724800000| Untracked 
| 209|0x0000000724a00000, 0x0000000724a00000, 0x0000000724c00000|  0%| F|  |TAMS 0x0000000724a00000| PB 0x0000000724a00000| Untracked 
| 210|0x0000000724c00000, 0x0000000724c00000, 0x0000000724e00000|  0%| F|  |TAMS 0x0000000724c00000| PB 0x0000000724c00000| Untracked 
| 211|0x0000000724e00000, 0x0000000724e00000, 0x0000000725000000|  0%| F|  |TAMS 0x0000000724e00000| PB 0x0000000724e00000| Untracked 
| 212|0x0000000725000000, 0x0000000725000000, 0x0000000725200000|  0%| F|  |TAMS 0x0000000725000000| PB 0x0000000725000000| Untracked 
| 213|0x0000000725200000, 0x0000000725200000, 0x0000000725400000|  0%| F|  |TAMS 0x0000000725200000| PB 0x0000000725200000| Untracked 
| 214|0x0000000725400000, 0x0000000725400000, 0x0000000725600000|  0%| F|  |TAMS 0x0000000725400000| PB 0x0000000725400000| Untracked 
| 215|0x0000000725600000, 0x0000000725600000, 0x0000000725800000|  0%| F|  |TAMS 0x0000000725600000| PB 0x0000000725600000| Untracked 
| 216|0x0000000725800000, 0x0000000725800000, 0x0000000725a00000|  0%| F|  |TAMS 0x0000000725800000| PB 0x0000000725800000| Untracked 
| 217|0x0000000725a00000, 0x0000000725a00000, 0x0000000725c00000|  0%| F|  |TAMS 0x0000000725a00000| PB 0x0000000725a00000| Untracked 
| 218|0x0000000725c00000, 0x0000000725c00000, 0x0000000725e00000|  0%| F|  |TAMS 0x0000000725c00000| PB 0x0000000725c00000| Untracked 
| 219|0x0000000725e00000, 0x0000000725e00000, 0x0000000726000000|  0%| F|  |TAMS 0x0000000725e00000| PB 0x0000000725e00000| Untracked 
| 220|0x0000000726000000, 0x0000000726000000, 0x0000000726200000|  0%| F|  |TAMS 0x0000000726000000| PB 0x0000000726000000| Untracked 
| 221|0x0000000726200000, 0x0000000726200000, 0x0000000726400000|  0%| F|  |TAMS 0x0000000726200000| PB 0x0000000726200000| Untracked 
| 222|0x0000000726400000, 0x0000000726400000, 0x0000000726600000|  0%| F|  |TAMS 0x0000000726400000| PB 0x0000000726400000| Untracked 
| 223|0x0000000726600000, 0x0000000726600000, 0x0000000726800000|  0%| F|  |TAMS 0x0000000726600000| PB 0x0000000726600000| Untracked 
| 224|0x0000000726800000, 0x0000000726800000, 0x0000000726a00000|  0%| F|  |TAMS 0x0000000726800000| PB 0x0000000726800000| Untracked 
| 225|0x0000000726a00000, 0x0000000726a00000, 0x0000000726c00000|  0%| F|  |TAMS 0x0000000726a00000| PB 0x0000000726a00000| Untracked 
| 226|0x0000000726c00000, 0x0000000726c00000, 0x0000000726e00000|  0%| F|  |TAMS 0x0000000726c00000| PB 0x0000000726c00000| Untracked 
| 227|0x0000000726e00000, 0x0000000726e00000, 0x0000000727000000|  0%| F|  |TAMS 0x0000000726e00000| PB 0x0000000726e00000| Untracked 
| 228|0x0000000727000000, 0x0000000727000000, 0x0000000727200000|  0%| F|  |TAMS 0x0000000727000000| PB 0x0000000727000000| Untracked 
| 229|0x0000000727200000, 0x0000000727200000, 0x0000000727400000|  0%| F|  |TAMS 0x0000000727200000| PB 0x0000000727200000| Untracked 
| 230|0x0000000727400000, 0x0000000727400000, 0x0000000727600000|  0%| F|  |TAMS 0x0000000727400000| PB 0x0000000727400000| Untracked 
| 231|0x0000000727600000, 0x0000000727600000, 0x0000000727800000|  0%| F|  |TAMS 0x0000000727600000| PB 0x0000000727600000| Untracked 
| 232|0x0000000727800000, 0x0000000727800000, 0x0000000727a00000|  0%| F|  |TAMS 0x0000000727800000| PB 0x0000000727800000| Untracked 
| 233|0x0000000727a00000, 0x0000000727a00000, 0x0000000727c00000|  0%| F|  |TAMS 0x0000000727a00000| PB 0x0000000727a00000| Untracked 
| 234|0x0000000727c00000, 0x0000000727c00000, 0x0000000727e00000|  0%| F|  |TAMS 0x0000000727c00000| PB 0x0000000727c00000| Untracked 
| 235|0x0000000727e00000, 0x0000000727e00000, 0x0000000728000000|  0%| F|  |TAMS 0x0000000727e00000| PB 0x0000000727e00000| Untracked 
| 236|0x0000000728000000, 0x0000000728000000, 0x0000000728200000|  0%| F|  |TAMS 0x0000000728000000| PB 0x0000000728000000| Untracked 
| 237|0x0000000728200000, 0x0000000728200000, 0x0000000728400000|  0%| F|  |TAMS 0x0000000728200000| PB 0x0000000728200000| Untracked 
| 238|0x0000000728400000, 0x0000000728400000, 0x0000000728600000|  0%| F|  |TAMS 0x0000000728400000| PB 0x0000000728400000| Untracked 
| 239|0x0000000728600000, 0x0000000728600000, 0x0000000728800000|  0%| F|  |TAMS 0x0000000728600000| PB 0x0000000728600000| Untracked 
| 240|0x0000000728800000, 0x0000000728800000, 0x0000000728a00000|  0%| F|  |TAMS 0x0000000728800000| PB 0x0000000728800000| Untracked 
| 241|0x0000000728a00000, 0x0000000728a00000, 0x0000000728c00000|  0%| F|  |TAMS 0x0000000728a00000| PB 0x0000000728a00000| Untracked 
| 242|0x0000000728c00000, 0x0000000728c00000, 0x0000000728e00000|  0%| F|  |TAMS 0x0000000728c00000| PB 0x0000000728c00000| Untracked 
| 243|0x0000000728e00000, 0x0000000728e00000, 0x0000000729000000|  0%| F|  |TAMS 0x0000000728e00000| PB 0x0000000728e00000| Untracked 
| 244|0x0000000729000000, 0x0000000729000000, 0x0000000729200000|  0%| F|  |TAMS 0x0000000729000000| PB 0x0000000729000000| Untracked 
| 245|0x0000000729200000, 0x0000000729200000, 0x0000000729400000|  0%| F|  |TAMS 0x0000000729200000| PB 0x0000000729200000| Untracked 
| 246|0x0000000729400000, 0x0000000729400000, 0x0000000729600000|  0%| F|  |TAMS 0x0000000729400000| PB 0x0000000729400000| Untracked 
| 247|0x0000000729600000, 0x0000000729600000, 0x0000000729800000|  0%| F|  |TAMS 0x0000000729600000| PB 0x0000000729600000| Untracked 
| 248|0x0000000729800000, 0x0000000729800000, 0x0000000729a00000|  0%| F|  |TAMS 0x0000000729800000| PB 0x0000000729800000| Untracked 
| 249|0x0000000729a00000, 0x0000000729a00000, 0x0000000729c00000|  0%| F|  |TAMS 0x0000000729a00000| PB 0x0000000729a00000| Untracked 
| 250|0x0000000729c00000, 0x0000000729c00000, 0x0000000729e00000|  0%| F|  |TAMS 0x0000000729c00000| PB 0x0000000729c00000| Untracked 
| 251|0x0000000729e00000, 0x0000000729e00000, 0x000000072a000000|  0%| F|  |TAMS 0x0000000729e00000| PB 0x0000000729e00000| Untracked 
| 252|0x000000072a000000, 0x000000072a000000, 0x000000072a200000|  0%| F|  |TAMS 0x000000072a000000| PB 0x000000072a000000| Untracked 
| 253|0x000000072a200000, 0x000000072a200000, 0x000000072a400000|  0%| F|  |TAMS 0x000000072a200000| PB 0x000000072a200000| Untracked 
|1963|0x00000007ffe00000, 0x0000000800000000, 0x0000000800000000|100%| O|  |TAMS 0x0000000800000000| PB 0x00000007ffe00000| Untracked 

Card table byte_map: [0x000001c77e0e0000,0x000001c77e890000] _byte_map_base: 0x000001c77a88c000

Marking Bits: (CMBitMap*) 0x000001c77a2ee850
 Bits: [0x000001c70f000000, 0x000001c712d60000)

Polling page: 0x000001c778040000

Metaspace:

Usage:
  Non-class:     68.18 MB used.
      Class:      7.96 MB used.
       Both:     76.13 MB used.

Virtual space:
  Non-class space:      128.00 MB reserved,      68.38 MB ( 53%) committed,  2 nodes.
      Class space:        1.00 GB reserved,       8.06 MB ( <1%) committed,  1 nodes.
             Both:        1.12 GB reserved,      76.44 MB (  7%) committed. 

Chunk freelists:
   Non-Class:  11.00 MB
       Class:  7.88 MB
        Both:  18.88 MB

MaxMetaspaceSize: unlimited
CompressedClassSpaceSize: 1.00 GB
Initial GC threshold: 21.00 MB
Current GC threshold: 122.00 MB
CDS: off
 - commit_granule_bytes: 65536.
 - commit_granule_words: 8192.
 - virtual_space_node_default_size: 8388608.
 - enlarge_chunks_in_place: 1.
 - use_allocation_guard: 0.


Internal statistics:

num_allocs_failed_limit: 3.
num_arena_births: 384.
num_arena_deaths: 0.
num_vsnodes_births: 3.
num_vsnodes_deaths: 0.
num_space_committed: 1221.
num_space_uncommitted: 0.
num_chunks_returned_to_freelist: 3.
num_chunks_taken_from_freelist: 2823.
num_chunk_merges: 3.
num_chunk_splits: 2316.
num_chunks_enlarged: 2079.
num_inconsistent_stats: 0.

CodeHeap 'non-profiled nmethods': size=120000Kb used=13935Kb max_used=13935Kb free=106064Kb
 bounds [0x000001c707ad0000, 0x000001c708870000, 0x000001c70f000000]
CodeHeap 'profiled nmethods': size=120000Kb used=48324Kb max_used=48324Kb free=71675Kb
 bounds [0x000001c700000000, 0x000001c702f50000, 0x000001c707530000]
CodeHeap 'non-nmethods': size=5760Kb used=1704Kb max_used=1800Kb free=4055Kb
 bounds [0x000001c707530000, 0x000001c7077a0000, 0x000001c707ad0000]
 total_blobs=13946 nmethods=13215 adapters=632
 compilation: enabled
              stopped_count=0, restarted_count=0
 full_count=0

Compilation events (20 events):
Event: 43.152 Thread 0x000001c7190af920 nmethod 17832 0x000001c702f3e290 code [0x000001c702f3e440, 0x000001c702f3e670]
Event: 43.158 Thread 0x000001c7190af920 17833       3       org.jetbrains.kotlin.fir.analysis.checkers.syntax.FirWhenGuardChecker::checkBranch (121 bytes)
Event: 43.158 Thread 0x000001c7190af920 nmethod 17833 0x000001c702f3e710 code [0x000001c702f3e8c0, 0x000001c702f3ea38]
Event: 43.160 Thread 0x000001c7190af920 17834       3       org.jetbrains.kotlin.fir.declarations.builder.FirTypeParameterBuilder::setModuleData (12 bytes)
Event: 43.161 Thread 0x000001c7190af920 nmethod 17834 0x000001c702f3eb90 code [0x000001c702f3edc0, 0x000001c702f3f3d0]
Event: 43.161 Thread 0x000001c7190af920 17836       3       org.jetbrains.kotlin.fir.declarations.builder.FirTypeParameterBuilder::setName (12 bytes)
Event: 43.161 Thread 0x000001c7190af920 nmethod 17836 0x000001c702f3f610 code [0x000001c702f3f840, 0x000001c702f3fe50]
Event: 43.161 Thread 0x000001c7190af920 17837       3       org.jetbrains.kotlin.fir.declarations.builder.FirTypeParameterBuilder::setSymbol (12 bytes)
Event: 43.162 Thread 0x000001c7190af920 nmethod 17837 0x000001c702f40090 code [0x000001c702f402c0, 0x000001c702f408d0]
Event: 43.162 Thread 0x000001c7190af920 17838       3       org.jetbrains.kotlin.fir.declarations.builder.FirTypeParameterBuilder::setVariance (12 bytes)
Event: 43.162 Thread 0x000001c7190af920 nmethod 17838 0x000001c702f40b10 code [0x000001c702f40d40, 0x000001c702f41350]
Event: 43.162 Thread 0x000001c7190af920 17835       3       org.jetbrains.kotlin.fir.declarations.builder.FirTypeParameterBuilder::setResolvePhase (12 bytes)
Event: 43.163 Thread 0x000001c7190af920 nmethod 17835 0x000001c702f41590 code [0x000001c702f417c0, 0x000001c702f41dd0]
Event: 43.163 Thread 0x000001c7190af920 17839       3       org.jetbrains.kotlin.fir.declarations.builder.FirTypeParameterBuilder::setReified (20 bytes)
Event: 43.163 Thread 0x000001c7190af920 nmethod 17839 0x000001c702f42010 code [0x000001c702f421e0, 0x000001c702f42488]
Event: 43.166 Thread 0x000001c7190af920 17840       3       org.jetbrains.kotlin.fir.analysis.checkers.declaration.DeclarationCheckersDiagnosticComponent::visitValueParameter (13 bytes)
Event: 43.166 Thread 0x000001c7190af920 nmethod 17840 0x000001c702f42590 code [0x000001c702f42740, 0x000001c702f42978]
Event: 43.166 Thread 0x000001c7190af920 17841       3       org.jetbrains.kotlin.fir.analysis.checkers.declaration.FirValueParameterDefaultValueTypeMismatchChecker::check (11 bytes)
Event: 43.167 Thread 0x000001c7190af920 nmethod 17841 0x000001c702f42a90 code [0x000001c702f42c40, 0x000001c702f42e68]
Event: 43.167 Thread 0x000001c7190af920 17842       3       org.jetbrains.kotlin.fir.analysis.checkers.declaration.FirValueParameterDefaultValueTypeMismatchChecker::check (116 bytes)

GC Heap History (20 events):
Event: 30.131 GC heap after
{Heap after GC invocations=35 (full 0):
 garbage-first heap   total 393216K, used 263655K [0x000000070a800000, 0x0000000800000000)
  region size 2048K, 7 young (14336K), 7 survivors (14336K)
 Metaspace       used 73759K, committed 74048K, reserved 1179648K
  class space    used 7921K, committed 8064K, reserved 1048576K
}
Event: 31.114 GC heap before
{Heap before GC invocations=36 (full 0):
 garbage-first heap   total 444416K, used 351719K [0x000000070a800000, 0x0000000800000000)
  region size 2048K, 50 young (102400K), 7 survivors (14336K)
 Metaspace       used 73941K, committed 74240K, reserved 1179648K
  class space    used 7928K, committed 8064K, reserved 1048576K
}
Event: 31.133 GC heap after
{Heap after GC invocations=37 (full 0):
 garbage-first heap   total 444416K, used 274905K [0x000000070a800000, 0x0000000800000000)
  region size 2048K, 6 young (12288K), 6 survivors (12288K)
 Metaspace       used 73941K, committed 74240K, reserved 1179648K
  class space    used 7928K, committed 8064K, reserved 1048576K
}
Event: 32.560 GC heap before
{Heap before GC invocations=37 (full 0):
 garbage-first heap   total 444416K, used 391641K [0x000000070a800000, 0x0000000800000000)
  region size 2048K, 63 young (129024K), 6 survivors (12288K)
 Metaspace       used 74141K, committed 74432K, reserved 1179648K
  class space    used 7938K, committed 8064K, reserved 1048576K
}
Event: 32.575 GC heap after
{Heap after GC invocations=38 (full 0):
 garbage-first heap   total 444416K, used 282049K [0x000000070a800000, 0x0000000800000000)
  region size 2048K, 4 young (8192K), 4 survivors (8192K)
 Metaspace       used 74141K, committed 74432K, reserved 1179648K
  class space    used 7938K, committed 8064K, reserved 1048576K
}
Event: 33.760 GC heap before
{Heap before GC invocations=38 (full 0):
 garbage-first heap   total 444416K, used 400833K [0x000000070a800000, 0x0000000800000000)
  region size 2048K, 62 young (126976K), 4 survivors (8192K)
 Metaspace       used 74280K, committed 74560K, reserved 1179648K
  class space    used 7943K, committed 8064K, reserved 1048576K
}
Event: 33.775 GC heap after
{Heap after GC invocations=39 (full 0):
 garbage-first heap   total 444416K, used 287510K [0x000000070a800000, 0x0000000800000000)
  region size 2048K, 7 young (14336K), 7 survivors (14336K)
 Metaspace       used 74280K, committed 74560K, reserved 1179648K
  class space    used 7943K, committed 8064K, reserved 1048576K
}
Event: 35.039 GC heap before
{Heap before GC invocations=39 (full 0):
 garbage-first heap   total 444416K, used 404246K [0x000000070a800000, 0x0000000800000000)
  region size 2048K, 64 young (131072K), 7 survivors (14336K)
 Metaspace       used 74415K, committed 74688K, reserved 1179648K
  class space    used 7943K, committed 8064K, reserved 1048576K
}
Event: 35.057 GC heap after
{Heap after GC invocations=40 (full 0):
 garbage-first heap   total 444416K, used 295530K [0x000000070a800000, 0x0000000800000000)
  region size 2048K, 7 young (14336K), 7 survivors (14336K)
 Metaspace       used 74415K, committed 74688K, reserved 1179648K
  class space    used 7943K, committed 8064K, reserved 1048576K
}
Event: 35.960 GC heap before
{Heap before GC invocations=41 (full 0):
 garbage-first heap   total 495616K, used 402026K [0x000000070a800000, 0x0000000800000000)
  region size 2048K, 59 young (120832K), 7 survivors (14336K)
 Metaspace       used 74515K, committed 74816K, reserved 1179648K
  class space    used 7948K, committed 8064K, reserved 1048576K
}
Event: 35.974 GC heap after
{Heap after GC invocations=42 (full 0):
 garbage-first heap   total 495616K, used 300892K [0x000000070a800000, 0x0000000800000000)
  region size 2048K, 7 young (14336K), 7 survivors (14336K)
 Metaspace       used 74515K, committed 74816K, reserved 1179648K
  class space    used 7948K, committed 8064K, reserved 1048576K
}
Event: 37.161 GC heap before
{Heap before GC invocations=42 (full 0):
 garbage-first heap   total 495616K, used 452444K [0x000000070a800000, 0x0000000800000000)
  region size 2048K, 81 young (165888K), 7 survivors (14336K)
 Metaspace       used 74578K, committed 74880K, reserved 1179648K
  class space    used 7948K, committed 8064K, reserved 1048576K
}
Event: 37.179 GC heap after
{Heap after GC invocations=43 (full 0):
 garbage-first heap   total 495616K, used 302477K [0x000000070a800000, 0x0000000800000000)
  region size 2048K, 6 young (12288K), 6 survivors (12288K)
 Metaspace       used 74578K, committed 74880K, reserved 1179648K
  class space    used 7948K, committed 8064K, reserved 1048576K
}
Event: 38.268 GC heap before
{Heap before GC invocations=43 (full 0):
 garbage-first heap   total 495616K, used 456077K [0x000000070a800000, 0x0000000800000000)
  region size 2048K, 81 young (165888K), 6 survivors (12288K)
 Metaspace       used 74643K, committed 74944K, reserved 1179648K
  class space    used 7948K, committed 8064K, reserved 1048576K
}
Event: 38.286 GC heap after
{Heap after GC invocations=44 (full 0):
 garbage-first heap   total 495616K, used 311952K [0x000000070a800000, 0x0000000800000000)
  region size 2048K, 11 young (22528K), 11 survivors (22528K)
 Metaspace       used 74643K, committed 74944K, reserved 1179648K
  class space    used 7948K, committed 8064K, reserved 1048576K
}
Event: 39.348 GC heap before
{Heap before GC invocations=45 (full 0):
 garbage-first heap   total 522240K, used 443024K [0x000000070a800000, 0x0000000800000000)
  region size 2048K, 75 young (153600K), 11 survivors (22528K)
 Metaspace       used 74727K, committed 75008K, reserved 1179648K
  class space    used 7953K, committed 8064K, reserved 1048576K
}
Event: 39.370 GC heap after
{Heap after GC invocations=46 (full 0):
 garbage-first heap   total 522240K, used 317437K [0x000000070a800000, 0x0000000800000000)
  region size 2048K, 8 young (16384K), 8 survivors (16384K)
 Metaspace       used 74727K, committed 75008K, reserved 1179648K
  class space    used 7953K, committed 8064K, reserved 1048576K
}
Event: 40.286 GC heap before
{Heap before GC invocations=46 (full 0):
 garbage-first heap   total 522240K, used 475133K [0x000000070a800000, 0x0000000800000000)
  region size 2048K, 85 young (174080K), 8 survivors (16384K)
 Metaspace       used 74771K, committed 75072K, reserved 1179648K
  class space    used 7954K, committed 8064K, reserved 1048576K
}
Event: 40.309 GC heap after
{Heap after GC invocations=47 (full 0):
 garbage-first heap   total 522240K, used 321959K [0x000000070a800000, 0x0000000800000000)
  region size 2048K, 7 young (14336K), 7 survivors (14336K)
 Metaspace       used 74771K, committed 75072K, reserved 1179648K
  class space    used 7954K, committed 8064K, reserved 1048576K
}
Event: 43.167 GC heap before
{Heap before GC invocations=47 (full 0):
 garbage-first heap   total 522240K, used 477607K [0x000000070a800000, 0x0000000800000000)
  region size 2048K, 83 young (169984K), 7 survivors (14336K)
 Metaspace       used 77961K, committed 78272K, reserved 1179648K
  class space    used 8147K, committed 8256K, reserved 1048576K
}

Dll operation events (3 events):
Event: 0.013 Loaded shared library C:\Users\harsh\AppData\Local\Programs\Android Studio\jbr\bin\java.dll
Event: 0.021 Loaded shared library C:\Users\harsh\AppData\Local\Programs\Android Studio\jbr\bin\zip.dll
Event: 3.697 Loaded shared library C:\Users\harsh\AppData\Local\Programs\Android Studio\jbr\bin\verify.dll

Deoptimization events (20 events):
Event: 43.075 Thread 0x000001c777e1ea80 Uncommon trap: trap_request=0xffffff66 fr.pc=0x000001c70884f694 relative=0x0000000000000974
Event: 43.075 Thread 0x000001c777e1ea80 Uncommon trap: reason=speculate_class_check action=maybe_recompile pc=0x000001c70884f694 method=org.jetbrains.kotlin.fir.symbols.FirBasedSymbolKt.isDefinitelyEmpty(Lorg/jetbrains/kotlin/fir/FirAnnotationContainer;Lorg/jetbrains/kotlin/fir/symbols/FirBased
Event: 43.075 Thread 0x000001c777e1ea80 DEOPT PACKING pc=0x000001c70884f694 sp=0x000000adfaefa840
Event: 43.075 Thread 0x000001c777e1ea80 DEOPT UNPACKING pc=0x000001c7075846a2 sp=0x000000adfaefa5a0 mode 2
Event: 43.075 Thread 0x000001c777e1ea80 Uncommon trap: trap_request=0xffffff66 fr.pc=0x000001c70884f694 relative=0x0000000000000974
Event: 43.075 Thread 0x000001c777e1ea80 Uncommon trap: reason=speculate_class_check action=maybe_recompile pc=0x000001c70884f694 method=org.jetbrains.kotlin.fir.symbols.FirBasedSymbolKt.isDefinitelyEmpty(Lorg/jetbrains/kotlin/fir/FirAnnotationContainer;Lorg/jetbrains/kotlin/fir/symbols/FirBased
Event: 43.075 Thread 0x000001c777e1ea80 DEOPT PACKING pc=0x000001c70884f694 sp=0x000000adfaefa7c0
Event: 43.075 Thread 0x000001c777e1ea80 DEOPT UNPACKING pc=0x000001c7075846a2 sp=0x000000adfaefa520 mode 2
Event: 43.075 Thread 0x000001c777e1ea80 Uncommon trap: trap_request=0xffffff66 fr.pc=0x000001c70884f694 relative=0x0000000000000974
Event: 43.075 Thread 0x000001c777e1ea80 Uncommon trap: reason=speculate_class_check action=maybe_recompile pc=0x000001c70884f694 method=org.jetbrains.kotlin.fir.symbols.FirBasedSymbolKt.isDefinitelyEmpty(Lorg/jetbrains/kotlin/fir/FirAnnotationContainer;Lorg/jetbrains/kotlin/fir/symbols/FirBased
Event: 43.075 Thread 0x000001c777e1ea80 DEOPT PACKING pc=0x000001c70884f694 sp=0x000000adfaefaa80
Event: 43.075 Thread 0x000001c777e1ea80 DEOPT UNPACKING pc=0x000001c7075846a2 sp=0x000000adfaefa7e0 mode 2
Event: 43.075 Thread 0x000001c777e1ea80 Uncommon trap: trap_request=0xffffff66 fr.pc=0x000001c70884f694 relative=0x0000000000000974
Event: 43.075 Thread 0x000001c777e1ea80 Uncommon trap: reason=speculate_class_check action=maybe_recompile pc=0x000001c70884f694 method=org.jetbrains.kotlin.fir.symbols.FirBasedSymbolKt.isDefinitelyEmpty(Lorg/jetbrains/kotlin/fir/FirAnnotationContainer;Lorg/jetbrains/kotlin/fir/symbols/FirBased
Event: 43.075 Thread 0x000001c777e1ea80 DEOPT PACKING pc=0x000001c70884f694 sp=0x000000adfaefaa00
Event: 43.075 Thread 0x000001c777e1ea80 DEOPT UNPACKING pc=0x000001c7075846a2 sp=0x000000adfaefa760 mode 2
Event: 43.158 Thread 0x000001c777e1ea80 Uncommon trap: trap_request=0xffffff45 fr.pc=0x000001c70883a4c4 relative=0x00000000000001e4
Event: 43.158 Thread 0x000001c777e1ea80 Uncommon trap: reason=unstable_if action=reinterpret pc=0x000001c70883a4c4 method=org.jetbrains.kotlin.fir.analysis.checkers.expression.FirExpressionAnnotationChecker.check(Lorg/jetbrains/kotlin/fir/analysis/checkers/context/CheckerContext;Lorg/jetbrains/
Event: 43.158 Thread 0x000001c777e1ea80 DEOPT PACKING pc=0x000001c70883a4c4 sp=0x000000adfaef9520
Event: 43.158 Thread 0x000001c777e1ea80 DEOPT UNPACKING pc=0x000001c7075846a2 sp=0x000000adfaef9480 mode 2

Classes loaded (20 events):
Event: 14.800 Loading class java/util/Collections$SynchronizedCollection done
Event: 14.800 Loading class java/util/Collections$SynchronizedSet done
Event: 14.836 Loading class java/util/EnumMap$EntrySet
Event: 14.836 Loading class java/util/EnumMap$EntrySet done
Event: 14.836 Loading class java/util/EnumMap$EntryIterator
Event: 14.836 Loading class java/util/EnumMap$EnumMapIterator
Event: 14.837 Loading class java/util/EnumMap$EnumMapIterator done
Event: 14.837 Loading class java/util/EnumMap$EntryIterator done
Event: 14.837 Loading class java/util/EnumMap$EntryIterator$Entry
Event: 14.837 Loading class java/util/EnumMap$EntryIterator$Entry done
Event: 15.025 Loading class java/util/RegularEnumSet$EnumSetIterator
Event: 15.025 Loading class java/util/RegularEnumSet$EnumSetIterator done
Event: 16.926 Loading class java/util/AbstractList$RandomAccessSubList
Event: 16.927 Loading class java/util/AbstractList$RandomAccessSubList done
Event: 19.480 Loading class java/security/CodeSigner
Event: 19.481 Loading class java/security/CodeSigner done
Event: 20.082 Loading class java/lang/Byte$ByteCache
Event: 20.082 Loading class java/lang/Byte$ByteCache done
Event: 24.347 Loading class java/lang/Short$ShortCache
Event: 24.347 Loading class java/lang/Short$ShortCache done

Classes unloaded (0 events):
No events

Classes redefined (0 events):
No events

Internal exceptions (20 events):
Event: 20.357 Thread 0x000001c777e1ea80 Exception <a 'java/lang/NoSuchMethodError'{0x00000007197226c8}: 'java.lang.Object java.lang.invoke.DirectMethodHandle$Holder.newInvokeSpecial(java.lang.Object, java.lang.Object, java.lang.Object, java.lang.Object, java.lang.Object, int)'> (0x00000007197226c8) 
thrown [s\src\hotspot\share\interpreter\linkResolver.cpp, line 784]
Event: 20.358 Thread 0x000001c777e1ea80 Exception <a 'java/lang/NoSuchMethodError'{0x0000000719727e60}: 'java.lang.Object java.lang.invoke.DirectMethodHandle$Holder.invokeSpecial(java.lang.Object, java.lang.Object, java.lang.Object, java.lang.Object, java.lang.Object, java.lang.Object, int)'> (0x0000000719727e60) 
thrown [s\src\hotspot\share\interpreter\linkResolver.cpp, line 784]
Event: 20.358 Thread 0x000001c777e1ea80 Exception <a 'java/lang/NoSuchMethodError'{0x000000071972cf68}: 'java.lang.Object java.lang.invoke.Invokers$Holder.linkToTargetMethod(java.lang.Object, java.lang.Object, java.lang.Object, java.lang.Object, int, java.lang.Object)'> (0x000000071972cf68) 
thrown [s\src\hotspot\share\interpreter\linkResolver.cpp, line 784]
Event: 20.501 Thread 0x000001c777e1ea80 Exception <a 'java/lang/NoSuchMethodError'{0x000000071931e648}: 'java.lang.Object java.lang.invoke.DirectMethodHandle$Holder.invokeStatic(java.lang.Object, int, java.lang.Object)'> (0x000000071931e648) 
thrown [s\src\hotspot\share\interpreter\linkResolver.cpp, line 784]
Event: 20.909 Thread 0x000001c777e1ea80 Exception <a 'java/lang/NoSuchMethodError'{0x000000071cd406b8}: 'java.lang.Object java.lang.invoke.DirectMethodHandle$Holder.invokeStatic(java.lang.Object, int, java.lang.Object, java.lang.Object, java.lang.Object, java.lang.Object, java.lang.Object)'> (0x000000071cd406b8) 
thrown [s\src\hotspot\share\interpreter\linkResolver.cpp, line 784]
Event: 20.910 Thread 0x000001c777e1ea80 Exception <a 'java/lang/NoSuchMethodError'{0x000000071cd49dc8}: 'java.lang.Object java.lang.invoke.DirectMethodHandle$Holder.newInvokeSpecial(java.lang.Object, int, java.lang.Object, java.lang.Object, java.lang.Object)'> (0x000000071cd49dc8) 
thrown [s\src\hotspot\share\interpreter\linkResolver.cpp, line 784]
Event: 20.911 Thread 0x000001c777e1ea80 Exception <a 'java/lang/NoSuchMethodError'{0x000000071cd519d8}: 'java.lang.Object java.lang.invoke.Invokers$Holder.linkToTargetMethod(int, java.lang.Object, java.lang.Object, java.lang.Object, java.lang.Object)'> (0x000000071cd519d8) 
thrown [s\src\hotspot\share\interpreter\linkResolver.cpp, line 784]
Event: 28.040 Thread 0x000001c777e1ea80 Implicit null exception at 0x000001c707ecc6ca to 0x000001c707ece2d4
Event: 29.204 Thread 0x000001c777e1ea80 Implicit null exception at 0x000001c707fb06c8 to 0x000001c707fb0a83
Event: 36.020 Thread 0x000001c777e1ea80 Implicit null exception at 0x000001c707b53b3d to 0x000001c707b54434
Event: 40.947 Thread 0x000001c777e1ea80 Exception <a 'java/lang/NoSuchMethodError'{0x00000007256753f8}: 'java.lang.Object java.lang.invoke.DirectMethodHandle$Holder.invokeStatic(java.lang.Object, int, int, java.lang.Object)'> (0x00000007256753f8) 
thrown [s\src\hotspot\share\interpreter\linkResolver.cpp, line 784]
Event: 40.948 Thread 0x000001c777e1ea80 Exception <a 'java/lang/NoSuchMethodError'{0x0000000725678d68}: 'java.lang.Object java.lang.invoke.DirectMethodHandle$Holder.invokeStaticInit(java.lang.Object, int, int, java.lang.Object)'> (0x0000000725678d68) 
thrown [s\src\hotspot\share\interpreter\linkResolver.cpp, line 784]
Event: 40.970 Thread 0x000001c777e1ea80 Exception <a 'java/lang/NoSuchMethodError'{0x000000072570d120}: 'java.lang.Object java.lang.invoke.DirectMethodHandle$Holder.invokeStatic(java.lang.Object, java.lang.Object, java.lang.Object, java.lang.Object, java.lang.Object, int)'> (0x000000072570d120) 
thrown [s\src\hotspot\share\interpreter\linkResolver.cpp, line 784]
Event: 40.980 Thread 0x000001c777e1ea80 Implicit null exception at 0x000001c7081a1296 to 0x000001c7081a134a
Event: 41.068 Thread 0x000001c777e1ea80 Implicit null exception at 0x000001c7086b13ce to 0x000001c7086b1678
Event: 41.078 Thread 0x000001c777e1ea80 Implicit null exception at 0x000001c7081179a5 to 0x000001c708117da0
Event: 41.085 Thread 0x000001c777e1ea80 Implicit null exception at 0x000001c7080604e3 to 0x000001c7080606cc
Event: 41.089 Thread 0x000001c777e1ea80 Implicit null exception at 0x000001c7080b82c5 to 0x000001c7080b8770
Event: 41.581 Thread 0x000001c777e1ea80 Exception <a 'java/lang/NoSuchMethodError'{0x00000007245c19f8}: 'java.lang.Object java.lang.invoke.DirectMethodHandle$Holder.newInvokeSpecial(java.lang.Object, java.lang.Object, java.lang.Object, java.lang.Object, java.lang.Object, java.lang.Object, int)'> (0x00000007245c19f8) 
thrown [s\src\hotspot\share\interpreter\linkResolver.cpp, line 784]
Event: 41.582 Thread 0x000001c777e1ea80 Exception <a 'java/lang/NoSuchMethodError'{0x00000007245c6aa8}: 'java.lang.Object java.lang.invoke.DirectMethodHandle$Holder.invokeSpecial(java.lang.Object, java.lang.Object, java.lang.Object, java.lang.Object, java.lang.Object, java.lang.Object, java.lang.Object, int)'> (0x00000007245c6aa8) 
thrown [s\src\hotspot\share\interpreter\linkResolver.cpp, line 784]

ZGC Phase Switch (0 events):
No events

VM Operations (20 events):
Event: 40.966 Executing VM operation: ICBufferFull done
Event: 41.016 Executing VM operation: HandshakeAllThreads (Deoptimize)
Event: 41.016 Executing VM operation: HandshakeAllThreads (Deoptimize) done
Event: 41.100 Executing VM operation: ICBufferFull
Event: 41.100 Executing VM operation: ICBufferFull done
Event: 41.337 Executing VM operation: ICBufferFull
Event: 41.337 Executing VM operation: ICBufferFull done
Event: 41.578 Executing VM operation: ICBufferFull
Event: 41.578 Executing VM operation: ICBufferFull done
Event: 41.584 Executing VM operation: HandshakeAllThreads (Deoptimize)
Event: 41.584 Executing VM operation: HandshakeAllThreads (Deoptimize) done
Event: 41.784 Executing VM operation: ICBufferFull
Event: 41.784 Executing VM operation: ICBufferFull done
Event: 42.195 Executing VM operation: ICBufferFull
Event: 42.195 Executing VM operation: ICBufferFull done
Event: 42.433 Executing VM operation: ICBufferFull
Event: 42.433 Executing VM operation: ICBufferFull done
Event: 42.829 Executing VM operation: ICBufferFull
Event: 42.829 Executing VM operation: ICBufferFull done
Event: 43.167 Executing VM operation: G1CollectForAllocation (G1 Evacuation Pause)

Memory protections (0 events):
No events

Nmethod flushes (20 events):
Event: 38.634 Thread 0x000001c77f529820 flushing  nmethod 0x000001c701cf9310
Event: 38.634 Thread 0x000001c77f529820 flushing  nmethod 0x000001c701cfb710
Event: 38.634 Thread 0x000001c77f529820 flushing  nmethod 0x000001c701d04c10
Event: 38.634 Thread 0x000001c77f529820 flushing  nmethod 0x000001c701d17810
Event: 38.634 Thread 0x000001c77f529820 flushing  nmethod 0x000001c701d1c290
Event: 38.634 Thread 0x000001c77f529820 flushing  nmethod 0x000001c701e6e890
Event: 38.634 Thread 0x000001c77f529820 flushing  nmethod 0x000001c701e72210
Event: 38.634 Thread 0x000001c77f529820 flushing  nmethod 0x000001c702052490
Event: 38.634 Thread 0x000001c77f529820 flushing  nmethod 0x000001c702150890
Event: 38.634 Thread 0x000001c77f529820 flushing  nmethod 0x000001c702151810
Event: 38.634 Thread 0x000001c77f529820 flushing  nmethod 0x000001c7021f5210
Event: 38.634 Thread 0x000001c77f529820 flushing  nmethod 0x000001c7021f5d90
Event: 38.634 Thread 0x000001c77f529820 flushing  nmethod 0x000001c7021f6910
Event: 38.634 Thread 0x000001c77f529820 flushing  nmethod 0x000001c7021f7e90
Event: 38.634 Thread 0x000001c77f529820 flushing  nmethod 0x000001c70230ac10
Event: 38.634 Thread 0x000001c77f529820 flushing  nmethod 0x000001c70230c410
Event: 38.634 Thread 0x000001c77f529820 flushing  nmethod 0x000001c702319a10
Event: 38.635 Thread 0x000001c77f529820 flushing  nmethod 0x000001c702325a90
Event: 38.635 Thread 0x000001c77f529820 flushing  nmethod 0x000001c70239a510
Event: 38.635 Thread 0x000001c77f529820 flushing  nmethod 0x000001c7026d7890

Events (20 events):
Event: 1.466 Loaded shared library C:\Users\harsh\AppData\Local\Programs\Android Studio\jbr\bin\management.dll
Event: 1.482 Loaded shared library C:\Users\harsh\AppData\Local\Programs\Android Studio\jbr\bin\management_ext.dll
Event: 3.401 Thread 0x000001c7190af920 Thread added: 0x000001c7190afff0
Event: 3.907 Thread 0x000001c7190afff0 Thread added: 0x000001c7190b2fa0
Event: 4.310 Thread 0x000001c7190b2fa0 Thread exited: 0x000001c7190b2fa0
Event: 4.319 Thread 0x000001c7190afff0 Thread exited: 0x000001c7190afff0
Event: 5.672 Thread 0x000001c7190af920 Thread added: 0x000001c7190b2fa0
Event: 5.705 Thread 0x000001c7190b2fa0 Thread added: 0x000001c7190afff0
Event: 5.972 Thread 0x000001c7190afff0 Thread exited: 0x000001c7190afff0
Event: 6.747 Thread 0x000001c7190b2fa0 Thread exited: 0x000001c7190b2fa0
Event: 7.246 Thread 0x000001c7190af920 Thread added: 0x000001c71a8b9f20
Event: 7.407 Thread 0x000001c7190af920 Thread added: 0x000001c71a8b6f70
Event: 11.430 Thread 0x000001c71a8b6f70 Thread exited: 0x000001c71a8b6f70
Event: 12.249 Thread 0x000001c7190af920 Thread added: 0x000001c71a8b7d10
Event: 16.871 Thread 0x000001c71a8b7d10 Thread exited: 0x000001c71a8b7d10
Event: 16.872 Thread 0x000001c71a8b9f20 Thread exited: 0x000001c71a8b9f20
Event: 16.990 Thread 0x000001c7190af920 Thread added: 0x000001c71a8b9f20
Event: 16.991 Thread 0x000001c7190af920 Thread added: 0x000001c71a8bced0
Event: 22.455 Thread 0x000001c71a8bced0 Thread exited: 0x000001c71a8bced0
Event: 22.722 Thread 0x000001c7190af920 Thread added: 0x000001c7241b5470


Dynamic libraries:
0x00007ff60a480000 - 0x00007ff60a48a000 	C:\Users\harsh\AppData\Local\Programs\Android Studio\jbr\bin\java.exe
0x00007ff859280000 - 0x00007ff8594e7000 	C:\Windows\SYSTEM32\ntdll.dll
0x00007ff858700000 - 0x00007ff8587c9000 	C:\Windows\System32\KERNEL32.DLL
0x00007ff855df0000 - 0x00007ff8561e4000 	C:\Windows\System32\KERNELBASE.dll
0x00007ff8561f0000 - 0x00007ff85633b000 	C:\Windows\System32\ucrtbase.dll
0x00007ff8512f0000 - 0x00007ff851308000 	C:\Users\harsh\AppData\Local\Programs\Android Studio\jbr\bin\jli.dll
0x00007ff83b320000 - 0x00007ff83b33b000 	C:\Users\harsh\AppData\Local\Programs\Android Studio\jbr\bin\VCRUNTIME140.dll
0x00007ff857ae0000 - 0x00007ff857ca5000 	C:\Windows\System32\USER32.dll
0x00007ff8563f0000 - 0x00007ff856417000 	C:\Windows\System32\win32u.dll
0x00007ff846950000 - 0x00007ff846be3000 	C:\Windows\WinSxS\amd64_microsoft.windows.common-controls_6595b64144ccf1df_6.0.26100.8115_none_3e075c82e3354f9c\COMCTL32.dll
0x00007ff8579a0000 - 0x00007ff8579cb000 	C:\Windows\System32\GDI32.dll
0x00007ff8572a0000 - 0x00007ff857349000 	C:\Windows\System32\msvcrt.dll
0x00007ff855c00000 - 0x00007ff855d2a000 	C:\Windows\System32\gdi32full.dll
0x00007ff855b50000 - 0x00007ff855bf3000 	C:\Windows\System32\msvcp_win.dll
0x00007ff858630000 - 0x00007ff858662000 	C:\Windows\System32\IMM32.DLL
0x00007ff852f80000 - 0x00007ff852f8c000 	C:\Users\harsh\AppData\Local\Programs\Android Studio\jbr\bin\vcruntime140_1.dll
0x00007ff83f260000 - 0x00007ff83f2ed000 	C:\Users\harsh\AppData\Local\Programs\Android Studio\jbr\bin\msvcp140.dll
0x00007ff8017d0000 - 0x00007ff80245b000 	C:\Users\harsh\AppData\Local\Programs\Android Studio\jbr\bin\server\jvm.dll
0x00007ff8588d0000 - 0x00007ff858986000 	C:\Windows\System32\ADVAPI32.dll
0x00007ff8571f0000 - 0x00007ff857297000 	C:\Windows\System32\sechost.dll
0x00007ff857350000 - 0x00007ff857468000 	C:\Windows\System32\RPCRT4.dll
0x00007ff858670000 - 0x00007ff8586f0000 	C:\Windows\System32\WS2_32.dll
0x00007ff855800000 - 0x00007ff85585e000 	C:\Windows\SYSTEM32\POWRPROF.dll
0x00007ff8505b0000 - 0x00007ff8505e6000 	C:\Windows\SYSTEM32\WINMM.dll
0x00007ff850600000 - 0x00007ff85060b000 	C:\Windows\SYSTEM32\VERSION.dll
0x00007ff8557e0000 - 0x00007ff8557f4000 	C:\Windows\SYSTEM32\UMPDC.dll
0x00007ff8548e0000 - 0x00007ff8548fb000 	C:\Windows\SYSTEM32\kernel.appcore.dll
0x00007ff83b2e0000 - 0x00007ff83b2ea000 	C:\Users\harsh\AppData\Local\Programs\Android Studio\jbr\bin\jimage.dll
0x00007ff84a2b0000 - 0x00007ff84a4f2000 	C:\Windows\SYSTEM32\DBGHELP.DLL
0x00007ff857610000 - 0x00007ff857992000 	C:\Windows\System32\combase.dll
0x00007ff857530000 - 0x00007ff857607000 	C:\Windows\System32\OLEAUT32.dll
0x00007ff838c10000 - 0x00007ff838c4b000 	C:\Windows\SYSTEM32\dbgcore.DLL
0x00007ff856340000 - 0x00007ff8563e5000 	C:\Windows\System32\bcryptPrimitives.dll
0x00007ff8337d0000 - 0x00007ff8337f0000 	C:\Users\harsh\AppData\Local\Programs\Android Studio\jbr\bin\java.dll
0x00007ff82df90000 - 0x00007ff82dfa8000 	C:\Users\harsh\AppData\Local\Programs\Android Studio\jbr\bin\zip.dll
0x00007ff858ad0000 - 0x00007ff859236000 	C:\Windows\System32\SHELL32.dll
0x00007ff856c90000 - 0x00007ff856dfa000 	C:\Windows\System32\wintypes.dll
0x00007ff856420000 - 0x00007ff856c85000 	C:\Windows\System32\windows.storage.dll
0x00007ff8579d0000 - 0x00007ff857ac7000 	C:\Windows\System32\SHCORE.dll
0x00007ff857470000 - 0x00007ff8574d6000 	C:\Windows\System32\shlwapi.dll
0x00007ff855a70000 - 0x00007ff855a99000 	C:\Windows\SYSTEM32\profapi.dll
0x00007ff83b2d0000 - 0x00007ff83b2e0000 	C:\Users\harsh\AppData\Local\Programs\Android Studio\jbr\bin\net.dll
0x00007ff84e430000 - 0x00007ff84e55d000 	C:\Windows\SYSTEM32\WINHTTP.dll
0x00007ff854e50000 - 0x00007ff854ebc000 	C:\Windows\system32\mswsock.dll
0x00007ff80ddb0000 - 0x00007ff80ddc6000 	C:\Users\harsh\AppData\Local\Programs\Android Studio\jbr\bin\nio.dll
0x00007ff835b70000 - 0x00007ff835b79000 	C:\Users\harsh\AppData\Local\Programs\Android Studio\jbr\bin\management.dll
0x00007ff8347b0000 - 0x00007ff8347bb000 	C:\Users\harsh\AppData\Local\Programs\Android Studio\jbr\bin\management_ext.dll
0x00007ff857cb0000 - 0x00007ff857cb8000 	C:\Windows\System32\PSAPI.DLL
0x00007ff8499e0000 - 0x00007ff8499f0000 	C:\Users\harsh\AppData\Local\Programs\Android Studio\jbr\bin\verify.dll

dbghelp: loaded successfully - version: 4.0.5 - missing functions: none
symbol engine: initialized successfully - sym options: 0x614 - pdb path: .;C:\Users\harsh\AppData\Local\Programs\Android Studio\jbr\bin;C:\Windows\SYSTEM32;C:\Windows\WinSxS\amd64_microsoft.windows.common-controls_6595b64144ccf1df_6.0.26100.8115_none_3e075c82e3354f9c;C:\Users\harsh\AppData\Local\Programs\Android Studio\jbr\bin\server

VM Arguments:
java_command: org.jetbrains.kotlin.cli.jvm.K2JVMCompiler @C:\Users\harsh\AndroidStudioProjects\M7pairlix\pairlix-user-android\app\build\20260421_6231797773265257050.compiler.options
java_class_path (initial): C:\Users\harsh\.gradle\caches\modules-2\files-2.1\org.jetbrains.kotlin\kotlin-compiler-embeddable\2.2.21\b13aed5cf8412f9ee9d1e4db21bdcfebcc24f606\kotlin-compiler-embeddable-2.2.21.jar;C:\Users\harsh\.gradle\caches\modules-2\files-2.1\org.jetbrains.kotlin\kotlin-stdlib\2.2.21\fa374a986e128314c3db00a20aae55f72a258511\kotlin-stdlib-2.2.21.jar;C:\Users\harsh\.gradle\caches\modules-2\files-2.1\org.jetbrains.kotlin\kotlin-script-runtime\2.2.21\e9b021c4e335e4ed7a7e3b32285249ae6bb3a6c8\kotlin-script-runtime-2.2.21.jar;C:\Users\harsh\.gradle\caches\modules-2\files-2.1\org.jetbrains.kotlin\kotlin-reflect\1.6.10\1cbe9c92c12a94eea200d23c2bbaedaf3daf5132\kotlin-reflect-1.6.10.jar;C:\Users\harsh\.gradle\caches\modules-2\files-2.1\org.jetbrains.kotlin\kotlin-daemon-embeddable\2.2.21\78fde5db1c92786448170b351d8f8868acabd2ce\kotlin-daemon-embeddable-2.2.21.jar;C:\Users\harsh\.gradle\caches\modules-2\files-2.1\org.jetbrains.kotlinx\kotlinx-coroutines-core-jvm\1.8.0\ac1dc37a30a93150b704022f8d895ee1bd3a36b3\kotlinx-coroutines-core-jvm-1.8.0.jar;C:\Users\harsh\.gradle\caches\modules-2\files-2.1\org.jetbrains\annotations\13.0\919f0dfe192fb4e063e7dacadee7f8bb9a2672a9\annotations-13.0.jar
Launcher Type: SUN_STANDARD

[Global flags]
     intx CICompilerCount                          = 4                                         {product} {ergonomic}
     uint ConcGCThreads                            = 3                                         {product} {ergonomic}
     uint G1ConcRefinementThreads                  = 10                                        {product} {ergonomic}
   size_t G1HeapRegionSize                         = 2097152                                   {product} {ergonomic}
    uintx GCDrainStackTargetSize                   = 64                                        {product} {ergonomic}
   size_t InitialHeapSize                          = 257949696                                 {product} {ergonomic}
   size_t MarkStackSize                            = 4194304                                   {product} {ergonomic}
   size_t MaxHeapSize                              = 4118806528                                {product} {ergonomic}
   size_t MaxNewSize                               = 2470445056                                {product} {ergonomic}
   size_t MinHeapDeltaBytes                        = 2097152                                   {product} {ergonomic}
   size_t MinHeapSize                              = 8388608                                   {product} {ergonomic}
    uintx NonNMethodCodeHeapSize                   = 5839372                                {pd product} {ergonomic}
    uintx NonProfiledCodeHeapSize                  = 122909434                              {pd product} {ergonomic}
    uintx ProfiledCodeHeapSize                     = 122909434                              {pd product} {ergonomic}
    uintx ReservedCodeCacheSize                    = 251658240                              {pd product} {ergonomic}
     bool SegmentedCodeCache                       = true                                      {product} {ergonomic}
   size_t SoftMaxHeapSize                          = 4118806528                             {manageable} {ergonomic}
     bool UseCompressedOops                        = true                           {product lp64_product} {ergonomic}
     bool UseG1GC                                  = true                                      {product} {ergonomic}
     bool UseLargePagesIndividualAllocation        = false                                  {pd product} {ergonomic}

Logging:
Log output configuration:
 #0: stdout all=warning uptime,level,tags foldmultilines=false
 #1: stderr all=off uptime,level,tags foldmultilines=false

Environment Variables:
PATH=D:\oracle\product\10.2.0\db_1\bin;C:\Program Files\Common Files\Oracle\Java\javapath;C:\Windows\system32;C:\Windows;C:\Windows\System32\Wbem;C:\Windows\System32\WindowsPowerShell\v1.0\;C:\Windows\System32\OpenSSH\;C:\ProgramData\chocolatey\bin;C:\Program Files\Java\jdk-23\bin;C:\Program Files\Git\cmd;D:\flutter\bin;C:\Users\harsh\AppData\Local\Microsoft\WindowsApps;C:\Users\harsh\AppData\Local\Programs\Microsoft VS Code\bin;C:\Users\harsh\AppData\Roaming\Python\Python313\Scripts;C:\Users\harsh\AppData\Local\JetBrains\Toolbox\scripts;
USERNAME=harsh
OS=Windows_NT
PROCESSOR_IDENTIFIER=AMD64 Family 25 Model 80 Stepping 0, AuthenticAMD
TMP=C:\Users\harsh\AppData\Local\Temp
TEMP=C:\Users\harsh\AppData\Local\Temp




Periodic native trim disabled

JNI global refs:
JNI global refs: 15, weak refs: 6

JNI global refs memory usage: 835, weak refs: 833

Process memory usage:
Resident Set Size: 824220K (5% of 16085060K total physical memory with 871188K free physical memory)

OOME stack traces (most recent first):
Classloader memory used:
Loader jdk.internal.loader.ClassLoaders$AppClassLoader                                 : 65385K
Loader bootstrap                                                                       : 11625K
Loader java.net.URLClassLoader                                                         : 951K

---------------  S Y S T E M  ---------------

OS:
 Windows 11 , 64 bit Build 26100 (10.0.26100.8115)
OS uptime: 14 days 2:01 hours
Hyper-V role detected

CPU: total 12 (initial active 12) (12 cores per cpu, 2 threads per core) family 25 model 80 stepping 0 microcode 0xa50000d, cx8, cmov, fxsr, ht, mmx, 3dnowpref, sse, sse2, sse3, ssse3, sse4a, sse4.1, sse4.2, popcnt, lzcnt, tsc, tscinvbit, avx, avx2, aes, erms, clmul, bmi1, bmi2, adx, sha, fma, vzeroupper, clflush, clflushopt, hv, rdtscp, rdpid, fsrm, f16c, cet_ss
Processor Information for processor 0
  Max Mhz: 2301, Current Mhz: 1798, Mhz Limit: 2301
Processor Information for processor 1
  Max Mhz: 2301, Current Mhz: 1798, Mhz Limit: 2301
Processor Information for processor 2
  Max Mhz: 2301, Current Mhz: 1798, Mhz Limit: 2301
Processor Information for processor 3
  Max Mhz: 2301, Current Mhz: 1798, Mhz Limit: 2301
Processor Information for processor 4
  Max Mhz: 2301, Current Mhz: 1798, Mhz Limit: 2301
Processor Information for processor 5
  Max Mhz: 2301, Current Mhz: 1798, Mhz Limit: 2301
Processor Information for processor 6
  Max Mhz: 2301, Current Mhz: 1798, Mhz Limit: 2301
Processor Information for processor 7
  Max Mhz: 2301, Current Mhz: 1798, Mhz Limit: 2301
Processor Information for processor 8
  Max Mhz: 2301, Current Mhz: 1798, Mhz Limit: 2301
Processor Information for processor 9
  Max Mhz: 2301, Current Mhz: 1904, Mhz Limit: 2301
Processor Information for processor 10
  Max Mhz: 2301, Current Mhz: 1904, Mhz Limit: 2301
Processor Information for processor 11
  Max Mhz: 2301, Current Mhz: 1798, Mhz Limit: 2301

Memory: 4k page, system-wide physical 15708M (850M free)
TotalPageFile size 20708M (AvailPageFile size 60M)
current process WorkingSet (physical memory assigned to process): 804M, peak: 808M
current process commit charge ("private bytes"): 840M, peak: 946M

vm_info: OpenJDK 64-Bit Server VM (21.0.6+-13368085-b895.109) for windows-amd64 JRE (21.0.6+-13368085-b895.109), built on 2025-04-16T17:01:31Z by "builder" with MS VC++ 16.10 / 16.11 (VS2019)

END.
