#
# There is insufficient memory for the Java Runtime Environment to continue.
# Native memory allocation (malloc) failed to allocate 1788880 bytes. Error detail: Chunk::new
# Possible reasons:
#   The system is out of physical RAM or swap space
#   This process is running with CompressedOops enabled, and the Java Heap may be blocking the growth of the native heap
# Possible solutions:
#   Reduce memory load on the system
#   Increase physical memory or swap space
#   Check if swap backing store is full
#   Decrease Java heap size (-Xmx/-Xms)
#   Decrease number of Java threads
#   Decrease Java thread stack sizes (-Xss)
#   Set larger code cache with -XX:ReservedCodeCacheSize=
#   JVM is running with Zero Based Compressed Oops mode in which the Java heap is
#     placed in the first 32GB address space. The Java Heap base address is the
#     maximum limit for the native heap growth. Please use -XX:HeapBaseMinAddress
#     to set the Java Heap base and to place the Java Heap above 32GB virtual address.
# This output file may be truncated or incomplete.
#
#  Out of Memory Error (arena.cpp:168), pid=20700, tid=25576
#
# JRE version: OpenJDK Runtime Environment (21.0.6) (build 21.0.6+-13368085-b895.109)
# Java VM: OpenJDK 64-Bit Server VM (21.0.6+-13368085-b895.109, mixed mode, tiered, compressed oops, compressed class ptrs, g1 gc, windows-amd64)
# No core dump will be written. Minidumps are not enabled by default on client versions of Windows
#

---------------  S U M M A R Y ------------

Command Line: org.jetbrains.kotlin.cli.jvm.K2JVMCompiler @C:\Users\harsh\AndroidStudioProjects\M7pairlix\pairlix-user-android\app\build\20260421_5366103582756092580.compiler.options

Host: AMD Ryzen 5 5625U with Radeon Graphics         , 12 cores, 15G,  Windows 11 , 64 bit Build 26100 (10.0.26100.8115)
Time: Tue Apr 21 21:51:05 2026 India Standard Time elapsed time: 53.870373 seconds (0d 0h 0m 53s)

---------------  T H R E A D  ---------------

Current thread (0x0000025e96c94370):  JavaThread "C2 CompilerThread2" daemon [_thread_in_native, id=25576, stack(0x000000c889600000,0x000000c889700000) (1024K)]


Current CompileTask:
C2:53870 25678       4       org.jetbrains.kotlin.ir.util.DeepCopyIrTreeWithSymbols::remapType (12 bytes)

Stack: [0x000000c889600000,0x000000c889700000]
Native frames: (J=compiled Java code, j=interpreted, Vv=VM code, C=native code)
V  [jvm.dll+0x6d0639]
V  [jvm.dll+0x85eb03]
V  [jvm.dll+0x86105e]
V  [jvm.dll+0x861743]
V  [jvm.dll+0x27e6e6]
V  [jvm.dll+0xbff6d]
V  [jvm.dll+0xc04a3]
V  [jvm.dll+0x3b61ab]
V  [jvm.dll+0x1de684]
V  [jvm.dll+0x247dd4]
V  [jvm.dll+0x247251]
V  [jvm.dll+0x1c5f04]
V  [jvm.dll+0x2569ac]
V  [jvm.dll+0x254ef6]
V  [jvm.dll+0x3f0e96]
V  [jvm.dll+0x806ed8]
V  [jvm.dll+0x6cef0d]
C  [ucrtbase.dll+0x37b0]
C  [KERNEL32.DLL+0x2e8d7]
C  [ntdll.dll+0x8c3fc]


---------------  P R O C E S S  ---------------

Threads class SMR info:
_java_thread_list=0x0000025e953d6980, length=13, elements={
0x0000025ef28bd780, 0x0000025e9304e870, 0x0000025e9304eed0, 0x0000025e93078740,
0x0000025e93078da0, 0x0000025e93079400, 0x0000025e9309a3c0, 0x0000025e9309b590,
0x0000025e9308dbf0, 0x0000025e93250a20, 0x0000025e93259e80, 0x0000025e94ae9600,
0x0000025e96c94370
}

Java Threads: ( => current thread )
  0x0000025ef28bd780 JavaThread "main"                              [_thread_in_Java, id=14944, stack(0x000000c889700000,0x000000c889800000) (1024K)]
  0x0000025e9304e870 JavaThread "Reference Handler"          daemon [_thread_blocked, id=16556, stack(0x000000c889f00000,0x000000c88a000000) (1024K)]
  0x0000025e9304eed0 JavaThread "Finalizer"                  daemon [_thread_blocked, id=1348, stack(0x000000c88a000000,0x000000c88a100000) (1024K)]
  0x0000025e93078740 JavaThread "Signal Dispatcher"          daemon [_thread_blocked, id=24304, stack(0x000000c88a100000,0x000000c88a200000) (1024K)]
  0x0000025e93078da0 JavaThread "Attach Listener"            daemon [_thread_blocked, id=16912, stack(0x000000c88a200000,0x000000c88a300000) (1024K)]
  0x0000025e93079400 JavaThread "Service Thread"             daemon [_thread_blocked, id=12724, stack(0x000000c88a300000,0x000000c88a400000) (1024K)]
  0x0000025e9309a3c0 JavaThread "Monitor Deflation Thread"   daemon [_thread_blocked, id=10200, stack(0x000000c88a400000,0x000000c88a500000) (1024K)]
  0x0000025e9309b590 JavaThread "C2 CompilerThread0"         daemon [_thread_in_native, id=9072, stack(0x000000c88a500000,0x000000c88a600000) (1024K)]
  0x0000025e9308dbf0 JavaThread "C1 CompilerThread0"         daemon [_thread_in_native, id=7632, stack(0x000000c88a600000,0x000000c88a700000) (1024K)]
  0x0000025e93250a20 JavaThread "Notification Thread"        daemon [_thread_blocked, id=22120, stack(0x000000c88a700000,0x000000c88a800000) (1024K)]
  0x0000025e93259e80 JavaThread "Common-Cleaner"             daemon [_thread_blocked, id=12596, stack(0x000000c88a800000,0x000000c88a900000) (1024K)]
  0x0000025e94ae9600 JavaThread "C2 CompilerThread1"         daemon [_thread_in_native, id=12120, stack(0x000000c88b300000,0x000000c88b400000) (1024K)]
=>0x0000025e96c94370 JavaThread "C2 CompilerThread2"         daemon [_thread_in_native, id=25576, stack(0x000000c889600000,0x000000c889700000) (1024K)]
Total: 13

Other Threads:
  0x0000025e93020110 VMThread "VM Thread"                           [id=20440, stack(0x000000c889e00000,0x000000c889f00000) (1024K)]
  0x0000025effccac20 WatcherThread "VM Periodic Task Thread"        [id=6220, stack(0x000000c889d00000,0x000000c889e00000) (1024K)]
  0x0000025ef4d9d9c0 WorkerThread "GC Thread#0"                     [id=7932, stack(0x000000c889800000,0x000000c889900000) (1024K)]
  0x0000025e93953a10 WorkerThread "GC Thread#1"                     [id=23608, stack(0x000000c88aa00000,0x000000c88ab00000) (1024K)]
  0x0000025e93971c50 WorkerThread "GC Thread#2"                     [id=24636, stack(0x000000c88ab00000,0x000000c88ac00000) (1024K)]
  0x0000025e93990b20 WorkerThread "GC Thread#3"                     [id=7684, stack(0x000000c88ac00000,0x000000c88ad00000) (1024K)]
  0x0000025e93990ec0 WorkerThread "GC Thread#4"                     [id=7820, stack(0x000000c88ad00000,0x000000c88ae00000) (1024K)]
  0x0000025e939a2d80 WorkerThread "GC Thread#5"                     [id=5616, stack(0x000000c88ae00000,0x000000c88af00000) (1024K)]
  0x0000025e93a7e820 WorkerThread "GC Thread#6"                     [id=22228, stack(0x000000c88a900000,0x000000c88aa00000) (1024K)]
  0x0000025e93a7e480 WorkerThread "GC Thread#7"                     [id=20364, stack(0x000000c88af00000,0x000000c88b000000) (1024K)]
  0x0000025e93a7ebc0 WorkerThread "GC Thread#8"                     [id=956, stack(0x000000c88b000000,0x000000c88b100000) (1024K)]
  0x0000025e93eda040 WorkerThread "GC Thread#9"                     [id=10628, stack(0x000000c88b400000,0x000000c88b500000) (1024K)]
  0x0000025ef4dafe30 ConcurrentGCThread "G1 Main Marker"            [id=11652, stack(0x000000c889900000,0x000000c889a00000) (1024K)]
  0x0000025ef4db2520 WorkerThread "G1 Conc#0"                       [id=23012, stack(0x000000c889a00000,0x000000c889b00000) (1024K)]
  0x0000025e93ed8340 WorkerThread "G1 Conc#1"                       [id=15372, stack(0x000000c88b100000,0x000000c88b200000) (1024K)]
  0x0000025e93ed7120 WorkerThread "G1 Conc#2"                       [id=22740, stack(0x000000c88b200000,0x000000c88b300000) (1024K)]
  0x0000025effb9b5a0 ConcurrentGCThread "G1 Refine#0"               [id=23600, stack(0x000000c889b00000,0x000000c889c00000) (1024K)]
  0x0000025effb9b9d0 ConcurrentGCThread "G1 Service"                [id=22496, stack(0x000000c889c00000,0x000000c889d00000) (1024K)]
Total: 18

Threads with active compile tasks:
C2 CompilerThread0  54915 25789       4       org.jetbrains.kotlin.ir.util.DeepCopyTypeRemapper::remapTypeOrNull (283 bytes)
C1 CompilerThread0  54915 25976       2       androidx.compose.compiler.plugins.kotlin.lower.ComposableTypeTransformer::visitCall (386 bytes)
C2 CompilerThread1  54915 25799       4       org.jetbrains.kotlin.ir.util.DeepCopyIrTreeWithSymbols::visitCall (9 bytes)
C2 CompilerThread2  54915 25678       4       org.jetbrains.kotlin.ir.util.DeepCopyIrTreeWithSymbols::remapType (12 bytes)
Total: 4

VM state: not at safepoint (normal execution)

VM Mutex/Monitor currently owned by a thread: None

Heap address: 0x000000070a800000, size: 3928 MB, Compressed Oops mode: Zero based, Oop shift amount: 3

CDS archive(s) not mapped
Compressed class space mapped at: 0x0000000800000000-0x0000000840000000, reserved size: 1073741824
Narrow klass base: 0x0000000800000000, Narrow klass shift: 0, Narrow klass range: 0x40000000

GC Precious Log:
 CardTable entry size: 512
 Card Set container configuration: InlinePtr #cards 4 size 8 Array Of Cards #cards 16 size 48 Howl #buckets 8 coarsen threshold 3686 Howl Bitmap #cards 512 size 80 coarsen threshold 460 Card regions per heap region 1 cards per card region 4096
 CPUs: 12 total, 12 available
 Memory: 15708M
 Large Page Support: Disabled
 NUMA Support: Disabled
 Compressed Oops: Enabled (Zero based)
 Heap Region Size: 2M
 Heap Min Capacity: 8M
 Heap Initial Capacity: 246M
 Heap Max Capacity: 3928M
 Pre-touch: Disabled
 Parallel Workers: 10
 Concurrent Workers: 3
 Concurrent Refinement Workers: 10
 Periodic GC: Disabled

Heap:
 garbage-first heap   total 686080K, used 519540K [0x000000070a800000, 0x0000000800000000)
  region size 2048K, 61 young (124928K), 6 survivors (12288K)
 Metaspace       used 93778K, committed 94144K, reserved 1179648K
  class space    used 9417K, committed 9600K, reserved 1048576K

Heap Regions: E=young(eden), S=young(survivor), O=old, HS=humongous(starts), HC=humongous(continues), CS=collection set, F=free, TAMS=top-at-mark-start, PB=parsable bottom
|   0|0x000000070a800000, 0x000000070aa00000, 0x000000070aa00000|100%|HS|  |TAMS 0x000000070a800000| PB 0x000000070a800000| Complete 
|   1|0x000000070aa00000, 0x000000070ac00000, 0x000000070ac00000|100%|HC|  |TAMS 0x000000070aa00000| PB 0x000000070aa00000| Complete 
|   2|0x000000070ac00000, 0x000000070ae00000, 0x000000070ae00000|100%| O|  |TAMS 0x000000070ac00000| PB 0x000000070ac00000| Untracked 
|   3|0x000000070ae00000, 0x000000070b000000, 0x000000070b000000|100%| O|  |TAMS 0x000000070ae00000| PB 0x000000070ae00000| Untracked 
|   4|0x000000070b000000, 0x000000070b200000, 0x000000070b200000|100%| O|  |TAMS 0x000000070b000000| PB 0x000000070b000000| Untracked 
|   5|0x000000070b200000, 0x000000070b400000, 0x000000070b400000|100%| O|  |TAMS 0x000000070b200000| PB 0x000000070b200000| Untracked 
|   6|0x000000070b400000, 0x000000070b600000, 0x000000070b600000|100%| O|  |TAMS 0x000000070b400000| PB 0x000000070b400000| Untracked 
|   7|0x000000070b600000, 0x000000070b800000, 0x000000070b800000|100%| O|  |TAMS 0x000000070b600000| PB 0x000000070b600000| Untracked 
|   8|0x000000070b800000, 0x000000070ba00000, 0x000000070ba00000|100%| O|  |TAMS 0x000000070b800000| PB 0x000000070b800000| Untracked 
|   9|0x000000070ba00000, 0x000000070bc00000, 0x000000070bc00000|100%| O|  |TAMS 0x000000070ba00000| PB 0x000000070ba00000| Untracked 
|  10|0x000000070bc00000, 0x000000070be00000, 0x000000070be00000|100%| O|  |TAMS 0x000000070bc00000| PB 0x000000070bc00000| Untracked 
|  11|0x000000070be00000, 0x000000070c000000, 0x000000070c000000|100%| O|  |TAMS 0x000000070be00000| PB 0x000000070be00000| Untracked 
|  12|0x000000070c000000, 0x000000070c200000, 0x000000070c200000|100%| O|  |TAMS 0x000000070c000000| PB 0x000000070c000000| Untracked 
|  13|0x000000070c200000, 0x000000070c400000, 0x000000070c400000|100%| O|  |TAMS 0x000000070c200000| PB 0x000000070c200000| Untracked 
|  14|0x000000070c400000, 0x000000070c600000, 0x000000070c600000|100%| O|  |TAMS 0x000000070c400000| PB 0x000000070c400000| Untracked 
|  15|0x000000070c600000, 0x000000070c800000, 0x000000070c800000|100%| O|  |TAMS 0x000000070c600000| PB 0x000000070c600000| Untracked 
|  16|0x000000070c800000, 0x000000070ca00000, 0x000000070ca00000|100%| O|  |TAMS 0x000000070c800000| PB 0x000000070c800000| Untracked 
|  17|0x000000070ca00000, 0x000000070cc00000, 0x000000070cc00000|100%| O|  |TAMS 0x000000070ca00000| PB 0x000000070ca00000| Untracked 
|  18|0x000000070cc00000, 0x000000070ce00000, 0x000000070ce00000|100%| O|  |TAMS 0x000000070cc00000| PB 0x000000070cc00000| Untracked 
|  19|0x000000070ce00000, 0x000000070d000000, 0x000000070d000000|100%| O|  |TAMS 0x000000070ce00000| PB 0x000000070ce00000| Untracked 
|  20|0x000000070d000000, 0x000000070d200000, 0x000000070d200000|100%| O|  |TAMS 0x000000070d000000| PB 0x000000070d000000| Untracked 
|  21|0x000000070d200000, 0x000000070d400000, 0x000000070d400000|100%| O|  |TAMS 0x000000070d200000| PB 0x000000070d200000| Untracked 
|  22|0x000000070d400000, 0x000000070d600000, 0x000000070d600000|100%| O|  |TAMS 0x000000070d400000| PB 0x000000070d400000| Untracked 
|  23|0x000000070d600000, 0x000000070d800000, 0x000000070d800000|100%| O|  |TAMS 0x000000070d600000| PB 0x000000070d600000| Untracked 
|  24|0x000000070d800000, 0x000000070da00000, 0x000000070da00000|100%| O|  |TAMS 0x000000070d800000| PB 0x000000070d800000| Untracked 
|  25|0x000000070da00000, 0x000000070dc00000, 0x000000070dc00000|100%| O|  |TAMS 0x000000070da00000| PB 0x000000070da00000| Untracked 
|  26|0x000000070dc00000, 0x000000070de00000, 0x000000070de00000|100%| O|  |TAMS 0x000000070dc00000| PB 0x000000070dc00000| Untracked 
|  27|0x000000070de00000, 0x000000070e000000, 0x000000070e000000|100%| O|  |TAMS 0x000000070de00000| PB 0x000000070de00000| Untracked 
|  28|0x000000070e000000, 0x000000070e200000, 0x000000070e200000|100%| O|  |TAMS 0x000000070e000000| PB 0x000000070e000000| Untracked 
|  29|0x000000070e200000, 0x000000070e400000, 0x000000070e400000|100%| O|  |TAMS 0x000000070e200000| PB 0x000000070e200000| Untracked 
|  30|0x000000070e400000, 0x000000070e600000, 0x000000070e600000|100%| O|  |TAMS 0x000000070e400000| PB 0x000000070e400000| Untracked 
|  31|0x000000070e600000, 0x000000070e800000, 0x000000070e800000|100%| O|  |TAMS 0x000000070e600000| PB 0x000000070e600000| Untracked 
|  32|0x000000070e800000, 0x000000070ea00000, 0x000000070ea00000|100%| O|  |TAMS 0x000000070e800000| PB 0x000000070e800000| Untracked 
|  33|0x000000070ea00000, 0x000000070ec00000, 0x000000070ec00000|100%| O|  |TAMS 0x000000070ea00000| PB 0x000000070ea00000| Untracked 
|  34|0x000000070ec00000, 0x000000070ee00000, 0x000000070ee00000|100%| O|  |TAMS 0x000000070ec00000| PB 0x000000070ec00000| Untracked 
|  35|0x000000070ee00000, 0x000000070f000000, 0x000000070f000000|100%| O|  |TAMS 0x000000070ee00000| PB 0x000000070ee00000| Untracked 
|  36|0x000000070f000000, 0x000000070f200000, 0x000000070f200000|100%| O|  |TAMS 0x000000070f000000| PB 0x000000070f000000| Untracked 
|  37|0x000000070f200000, 0x000000070f400000, 0x000000070f400000|100%| O|  |TAMS 0x000000070f200000| PB 0x000000070f200000| Untracked 
|  38|0x000000070f400000, 0x000000070f600000, 0x000000070f600000|100%| O|  |TAMS 0x000000070f400000| PB 0x000000070f400000| Untracked 
|  39|0x000000070f600000, 0x000000070f800000, 0x000000070f800000|100%| O|  |TAMS 0x000000070f600000| PB 0x000000070f600000| Untracked 
|  40|0x000000070f800000, 0x000000070fa00000, 0x000000070fa00000|100%| O|  |TAMS 0x000000070f800000| PB 0x000000070f800000| Untracked 
|  41|0x000000070fa00000, 0x000000070fc00000, 0x000000070fc00000|100%| O|  |TAMS 0x000000070fa00000| PB 0x000000070fa00000| Untracked 
|  42|0x000000070fc00000, 0x000000070fe00000, 0x000000070fe00000|100%| O|  |TAMS 0x000000070fc00000| PB 0x000000070fc00000| Untracked 
|  43|0x000000070fe00000, 0x0000000710000000, 0x0000000710000000|100%| O|  |TAMS 0x000000070fe00000| PB 0x000000070fe00000| Untracked 
|  44|0x0000000710000000, 0x0000000710200000, 0x0000000710200000|100%| O|  |TAMS 0x0000000710000000| PB 0x0000000710000000| Untracked 
|  45|0x0000000710200000, 0x0000000710400000, 0x0000000710400000|100%| O|  |TAMS 0x0000000710200000| PB 0x0000000710200000| Untracked 
|  46|0x0000000710400000, 0x0000000710600000, 0x0000000710600000|100%| O|  |TAMS 0x0000000710400000| PB 0x0000000710400000| Untracked 
|  47|0x0000000710600000, 0x0000000710800000, 0x0000000710800000|100%| O|  |TAMS 0x0000000710600000| PB 0x0000000710600000| Untracked 
|  48|0x0000000710800000, 0x0000000710a00000, 0x0000000710a00000|100%| O|  |TAMS 0x0000000710800000| PB 0x0000000710800000| Untracked 
|  49|0x0000000710a00000, 0x0000000710c00000, 0x0000000710c00000|100%| O|  |TAMS 0x0000000710a00000| PB 0x0000000710a00000| Untracked 
|  50|0x0000000710c00000, 0x0000000710e00000, 0x0000000710e00000|100%| O|  |TAMS 0x0000000710c00000| PB 0x0000000710c00000| Untracked 
|  51|0x0000000710e00000, 0x0000000711000000, 0x0000000711000000|100%| O|  |TAMS 0x0000000710e00000| PB 0x0000000710e00000| Untracked 
|  52|0x0000000711000000, 0x0000000711200000, 0x0000000711200000|100%| O|  |TAMS 0x0000000711000000| PB 0x0000000711000000| Untracked 
|  53|0x0000000711200000, 0x0000000711400000, 0x0000000711400000|100%| O|  |TAMS 0x0000000711200000| PB 0x0000000711200000| Untracked 
|  54|0x0000000711400000, 0x0000000711600000, 0x0000000711600000|100%| O|  |TAMS 0x0000000711400000| PB 0x0000000711400000| Untracked 
|  55|0x0000000711600000, 0x0000000711800000, 0x0000000711800000|100%| O|  |TAMS 0x0000000711600000| PB 0x0000000711600000| Untracked 
|  56|0x0000000711800000, 0x0000000711a00000, 0x0000000711a00000|100%| O|  |TAMS 0x0000000711800000| PB 0x0000000711800000| Untracked 
|  57|0x0000000711a00000, 0x0000000711c00000, 0x0000000711c00000|100%| O|  |TAMS 0x0000000711a00000| PB 0x0000000711a00000| Untracked 
|  58|0x0000000711c00000, 0x0000000711e00000, 0x0000000711e00000|100%| O|  |TAMS 0x0000000711c00000| PB 0x0000000711c00000| Untracked 
|  59|0x0000000711e00000, 0x0000000712000000, 0x0000000712000000|100%| O|  |TAMS 0x0000000711e00000| PB 0x0000000711e00000| Untracked 
|  60|0x0000000712000000, 0x0000000712200000, 0x0000000712200000|100%| O|  |TAMS 0x0000000712000000| PB 0x0000000712000000| Untracked 
|  61|0x0000000712200000, 0x0000000712400000, 0x0000000712400000|100%| O|  |TAMS 0x0000000712200000| PB 0x0000000712200000| Untracked 
|  62|0x0000000712400000, 0x0000000712600000, 0x0000000712600000|100%| O|  |TAMS 0x0000000712400000| PB 0x0000000712400000| Untracked 
|  63|0x0000000712600000, 0x0000000712800000, 0x0000000712800000|100%| O|  |TAMS 0x0000000712600000| PB 0x0000000712600000| Untracked 
|  64|0x0000000712800000, 0x0000000712a00000, 0x0000000712a00000|100%| O|  |TAMS 0x0000000712800000| PB 0x0000000712800000| Untracked 
|  65|0x0000000712a00000, 0x0000000712c00000, 0x0000000712c00000|100%| O|  |TAMS 0x0000000712a00000| PB 0x0000000712a00000| Untracked 
|  66|0x0000000712c00000, 0x0000000712e00000, 0x0000000712e00000|100%| O|  |TAMS 0x0000000712c00000| PB 0x0000000712c00000| Untracked 
|  67|0x0000000712e00000, 0x0000000713000000, 0x0000000713000000|100%| O|  |TAMS 0x0000000712e00000| PB 0x0000000712e00000| Untracked 
|  68|0x0000000713000000, 0x0000000713200000, 0x0000000713200000|100%| O|  |TAMS 0x0000000713000000| PB 0x0000000713000000| Untracked 
|  69|0x0000000713200000, 0x0000000713400000, 0x0000000713400000|100%| O|  |TAMS 0x0000000713200000| PB 0x0000000713200000| Untracked 
|  70|0x0000000713400000, 0x0000000713600000, 0x0000000713600000|100%| O|  |TAMS 0x0000000713400000| PB 0x0000000713400000| Untracked 
|  71|0x0000000713600000, 0x0000000713800000, 0x0000000713800000|100%| O|  |TAMS 0x0000000713600000| PB 0x0000000713600000| Untracked 
|  72|0x0000000713800000, 0x0000000713a00000, 0x0000000713a00000|100%| O|  |TAMS 0x0000000713800000| PB 0x0000000713800000| Untracked 
|  73|0x0000000713a00000, 0x0000000713c00000, 0x0000000713c00000|100%| O|  |TAMS 0x0000000713a00000| PB 0x0000000713a00000| Untracked 
|  74|0x0000000713c00000, 0x0000000713e00000, 0x0000000713e00000|100%| O|  |TAMS 0x0000000713c00000| PB 0x0000000713c00000| Untracked 
|  75|0x0000000713e00000, 0x0000000714000000, 0x0000000714000000|100%| O|  |TAMS 0x0000000713e00000| PB 0x0000000713e00000| Untracked 
|  76|0x0000000714000000, 0x0000000714200000, 0x0000000714200000|100%| O|  |TAMS 0x0000000714000000| PB 0x0000000714000000| Untracked 
|  77|0x0000000714200000, 0x0000000714400000, 0x0000000714400000|100%| O|  |TAMS 0x0000000714200000| PB 0x0000000714200000| Untracked 
|  78|0x0000000714400000, 0x0000000714600000, 0x0000000714600000|100%| O|  |TAMS 0x0000000714400000| PB 0x0000000714400000| Untracked 
|  79|0x0000000714600000, 0x0000000714800000, 0x0000000714800000|100%| O|  |TAMS 0x0000000714600000| PB 0x0000000714600000| Untracked 
|  80|0x0000000714800000, 0x0000000714a00000, 0x0000000714a00000|100%| O|  |TAMS 0x0000000714800000| PB 0x0000000714800000| Untracked 
|  81|0x0000000714a00000, 0x0000000714c00000, 0x0000000714c00000|100%| O|  |TAMS 0x0000000714a00000| PB 0x0000000714a00000| Untracked 
|  82|0x0000000714c00000, 0x0000000714e00000, 0x0000000714e00000|100%| O|  |TAMS 0x0000000714c00000| PB 0x0000000714c00000| Untracked 
|  83|0x0000000714e00000, 0x0000000715000000, 0x0000000715000000|100%| O|  |TAMS 0x0000000714e00000| PB 0x0000000714e00000| Untracked 
|  84|0x0000000715000000, 0x0000000715200000, 0x0000000715200000|100%| O|  |TAMS 0x0000000715000000| PB 0x0000000715000000| Untracked 
|  85|0x0000000715200000, 0x0000000715400000, 0x0000000715400000|100%| O|Cm|TAMS 0x0000000715200000| PB 0x0000000715200000| Complete 
|  86|0x0000000715400000, 0x0000000715600000, 0x0000000715600000|100%| O|  |TAMS 0x0000000715400000| PB 0x0000000715400000| Untracked 
|  87|0x0000000715600000, 0x0000000715800000, 0x0000000715800000|100%| O|  |TAMS 0x0000000715600000| PB 0x0000000715600000| Untracked 
|  88|0x0000000715800000, 0x0000000715a00000, 0x0000000715a00000|100%| O|  |TAMS 0x0000000715800000| PB 0x0000000715800000| Untracked 
|  89|0x0000000715a00000, 0x0000000715c00000, 0x0000000715c00000|100%| O|  |TAMS 0x0000000715a00000| PB 0x0000000715a00000| Untracked 
|  90|0x0000000715c00000, 0x0000000715e00000, 0x0000000715e00000|100%| O|  |TAMS 0x0000000715c00000| PB 0x0000000715c00000| Untracked 
|  91|0x0000000715e00000, 0x0000000716000000, 0x0000000716000000|100%| O|  |TAMS 0x0000000715e00000| PB 0x0000000715e00000| Untracked 
|  92|0x0000000716000000, 0x0000000716200000, 0x0000000716200000|100%| O|  |TAMS 0x0000000716000000| PB 0x0000000716000000| Untracked 
|  93|0x0000000716200000, 0x0000000716400000, 0x0000000716400000|100%| O|  |TAMS 0x0000000716200000| PB 0x0000000716200000| Untracked 
|  94|0x0000000716400000, 0x0000000716600000, 0x0000000716600000|100%| O|  |TAMS 0x0000000716400000| PB 0x0000000716400000| Untracked 
|  95|0x0000000716600000, 0x0000000716800000, 0x0000000716800000|100%| O|  |TAMS 0x0000000716600000| PB 0x0000000716600000| Untracked 
|  96|0x0000000716800000, 0x0000000716a00000, 0x0000000716a00000|100%| O|  |TAMS 0x0000000716800000| PB 0x0000000716800000| Untracked 
|  97|0x0000000716a00000, 0x0000000716c00000, 0x0000000716c00000|100%| O|  |TAMS 0x0000000716a00000| PB 0x0000000716a00000| Untracked 
|  98|0x0000000716c00000, 0x0000000716e00000, 0x0000000716e00000|100%| O|  |TAMS 0x0000000716c00000| PB 0x0000000716c00000| Untracked 
|  99|0x0000000716e00000, 0x0000000717000000, 0x0000000717000000|100%| O|  |TAMS 0x0000000716e00000| PB 0x0000000716e00000| Untracked 
| 100|0x0000000717000000, 0x0000000717200000, 0x0000000717200000|100%| O|  |TAMS 0x0000000717000000| PB 0x0000000717000000| Untracked 
| 101|0x0000000717200000, 0x0000000717400000, 0x0000000717400000|100%| O|  |TAMS 0x0000000717200000| PB 0x0000000717200000| Untracked 
| 102|0x0000000717400000, 0x0000000717600000, 0x0000000717600000|100%| O|Cm|TAMS 0x0000000717400000| PB 0x0000000717400000| Complete 
| 103|0x0000000717600000, 0x0000000717800000, 0x0000000717800000|100%| O|  |TAMS 0x0000000717600000| PB 0x0000000717600000| Untracked 
| 104|0x0000000717800000, 0x0000000717a00000, 0x0000000717a00000|100%| O|  |TAMS 0x0000000717800000| PB 0x0000000717800000| Untracked 
| 105|0x0000000717a00000, 0x0000000717c00000, 0x0000000717c00000|100%| O|  |TAMS 0x0000000717a00000| PB 0x0000000717a00000| Untracked 
| 106|0x0000000717c00000, 0x0000000717e00000, 0x0000000717e00000|100%| O|  |TAMS 0x0000000717c00000| PB 0x0000000717c00000| Untracked 
| 107|0x0000000717e00000, 0x0000000718000000, 0x0000000718000000|100%| O|  |TAMS 0x0000000717e00000| PB 0x0000000717e00000| Untracked 
| 108|0x0000000718000000, 0x0000000718200000, 0x0000000718200000|100%| O|  |TAMS 0x0000000718000000| PB 0x0000000718000000| Untracked 
| 109|0x0000000718200000, 0x0000000718400000, 0x0000000718400000|100%| O|Cm|TAMS 0x0000000718200000| PB 0x0000000718200000| Complete 
| 110|0x0000000718400000, 0x0000000718600000, 0x0000000718600000|100%| O|  |TAMS 0x0000000718400000| PB 0x0000000718400000| Untracked 
| 111|0x0000000718600000, 0x0000000718800000, 0x0000000718800000|100%| O|  |TAMS 0x0000000718600000| PB 0x0000000718600000| Untracked 
| 112|0x0000000718800000, 0x0000000718a00000, 0x0000000718a00000|100%| O|  |TAMS 0x0000000718800000| PB 0x0000000718800000| Untracked 
| 113|0x0000000718a00000, 0x0000000718c00000, 0x0000000718c00000|100%| O|  |TAMS 0x0000000718a00000| PB 0x0000000718a00000| Untracked 
| 114|0x0000000718c00000, 0x0000000718e00000, 0x0000000718e00000|100%| O|  |TAMS 0x0000000718c00000| PB 0x0000000718c00000| Untracked 
| 115|0x0000000718e00000, 0x0000000719000000, 0x0000000719000000|100%| O|Cm|TAMS 0x0000000718e00000| PB 0x0000000718e00000| Complete 
| 116|0x0000000719000000, 0x0000000719200000, 0x0000000719200000|100%| O|  |TAMS 0x0000000719000000| PB 0x0000000719000000| Untracked 
| 117|0x0000000719200000, 0x0000000719400000, 0x0000000719400000|100%| O|  |TAMS 0x0000000719200000| PB 0x0000000719200000| Untracked 
| 118|0x0000000719400000, 0x0000000719600000, 0x0000000719600000|100%| O|Cm|TAMS 0x0000000719400000| PB 0x0000000719400000| Complete 
| 119|0x0000000719600000, 0x0000000719800000, 0x0000000719800000|100%| O|Cm|TAMS 0x0000000719600000| PB 0x0000000719600000| Complete 
| 120|0x0000000719800000, 0x0000000719a00000, 0x0000000719a00000|100%| O|  |TAMS 0x0000000719800000| PB 0x0000000719800000| Untracked 
| 121|0x0000000719a00000, 0x0000000719c00000, 0x0000000719c00000|100%| O|  |TAMS 0x0000000719a00000| PB 0x0000000719a00000| Untracked 
| 122|0x0000000719c00000, 0x0000000719e00000, 0x0000000719e00000|100%| O|  |TAMS 0x0000000719c00000| PB 0x0000000719c00000| Untracked 
| 123|0x0000000719e00000, 0x000000071a000000, 0x000000071a000000|100%| O|Cm|TAMS 0x0000000719e00000| PB 0x0000000719e00000| Complete 
| 124|0x000000071a000000, 0x000000071a200000, 0x000000071a200000|100%| O|  |TAMS 0x000000071a000000| PB 0x000000071a000000| Untracked 
| 125|0x000000071a200000, 0x000000071a400000, 0x000000071a400000|100%| O|  |TAMS 0x000000071a200000| PB 0x000000071a200000| Untracked 
| 126|0x000000071a400000, 0x000000071a600000, 0x000000071a600000|100%| O|  |TAMS 0x000000071a400000| PB 0x000000071a400000| Untracked 
| 127|0x000000071a600000, 0x000000071a800000, 0x000000071a800000|100%| O|Cm|TAMS 0x000000071a600000| PB 0x000000071a600000| Complete 
| 128|0x000000071a800000, 0x000000071aa00000, 0x000000071aa00000|100%| O|Cm|TAMS 0x000000071a800000| PB 0x000000071a800000| Complete 
| 129|0x000000071aa00000, 0x000000071ac00000, 0x000000071ac00000|100%| O|  |TAMS 0x000000071aa00000| PB 0x000000071aa00000| Untracked 
| 130|0x000000071ac00000, 0x000000071ae00000, 0x000000071ae00000|100%| O|  |TAMS 0x000000071ac00000| PB 0x000000071ac00000| Untracked 
| 131|0x000000071ae00000, 0x000000071b000000, 0x000000071b000000|100%| O|  |TAMS 0x000000071ae00000| PB 0x000000071ae00000| Untracked 
| 132|0x000000071b000000, 0x000000071b200000, 0x000000071b200000|100%| O|  |TAMS 0x000000071b000000| PB 0x000000071b000000| Untracked 
| 133|0x000000071b200000, 0x000000071b400000, 0x000000071b400000|100%| O|  |TAMS 0x000000071b200000| PB 0x000000071b200000| Untracked 
| 134|0x000000071b400000, 0x000000071b600000, 0x000000071b600000|100%| O|Cm|TAMS 0x000000071b400000| PB 0x000000071b400000| Complete 
| 135|0x000000071b600000, 0x000000071b800000, 0x000000071b800000|100%| O|Cm|TAMS 0x000000071b600000| PB 0x000000071b600000| Complete 
| 136|0x000000071b800000, 0x000000071ba00000, 0x000000071ba00000|100%| O|Cm|TAMS 0x000000071b800000| PB 0x000000071b800000| Complete 
| 137|0x000000071ba00000, 0x000000071bc00000, 0x000000071bc00000|100%| O|Cm|TAMS 0x000000071ba00000| PB 0x000000071ba00000| Complete 
| 138|0x000000071bc00000, 0x000000071be00000, 0x000000071be00000|100%| O|  |TAMS 0x000000071bc00000| PB 0x000000071bc00000| Untracked 
| 139|0x000000071be00000, 0x000000071c000000, 0x000000071c000000|100%| O|  |TAMS 0x000000071be00000| PB 0x000000071be00000| Untracked 
| 140|0x000000071c000000, 0x000000071c200000, 0x000000071c200000|100%| O|Cm|TAMS 0x000000071c000000| PB 0x000000071c000000| Complete 
| 141|0x000000071c200000, 0x000000071c400000, 0x000000071c400000|100%| O|  |TAMS 0x000000071c200000| PB 0x000000071c200000| Untracked 
| 142|0x000000071c400000, 0x000000071c600000, 0x000000071c600000|100%| O|  |TAMS 0x000000071c400000| PB 0x000000071c400000| Untracked 
| 143|0x000000071c600000, 0x000000071c800000, 0x000000071c800000|100%| O|Cm|TAMS 0x000000071c600000| PB 0x000000071c600000| Complete 
| 144|0x000000071c800000, 0x000000071ca00000, 0x000000071ca00000|100%| O|Cm|TAMS 0x000000071c800000| PB 0x000000071c800000| Complete 
| 145|0x000000071ca00000, 0x000000071cc00000, 0x000000071cc00000|100%| O|Cm|TAMS 0x000000071ca00000| PB 0x000000071ca00000| Complete 
| 146|0x000000071cc00000, 0x000000071ce00000, 0x000000071ce00000|100%| O|Cm|TAMS 0x000000071cc00000| PB 0x000000071cc00000| Complete 
| 147|0x000000071ce00000, 0x000000071d000000, 0x000000071d000000|100%| O|  |TAMS 0x000000071ce00000| PB 0x000000071ce00000| Untracked 
| 148|0x000000071d000000, 0x000000071d200000, 0x000000071d200000|100%| O|  |TAMS 0x000000071d000000| PB 0x000000071d000000| Untracked 
| 149|0x000000071d200000, 0x000000071d400000, 0x000000071d400000|100%| O|Cm|TAMS 0x000000071d200000| PB 0x000000071d200000| Complete 
| 150|0x000000071d400000, 0x000000071d600000, 0x000000071d600000|100%| O|  |TAMS 0x000000071d400000| PB 0x000000071d400000| Untracked 
| 151|0x000000071d600000, 0x000000071d800000, 0x000000071d800000|100%| O|Cm|TAMS 0x000000071d600000| PB 0x000000071d600000| Complete 
| 152|0x000000071d800000, 0x000000071da00000, 0x000000071da00000|100%| O|  |TAMS 0x000000071d800000| PB 0x000000071d800000| Untracked 
| 153|0x000000071da00000, 0x000000071dc00000, 0x000000071dc00000|100%| O|  |TAMS 0x000000071da00000| PB 0x000000071da00000| Untracked 
| 154|0x000000071dc00000, 0x000000071de00000, 0x000000071de00000|100%| O|Cm|TAMS 0x000000071dc00000| PB 0x000000071dc00000| Complete 
| 155|0x000000071de00000, 0x000000071e000000, 0x000000071e000000|100%| O|Cm|TAMS 0x000000071de00000| PB 0x000000071de00000| Complete 
| 156|0x000000071e000000, 0x000000071e200000, 0x000000071e200000|100%| O|Cm|TAMS 0x000000071e000000| PB 0x000000071e000000| Complete 
| 157|0x000000071e200000, 0x000000071e400000, 0x000000071e400000|100%| O|Cm|TAMS 0x000000071e200000| PB 0x000000071e200000| Complete 
| 158|0x000000071e400000, 0x000000071e600000, 0x000000071e600000|100%| O|Cm|TAMS 0x000000071e400000| PB 0x000000071e400000| Complete 
| 159|0x000000071e600000, 0x000000071e800000, 0x000000071e800000|100%| O|Cm|TAMS 0x000000071e600000| PB 0x000000071e600000| Complete 
| 160|0x000000071e800000, 0x000000071ea00000, 0x000000071ea00000|100%| O|  |TAMS 0x000000071e800000| PB 0x000000071e800000| Untracked 
| 161|0x000000071ea00000, 0x000000071ec00000, 0x000000071ec00000|100%| O|  |TAMS 0x000000071ea00000| PB 0x000000071ea00000| Untracked 
| 162|0x000000071ec00000, 0x000000071ee00000, 0x000000071ee00000|100%| O|  |TAMS 0x000000071ec00000| PB 0x000000071ec00000| Untracked 
| 163|0x000000071ee00000, 0x000000071f000000, 0x000000071f000000|100%| O|  |TAMS 0x000000071ee00000| PB 0x000000071ee00000| Untracked 
| 164|0x000000071f000000, 0x000000071f200000, 0x000000071f200000|100%| O|  |TAMS 0x000000071f000000| PB 0x000000071f000000| Untracked 
| 165|0x000000071f200000, 0x000000071f400000, 0x000000071f400000|100%| O|  |TAMS 0x000000071f200000| PB 0x000000071f200000| Untracked 
| 166|0x000000071f400000, 0x000000071f600000, 0x000000071f600000|100%| O|  |TAMS 0x000000071f400000| PB 0x000000071f400000| Untracked 
| 167|0x000000071f600000, 0x000000071f800000, 0x000000071f800000|100%| O|  |TAMS 0x000000071f600000| PB 0x000000071f600000| Untracked 
| 168|0x000000071f800000, 0x000000071fa00000, 0x000000071fa00000|100%| O|  |TAMS 0x000000071f800000| PB 0x000000071f800000| Untracked 
| 169|0x000000071fa00000, 0x000000071fc00000, 0x000000071fc00000|100%| O|  |TAMS 0x000000071fa00000| PB 0x000000071fa00000| Untracked 
| 170|0x000000071fc00000, 0x000000071fe00000, 0x000000071fe00000|100%| O|  |TAMS 0x000000071fc00000| PB 0x000000071fc00000| Untracked 
| 171|0x000000071fe00000, 0x0000000720000000, 0x0000000720000000|100%| O|  |TAMS 0x000000071fe00000| PB 0x000000071fe00000| Untracked 
| 172|0x0000000720000000, 0x0000000720200000, 0x0000000720200000|100%| O|  |TAMS 0x0000000720000000| PB 0x0000000720000000| Untracked 
| 173|0x0000000720200000, 0x0000000720400000, 0x0000000720400000|100%| O|  |TAMS 0x0000000720200000| PB 0x0000000720200000| Untracked 
| 174|0x0000000720400000, 0x0000000720600000, 0x0000000720600000|100%| O|  |TAMS 0x0000000720400000| PB 0x0000000720400000| Untracked 
| 175|0x0000000720600000, 0x0000000720800000, 0x0000000720800000|100%| O|  |TAMS 0x0000000720600000| PB 0x0000000720600000| Untracked 
| 176|0x0000000720800000, 0x0000000720a00000, 0x0000000720a00000|100%| O|  |TAMS 0x0000000720800000| PB 0x0000000720800000| Untracked 
| 177|0x0000000720a00000, 0x0000000720c00000, 0x0000000720c00000|100%| O|  |TAMS 0x0000000720a00000| PB 0x0000000720a00000| Untracked 
| 178|0x0000000720c00000, 0x0000000720e00000, 0x0000000720e00000|100%| O|  |TAMS 0x0000000720c00000| PB 0x0000000720c00000| Untracked 
| 179|0x0000000720e00000, 0x0000000721000000, 0x0000000721000000|100%| O|  |TAMS 0x0000000720e00000| PB 0x0000000720e00000| Untracked 
| 180|0x0000000721000000, 0x0000000721200000, 0x0000000721200000|100%| O|  |TAMS 0x0000000721000000| PB 0x0000000721000000| Untracked 
| 181|0x0000000721200000, 0x0000000721400000, 0x0000000721400000|100%| O|  |TAMS 0x0000000721200000| PB 0x0000000721200000| Untracked 
| 182|0x0000000721400000, 0x0000000721600000, 0x0000000721600000|100%| O|  |TAMS 0x0000000721400000| PB 0x0000000721400000| Untracked 
| 183|0x0000000721600000, 0x0000000721600000, 0x0000000721800000|  0%| F|  |TAMS 0x0000000721600000| PB 0x0000000721600000| Untracked 
| 184|0x0000000721800000, 0x0000000721800000, 0x0000000721a00000|  0%| F|  |TAMS 0x0000000721800000| PB 0x0000000721800000| Untracked 
| 185|0x0000000721a00000, 0x0000000721a00000, 0x0000000721c00000|  0%| F|  |TAMS 0x0000000721a00000| PB 0x0000000721a00000| Untracked 
| 186|0x0000000721c00000, 0x0000000721c00000, 0x0000000721e00000|  0%| F|  |TAMS 0x0000000721c00000| PB 0x0000000721c00000| Untracked 
| 187|0x0000000721e00000, 0x0000000721e00000, 0x0000000722000000|  0%| F|  |TAMS 0x0000000721e00000| PB 0x0000000721e00000| Untracked 
| 188|0x0000000722000000, 0x0000000722000000, 0x0000000722200000|  0%| F|  |TAMS 0x0000000722000000| PB 0x0000000722000000| Untracked 
| 189|0x0000000722200000, 0x0000000722200000, 0x0000000722400000|  0%| F|  |TAMS 0x0000000722200000| PB 0x0000000722200000| Untracked 
| 190|0x0000000722400000, 0x0000000722400000, 0x0000000722600000|  0%| F|  |TAMS 0x0000000722400000| PB 0x0000000722400000| Untracked 
| 191|0x0000000722600000, 0x0000000722600000, 0x0000000722800000|  0%| F|  |TAMS 0x0000000722600000| PB 0x0000000722600000| Untracked 
| 192|0x0000000722800000, 0x0000000722800000, 0x0000000722a00000|  0%| F|  |TAMS 0x0000000722800000| PB 0x0000000722800000| Untracked 
| 193|0x0000000722a00000, 0x0000000722a00000, 0x0000000722c00000|  0%| F|  |TAMS 0x0000000722a00000| PB 0x0000000722a00000| Untracked 
| 194|0x0000000722c00000, 0x0000000722c00000, 0x0000000722e00000|  0%| F|  |TAMS 0x0000000722c00000| PB 0x0000000722c00000| Untracked 
| 195|0x0000000722e00000, 0x0000000723000000, 0x0000000723000000|100%| O|  |TAMS 0x0000000722e00000| PB 0x0000000722e00000| Untracked 
| 196|0x0000000723000000, 0x0000000723200000, 0x0000000723200000|100%| O|  |TAMS 0x0000000723000000| PB 0x0000000723000000| Untracked 
| 197|0x0000000723200000, 0x0000000723400000, 0x0000000723400000|100%| O|  |TAMS 0x0000000723200000| PB 0x0000000723200000| Untracked 
| 198|0x0000000723400000, 0x0000000723600000, 0x0000000723600000|100%| O|  |TAMS 0x0000000723400000| PB 0x0000000723400000| Untracked 
| 199|0x0000000723600000, 0x0000000723800000, 0x0000000723800000|100%| O|  |TAMS 0x0000000723600000| PB 0x0000000723600000| Untracked 
| 200|0x0000000723800000, 0x0000000723a00000, 0x0000000723a00000|100%| O|  |TAMS 0x0000000723800000| PB 0x0000000723800000| Untracked 
| 201|0x0000000723a00000, 0x0000000723c00000, 0x0000000723c00000|100%| O|  |TAMS 0x0000000723a00000| PB 0x0000000723a00000| Untracked 
| 202|0x0000000723c00000, 0x0000000723e00000, 0x0000000723e00000|100%| O|  |TAMS 0x0000000723c00000| PB 0x0000000723c00000| Untracked 
| 203|0x0000000723e00000, 0x0000000724000000, 0x0000000724000000|100%| O|  |TAMS 0x0000000723e00000| PB 0x0000000723e00000| Untracked 
| 204|0x0000000724000000, 0x00000007240750c0, 0x0000000724200000| 22%| O|  |TAMS 0x0000000724000000| PB 0x0000000724000000| Untracked 
| 205|0x0000000724200000, 0x0000000724200000, 0x0000000724400000|  0%| F|  |TAMS 0x0000000724200000| PB 0x0000000724200000| Untracked 
| 206|0x0000000724400000, 0x0000000724400000, 0x0000000724600000|  0%| F|  |TAMS 0x0000000724400000| PB 0x0000000724400000| Untracked 
| 207|0x0000000724600000, 0x0000000724600000, 0x0000000724800000|  0%| F|  |TAMS 0x0000000724600000| PB 0x0000000724600000| Untracked 
| 208|0x0000000724800000, 0x0000000724800000, 0x0000000724a00000|  0%| F|  |TAMS 0x0000000724800000| PB 0x0000000724800000| Untracked 
| 209|0x0000000724a00000, 0x0000000724a00000, 0x0000000724c00000|  0%| F|  |TAMS 0x0000000724a00000| PB 0x0000000724a00000| Untracked 
| 210|0x0000000724c00000, 0x0000000724c00000, 0x0000000724e00000|  0%| F|  |TAMS 0x0000000724c00000| PB 0x0000000724c00000| Untracked 
| 211|0x0000000724e00000, 0x0000000724e00000, 0x0000000725000000|  0%| F|  |TAMS 0x0000000724e00000| PB 0x0000000724e00000| Untracked 
| 212|0x0000000725000000, 0x0000000725000000, 0x0000000725200000|  0%| F|  |TAMS 0x0000000725000000| PB 0x0000000725000000| Untracked 
| 213|0x0000000725200000, 0x0000000725200000, 0x0000000725400000|  0%| F|  |TAMS 0x0000000725200000| PB 0x0000000725200000| Untracked 
| 214|0x0000000725400000, 0x0000000725400000, 0x0000000725600000|  0%| F|  |TAMS 0x0000000725400000| PB 0x0000000725400000| Untracked 
| 215|0x0000000725600000, 0x0000000725600000, 0x0000000725800000|  0%| F|  |TAMS 0x0000000725600000| PB 0x0000000725600000| Untracked 
| 216|0x0000000725800000, 0x0000000725800000, 0x0000000725a00000|  0%| F|  |TAMS 0x0000000725800000| PB 0x0000000725800000| Untracked 
| 217|0x0000000725a00000, 0x0000000725a00000, 0x0000000725c00000|  0%| F|  |TAMS 0x0000000725a00000| PB 0x0000000725a00000| Untracked 
| 218|0x0000000725c00000, 0x0000000725c00000, 0x0000000725e00000|  0%| F|  |TAMS 0x0000000725c00000| PB 0x0000000725c00000| Untracked 
| 219|0x0000000725e00000, 0x0000000725e00000, 0x0000000726000000|  0%| F|  |TAMS 0x0000000725e00000| PB 0x0000000725e00000| Untracked 
| 220|0x0000000726000000, 0x0000000726000000, 0x0000000726200000|  0%| F|  |TAMS 0x0000000726000000| PB 0x0000000726000000| Untracked 
| 221|0x0000000726200000, 0x0000000726200000, 0x0000000726400000|  0%| F|  |TAMS 0x0000000726200000| PB 0x0000000726200000| Untracked 
| 222|0x0000000726400000, 0x0000000726400000, 0x0000000726600000|  0%| F|  |TAMS 0x0000000726400000| PB 0x0000000726400000| Untracked 
| 223|0x0000000726600000, 0x0000000726600000, 0x0000000726800000|  0%| F|  |TAMS 0x0000000726600000| PB 0x0000000726600000| Untracked 
| 224|0x0000000726800000, 0x0000000726800000, 0x0000000726a00000|  0%| F|  |TAMS 0x0000000726800000| PB 0x0000000726800000| Untracked 
| 225|0x0000000726a00000, 0x0000000726ae8260, 0x0000000726c00000| 45%| S|CS|TAMS 0x0000000726a00000| PB 0x0000000726a00000| Complete 
| 226|0x0000000726c00000, 0x0000000726e00000, 0x0000000726e00000|100%| S|CS|TAMS 0x0000000726c00000| PB 0x0000000726c00000| Complete 
| 227|0x0000000726e00000, 0x0000000727000000, 0x0000000727000000|100%| S|CS|TAMS 0x0000000726e00000| PB 0x0000000726e00000| Complete 
| 228|0x0000000727000000, 0x0000000727200000, 0x0000000727200000|100%| S|CS|TAMS 0x0000000727000000| PB 0x0000000727000000| Complete 
| 229|0x0000000727200000, 0x0000000727400000, 0x0000000727400000|100%| S|CS|TAMS 0x0000000727200000| PB 0x0000000727200000| Complete 
| 230|0x0000000727400000, 0x0000000727600000, 0x0000000727600000|100%| S|CS|TAMS 0x0000000727400000| PB 0x0000000727400000| Complete 
| 231|0x0000000727600000, 0x0000000727600000, 0x0000000727800000|  0%| F|  |TAMS 0x0000000727600000| PB 0x0000000727600000| Untracked 
| 232|0x0000000727800000, 0x0000000727800000, 0x0000000727a00000|  0%| F|  |TAMS 0x0000000727800000| PB 0x0000000727800000| Untracked 
| 233|0x0000000727a00000, 0x0000000727a00000, 0x0000000727c00000|  0%| F|  |TAMS 0x0000000727a00000| PB 0x0000000727a00000| Untracked 
| 234|0x0000000727c00000, 0x0000000727c00000, 0x0000000727e00000|  0%| F|  |TAMS 0x0000000727c00000| PB 0x0000000727c00000| Untracked 
| 235|0x0000000727e00000, 0x0000000727e00000, 0x0000000728000000|  0%| F|  |TAMS 0x0000000727e00000| PB 0x0000000727e00000| Untracked 
| 236|0x0000000728000000, 0x0000000728000000, 0x0000000728200000|  0%| F|  |TAMS 0x0000000728000000| PB 0x0000000728000000| Untracked 
| 237|0x0000000728200000, 0x0000000728200000, 0x0000000728400000|  0%| F|  |TAMS 0x0000000728200000| PB 0x0000000728200000| Untracked 
| 238|0x0000000728400000, 0x0000000728400000, 0x0000000728600000|  0%| F|  |TAMS 0x0000000728400000| PB 0x0000000728400000| Untracked 
| 239|0x0000000728600000, 0x0000000728600000, 0x0000000728800000|  0%| F|  |TAMS 0x0000000728600000| PB 0x0000000728600000| Untracked 
| 240|0x0000000728800000, 0x0000000728800000, 0x0000000728a00000|  0%| F|  |TAMS 0x0000000728800000| PB 0x0000000728800000| Untracked 
| 241|0x0000000728a00000, 0x0000000728a00000, 0x0000000728c00000|  0%| F|  |TAMS 0x0000000728a00000| PB 0x0000000728a00000| Untracked 
| 242|0x0000000728c00000, 0x0000000728c00000, 0x0000000728e00000|  0%| F|  |TAMS 0x0000000728c00000| PB 0x0000000728c00000| Untracked 
| 243|0x0000000728e00000, 0x0000000728e00000, 0x0000000729000000|  0%| F|  |TAMS 0x0000000728e00000| PB 0x0000000728e00000| Untracked 
| 244|0x0000000729000000, 0x0000000729000000, 0x0000000729200000|  0%| F|  |TAMS 0x0000000729000000| PB 0x0000000729000000| Untracked 
| 245|0x0000000729200000, 0x0000000729200000, 0x0000000729400000|  0%| F|  |TAMS 0x0000000729200000| PB 0x0000000729200000| Untracked 
| 246|0x0000000729400000, 0x0000000729400000, 0x0000000729600000|  0%| F|  |TAMS 0x0000000729400000| PB 0x0000000729400000| Untracked 
| 247|0x0000000729600000, 0x0000000729600000, 0x0000000729800000|  0%| F|  |TAMS 0x0000000729600000| PB 0x0000000729600000| Untracked 
| 248|0x0000000729800000, 0x0000000729800000, 0x0000000729a00000|  0%| F|  |TAMS 0x0000000729800000| PB 0x0000000729800000| Untracked 
| 249|0x0000000729a00000, 0x0000000729a00000, 0x0000000729c00000|  0%| F|  |TAMS 0x0000000729a00000| PB 0x0000000729a00000| Untracked 
| 250|0x0000000729c00000, 0x0000000729c00000, 0x0000000729e00000|  0%| F|  |TAMS 0x0000000729c00000| PB 0x0000000729c00000| Untracked 
| 251|0x0000000729e00000, 0x0000000729e00000, 0x000000072a000000|  0%| F|  |TAMS 0x0000000729e00000| PB 0x0000000729e00000| Untracked 
| 252|0x000000072a000000, 0x000000072a000000, 0x000000072a200000|  0%| F|  |TAMS 0x000000072a000000| PB 0x000000072a000000| Untracked 
| 253|0x000000072a200000, 0x000000072a200000, 0x000000072a400000|  0%| F|  |TAMS 0x000000072a200000| PB 0x000000072a200000| Untracked 
| 254|0x000000072a400000, 0x000000072a400000, 0x000000072a600000|  0%| F|  |TAMS 0x000000072a400000| PB 0x000000072a400000| Untracked 
| 255|0x000000072a600000, 0x000000072a600000, 0x000000072a800000|  0%| F|  |TAMS 0x000000072a600000| PB 0x000000072a600000| Untracked 
| 256|0x000000072a800000, 0x000000072a800000, 0x000000072aa00000|  0%| F|  |TAMS 0x000000072a800000| PB 0x000000072a800000| Untracked 
| 257|0x000000072aa00000, 0x000000072aa00000, 0x000000072ac00000|  0%| F|  |TAMS 0x000000072aa00000| PB 0x000000072aa00000| Untracked 
| 258|0x000000072ac00000, 0x000000072ac00000, 0x000000072ae00000|  0%| F|  |TAMS 0x000000072ac00000| PB 0x000000072ac00000| Untracked 
| 259|0x000000072ae00000, 0x000000072ae00000, 0x000000072b000000|  0%| F|  |TAMS 0x000000072ae00000| PB 0x000000072ae00000| Untracked 
| 260|0x000000072b000000, 0x000000072b000000, 0x000000072b200000|  0%| F|  |TAMS 0x000000072b000000| PB 0x000000072b000000| Untracked 
| 261|0x000000072b200000, 0x000000072b200000, 0x000000072b400000|  0%| F|  |TAMS 0x000000072b200000| PB 0x000000072b200000| Untracked 
| 262|0x000000072b400000, 0x000000072b400000, 0x000000072b600000|  0%| F|  |TAMS 0x000000072b400000| PB 0x000000072b400000| Untracked 
| 263|0x000000072b600000, 0x000000072b600000, 0x000000072b800000|  0%| F|  |TAMS 0x000000072b600000| PB 0x000000072b600000| Untracked 
| 264|0x000000072b800000, 0x000000072b800000, 0x000000072ba00000|  0%| F|  |TAMS 0x000000072b800000| PB 0x000000072b800000| Untracked 
| 265|0x000000072ba00000, 0x000000072ba00000, 0x000000072bc00000|  0%| F|  |TAMS 0x000000072ba00000| PB 0x000000072ba00000| Untracked 
| 266|0x000000072bc00000, 0x000000072bc00000, 0x000000072be00000|  0%| F|  |TAMS 0x000000072bc00000| PB 0x000000072bc00000| Untracked 
| 267|0x000000072be00000, 0x000000072be00000, 0x000000072c000000|  0%| F|  |TAMS 0x000000072be00000| PB 0x000000072be00000| Untracked 
| 268|0x000000072c000000, 0x000000072c000000, 0x000000072c200000|  0%| F|  |TAMS 0x000000072c000000| PB 0x000000072c000000| Untracked 
| 269|0x000000072c200000, 0x000000072c200000, 0x000000072c400000|  0%| F|  |TAMS 0x000000072c200000| PB 0x000000072c200000| Untracked 
| 270|0x000000072c400000, 0x000000072c400000, 0x000000072c600000|  0%| F|  |TAMS 0x000000072c400000| PB 0x000000072c400000| Untracked 
| 271|0x000000072c600000, 0x000000072c600000, 0x000000072c800000|  0%| F|  |TAMS 0x000000072c600000| PB 0x000000072c600000| Untracked 
| 272|0x000000072c800000, 0x000000072c800000, 0x000000072ca00000|  0%| F|  |TAMS 0x000000072c800000| PB 0x000000072c800000| Untracked 
| 273|0x000000072ca00000, 0x000000072ca00000, 0x000000072cc00000|  0%| F|  |TAMS 0x000000072ca00000| PB 0x000000072ca00000| Untracked 
| 274|0x000000072cc00000, 0x000000072cc00000, 0x000000072ce00000|  0%| F|  |TAMS 0x000000072cc00000| PB 0x000000072cc00000| Untracked 
| 275|0x000000072ce00000, 0x000000072ce00000, 0x000000072d000000|  0%| F|  |TAMS 0x000000072ce00000| PB 0x000000072ce00000| Untracked 
| 276|0x000000072d000000, 0x000000072d000000, 0x000000072d200000|  0%| F|  |TAMS 0x000000072d000000| PB 0x000000072d000000| Untracked 
| 277|0x000000072d200000, 0x000000072d400000, 0x000000072d400000|100%| E|CS|TAMS 0x000000072d200000| PB 0x000000072d200000| Complete 
| 278|0x000000072d400000, 0x000000072d600000, 0x000000072d600000|100%| E|CS|TAMS 0x000000072d400000| PB 0x000000072d400000| Complete 
| 279|0x000000072d600000, 0x000000072d800000, 0x000000072d800000|100%| E|CS|TAMS 0x000000072d600000| PB 0x000000072d600000| Complete 
| 280|0x000000072d800000, 0x000000072da00000, 0x000000072da00000|100%| E|CS|TAMS 0x000000072d800000| PB 0x000000072d800000| Complete 
| 281|0x000000072da00000, 0x000000072dc00000, 0x000000072dc00000|100%| E|CS|TAMS 0x000000072da00000| PB 0x000000072da00000| Complete 
| 282|0x000000072dc00000, 0x000000072de00000, 0x000000072de00000|100%| E|CS|TAMS 0x000000072dc00000| PB 0x000000072dc00000| Complete 
| 283|0x000000072de00000, 0x000000072e000000, 0x000000072e000000|100%| E|CS|TAMS 0x000000072de00000| PB 0x000000072de00000| Complete 
| 284|0x000000072e000000, 0x000000072e200000, 0x000000072e200000|100%| E|CS|TAMS 0x000000072e000000| PB 0x000000072e000000| Complete 
| 285|0x000000072e200000, 0x000000072e400000, 0x000000072e400000|100%| E|CS|TAMS 0x000000072e200000| PB 0x000000072e200000| Complete 
| 286|0x000000072e400000, 0x000000072e600000, 0x000000072e600000|100%| E|CS|TAMS 0x000000072e400000| PB 0x000000072e400000| Complete 
| 287|0x000000072e600000, 0x000000072e800000, 0x000000072e800000|100%| E|CS|TAMS 0x000000072e600000| PB 0x000000072e600000| Complete 
| 288|0x000000072e800000, 0x000000072e800000, 0x000000072ea00000|  0%| F|  |TAMS 0x000000072e800000| PB 0x000000072e800000| Untracked 
| 289|0x000000072ea00000, 0x000000072ec00000, 0x000000072ec00000|100%| E|  |TAMS 0x000000072ea00000| PB 0x000000072ea00000| Complete 
| 290|0x000000072ec00000, 0x000000072ee00000, 0x000000072ee00000|100%| E|CS|TAMS 0x000000072ec00000| PB 0x000000072ec00000| Complete 
| 291|0x000000072ee00000, 0x000000072f000000, 0x000000072f000000|100%| E|CS|TAMS 0x000000072ee00000| PB 0x000000072ee00000| Complete 
| 292|0x000000072f000000, 0x000000072f200000, 0x000000072f200000|100%| E|CS|TAMS 0x000000072f000000| PB 0x000000072f000000| Complete 
| 293|0x000000072f200000, 0x000000072f400000, 0x000000072f400000|100%| E|CS|TAMS 0x000000072f200000| PB 0x000000072f200000| Complete 
| 294|0x000000072f400000, 0x000000072f600000, 0x000000072f600000|100%| E|CS|TAMS 0x000000072f400000| PB 0x000000072f400000| Complete 
| 295|0x000000072f600000, 0x000000072f800000, 0x000000072f800000|100%| E|CS|TAMS 0x000000072f600000| PB 0x000000072f600000| Complete 
| 296|0x000000072f800000, 0x000000072fa00000, 0x000000072fa00000|100%| E|CS|TAMS 0x000000072f800000| PB 0x000000072f800000| Complete 
| 297|0x000000072fa00000, 0x000000072fc00000, 0x000000072fc00000|100%| E|CS|TAMS 0x000000072fa00000| PB 0x000000072fa00000| Complete 
| 298|0x000000072fc00000, 0x000000072fe00000, 0x000000072fe00000|100%| E|CS|TAMS 0x000000072fc00000| PB 0x000000072fc00000| Complete 
| 299|0x000000072fe00000, 0x0000000730000000, 0x0000000730000000|100%| E|CS|TAMS 0x000000072fe00000| PB 0x000000072fe00000| Complete 
| 300|0x0000000730000000, 0x0000000730200000, 0x0000000730200000|100%| E|CS|TAMS 0x0000000730000000| PB 0x0000000730000000| Complete 
| 301|0x0000000730200000, 0x0000000730400000, 0x0000000730400000|100%| E|CS|TAMS 0x0000000730200000| PB 0x0000000730200000| Complete 
| 302|0x0000000730400000, 0x0000000730600000, 0x0000000730600000|100%| E|CS|TAMS 0x0000000730400000| PB 0x0000000730400000| Complete 
| 303|0x0000000730600000, 0x0000000730800000, 0x0000000730800000|100%| E|CS|TAMS 0x0000000730600000| PB 0x0000000730600000| Complete 
| 304|0x0000000730800000, 0x0000000730a00000, 0x0000000730a00000|100%| E|CS|TAMS 0x0000000730800000| PB 0x0000000730800000| Complete 
| 305|0x0000000730a00000, 0x0000000730c00000, 0x0000000730c00000|100%| E|CS|TAMS 0x0000000730a00000| PB 0x0000000730a00000| Complete 
| 306|0x0000000730c00000, 0x0000000730e00000, 0x0000000730e00000|100%| E|CS|TAMS 0x0000000730c00000| PB 0x0000000730c00000| Complete 
| 307|0x0000000730e00000, 0x0000000731000000, 0x0000000731000000|100%| E|CS|TAMS 0x0000000730e00000| PB 0x0000000730e00000| Complete 
| 308|0x0000000731000000, 0x0000000731200000, 0x0000000731200000|100%| E|CS|TAMS 0x0000000731000000| PB 0x0000000731000000| Complete 
| 309|0x0000000731200000, 0x0000000731400000, 0x0000000731400000|100%| E|CS|TAMS 0x0000000731200000| PB 0x0000000731200000| Complete 
| 310|0x0000000731400000, 0x0000000731600000, 0x0000000731600000|100%| E|CS|TAMS 0x0000000731400000| PB 0x0000000731400000| Complete 
| 311|0x0000000731600000, 0x0000000731800000, 0x0000000731800000|100%| E|CS|TAMS 0x0000000731600000| PB 0x0000000731600000| Complete 
| 312|0x0000000731800000, 0x0000000731a00000, 0x0000000731a00000|100%| E|CS|TAMS 0x0000000731800000| PB 0x0000000731800000| Complete 
| 313|0x0000000731a00000, 0x0000000731c00000, 0x0000000731c00000|100%| E|CS|TAMS 0x0000000731a00000| PB 0x0000000731a00000| Complete 
| 314|0x0000000731c00000, 0x0000000731e00000, 0x0000000731e00000|100%| E|CS|TAMS 0x0000000731c00000| PB 0x0000000731c00000| Complete 
| 315|0x0000000731e00000, 0x0000000732000000, 0x0000000732000000|100%| E|CS|TAMS 0x0000000731e00000| PB 0x0000000731e00000| Complete 
| 316|0x0000000732000000, 0x0000000732200000, 0x0000000732200000|100%| E|CS|TAMS 0x0000000732000000| PB 0x0000000732000000| Complete 
| 317|0x0000000732200000, 0x0000000732400000, 0x0000000732400000|100%| E|CS|TAMS 0x0000000732200000| PB 0x0000000732200000| Complete 
| 318|0x0000000732400000, 0x0000000732600000, 0x0000000732600000|100%| E|CS|TAMS 0x0000000732400000| PB 0x0000000732400000| Complete 
| 319|0x0000000732600000, 0x0000000732800000, 0x0000000732800000|100%| E|CS|TAMS 0x0000000732600000| PB 0x0000000732600000| Complete 
| 320|0x0000000732800000, 0x0000000732a00000, 0x0000000732a00000|100%| E|CS|TAMS 0x0000000732800000| PB 0x0000000732800000| Complete 
| 321|0x0000000732a00000, 0x0000000732c00000, 0x0000000732c00000|100%| E|CS|TAMS 0x0000000732a00000| PB 0x0000000732a00000| Complete 
| 322|0x0000000732c00000, 0x0000000732e00000, 0x0000000732e00000|100%| E|CS|TAMS 0x0000000732c00000| PB 0x0000000732c00000| Complete 
| 323|0x0000000732e00000, 0x0000000733000000, 0x0000000733000000|100%| E|CS|TAMS 0x0000000732e00000| PB 0x0000000732e00000| Complete 
| 324|0x0000000733000000, 0x0000000733200000, 0x0000000733200000|100%| E|CS|TAMS 0x0000000733000000| PB 0x0000000733000000| Complete 
| 325|0x0000000733200000, 0x0000000733400000, 0x0000000733400000|100%| E|CS|TAMS 0x0000000733200000| PB 0x0000000733200000| Complete 
| 326|0x0000000733400000, 0x0000000733600000, 0x0000000733600000|100%| E|CS|TAMS 0x0000000733400000| PB 0x0000000733400000| Complete 
| 327|0x0000000733600000, 0x0000000733800000, 0x0000000733800000|100%| E|CS|TAMS 0x0000000733600000| PB 0x0000000733600000| Complete 
| 328|0x0000000733800000, 0x0000000733a00000, 0x0000000733a00000|100%| E|CS|TAMS 0x0000000733800000| PB 0x0000000733800000| Complete 
| 329|0x0000000733a00000, 0x0000000733c00000, 0x0000000733c00000|100%| E|CS|TAMS 0x0000000733a00000| PB 0x0000000733a00000| Complete 
| 330|0x0000000733c00000, 0x0000000733e00000, 0x0000000733e00000|100%| E|CS|TAMS 0x0000000733c00000| PB 0x0000000733c00000| Complete 
| 331|0x0000000733e00000, 0x0000000734000000, 0x0000000734000000|100%| E|CS|TAMS 0x0000000733e00000| PB 0x0000000733e00000| Complete 
| 332|0x0000000734000000, 0x0000000734200000, 0x0000000734200000|100%| E|CS|TAMS 0x0000000734000000| PB 0x0000000734000000| Complete 
|1962|0x00000007ffc00000, 0x00000007ffe00000, 0x00000007ffe00000|100%| O|Cm|TAMS 0x00000007ffc00000| PB 0x00000007ffc00000| Complete 
|1963|0x00000007ffe00000, 0x0000000800000000, 0x0000000800000000|100%| O|  |TAMS 0x00000007ffe00000| PB 0x00000007ffe00000| Untracked 

Card table byte_map: [0x0000025ef8b90000,0x0000025ef9340000] _byte_map_base: 0x0000025ef533c000

Marking Bits: (CMBitMap*) 0x0000025ef4d9ffd0
 Bits: [0x0000025ef9340000, 0x0000025efd0a0000)

Polling page: 0x0000025ef2aa0000

Metaspace:

Usage:
  Non-class:     82.39 MB used.
      Class:      9.20 MB used.
       Both:     91.58 MB used.

Virtual space:
  Non-class space:      128.00 MB reserved,      82.56 MB ( 65%) committed,  2 nodes.
      Class space:        1.00 GB reserved,       9.38 MB ( <1%) committed,  1 nodes.
             Both:        1.12 GB reserved,      91.94 MB (  8%) committed. 

Chunk freelists:
   Non-Class:  13.06 MB
       Class:  6.66 MB
        Both:  19.72 MB

MaxMetaspaceSize: unlimited
CompressedClassSpaceSize: 1.00 GB
Initial GC threshold: 21.00 MB
Current GC threshold: 152.31 MB
CDS: off
 - commit_granule_bytes: 65536.
 - commit_granule_words: 8192.
 - virtual_space_node_default_size: 8388608.
 - enlarge_chunks_in_place: 1.
 - use_allocation_guard: 0.


Internal statistics:

num_allocs_failed_limit: 3.
num_arena_births: 424.
num_arena_deaths: 0.
num_vsnodes_births: 3.
num_vsnodes_deaths: 0.
num_space_committed: 1469.
num_space_uncommitted: 0.
num_chunks_returned_to_freelist: 3.
num_chunks_taken_from_freelist: 3396.
num_chunk_merges: 3.
num_chunk_splits: 2818.
num_chunks_enlarged: 2538.
num_inconsistent_stats: 0.

CodeHeap 'non-profiled nmethods': size=120000Kb used=17096Kb max_used=23031Kb free=102904Kb
 bounds [0x0000025e87ad0000, 0x0000025e89150000, 0x0000025e8f000000]
CodeHeap 'profiled nmethods': size=120000Kb used=57087Kb max_used=72609Kb free=62912Kb
 bounds [0x0000025e80000000, 0x0000025e846f0000, 0x0000025e87530000]
CodeHeap 'non-nmethods': size=5760Kb used=1857Kb max_used=1913Kb free=3903Kb
 bounds [0x0000025e87530000, 0x0000025e877a0000, 0x0000025e87ad0000]
 total_blobs=17294 nmethods=16448 adapters=746
 compilation: enabled
              stopped_count=0, restarted_count=0
 full_count=0

Compilation events (20 events):
Event: 52.748 Thread 0x0000025e9308dbf0 nmethod 25890 0x0000025e802b9310 code [0x0000025e802b94c0, 0x0000025e802b96c0]
Event: 52.755 Thread 0x0000025e9308dbf0 25892       2       org.jetbrains.kotlin.ir.visitors.IrElementTransformerVoid::visitTry (16 bytes)
Event: 52.756 Thread 0x0000025e9308dbf0 nmethod 25892 0x0000025e8016ca90 code [0x0000025e8016ccc0, 0x0000025e8016d148]
Event: 52.765 Thread 0x0000025e9308dbf0 25894       1       org.jetbrains.kotlin.ir.expressions.impl.IrStringConcatenationImpl::getStartOffset (5 bytes)
Event: 52.832 Thread 0x0000025e9308dbf0 nmethod 25894 0x0000025e87ce5590 code [0x0000025e87ce5720, 0x0000025e87ce57e8]
Event: 52.832 Thread 0x0000025e9308dbf0 25902       3       org.jetbrains.kotlin.ir.expressions.impl.IrVarargImpl::<init> (63 bytes)
Event: 52.834 Thread 0x0000025e9308dbf0 nmethod 25902 0x0000025e81018610 code [0x0000025e81018900, 0x0000025e81019860]
Event: 52.834 Thread 0x0000025e9308dbf0 25895       2       org.jetbrains.kotlin.ir.util.IrUtilsKt::isPublishedApi (92 bytes)
Event: 52.835 Thread 0x0000025e9308dbf0 nmethod 25895 0x0000025e8010c790 code [0x0000025e8010c9c0, 0x0000025e8010ce80]
Event: 52.835 Thread 0x0000025e9308dbf0 25901       2       org.jetbrains.kotlin.ir.expressions.impl.IrGetEnumValueImpl::<init> (49 bytes)
Event: 52.836 Thread 0x0000025e9308dbf0 nmethod 25901 0x0000025e80ff4110 code [0x0000025e80ff4340, 0x0000025e80ff48f8]
Event: 52.836 Thread 0x0000025e9308dbf0 25896       1       org.jetbrains.kotlin.ir.expressions.impl.IrGetEnumValueImpl::getStartOffset (5 bytes)
Event: 52.836 Thread 0x0000025e9308dbf0 nmethod 25896 0x0000025e87ce6590 code [0x0000025e87ce6720, 0x0000025e87ce67e8]
Event: 52.836 Thread 0x0000025e9308dbf0 25897       1       org.jetbrains.kotlin.ir.expressions.impl.IrGetEnumValueImpl::getEndOffset (5 bytes)
Event: 52.836 Thread 0x0000025e9308dbf0 nmethod 25897 0x0000025e87cfd810 code [0x0000025e87cfd9a0, 0x0000025e87cfda68]
Event: 52.836 Thread 0x0000025e9308dbf0 25900       1       org.jetbrains.kotlin.ir.expressions.impl.IrGetEnumValueImpl::getAttributeOwnerId (5 bytes)
Event: 52.836 Thread 0x0000025e9308dbf0 nmethod 25900 0x0000025e87d03010 code [0x0000025e87d031a0, 0x0000025e87d03270]
Event: 52.841 Thread 0x0000025e9308dbf0 25904       2       androidx.compose.compiler.plugins.kotlin.lower.ComposerParamTransformer::visitLocalDelegatedPropertyReference (77 bytes)
Event: 52.843 Thread 0x0000025e9308dbf0 nmethod 25904 0x0000025e81c04410 code [0x0000025e81c047c0, 0x0000025e81c05470]
Event: 52.862 Thread 0x0000025e9308dbf0 25905       1       org.jetbrains.kotlin.ir.expressions.impl.IrStringConcatenationImpl::getAttributeOwnerId (5 bytes)

GC Heap History (20 events):
Event: 31.563 GC heap before
{Heap before GC invocations=40 (full 0):
 garbage-first heap   total 489472K, used 445484K [0x000000070a800000, 0x0000000800000000)
  region size 2048K, 78 young (159744K), 7 survivors (14336K)
 Metaspace       used 74556K, committed 74816K, reserved 1179648K
  class space    used 7946K, committed 8064K, reserved 1048576K
}
Event: 31.579 GC heap after
{Heap after GC invocations=41 (full 0):
 garbage-first heap   total 489472K, used 309449K [0x000000070a800000, 0x0000000800000000)
  region size 2048K, 8 young (16384K), 8 survivors (16384K)
 Metaspace       used 74556K, committed 74816K, reserved 1179648K
  class space    used 7946K, committed 8064K, reserved 1048576K
}
Event: 32.515 GC heap before
{Heap before GC invocations=42 (full 0):
 garbage-first heap   total 520192K, used 442569K [0x000000070a800000, 0x0000000800000000)
  region size 2048K, 73 young (149504K), 8 survivors (16384K)
 Metaspace       used 74626K, committed 74944K, reserved 1179648K
  class space    used 7946K, committed 8064K, reserved 1048576K
}
Event: 32.529 GC heap after
{Heap after GC invocations=43 (full 0):
 garbage-first heap   total 520192K, used 316440K [0x000000070a800000, 0x0000000800000000)
  region size 2048K, 8 young (16384K), 8 survivors (16384K)
 Metaspace       used 74626K, committed 74944K, reserved 1179648K
  class space    used 7946K, committed 8064K, reserved 1048576K
}
Event: 33.485 GC heap before
{Heap before GC invocations=43 (full 0):
 garbage-first heap   total 520192K, used 474136K [0x000000070a800000, 0x0000000800000000)
  region size 2048K, 85 young (174080K), 8 survivors (16384K)
 Metaspace       used 74722K, committed 75008K, reserved 1179648K
  class space    used 7952K, committed 8064K, reserved 1048576K
}
Event: 33.507 GC heap after
{Heap after GC invocations=44 (full 0):
 garbage-first heap   total 520192K, used 319501K [0x000000070a800000, 0x0000000800000000)
  region size 2048K, 7 young (14336K), 7 survivors (14336K)
 Metaspace       used 74722K, committed 75008K, reserved 1179648K
  class space    used 7952K, committed 8064K, reserved 1048576K
}
Event: 35.580 GC heap before
{Heap before GC invocations=44 (full 0):
 garbage-first heap   total 520192K, used 475149K [0x000000070a800000, 0x0000000800000000)
  region size 2048K, 83 young (169984K), 7 survivors (14336K)
 Metaspace       used 77261K, committed 77568K, reserved 1179648K
  class space    used 8138K, committed 8256K, reserved 1048576K
}
Event: 35.596 GC heap after
{Heap after GC invocations=45 (full 0):
 garbage-first heap   total 520192K, used 332064K [0x000000070a800000, 0x0000000800000000)
  region size 2048K, 9 young (18432K), 9 survivors (18432K)
 Metaspace       used 77261K, committed 77568K, reserved 1179648K
  class space    used 8138K, committed 8256K, reserved 1048576K
}
Event: 39.302 GC heap before
{Heap before GC invocations=46 (full 0):
 garbage-first heap   total 557056K, used 469280K [0x000000070a800000, 0x0000000800000000)
  region size 2048K, 76 young (155648K), 9 survivors (18432K)
 Metaspace       used 80339K, committed 80704K, reserved 1179648K
  class space    used 8375K, committed 8576K, reserved 1048576K
}
Event: 39.325 GC heap after
{Heap after GC invocations=47 (full 0):
 garbage-first heap   total 557056K, used 341436K [0x000000070a800000, 0x0000000800000000)
  region size 2048K, 5 young (10240K), 5 survivors (10240K)
 Metaspace       used 80339K, committed 80704K, reserved 1179648K
  class space    used 8375K, committed 8576K, reserved 1048576K
}
Event: 42.174 GC heap before
{Heap before GC invocations=47 (full 0):
 garbage-first heap   total 557056K, used 515516K [0x000000070a800000, 0x0000000800000000)
  region size 2048K, 90 young (184320K), 5 survivors (10240K)
 Metaspace       used 80671K, committed 81024K, reserved 1179648K
  class space    used 8381K, committed 8576K, reserved 1048576K
}
Event: 42.191 GC heap after
{Heap after GC invocations=48 (full 0):
 garbage-first heap   total 557056K, used 347363K [0x000000070a800000, 0x0000000800000000)
  region size 2048K, 9 young (18432K), 9 survivors (18432K)
 Metaspace       used 80671K, committed 81024K, reserved 1179648K
  class space    used 8381K, committed 8576K, reserved 1048576K
}
Event: 44.304 GC heap before
{Heap before GC invocations=48 (full 0):
 garbage-first heap   total 557056K, used 505059K [0x000000070a800000, 0x0000000800000000)
  region size 2048K, 86 young (176128K), 9 survivors (18432K)
 Metaspace       used 81206K, committed 81600K, reserved 1179648K
  class space    used 8431K, committed 8640K, reserved 1048576K
}
Event: 44.322 GC heap after
{Heap after GC invocations=49 (full 0):
 garbage-first heap   total 557056K, used 352757K [0x000000070a800000, 0x0000000800000000)
  region size 2048K, 7 young (14336K), 7 survivors (14336K)
 Metaspace       used 81206K, committed 81600K, reserved 1179648K
  class space    used 8431K, committed 8640K, reserved 1048576K
}
Event: 47.630 GC heap before
{Heap before GC invocations=50 (full 0):
 garbage-first heap   total 591872K, used 510453K [0x000000070a800000, 0x0000000800000000)
  region size 2048K, 84 young (172032K), 7 survivors (14336K)
 Metaspace       used 88272K, committed 88704K, reserved 1179648K
  class space    used 9011K, committed 9216K, reserved 1048576K
}
Event: 47.661 GC heap after
{Heap after GC invocations=51 (full 0):
 garbage-first heap   total 591872K, used 370640K [0x000000070a800000, 0x0000000800000000)
  region size 2048K, 11 young (22528K), 11 survivors (22528K)
 Metaspace       used 88272K, committed 88704K, reserved 1179648K
  class space    used 9011K, committed 9216K, reserved 1048576K
}
Event: 50.490 GC heap before
{Heap before GC invocations=51 (full 0):
 garbage-first heap   total 591872K, used 538576K [0x000000070a800000, 0x0000000800000000)
  region size 2048K, 93 young (190464K), 11 survivors (22528K)
 Metaspace       used 91518K, committed 91904K, reserved 1179648K
  class space    used 9247K, committed 9408K, reserved 1048576K
}
Event: 50.541 GC heap after
{Heap after GC invocations=52 (full 0):
 garbage-first heap   total 593920K, used 395264K [0x000000070a800000, 0x0000000800000000)
  region size 2048K, 12 young (24576K), 12 survivors (24576K)
 Metaspace       used 91518K, committed 91904K, reserved 1179648K
  class space    used 9247K, committed 9408K, reserved 1048576K
}
Event: 51.698 GC heap before
{Heap before GC invocations=52 (full 0):
 garbage-first heap   total 593920K, used 509952K [0x000000070a800000, 0x0000000800000000)
  region size 2048K, 69 young (141312K), 12 survivors (24576K)
 Metaspace       used 92908K, committed 93312K, reserved 1179648K
  class space    used 9354K, committed 9536K, reserved 1048576K
}
Event: 51.726 GC heap after
{Heap after GC invocations=53 (full 0):
 garbage-first heap   total 593920K, used 408948K [0x000000070a800000, 0x0000000800000000)
  region size 2048K, 6 young (12288K), 6 survivors (12288K)
 Metaspace       used 92908K, committed 93312K, reserved 1179648K
  class space    used 9354K, committed 9536K, reserved 1048576K
}

Dll operation events (3 events):
Event: 0.021 Loaded shared library C:\Users\harsh\AppData\Local\Programs\Android Studio\jbr\bin\java.dll
Event: 0.033 Loaded shared library C:\Users\harsh\AppData\Local\Programs\Android Studio\jbr\bin\zip.dll
Event: 3.405 Loaded shared library C:\Users\harsh\AppData\Local\Programs\Android Studio\jbr\bin\verify.dll

Deoptimization events (20 events):
Event: 52.433 Thread 0x0000025ef28bd780 Uncommon trap: trap_request=0xffffff66 fr.pc=0x0000025e87b734a4 relative=0x0000000000002a44
Event: 52.433 Thread 0x0000025ef28bd780 Uncommon trap: reason=speculate_class_check action=maybe_recompile pc=0x0000025e87b734a4 method=org.jetbrains.kotlin.ir.util.DeepCopyTypeRemapper.remapTypeOrNull(Lorg/jetbrains/kotlin/ir/types/IrType;)Lorg/jetbrains/kotlin/ir/types/IrType; @ 104 c2
Event: 52.433 Thread 0x0000025ef28bd780 DEOPT PACKING pc=0x0000025e87b734a4 sp=0x000000c8897fb150
Event: 52.433 Thread 0x0000025ef28bd780 DEOPT UNPACKING pc=0x0000025e875846a2 sp=0x000000c8897fb108 mode 2
Event: 52.433 Thread 0x0000025ef28bd780 Uncommon trap: trap_request=0xffffff66 fr.pc=0x0000025e87b734a4 relative=0x0000000000002a44
Event: 52.433 Thread 0x0000025ef28bd780 Uncommon trap: reason=speculate_class_check action=maybe_recompile pc=0x0000025e87b734a4 method=org.jetbrains.kotlin.ir.util.DeepCopyTypeRemapper.remapTypeOrNull(Lorg/jetbrains/kotlin/ir/types/IrType;)Lorg/jetbrains/kotlin/ir/types/IrType; @ 104 c2
Event: 52.433 Thread 0x0000025ef28bd780 DEOPT PACKING pc=0x0000025e87b734a4 sp=0x000000c8897fad00
Event: 52.433 Thread 0x0000025ef28bd780 DEOPT UNPACKING pc=0x0000025e875846a2 sp=0x000000c8897facb8 mode 2
Event: 52.439 Thread 0x0000025ef28bd780 Uncommon trap: trap_request=0xffffff45 fr.pc=0x0000025e8911ca58 relative=0x00000000000016d8
Event: 52.439 Thread 0x0000025ef28bd780 Uncommon trap: reason=unstable_if action=reinterpret pc=0x0000025e8911ca58 method=androidx.compose.compiler.plugins.kotlin.lower.IrInlineReferenceLocatorKt.isInlinedFunction(Lorg/jetbrains/kotlin/ir/declarations/IrValueParameter;)Z @ 54 c2
Event: 52.439 Thread 0x0000025ef28bd780 DEOPT PACKING pc=0x0000025e8911ca58 sp=0x000000c8897fcb00
Event: 52.440 Thread 0x0000025ef28bd780 DEOPT UNPACKING pc=0x0000025e875846a2 sp=0x000000c8897fc9e0 mode 2
Event: 52.472 Thread 0x0000025ef28bd780 Uncommon trap: trap_request=0xffffff66 fr.pc=0x0000025e87b734a4 relative=0x0000000000002a44
Event: 52.472 Thread 0x0000025ef28bd780 Uncommon trap: reason=speculate_class_check action=maybe_recompile pc=0x0000025e87b734a4 method=org.jetbrains.kotlin.ir.util.DeepCopyTypeRemapper.remapTypeOrNull(Lorg/jetbrains/kotlin/ir/types/IrType;)Lorg/jetbrains/kotlin/ir/types/IrType; @ 104 c2
Event: 52.472 Thread 0x0000025ef28bd780 DEOPT PACKING pc=0x0000025e87b734a4 sp=0x000000c8897fbbc0
Event: 52.472 Thread 0x0000025ef28bd780 DEOPT UNPACKING pc=0x0000025e875846a2 sp=0x000000c8897fbb78 mode 2
Event: 52.472 Thread 0x0000025ef28bd780 Uncommon trap: trap_request=0xffffff66 fr.pc=0x0000025e87b734a4 relative=0x0000000000002a44
Event: 52.472 Thread 0x0000025ef28bd780 Uncommon trap: reason=speculate_class_check action=maybe_recompile pc=0x0000025e87b734a4 method=org.jetbrains.kotlin.ir.util.DeepCopyTypeRemapper.remapTypeOrNull(Lorg/jetbrains/kotlin/ir/types/IrType;)Lorg/jetbrains/kotlin/ir/types/IrType; @ 104 c2
Event: 52.472 Thread 0x0000025ef28bd780 DEOPT PACKING pc=0x0000025e87b734a4 sp=0x000000c8897fbbc0
Event: 52.472 Thread 0x0000025ef28bd780 DEOPT UNPACKING pc=0x0000025e875846a2 sp=0x000000c8897fbb78 mode 2

Classes loaded (20 events):
Event: 47.210 Loading class sun/util/locale/LocaleObjectCache$CacheEntry
Event: 47.210 Loading class sun/util/locale/LocaleObjectCache$CacheEntry done
Event: 47.210 Loading class java/util/Locale$Cache
Event: 47.210 Loading class java/util/Locale$Cache done
Event: 47.210 Loading class java/util/Formatter$FixedString
Event: 47.211 Loading class java/util/Formatter$FormatString
Event: 47.211 Loading class java/util/Formatter$FormatString done
Event: 47.211 Loading class java/util/Formatter$FixedString done
Event: 47.211 Loading class java/util/Formatter$Conversion
Event: 47.211 Loading class java/util/Formatter$Conversion done
Event: 47.211 Loading class java/util/Formatter$FormatSpecifier
Event: 47.212 Loading class java/util/Formatter$FormatSpecifier done
Event: 47.212 Loading class java/util/Formattable
Event: 47.212 Loading class java/util/Formattable done
Event: 47.212 Loading class java/util/Formatter$Flags
Event: 47.212 Loading class java/util/Formatter$Flags done
Event: 51.061 Loading class java/math/BigDecimal
Event: 51.063 Loading class java/math/BigDecimal done
Event: 51.289 Loading class java/util/Collections$SynchronizedMap
Event: 51.289 Loading class java/util/Collections$SynchronizedMap done

Classes unloaded (0 events):
No events

Classes redefined (0 events):
No events

Internal exceptions (20 events):
Event: 45.396 Thread 0x0000025ef28bd780 Implicit null exception at 0x0000025e87d27822 to 0x0000025e87d27c40
Event: 45.399 Thread 0x0000025ef28bd780 Implicit null exception at 0x0000025e87d47b22 to 0x0000025e87d47f34
Event: 46.226 Thread 0x0000025ef28bd780 Exception <a 'java/lang/NoSuchMethodError'{0x0000000727fbd5e8}: 'java.lang.Object java.lang.invoke.DirectMethodHandle$Holder.newInvokeSpecial(java.lang.Object, java.lang.Object, java.lang.Object, java.lang.Object, java.lang.Object, java.lang.Object, java.lang.Object, java.lang.Object, int)'> (0x0000000727fbd5e8) 
thrown [s\src\hotspot\share\interpreter\linkResolver.cpp, line 784]
Event: 46.226 Thread 0x0000025ef28bd780 Exception <a 'java/lang/NoSuchMethodError'{0x0000000727fc2320}: 'java.lang.Object java.lang.invoke.DirectMethodHandle$Holder.invokeSpecial(java.lang.Object, java.lang.Object, java.lang.Object, java.lang.Object, java.lang.Object, java.lang.Object, java.lang.Object, java.lang.Object, java.lang.Object, int)'> (0x0000000727fc2320) 
thrown [s\src\hotspot\share\interpreter\linkResolver.cpp, line 784]
Event: 46.261 Thread 0x0000025ef28bd780 Exception <a 'java/lang/NoSuchMethodError'{0x0000000727cbfec0}: 'java.lang.Object java.lang.invoke.DirectMethodHandle$Holder.newInvokeSpecial(java.lang.Object, java.lang.Object, java.lang.Object, java.lang.Object, java.lang.Object, java.lang.Object, java.lang.Object, int)'> (0x0000000727cbfec0) 
thrown [s\src\hotspot\share\interpreter\linkResolver.cpp, line 784]
Event: 46.261 Thread 0x0000025ef28bd780 Exception <a 'java/lang/NoSuchMethodError'{0x0000000727cc4510}: 'java.lang.Object java.lang.invoke.DirectMethodHandle$Holder.invokeSpecial(java.lang.Object, java.lang.Object, java.lang.Object, java.lang.Object, java.lang.Object, java.lang.Object, java.lang.Object, java.lang.Object, int)'> (0x0000000727cc4510) 
thrown [s\src\hotspot\share\interpreter\linkResolver.cpp, line 784]
Event: 46.261 Thread 0x0000025ef28bd780 Exception <a 'java/lang/NoSuchMethodError'{0x0000000727cc8438}: 'java.lang.Object java.lang.invoke.Invokers$Holder.linkToTargetMethod(java.lang.Object, java.lang.Object, java.lang.Object, java.lang.Object, java.lang.Object, java.lang.Object, int, java.lang.Object)'> (0x0000000727cc8438) 
thrown [s\src\hotspot\share\interpreter\linkResolver.cpp, line 784]
Event: 46.805 Thread 0x0000025ef28bd780 Exception <a 'java/lang/NoSuchMethodError'{0x0000000727001c30}: 'java.lang.Object java.lang.invoke.DirectMethodHandle$Holder.invokeStatic(java.lang.Object, java.lang.Object, int, int)'> (0x0000000727001c30) 
thrown [s\src\hotspot\share\interpreter\linkResolver.cpp, line 784]
Event: 47.829 Thread 0x0000025ef28bd780 Exception <a 'java/lang/NoSuchMethodError'{0x000000072de9d428}: 'java.lang.Object java.lang.invoke.DirectMethodHandle$Holder.invokeStatic(java.lang.Object, java.lang.Object, java.lang.Object, int, int)'> (0x000000072de9d428) 
thrown [s\src\hotspot\share\interpreter\linkResolver.cpp, line 784]
Event: 48.724 Thread 0x0000025ef28bd780 Implicit null exception at 0x0000025e884d819c to 0x0000025e884d98cc
Event: 49.040 Thread 0x0000025ef28bd780 Implicit null exception at 0x0000025e88ec387c to 0x0000025e88ec3f90
Event: 49.519 Thread 0x0000025ef28bd780 Implicit null exception at 0x0000025e88eb1b78 to 0x0000025e88eb23a4
Event: 49.520 Thread 0x0000025ef28bd780 Implicit null exception at 0x0000025e88e78758 to 0x0000025e88e787cd
Event: 49.851 Thread 0x0000025ef28bd780 Implicit null exception at 0x0000025e88f9e8c0 to 0x0000025e88f9e95d
Event: 51.105 Thread 0x0000025ef28bd780 Implicit null exception at 0x0000025e88d8c6a2 to 0x0000025e88d8cf2c
Event: 51.294 Thread 0x0000025ef28bd780 Exception <a 'java/lang/NoSuchMethodError'{0x000000072bdbd750}: 'java.lang.Object java.lang.invoke.DirectMethodHandle$Holder.invokeStatic(java.lang.Object, java.lang.Object, int, java.lang.Object, java.lang.Object)'> (0x000000072bdbd750) 
thrown [s\src\hotspot\share\interpreter\linkResolver.cpp, line 784]
Event: 51.294 Thread 0x0000025ef28bd780 Exception <a 'java/lang/NoSuchMethodError'{0x000000072bdc4cd8}: 'java.lang.Object java.lang.invoke.DirectMethodHandle$Holder.newInvokeSpecial(java.lang.Object, java.lang.Object, int, java.lang.Object, java.lang.Object)'> (0x000000072bdc4cd8) 
thrown [s\src\hotspot\share\interpreter\linkResolver.cpp, line 784]
Event: 51.295 Thread 0x0000025ef28bd780 Exception <a 'java/lang/NoSuchMethodError'{0x000000072bdc91d0}: 'java.lang.Object java.lang.invoke.DirectMethodHandle$Holder.invokeSpecial(java.lang.Object, java.lang.Object, java.lang.Object, int, java.lang.Object, java.lang.Object)'> (0x000000072bdc91d0) 
thrown [s\src\hotspot\share\interpreter\linkResolver.cpp, line 784]
Event: 51.295 Thread 0x0000025ef28bd780 Exception <a 'java/lang/NoSuchMethodError'{0x000000072bdcccc8}: 'java.lang.Object java.lang.invoke.Invokers$Holder.linkToTargetMethod(java.lang.Object, int, java.lang.Object, java.lang.Object, java.lang.Object)'> (0x000000072bdcccc8) 
thrown [s\src\hotspot\share\interpreter\linkResolver.cpp, line 784]
Event: 52.157 Thread 0x0000025ef28bd780 Implicit null exception at 0x0000025e87bd4bcc to 0x0000025e87bd5564

ZGC Phase Switch (0 events):
No events

VM Operations (20 events):
Event: 51.976 Executing VM operation: ICBufferFull
Event: 51.976 Executing VM operation: ICBufferFull done
Event: 52.091 Executing VM operation: G1PauseRemark
Event: 52.114 Executing VM operation: G1PauseRemark done
Event: 52.205 Executing VM operation: HandshakeAllThreads (Deoptimize)
Event: 52.205 Executing VM operation: HandshakeAllThreads (Deoptimize) done
Event: 52.209 Executing VM operation: HandshakeAllThreads (Deoptimize)
Event: 52.210 Executing VM operation: HandshakeAllThreads (Deoptimize) done
Event: 52.221 Executing VM operation: HandshakeAllThreads (Deoptimize)
Event: 52.221 Executing VM operation: HandshakeAllThreads (Deoptimize) done
Event: 52.246 Executing VM operation: HandshakeAllThreads (Deoptimize)
Event: 52.246 Executing VM operation: HandshakeAllThreads (Deoptimize) done
Event: 52.249 Executing VM operation: HandshakeAllThreads (Deoptimize)
Event: 52.249 Executing VM operation: HandshakeAllThreads (Deoptimize) done
Event: 52.292 Executing VM operation: G1PauseCleanup
Event: 52.292 Executing VM operation: G1PauseCleanup done
Event: 52.473 Executing VM operation: ICBufferFull
Event: 52.473 Executing VM operation: ICBufferFull done
Event: 53.481 Executing VM operation: Cleanup
Event: 53.482 Executing VM operation: Cleanup done

Memory protections (0 events):
No events

Nmethod flushes (20 events):
Event: 52.110 Thread 0x0000025e93020110 flushing  nmethod 0x0000025e82da4a90
Event: 52.110 Thread 0x0000025e93020110 flushing  nmethod 0x0000025e82da4f10
Event: 52.110 Thread 0x0000025e93020110 flushing  nmethod 0x0000025e82da8110
Event: 52.110 Thread 0x0000025e93020110 flushing  nmethod 0x0000025e82faaf90
Event: 52.110 Thread 0x0000025e93020110 flushing  nmethod 0x0000025e82fb0d10
Event: 52.110 Thread 0x0000025e93020110 flushing  nmethod 0x0000025e82fbc690
Event: 52.110 Thread 0x0000025e93020110 flushing  nmethod 0x0000025e82fd6090
Event: 52.110 Thread 0x0000025e93020110 flushing  nmethod 0x0000025e82fd9010
Event: 52.110 Thread 0x0000025e93020110 flushing  nmethod 0x0000025e82fda910
Event: 52.110 Thread 0x0000025e93020110 flushing  nmethod 0x0000025e82fe0e90
Event: 52.110 Thread 0x0000025e93020110 flushing  nmethod 0x0000025e82fe2c90
Event: 52.110 Thread 0x0000025e93020110 flushing  nmethod 0x0000025e82fe9b10
Event: 52.110 Thread 0x0000025e93020110 flushing  nmethod 0x0000025e82feea90
Event: 52.110 Thread 0x0000025e93020110 flushing  nmethod 0x0000025e82ff3a90
Event: 52.110 Thread 0x0000025e93020110 flushing  nmethod 0x0000025e82ff7310
Event: 52.110 Thread 0x0000025e93020110 flushing  nmethod 0x0000025e82ff8710
Event: 52.110 Thread 0x0000025e93020110 flushing  nmethod 0x0000025e82ffea10
Event: 52.110 Thread 0x0000025e93020110 flushing  nmethod 0x0000025e83417d10
Event: 52.110 Thread 0x0000025e93020110 flushing  nmethod 0x0000025e8351ca10
Event: 52.110 Thread 0x0000025e93020110 flushing  nmethod 0x0000025e83524690

Events (20 events):
Event: 3.114 Thread 0x0000025e9308dbf0 Thread added: 0x0000025e944d0660
Event: 3.534 Thread 0x0000025e944d0660 Thread added: 0x0000025e952e76c0
Event: 5.022 Thread 0x0000025e952e76c0 Thread exited: 0x0000025e952e76c0
Event: 5.022 Thread 0x0000025e944d0660 Thread exited: 0x0000025e944d0660
Event: 5.049 Thread 0x0000025e9308dbf0 Thread added: 0x0000025e944d0660
Event: 5.215 Thread 0x0000025e944d0660 Thread exited: 0x0000025e944d0660
Event: 5.375 Thread 0x0000025e9309b590 Thread added: 0x0000025e949c93c0
Event: 5.401 Thread 0x0000025e9308dbf0 Thread added: 0x0000025e966a72b0
Event: 5.616 Thread 0x0000025e966a72b0 Thread exited: 0x0000025e966a72b0
Event: 5.828 Thread 0x0000025e949c93c0 Thread exited: 0x0000025e949c93c0
Event: 6.170 Thread 0x0000025e9308dbf0 Thread added: 0x0000025e94ae9600
Event: 6.265 Thread 0x0000025e9308dbf0 Thread added: 0x0000025e967eb520
Event: 9.086 Thread 0x0000025e967eb520 Thread exited: 0x0000025e967eb520
Event: 9.237 Thread 0x0000025e9309b590 Thread added: 0x0000025e967eb520
Event: 12.736 Thread 0x0000025e967eb520 Thread exited: 0x0000025e967eb520
Event: 12.736 Thread 0x0000025e94ae9600 Thread exited: 0x0000025e94ae9600
Event: 12.757 Thread 0x0000025e9308dbf0 Thread added: 0x0000025e94ae9600
Event: 12.876 Thread 0x0000025e9308dbf0 Thread added: 0x0000025e97de0780
Event: 45.369 Thread 0x0000025e97de0780 Thread exited: 0x0000025e97de0780
Event: 45.742 Thread 0x0000025e9308dbf0 Thread added: 0x0000025e96c94370


Dynamic libraries:
0x00007ff60a480000 - 0x00007ff60a48a000 	C:\Users\harsh\AppData\Local\Programs\Android Studio\jbr\bin\java.exe
0x00007ff859280000 - 0x00007ff8594e7000 	C:\Windows\SYSTEM32\ntdll.dll
0x00007ff858700000 - 0x00007ff8587c9000 	C:\Windows\System32\KERNEL32.DLL
0x00007ff855df0000 - 0x00007ff8561e4000 	C:\Windows\System32\KERNELBASE.dll
0x00007ff8561f0000 - 0x00007ff85633b000 	C:\Windows\System32\ucrtbase.dll
0x00007ff8512f0000 - 0x00007ff851308000 	C:\Users\harsh\AppData\Local\Programs\Android Studio\jbr\bin\jli.dll
0x00007ff83b320000 - 0x00007ff83b33b000 	C:\Users\harsh\AppData\Local\Programs\Android Studio\jbr\bin\VCRUNTIME140.dll
0x00007ff857ae0000 - 0x00007ff857ca5000 	C:\Windows\System32\USER32.dll
0x00007ff8563f0000 - 0x00007ff856417000 	C:\Windows\System32\win32u.dll
0x00007ff846950000 - 0x00007ff846be3000 	C:\Windows\WinSxS\amd64_microsoft.windows.common-controls_6595b64144ccf1df_6.0.26100.8115_none_3e075c82e3354f9c\COMCTL32.dll
0x00007ff8579a0000 - 0x00007ff8579cb000 	C:\Windows\System32\GDI32.dll
0x00007ff8572a0000 - 0x00007ff857349000 	C:\Windows\System32\msvcrt.dll
0x00007ff855c00000 - 0x00007ff855d2a000 	C:\Windows\System32\gdi32full.dll
0x00007ff855b50000 - 0x00007ff855bf3000 	C:\Windows\System32\msvcp_win.dll
0x00007ff858630000 - 0x00007ff858662000 	C:\Windows\System32\IMM32.DLL
0x00007ff852f80000 - 0x00007ff852f8c000 	C:\Users\harsh\AppData\Local\Programs\Android Studio\jbr\bin\vcruntime140_1.dll
0x00007ff83f260000 - 0x00007ff83f2ed000 	C:\Users\harsh\AppData\Local\Programs\Android Studio\jbr\bin\msvcp140.dll
0x00007ff8017d0000 - 0x00007ff80245b000 	C:\Users\harsh\AppData\Local\Programs\Android Studio\jbr\bin\server\jvm.dll
0x00007ff8588d0000 - 0x00007ff858986000 	C:\Windows\System32\ADVAPI32.dll
0x00007ff8571f0000 - 0x00007ff857297000 	C:\Windows\System32\sechost.dll
0x00007ff857350000 - 0x00007ff857468000 	C:\Windows\System32\RPCRT4.dll
0x00007ff858670000 - 0x00007ff8586f0000 	C:\Windows\System32\WS2_32.dll
0x00007ff855800000 - 0x00007ff85585e000 	C:\Windows\SYSTEM32\POWRPROF.dll
0x00007ff850600000 - 0x00007ff85060b000 	C:\Windows\SYSTEM32\VERSION.dll
0x00007ff8505b0000 - 0x00007ff8505e6000 	C:\Windows\SYSTEM32\WINMM.dll
0x00007ff8557e0000 - 0x00007ff8557f4000 	C:\Windows\SYSTEM32\UMPDC.dll
0x00007ff8548e0000 - 0x00007ff8548fb000 	C:\Windows\SYSTEM32\kernel.appcore.dll
0x00007ff83b2e0000 - 0x00007ff83b2ea000 	C:\Users\harsh\AppData\Local\Programs\Android Studio\jbr\bin\jimage.dll
0x00007ff84a2b0000 - 0x00007ff84a4f2000 	C:\Windows\SYSTEM32\DBGHELP.DLL
0x00007ff857610000 - 0x00007ff857992000 	C:\Windows\System32\combase.dll
0x00007ff857530000 - 0x00007ff857607000 	C:\Windows\System32\OLEAUT32.dll
0x00007ff838c10000 - 0x00007ff838c4b000 	C:\Windows\SYSTEM32\dbgcore.DLL
0x00007ff856340000 - 0x00007ff8563e5000 	C:\Windows\System32\bcryptPrimitives.dll
0x00007ff8337d0000 - 0x00007ff8337f0000 	C:\Users\harsh\AppData\Local\Programs\Android Studio\jbr\bin\java.dll
0x00007ff82df90000 - 0x00007ff82dfa8000 	C:\Users\harsh\AppData\Local\Programs\Android Studio\jbr\bin\zip.dll
0x00007ff858ad0000 - 0x00007ff859236000 	C:\Windows\System32\SHELL32.dll
0x00007ff856c90000 - 0x00007ff856dfa000 	C:\Windows\System32\wintypes.dll
0x00007ff856420000 - 0x00007ff856c85000 	C:\Windows\System32\windows.storage.dll
0x00007ff8579d0000 - 0x00007ff857ac7000 	C:\Windows\System32\SHCORE.dll
0x00007ff857470000 - 0x00007ff8574d6000 	C:\Windows\System32\shlwapi.dll
0x00007ff855a70000 - 0x00007ff855a99000 	C:\Windows\SYSTEM32\profapi.dll
0x00007ff83b2d0000 - 0x00007ff83b2e0000 	C:\Users\harsh\AppData\Local\Programs\Android Studio\jbr\bin\net.dll
0x00007ff84e430000 - 0x00007ff84e55d000 	C:\Windows\SYSTEM32\WINHTTP.dll
0x00007ff854e50000 - 0x00007ff854ebc000 	C:\Windows\system32\mswsock.dll
0x00007ff80ddb0000 - 0x00007ff80ddc6000 	C:\Users\harsh\AppData\Local\Programs\Android Studio\jbr\bin\nio.dll
0x00007ff835b70000 - 0x00007ff835b79000 	C:\Users\harsh\AppData\Local\Programs\Android Studio\jbr\bin\management.dll
0x00007ff8347b0000 - 0x00007ff8347bb000 	C:\Users\harsh\AppData\Local\Programs\Android Studio\jbr\bin\management_ext.dll
0x00007ff857cb0000 - 0x00007ff857cb8000 	C:\Windows\System32\PSAPI.DLL
0x00007ff8499e0000 - 0x00007ff8499f0000 	C:\Users\harsh\AppData\Local\Programs\Android Studio\jbr\bin\verify.dll

dbghelp: loaded successfully - version: 4.0.5 - missing functions: none
symbol engine: initialized successfully - sym options: 0x614 - pdb path: .;C:\Users\harsh\AppData\Local\Programs\Android Studio\jbr\bin;C:\Windows\SYSTEM32;C:\Windows\WinSxS\amd64_microsoft.windows.common-controls_6595b64144ccf1df_6.0.26100.8115_none_3e075c82e3354f9c;C:\Users\harsh\AppData\Local\Programs\Android Studio\jbr\bin\server

VM Arguments:
java_command: org.jetbrains.kotlin.cli.jvm.K2JVMCompiler @C:\Users\harsh\AndroidStudioProjects\M7pairlix\pairlix-user-android\app\build\20260421_5366103582756092580.compiler.options
java_class_path (initial): C:\Users\harsh\.gradle\caches\modules-2\files-2.1\org.jetbrains.kotlin\kotlin-compiler-embeddable\2.2.21\b13aed5cf8412f9ee9d1e4db21bdcfebcc24f606\kotlin-compiler-embeddable-2.2.21.jar;C:\Users\harsh\.gradle\caches\modules-2\files-2.1\org.jetbrains.kotlin\kotlin-stdlib\2.2.21\fa374a986e128314c3db00a20aae55f72a258511\kotlin-stdlib-2.2.21.jar;C:\Users\harsh\.gradle\caches\modules-2\files-2.1\org.jetbrains.kotlin\kotlin-script-runtime\2.2.21\e9b021c4e335e4ed7a7e3b32285249ae6bb3a6c8\kotlin-script-runtime-2.2.21.jar;C:\Users\harsh\.gradle\caches\modules-2\files-2.1\org.jetbrains.kotlin\kotlin-reflect\1.6.10\1cbe9c92c12a94eea200d23c2bbaedaf3daf5132\kotlin-reflect-1.6.10.jar;C:\Users\harsh\.gradle\caches\modules-2\files-2.1\org.jetbrains.kotlin\kotlin-daemon-embeddable\2.2.21\78fde5db1c92786448170b351d8f8868acabd2ce\kotlin-daemon-embeddable-2.2.21.jar;C:\Users\harsh\.gradle\caches\modules-2\files-2.1\org.jetbrains.kotlinx\kotlinx-coroutines-core-jvm\1.8.0\ac1dc37a30a93150b704022f8d895ee1bd3a36b3\kotlinx-coroutines-core-jvm-1.8.0.jar;C:\Users\harsh\.gradle\caches\modules-2\files-2.1\org.jetbrains\annotations\13.0\919f0dfe192fb4e063e7dacadee7f8bb9a2672a9\annotations-13.0.jar
Launcher Type: SUN_STANDARD

[Global flags]
     intx CICompilerCount                          = 4                                         {product} {ergonomic}
     uint ConcGCThreads                            = 3                                         {product} {ergonomic}
     uint G1ConcRefinementThreads                  = 10                                        {product} {ergonomic}
   size_t G1HeapRegionSize                         = 2097152                                   {product} {ergonomic}
    uintx GCDrainStackTargetSize                   = 64                                        {product} {ergonomic}
   size_t InitialHeapSize                          = 257949696                                 {product} {ergonomic}
   size_t MarkStackSize                            = 4194304                                   {product} {ergonomic}
   size_t MaxHeapSize                              = 4118806528                                {product} {ergonomic}
   size_t MaxNewSize                               = 2470445056                                {product} {ergonomic}
   size_t MinHeapDeltaBytes                        = 2097152                                   {product} {ergonomic}
   size_t MinHeapSize                              = 8388608                                   {product} {ergonomic}
    uintx NonNMethodCodeHeapSize                   = 5839372                                {pd product} {ergonomic}
    uintx NonProfiledCodeHeapSize                  = 122909434                              {pd product} {ergonomic}
    uintx ProfiledCodeHeapSize                     = 122909434                              {pd product} {ergonomic}
    uintx ReservedCodeCacheSize                    = 251658240                              {pd product} {ergonomic}
     bool SegmentedCodeCache                       = true                                      {product} {ergonomic}
   size_t SoftMaxHeapSize                          = 4118806528                             {manageable} {ergonomic}
     bool UseCompressedOops                        = true                           {product lp64_product} {ergonomic}
     bool UseG1GC                                  = true                                      {product} {ergonomic}
     bool UseLargePagesIndividualAllocation        = false                                  {pd product} {ergonomic}

Logging:
Log output configuration:
 #0: stdout all=warning uptime,level,tags foldmultilines=false
 #1: stderr all=off uptime,level,tags foldmultilines=false

Environment Variables:
PATH=D:\oracle\product\10.2.0\db_1\bin;C:\Program Files\Common Files\Oracle\Java\javapath;C:\Windows\system32;C:\Windows;C:\Windows\System32\Wbem;C:\Windows\System32\WindowsPowerShell\v1.0\;C:\Windows\System32\OpenSSH\;C:\ProgramData\chocolatey\bin;C:\Program Files\Java\jdk-23\bin;C:\Program Files\Git\cmd;D:\flutter\bin;C:\Users\harsh\AppData\Local\Microsoft\WindowsApps;C:\Users\harsh\AppData\Local\Programs\Microsoft VS Code\bin;C:\Users\harsh\AppData\Roaming\Python\Python313\Scripts;C:\Users\harsh\AppData\Local\JetBrains\Toolbox\scripts;
USERNAME=harsh
OS=Windows_NT
PROCESSOR_IDENTIFIER=AMD64 Family 25 Model 80 Stepping 0, AuthenticAMD
TMP=C:\Users\harsh\AppData\Local\Temp
TEMP=C:\Users\harsh\AppData\Local\Temp




Periodic native trim disabled

JNI global refs:
JNI global refs: 15, weak refs: 107

JNI global refs memory usage: 835, weak refs: 1465

Process memory usage:
Resident Set Size: 1057876K (6% of 16085060K total physical memory with 1447100K free physical memory)

OOME stack traces (most recent first):
Classloader memory used:
Loader jdk.internal.loader.ClassLoaders$AppClassLoader                                 : 79728K
Loader bootstrap                                                                       : 11973K
Loader java.net.URLClassLoader                                                         : 2090K

---------------  S Y S T E M  ---------------

OS:
 Windows 11 , 64 bit Build 26100 (10.0.26100.8115)
OS uptime: 14 days 2:03 hours
Hyper-V role detected

CPU: total 12 (initial active 12) (12 cores per cpu, 2 threads per core) family 25 model 80 stepping 0 microcode 0xa50000d, cx8, cmov, fxsr, ht, mmx, 3dnowpref, sse, sse2, sse3, ssse3, sse4a, sse4.1, sse4.2, popcnt, lzcnt, tsc, tscinvbit, avx, avx2, aes, erms, clmul, bmi1, bmi2, adx, sha, fma, vzeroupper, clflush, clflushopt, hv, rdtscp, rdpid, fsrm, f16c, cet_ss
Processor Information for processor 0
  Max Mhz: 2301, Current Mhz: 1798, Mhz Limit: 2301
Processor Information for processor 1
  Max Mhz: 2301, Current Mhz: 1798, Mhz Limit: 2301
Processor Information for processor 2
  Max Mhz: 2301, Current Mhz: 1798, Mhz Limit: 2301
Processor Information for processor 3
  Max Mhz: 2301, Current Mhz: 1798, Mhz Limit: 2301
Processor Information for processor 4
  Max Mhz: 2301, Current Mhz: 1798, Mhz Limit: 2301
Processor Information for processor 5
  Max Mhz: 2301, Current Mhz: 1798, Mhz Limit: 2301
Processor Information for processor 6
  Max Mhz: 2301, Current Mhz: 1798, Mhz Limit: 2301
Processor Information for processor 7
  Max Mhz: 2301, Current Mhz: 1798, Mhz Limit: 2301
Processor Information for processor 8
  Max Mhz: 2301, Current Mhz: 1904, Mhz Limit: 2301
Processor Information for processor 9
  Max Mhz: 2301, Current Mhz: 1904, Mhz Limit: 2301
Processor Information for processor 10
  Max Mhz: 2301, Current Mhz: 1798, Mhz Limit: 2301
Processor Information for processor 11
  Max Mhz: 2301, Current Mhz: 1904, Mhz Limit: 2301

Memory: 4k page, system-wide physical 15708M (1413M free)
TotalPageFile size 20708M (AvailPageFile size 5M)
current process WorkingSet (physical memory assigned to process): 1033M, peak: 1033M
current process commit charge ("private bytes"): 1071M, peak: 1074M

vm_info: OpenJDK 64-Bit Server VM (21.0.6+-13368085-b895.109) for windows-amd64 JRE (21.0.6+-13368085-b895.109), built on 2025-04-16T17:01:31Z by "builder" with MS VC++ 16.10 / 16.11 (VS2019)

END.
