#
# There is insufficient memory for the Java Runtime Environment to continue.
# Native memory allocation (malloc) failed to allocate 1544816 bytes. Error detail: Chunk::new
# Possible reasons:
#   The system is out of physical RAM or swap space
#   This process is running with CompressedOops enabled, and the Java Heap may be blocking the growth of the native heap
# Possible solutions:
#   Reduce memory load on the system
#   Increase physical memory or swap space
#   Check if swap backing store is full
#   Decrease Java heap size (-Xmx/-Xms)
#   Decrease number of Java threads
#   Decrease Java thread stack sizes (-Xss)
#   Set larger code cache with -XX:ReservedCodeCacheSize=
#   JVM is running with Zero Based Compressed Oops mode in which the Java heap is
#     placed in the first 32GB address space. The Java Heap base address is the
#     maximum limit for the native heap growth. Please use -XX:HeapBaseMinAddress
#     to set the Java Heap base and to place the Java Heap above 32GB virtual address.
# This output file may be truncated or incomplete.
#
#  Out of Memory Error (arena.cpp:168), pid=10072, tid=14124
#
# JRE version: OpenJDK Runtime Environment (21.0.6) (build 21.0.6+-13368085-b895.109)
# Java VM: OpenJDK 64-Bit Server VM (21.0.6+-13368085-b895.109, mixed mode, tiered, compressed oops, compressed class ptrs, g1 gc, windows-amd64)
# No core dump will be written. Minidumps are not enabled by default on client versions of Windows
#

---------------  S U M M A R Y ------------

Command Line: org.jetbrains.kotlin.cli.jvm.K2JVMCompiler @C:\Users\harsh\AndroidStudioProjects\PairlixDating\app\build\20251208_16297166915705057065.compiler.options

Host: AMD Ryzen 5 5625U with Radeon Graphics         , 12 cores, 15G,  Windows 11 , 64 bit Build 26100 (10.0.26100.7019)
Time: Mon Dec  8 11:17:39 2025 India Standard Time elapsed time: 38.957518 seconds (0d 0h 0m 38s)

---------------  T H R E A D  ---------------

Current thread (0x0000023a7dc82d20):  JavaThread "C2 CompilerThread0" daemon [_thread_in_native, id=14124, stack(0x0000009720200000,0x0000009720300000) (1024K)]


Current CompileTask:
C2:38957 27665       4       org.jetbrains.kotlin.backend.jvm.mapping.MethodSignatureMapper::mapSignature (399 bytes)

Stack: [0x0000009720200000,0x0000009720300000]
Native frames: (J=compiled Java code, j=interpreted, Vv=VM code, C=native code)
V  [jvm.dll+0x6d0639]
V  [jvm.dll+0x85eb03]
V  [jvm.dll+0x86105e]
V  [jvm.dll+0x861743]
V  [jvm.dll+0x27e6e6]
V  [jvm.dll+0xbff6d]
V  [jvm.dll+0xc04a3]
V  [jvm.dll+0x3b6171]
V  [jvm.dll+0x3820c7]
V  [jvm.dll+0x38153a]
V  [jvm.dll+0x247c82]
V  [jvm.dll+0x247251]
V  [jvm.dll+0x1c5f04]
V  [jvm.dll+0x2569ac]
V  [jvm.dll+0x254ef6]
V  [jvm.dll+0x3f0e96]
V  [jvm.dll+0x806ed8]
V  [jvm.dll+0x6cef0d]
C  [ucrtbase.dll+0x37b0]
C  [KERNEL32.DLL+0x2e8d7]
C  [ntdll.dll+0x8c53c]


---------------  P R O C E S S  ---------------

Threads class SMR info:
_java_thread_list=0x0000023a165cc1e0, length=13, elements={
0x0000023a72a8eed0, 0x0000023a7dc2f2b0, 0x0000023a7dc5cb80, 0x0000023a7dc734d0,
0x0000023a7dc73b30, 0x0000023a7dc80610, 0x0000023a7dc81800, 0x0000023a7dc82d20,
0x0000023a7dc83f50, 0x0000023a7de25d20, 0x0000023a7de26380, 0x0000023a15eacdb0,
0x0000023a1dd905c0
}

Java Threads: ( => current thread )
  0x0000023a72a8eed0 JavaThread "main"                              [_thread_in_Java, id=17028, stack(0x000000971f400000,0x000000971f500000) (1024K)]
  0x0000023a7dc2f2b0 JavaThread "Reference Handler"          daemon [_thread_blocked, id=12020, stack(0x000000971fc00000,0x000000971fd00000) (1024K)]
  0x0000023a7dc5cb80 JavaThread "Finalizer"                  daemon [_thread_blocked, id=4416, stack(0x000000971fd00000,0x000000971fe00000) (1024K)]
  0x0000023a7dc734d0 JavaThread "Signal Dispatcher"          daemon [_thread_blocked, id=15740, stack(0x000000971fe00000,0x000000971ff00000) (1024K)]
  0x0000023a7dc73b30 JavaThread "Attach Listener"            daemon [_thread_blocked, id=1944, stack(0x000000971ff00000,0x0000009720000000) (1024K)]
  0x0000023a7dc80610 JavaThread "Service Thread"             daemon [_thread_blocked, id=18788, stack(0x0000009720000000,0x0000009720100000) (1024K)]
  0x0000023a7dc81800 JavaThread "Monitor Deflation Thread"   daemon [_thread_blocked, id=5300, stack(0x0000009720100000,0x0000009720200000) (1024K)]
=>0x0000023a7dc82d20 JavaThread "C2 CompilerThread0"         daemon [_thread_in_native, id=14124, stack(0x0000009720200000,0x0000009720300000) (1024K)]
  0x0000023a7dc83f50 JavaThread "C1 CompilerThread0"         daemon [_thread_blocked, id=16852, stack(0x0000009720300000,0x0000009720400000) (1024K)]
  0x0000023a7de25d20 JavaThread "Notification Thread"        daemon [_thread_blocked, id=4240, stack(0x0000009720400000,0x0000009720500000) (1024K)]
  0x0000023a7de26380 JavaThread "Common-Cleaner"             daemon [_thread_blocked, id=15872, stack(0x0000009720500000,0x0000009720600000) (1024K)]
  0x0000023a15eacdb0 JavaThread "C2 CompilerThread1"         daemon [_thread_in_native, id=2912, stack(0x0000009720600000,0x0000009720700000) (1024K)]
  0x0000023a1dd905c0 JavaThread "C2 CompilerThread2"         daemon [_thread_in_vm, id=1692, stack(0x000000971f300000,0x000000971f400000) (1024K)]
Total: 13

Other Threads:
  0x0000023a7daad570 VMThread "VM Thread"                           [id=17184, stack(0x000000971fb00000,0x000000971fc00000) (1024K)]
  0x0000023a7da372f0 WatcherThread "VM Periodic Task Thread"        [id=4960, stack(0x000000971fa00000,0x000000971fb00000) (1024K)]
  0x0000023a72aed9c0 WorkerThread "GC Thread#0"                     [id=10068, stack(0x000000971f500000,0x000000971f600000) (1024K)]
  0x0000023a7e54b7d0 WorkerThread "GC Thread#1"                     [id=17472, stack(0x0000009720800000,0x0000009720900000) (1024K)]
  0x0000023a7e549100 WorkerThread "GC Thread#2"                     [id=19060, stack(0x0000009720900000,0x0000009720a00000) (1024K)]
  0x0000023a7e5494a0 WorkerThread "GC Thread#3"                     [id=2480, stack(0x0000009720a00000,0x0000009720b00000) (1024K)]
  0x0000023a7e549840 WorkerThread "GC Thread#4"                     [id=10740, stack(0x0000009720b00000,0x0000009720c00000) (1024K)]
  0x0000023a7e5c7a40 WorkerThread "GC Thread#5"                     [id=19308, stack(0x0000009720c00000,0x0000009720d00000) (1024K)]
  0x0000023a7e716f00 WorkerThread "GC Thread#6"                     [id=8344, stack(0x0000009720700000,0x0000009720800000) (1024K)]
  0x0000023a7e717640 WorkerThread "GC Thread#7"                     [id=3764, stack(0x0000009720d00000,0x0000009720e00000) (1024K)]
  0x0000023a7e715ce0 WorkerThread "GC Thread#8"                     [id=1700, stack(0x0000009720e00000,0x0000009720f00000) (1024K)]
  0x0000023a7eaf4c30 WorkerThread "GC Thread#9"                     [id=6460, stack(0x0000009721100000,0x0000009721200000) (1024K)]
  0x0000023a72afdf20 ConcurrentGCThread "G1 Main Marker"            [id=13556, stack(0x000000971f600000,0x000000971f700000) (1024K)]
  0x0000023a72b031c0 WorkerThread "G1 Conc#0"                       [id=14248, stack(0x000000971f700000,0x000000971f800000) (1024K)]
  0x0000023a7eaf3db0 WorkerThread "G1 Conc#1"                       [id=17616, stack(0x0000009720f00000,0x0000009721000000) (1024K)]
  0x0000023a7eaf44f0 WorkerThread "G1 Conc#2"                       [id=392, stack(0x0000009721000000,0x0000009721100000) (1024K)]
  0x0000023a7d9079c0 ConcurrentGCThread "G1 Refine#0"               [id=7944, stack(0x000000971f800000,0x000000971f900000) (1024K)]
  0x0000023a7d9082d0 ConcurrentGCThread "G1 Service"                [id=11228, stack(0x000000971f900000,0x000000971fa00000) (1024K)]
Total: 18

Threads with active compile tasks:
C2 CompilerThread0  38990 27665       4       org.jetbrains.kotlin.backend.jvm.mapping.MethodSignatureMapper::mapSignature (399 bytes)
C2 CompilerThread1  38990 27672       4       org.jetbrains.kotlin.it.unimi.dsi.fastutil.objects.Object2IntOpenHashMap::put (41 bytes)
C2 CompilerThread2  38990 27711       4       org.jetbrains.kotlin.codegen.inline.MethodInliner::markPlacesForInlineAndRemoveInlinable (1320 bytes)
Total: 3

VM state: not at safepoint (normal execution)

VM Mutex/Monitor currently owned by a thread: None

Heap address: 0x000000070a800000, size: 3928 MB, Compressed Oops mode: Zero based, Oop shift amount: 3

CDS archive(s) not mapped
Compressed class space mapped at: 0x0000000800000000-0x0000000840000000, reserved size: 1073741824
Narrow klass base: 0x0000000800000000, Narrow klass shift: 0, Narrow klass range: 0x40000000

GC Precious Log:
 CardTable entry size: 512
 Card Set container configuration: InlinePtr #cards 4 size 8 Array Of Cards #cards 16 size 48 Howl #buckets 8 coarsen threshold 3686 Howl Bitmap #cards 512 size 80 coarsen threshold 460 Card regions per heap region 1 cards per card region 4096
 CPUs: 12 total, 12 available
 Memory: 15708M
 Large Page Support: Disabled
 NUMA Support: Disabled
 Compressed Oops: Enabled (Zero based)
 Heap Region Size: 2M
 Heap Min Capacity: 8M
 Heap Initial Capacity: 246M
 Heap Max Capacity: 3928M
 Pre-touch: Disabled
 Parallel Workers: 10
 Concurrent Workers: 3
 Concurrent Refinement Workers: 10
 Periodic GC: Disabled

Heap:
 garbage-first heap   total 587776K, used 376207K [0x000000070a800000, 0x0000000800000000)
  region size 2048K, 39 young (79872K), 5 survivors (10240K)
 Metaspace       used 110781K, committed 111296K, reserved 1179648K
  class space    used 11086K, committed 11328K, reserved 1048576K

Heap Regions: E=young(eden), S=young(survivor), O=old, HS=humongous(starts), HC=humongous(continues), CS=collection set, F=free, TAMS=top-at-mark-start, PB=parsable bottom
|   0|0x000000070a800000, 0x000000070aa00000, 0x000000070aa00000|100%|HS|  |TAMS 0x000000070a800000| PB 0x000000070a800000| Complete 
|   1|0x000000070aa00000, 0x000000070ac00000, 0x000000070ac00000|100%|HC|  |TAMS 0x000000070aa00000| PB 0x000000070aa00000| Complete 
|   2|0x000000070ac00000, 0x000000070ae00000, 0x000000070ae00000|100%| O|  |TAMS 0x000000070ac00000| PB 0x000000070ac00000| Untracked 
|   3|0x000000070ae00000, 0x000000070b000000, 0x000000070b000000|100%| O|  |TAMS 0x000000070ae00000| PB 0x000000070ae00000| Untracked 
|   4|0x000000070b000000, 0x000000070b200000, 0x000000070b200000|100%| O|  |TAMS 0x000000070b000000| PB 0x000000070b000000| Untracked 
|   5|0x000000070b200000, 0x000000070b400000, 0x000000070b400000|100%| O|  |TAMS 0x000000070b200000| PB 0x000000070b200000| Untracked 
|   6|0x000000070b400000, 0x000000070b600000, 0x000000070b600000|100%| O|  |TAMS 0x000000070b400000| PB 0x000000070b400000| Untracked 
|   7|0x000000070b600000, 0x000000070b800000, 0x000000070b800000|100%| O|  |TAMS 0x000000070b600000| PB 0x000000070b600000| Untracked 
|   8|0x000000070b800000, 0x000000070ba00000, 0x000000070ba00000|100%| O|  |TAMS 0x000000070b800000| PB 0x000000070b800000| Untracked 
|   9|0x000000070ba00000, 0x000000070bc00000, 0x000000070bc00000|100%| O|  |TAMS 0x000000070ba00000| PB 0x000000070ba00000| Untracked 
|  10|0x000000070bc00000, 0x000000070be00000, 0x000000070be00000|100%| O|  |TAMS 0x000000070bc00000| PB 0x000000070bc00000| Untracked 
|  11|0x000000070be00000, 0x000000070c000000, 0x000000070c000000|100%| O|  |TAMS 0x000000070be00000| PB 0x000000070be00000| Untracked 
|  12|0x000000070c000000, 0x000000070c200000, 0x000000070c200000|100%| O|  |TAMS 0x000000070c000000| PB 0x000000070c000000| Untracked 
|  13|0x000000070c200000, 0x000000070c400000, 0x000000070c400000|100%| O|  |TAMS 0x000000070c200000| PB 0x000000070c200000| Untracked 
|  14|0x000000070c400000, 0x000000070c600000, 0x000000070c600000|100%| O|  |TAMS 0x000000070c400000| PB 0x000000070c400000| Untracked 
|  15|0x000000070c600000, 0x000000070c800000, 0x000000070c800000|100%| O|  |TAMS 0x000000070c600000| PB 0x000000070c600000| Untracked 
|  16|0x000000070c800000, 0x000000070ca00000, 0x000000070ca00000|100%| O|  |TAMS 0x000000070c800000| PB 0x000000070c800000| Untracked 
|  17|0x000000070ca00000, 0x000000070cc00000, 0x000000070cc00000|100%| O|  |TAMS 0x000000070ca00000| PB 0x000000070ca00000| Untracked 
|  18|0x000000070cc00000, 0x000000070ce00000, 0x000000070ce00000|100%| O|  |TAMS 0x000000070cc00000| PB 0x000000070cc00000| Untracked 
|  19|0x000000070ce00000, 0x000000070d000000, 0x000000070d000000|100%| O|  |TAMS 0x000000070ce00000| PB 0x000000070ce00000| Untracked 
|  20|0x000000070d000000, 0x000000070d200000, 0x000000070d200000|100%| O|  |TAMS 0x000000070d000000| PB 0x000000070d000000| Untracked 
|  21|0x000000070d200000, 0x000000070d400000, 0x000000070d400000|100%| O|  |TAMS 0x000000070d200000| PB 0x000000070d200000| Untracked 
|  22|0x000000070d400000, 0x000000070d600000, 0x000000070d600000|100%| O|  |TAMS 0x000000070d400000| PB 0x000000070d400000| Untracked 
|  23|0x000000070d600000, 0x000000070d800000, 0x000000070d800000|100%| O|  |TAMS 0x000000070d600000| PB 0x000000070d600000| Untracked 
|  24|0x000000070d800000, 0x000000070da00000, 0x000000070da00000|100%| O|  |TAMS 0x000000070d800000| PB 0x000000070d800000| Untracked 
|  25|0x000000070da00000, 0x000000070dc00000, 0x000000070dc00000|100%| O|  |TAMS 0x000000070da00000| PB 0x000000070da00000| Untracked 
|  26|0x000000070dc00000, 0x000000070de00000, 0x000000070de00000|100%| O|  |TAMS 0x000000070dc00000| PB 0x000000070dc00000| Untracked 
|  27|0x000000070de00000, 0x000000070e000000, 0x000000070e000000|100%| O|  |TAMS 0x000000070de00000| PB 0x000000070de00000| Untracked 
|  28|0x000000070e000000, 0x000000070e200000, 0x000000070e200000|100%| O|  |TAMS 0x000000070e000000| PB 0x000000070e000000| Untracked 
|  29|0x000000070e200000, 0x000000070e400000, 0x000000070e400000|100%| O|  |TAMS 0x000000070e200000| PB 0x000000070e200000| Untracked 
|  30|0x000000070e400000, 0x000000070e600000, 0x000000070e600000|100%| O|  |TAMS 0x000000070e400000| PB 0x000000070e400000| Untracked 
|  31|0x000000070e600000, 0x000000070e800000, 0x000000070e800000|100%| O|  |TAMS 0x000000070e600000| PB 0x000000070e600000| Untracked 
|  32|0x000000070e800000, 0x000000070ea00000, 0x000000070ea00000|100%| O|  |TAMS 0x000000070e800000| PB 0x000000070e800000| Untracked 
|  33|0x000000070ea00000, 0x000000070ec00000, 0x000000070ec00000|100%| O|  |TAMS 0x000000070ea00000| PB 0x000000070ea00000| Untracked 
|  34|0x000000070ec00000, 0x000000070ee00000, 0x000000070ee00000|100%| O|  |TAMS 0x000000070ec00000| PB 0x000000070ec00000| Untracked 
|  35|0x000000070ee00000, 0x000000070f000000, 0x000000070f000000|100%| O|  |TAMS 0x000000070ee00000| PB 0x000000070ee00000| Untracked 
|  36|0x000000070f000000, 0x000000070f200000, 0x000000070f200000|100%| O|  |TAMS 0x000000070f000000| PB 0x000000070f000000| Untracked 
|  37|0x000000070f200000, 0x000000070f400000, 0x000000070f400000|100%| O|  |TAMS 0x000000070f200000| PB 0x000000070f200000| Untracked 
|  38|0x000000070f400000, 0x000000070f600000, 0x000000070f600000|100%| O|  |TAMS 0x000000070f400000| PB 0x000000070f400000| Untracked 
|  39|0x000000070f600000, 0x000000070f800000, 0x000000070f800000|100%| O|  |TAMS 0x000000070f600000| PB 0x000000070f600000| Untracked 
|  40|0x000000070f800000, 0x000000070fa00000, 0x000000070fa00000|100%| O|  |TAMS 0x000000070f800000| PB 0x000000070f800000| Untracked 
|  41|0x000000070fa00000, 0x000000070fc00000, 0x000000070fc00000|100%| O|  |TAMS 0x000000070fa00000| PB 0x000000070fa00000| Untracked 
|  42|0x000000070fc00000, 0x000000070fe00000, 0x000000070fe00000|100%| O|  |TAMS 0x000000070fc00000| PB 0x000000070fc00000| Untracked 
|  43|0x000000070fe00000, 0x0000000710000000, 0x0000000710000000|100%| O|  |TAMS 0x000000070fe00000| PB 0x000000070fe00000| Untracked 
|  44|0x0000000710000000, 0x0000000710200000, 0x0000000710200000|100%| O|  |TAMS 0x0000000710000000| PB 0x0000000710000000| Untracked 
|  45|0x0000000710200000, 0x0000000710400000, 0x0000000710400000|100%| O|  |TAMS 0x0000000710200000| PB 0x0000000710200000| Untracked 
|  46|0x0000000710400000, 0x0000000710600000, 0x0000000710600000|100%| O|  |TAMS 0x0000000710400000| PB 0x0000000710400000| Untracked 
|  47|0x0000000710600000, 0x0000000710800000, 0x0000000710800000|100%| O|  |TAMS 0x0000000710600000| PB 0x0000000710600000| Untracked 
|  48|0x0000000710800000, 0x0000000710a00000, 0x0000000710a00000|100%| O|  |TAMS 0x0000000710800000| PB 0x0000000710800000| Untracked 
|  49|0x0000000710a00000, 0x0000000710c00000, 0x0000000710c00000|100%| O|  |TAMS 0x0000000710a00000| PB 0x0000000710a00000| Untracked 
|  50|0x0000000710c00000, 0x0000000710e00000, 0x0000000710e00000|100%| O|  |TAMS 0x0000000710c00000| PB 0x0000000710c00000| Untracked 
|  51|0x0000000710e00000, 0x0000000711000000, 0x0000000711000000|100%| O|  |TAMS 0x0000000710e00000| PB 0x0000000710e00000| Untracked 
|  52|0x0000000711000000, 0x0000000711200000, 0x0000000711200000|100%| O|  |TAMS 0x0000000711000000| PB 0x0000000711000000| Untracked 
|  53|0x0000000711200000, 0x0000000711400000, 0x0000000711400000|100%| O|  |TAMS 0x0000000711200000| PB 0x0000000711200000| Untracked 
|  54|0x0000000711400000, 0x0000000711600000, 0x0000000711600000|100%| O|  |TAMS 0x0000000711400000| PB 0x0000000711400000| Untracked 
|  55|0x0000000711600000, 0x0000000711800000, 0x0000000711800000|100%| O|  |TAMS 0x0000000711600000| PB 0x0000000711600000| Untracked 
|  56|0x0000000711800000, 0x0000000711a00000, 0x0000000711a00000|100%| O|  |TAMS 0x0000000711800000| PB 0x0000000711800000| Untracked 
|  57|0x0000000711a00000, 0x0000000711c00000, 0x0000000711c00000|100%| O|  |TAMS 0x0000000711a00000| PB 0x0000000711a00000| Untracked 
|  58|0x0000000711c00000, 0x0000000711e00000, 0x0000000711e00000|100%| O|  |TAMS 0x0000000711c00000| PB 0x0000000711c00000| Untracked 
|  59|0x0000000711e00000, 0x0000000712000000, 0x0000000712000000|100%| O|  |TAMS 0x0000000711e00000| PB 0x0000000711e00000| Untracked 
|  60|0x0000000712000000, 0x0000000712200000, 0x0000000712200000|100%| O|  |TAMS 0x0000000712000000| PB 0x0000000712000000| Untracked 
|  61|0x0000000712200000, 0x0000000712400000, 0x0000000712400000|100%| O|  |TAMS 0x0000000712200000| PB 0x0000000712200000| Untracked 
|  62|0x0000000712400000, 0x0000000712400000, 0x0000000712600000|  0%| F|  |TAMS 0x0000000712400000| PB 0x0000000712400000| Untracked 
|  63|0x0000000712600000, 0x0000000712800000, 0x0000000712800000|100%| O|  |TAMS 0x0000000712600000| PB 0x0000000712600000| Untracked 
|  64|0x0000000712800000, 0x0000000712a00000, 0x0000000712a00000|100%| O|  |TAMS 0x0000000712800000| PB 0x0000000712800000| Untracked 
|  65|0x0000000712a00000, 0x0000000712c00000, 0x0000000712c00000|100%| O|  |TAMS 0x0000000712a00000| PB 0x0000000712a00000| Untracked 
|  66|0x0000000712c00000, 0x0000000712e00000, 0x0000000712e00000|100%| O|  |TAMS 0x0000000712c00000| PB 0x0000000712c00000| Untracked 
|  67|0x0000000712e00000, 0x0000000713000000, 0x0000000713000000|100%| O|  |TAMS 0x0000000712e00000| PB 0x0000000712e00000| Untracked 
|  68|0x0000000713000000, 0x0000000713200000, 0x0000000713200000|100%| O|  |TAMS 0x0000000713000000| PB 0x0000000713000000| Untracked 
|  69|0x0000000713200000, 0x0000000713400000, 0x0000000713400000|100%| O|  |TAMS 0x0000000713200000| PB 0x0000000713200000| Untracked 
|  70|0x0000000713400000, 0x0000000713600000, 0x0000000713600000|100%| O|  |TAMS 0x0000000713400000| PB 0x0000000713400000| Untracked 
|  71|0x0000000713600000, 0x0000000713800000, 0x0000000713800000|100%| O|  |TAMS 0x0000000713600000| PB 0x0000000713600000| Untracked 
|  72|0x0000000713800000, 0x0000000713a00000, 0x0000000713a00000|100%| O|  |TAMS 0x0000000713800000| PB 0x0000000713800000| Untracked 
|  73|0x0000000713a00000, 0x0000000713c00000, 0x0000000713c00000|100%| O|  |TAMS 0x0000000713a00000| PB 0x0000000713a00000| Untracked 
|  74|0x0000000713c00000, 0x0000000713e00000, 0x0000000713e00000|100%| O|  |TAMS 0x0000000713c00000| PB 0x0000000713c00000| Untracked 
|  75|0x0000000713e00000, 0x0000000714000000, 0x0000000714000000|100%| O|  |TAMS 0x0000000713e00000| PB 0x0000000713e00000| Untracked 
|  76|0x0000000714000000, 0x0000000714200000, 0x0000000714200000|100%| O|  |TAMS 0x0000000714000000| PB 0x0000000714000000| Untracked 
|  77|0x0000000714200000, 0x0000000714400000, 0x0000000714400000|100%| O|  |TAMS 0x0000000714200000| PB 0x0000000714200000| Untracked 
|  78|0x0000000714400000, 0x0000000714600000, 0x0000000714600000|100%| O|  |TAMS 0x0000000714400000| PB 0x0000000714400000| Untracked 
|  79|0x0000000714600000, 0x0000000714800000, 0x0000000714800000|100%| O|  |TAMS 0x0000000714600000| PB 0x0000000714600000| Untracked 
|  80|0x0000000714800000, 0x0000000714a00000, 0x0000000714a00000|100%| O|  |TAMS 0x0000000714800000| PB 0x0000000714800000| Untracked 
|  81|0x0000000714a00000, 0x0000000714c00000, 0x0000000714c00000|100%| O|  |TAMS 0x0000000714a00000| PB 0x0000000714a00000| Untracked 
|  82|0x0000000714c00000, 0x0000000714e00000, 0x0000000714e00000|100%| O|  |TAMS 0x0000000714c00000| PB 0x0000000714c00000| Untracked 
|  83|0x0000000714e00000, 0x0000000715000000, 0x0000000715000000|100%| O|  |TAMS 0x0000000714e00000| PB 0x0000000714e00000| Untracked 
|  84|0x0000000715000000, 0x0000000715200000, 0x0000000715200000|100%| O|  |TAMS 0x0000000715000000| PB 0x0000000715000000| Untracked 
|  85|0x0000000715200000, 0x0000000715400000, 0x0000000715400000|100%| O|  |TAMS 0x0000000715200000| PB 0x0000000715200000| Untracked 
|  86|0x0000000715400000, 0x0000000715600000, 0x0000000715600000|100%| O|  |TAMS 0x0000000715400000| PB 0x0000000715400000| Untracked 
|  87|0x0000000715600000, 0x0000000715600000, 0x0000000715800000|  0%| F|  |TAMS 0x0000000715600000| PB 0x0000000715600000| Untracked 
|  88|0x0000000715800000, 0x0000000715a00000, 0x0000000715a00000|100%| O|  |TAMS 0x0000000715800000| PB 0x0000000715800000| Untracked 
|  89|0x0000000715a00000, 0x0000000715c00000, 0x0000000715c00000|100%| O|  |TAMS 0x0000000715a00000| PB 0x0000000715a00000| Untracked 
|  90|0x0000000715c00000, 0x0000000715e00000, 0x0000000715e00000|100%| O|  |TAMS 0x0000000715c00000| PB 0x0000000715c00000| Untracked 
|  91|0x0000000715e00000, 0x0000000716000000, 0x0000000716000000|100%| O|  |TAMS 0x0000000715e00000| PB 0x0000000715e00000| Untracked 
|  92|0x0000000716000000, 0x0000000716200000, 0x0000000716200000|100%| O|  |TAMS 0x0000000716000000| PB 0x0000000716000000| Untracked 
|  93|0x0000000716200000, 0x0000000716400000, 0x0000000716400000|100%| O|  |TAMS 0x0000000716200000| PB 0x0000000716200000| Untracked 
|  94|0x0000000716400000, 0x0000000716600000, 0x0000000716600000|100%| O|  |TAMS 0x0000000716400000| PB 0x0000000716400000| Untracked 
|  95|0x0000000716600000, 0x0000000716600000, 0x0000000716800000|  0%| F|  |TAMS 0x0000000716600000| PB 0x0000000716600000| Untracked 
|  96|0x0000000716800000, 0x0000000716a00000, 0x0000000716a00000|100%| O|  |TAMS 0x0000000716800000| PB 0x0000000716800000| Untracked 
|  97|0x0000000716a00000, 0x0000000716c00000, 0x0000000716c00000|100%| O|  |TAMS 0x0000000716a00000| PB 0x0000000716a00000| Untracked 
|  98|0x0000000716c00000, 0x0000000716e00000, 0x0000000716e00000|100%| O|  |TAMS 0x0000000716c00000| PB 0x0000000716c00000| Untracked 
|  99|0x0000000716e00000, 0x0000000717000000, 0x0000000717000000|100%| O|  |TAMS 0x0000000716e00000| PB 0x0000000716e00000| Untracked 
| 100|0x0000000717000000, 0x0000000717200000, 0x0000000717200000|100%| O|  |TAMS 0x0000000717000000| PB 0x0000000717000000| Untracked 
| 101|0x0000000717200000, 0x0000000717400000, 0x0000000717400000|100%| O|  |TAMS 0x0000000717200000| PB 0x0000000717200000| Untracked 
| 102|0x0000000717400000, 0x0000000717600000, 0x0000000717600000|100%| O|  |TAMS 0x0000000717400000| PB 0x0000000717400000| Untracked 
| 103|0x0000000717600000, 0x0000000717800000, 0x0000000717800000|100%| O|  |TAMS 0x0000000717600000| PB 0x0000000717600000| Untracked 
| 104|0x0000000717800000, 0x0000000717a00000, 0x0000000717a00000|100%| O|  |TAMS 0x0000000717800000| PB 0x0000000717800000| Untracked 
| 105|0x0000000717a00000, 0x0000000717c00000, 0x0000000717c00000|100%| O|  |TAMS 0x0000000717a00000| PB 0x0000000717a00000| Untracked 
| 106|0x0000000717c00000, 0x0000000717e00000, 0x0000000717e00000|100%| O|  |TAMS 0x0000000717c00000| PB 0x0000000717c00000| Untracked 
| 107|0x0000000717e00000, 0x0000000718000000, 0x0000000718000000|100%| O|  |TAMS 0x0000000717e00000| PB 0x0000000717e00000| Untracked 
| 108|0x0000000718000000, 0x0000000718200000, 0x0000000718200000|100%| O|  |TAMS 0x0000000718000000| PB 0x0000000718000000| Untracked 
| 109|0x0000000718200000, 0x0000000718400000, 0x0000000718400000|100%| O|  |TAMS 0x0000000718200000| PB 0x0000000718200000| Untracked 
| 110|0x0000000718400000, 0x0000000718400000, 0x0000000718600000|  0%| F|  |TAMS 0x0000000718400000| PB 0x0000000718400000| Untracked 
| 111|0x0000000718600000, 0x0000000718800000, 0x0000000718800000|100%| O|  |TAMS 0x0000000718600000| PB 0x0000000718600000| Untracked 
| 112|0x0000000718800000, 0x0000000718a00000, 0x0000000718a00000|100%| O|  |TAMS 0x0000000718800000| PB 0x0000000718800000| Untracked 
| 113|0x0000000718a00000, 0x0000000718c00000, 0x0000000718c00000|100%| O|  |TAMS 0x0000000718a00000| PB 0x0000000718a00000| Untracked 
| 114|0x0000000718c00000, 0x0000000718e00000, 0x0000000718e00000|100%| O|  |TAMS 0x0000000718c00000| PB 0x0000000718c00000| Untracked 
| 115|0x0000000718e00000, 0x0000000719000000, 0x0000000719000000|100%| O|  |TAMS 0x0000000718e00000| PB 0x0000000718e00000| Untracked 
| 116|0x0000000719000000, 0x0000000719200000, 0x0000000719200000|100%| O|  |TAMS 0x0000000719000000| PB 0x0000000719000000| Untracked 
| 117|0x0000000719200000, 0x0000000719400000, 0x0000000719400000|100%| O|  |TAMS 0x0000000719200000| PB 0x0000000719200000| Untracked 
| 118|0x0000000719400000, 0x0000000719600000, 0x0000000719600000|100%| O|  |TAMS 0x0000000719400000| PB 0x0000000719400000| Untracked 
| 119|0x0000000719600000, 0x0000000719800000, 0x0000000719800000|100%| O|  |TAMS 0x0000000719600000| PB 0x0000000719600000| Untracked 
| 120|0x0000000719800000, 0x0000000719a00000, 0x0000000719a00000|100%| O|  |TAMS 0x0000000719800000| PB 0x0000000719800000| Untracked 
| 121|0x0000000719a00000, 0x0000000719c00000, 0x0000000719c00000|100%| O|  |TAMS 0x0000000719a00000| PB 0x0000000719a00000| Untracked 
| 122|0x0000000719c00000, 0x0000000719e00000, 0x0000000719e00000|100%| O|  |TAMS 0x0000000719c00000| PB 0x0000000719c00000| Untracked 
| 123|0x0000000719e00000, 0x000000071a000000, 0x000000071a000000|100%| O|  |TAMS 0x0000000719e00000| PB 0x0000000719e00000| Untracked 
| 124|0x000000071a000000, 0x000000071a200000, 0x000000071a200000|100%| O|  |TAMS 0x000000071a000000| PB 0x000000071a000000| Untracked 
| 125|0x000000071a200000, 0x000000071a400000, 0x000000071a400000|100%| O|  |TAMS 0x000000071a200000| PB 0x000000071a200000| Untracked 
| 126|0x000000071a400000, 0x000000071a600000, 0x000000071a600000|100%| O|  |TAMS 0x000000071a400000| PB 0x000000071a400000| Untracked 
| 127|0x000000071a600000, 0x000000071a800000, 0x000000071a800000|100%| O|  |TAMS 0x000000071a600000| PB 0x000000071a600000| Untracked 
| 128|0x000000071a800000, 0x000000071aa00000, 0x000000071aa00000|100%| O|  |TAMS 0x000000071a800000| PB 0x000000071a800000| Untracked 
| 129|0x000000071aa00000, 0x000000071ac00000, 0x000000071ac00000|100%| O|  |TAMS 0x000000071aa00000| PB 0x000000071aa00000| Untracked 
| 130|0x000000071ac00000, 0x000000071ae00000, 0x000000071ae00000|100%| O|  |TAMS 0x000000071ac00000| PB 0x000000071ac00000| Untracked 
| 131|0x000000071ae00000, 0x000000071b000000, 0x000000071b000000|100%| O|  |TAMS 0x000000071ae00000| PB 0x000000071ae00000| Untracked 
| 132|0x000000071b000000, 0x000000071b200000, 0x000000071b200000|100%| O|  |TAMS 0x000000071b000000| PB 0x000000071b000000| Untracked 
| 133|0x000000071b200000, 0x000000071b200000, 0x000000071b400000|  0%| F|  |TAMS 0x000000071b200000| PB 0x000000071b200000| Untracked 
| 134|0x000000071b400000, 0x000000071b600000, 0x000000071b600000|100%| O|  |TAMS 0x000000071b400000| PB 0x000000071b400000| Untracked 
| 135|0x000000071b600000, 0x000000071b800000, 0x000000071b800000|100%| O|  |TAMS 0x000000071b600000| PB 0x000000071b600000| Untracked 
| 136|0x000000071b800000, 0x000000071ba00000, 0x000000071ba00000|100%| O|  |TAMS 0x000000071b800000| PB 0x000000071b800000| Untracked 
| 137|0x000000071ba00000, 0x000000071bc00000, 0x000000071bc00000|100%| O|  |TAMS 0x000000071ba00000| PB 0x000000071ba00000| Untracked 
| 138|0x000000071bc00000, 0x000000071be00000, 0x000000071be00000|100%| O|  |TAMS 0x000000071bc00000| PB 0x000000071bc00000| Untracked 
| 139|0x000000071be00000, 0x000000071c000000, 0x000000071c000000|100%| O|  |TAMS 0x000000071be00000| PB 0x000000071be00000| Untracked 
| 140|0x000000071c000000, 0x000000071c200000, 0x000000071c200000|100%| O|  |TAMS 0x000000071c000000| PB 0x000000071c000000| Untracked 
| 141|0x000000071c200000, 0x000000071c400000, 0x000000071c400000|100%| O|  |TAMS 0x000000071c200000| PB 0x000000071c200000| Untracked 
| 142|0x000000071c400000, 0x000000071c600000, 0x000000071c600000|100%| O|  |TAMS 0x000000071c400000| PB 0x000000071c400000| Untracked 
| 143|0x000000071c600000, 0x000000071c800000, 0x000000071c800000|100%| O|  |TAMS 0x000000071c600000| PB 0x000000071c600000| Untracked 
| 144|0x000000071c800000, 0x000000071ca00000, 0x000000071ca00000|100%| O|  |TAMS 0x000000071c800000| PB 0x000000071c800000| Untracked 
| 145|0x000000071ca00000, 0x000000071cc00000, 0x000000071cc00000|100%| O|  |TAMS 0x000000071ca00000| PB 0x000000071ca00000| Untracked 
| 146|0x000000071cc00000, 0x000000071ce00000, 0x000000071ce00000|100%| O|  |TAMS 0x000000071cc00000| PB 0x000000071cc00000| Untracked 
| 147|0x000000071ce00000, 0x000000071d000000, 0x000000071d000000|100%| O|  |TAMS 0x000000071ce00000| PB 0x000000071ce00000| Untracked 
| 148|0x000000071d000000, 0x000000071d000000, 0x000000071d200000|  0%| F|  |TAMS 0x000000071d000000| PB 0x000000071d000000| Untracked 
| 149|0x000000071d200000, 0x000000071d200000, 0x000000071d400000|  0%| F|  |TAMS 0x000000071d200000| PB 0x000000071d200000| Untracked 
| 150|0x000000071d400000, 0x000000071d400000, 0x000000071d600000|  0%| F|  |TAMS 0x000000071d400000| PB 0x000000071d400000| Untracked 
| 151|0x000000071d600000, 0x000000071d600000, 0x000000071d800000|  0%| F|  |TAMS 0x000000071d600000| PB 0x000000071d600000| Untracked 
| 152|0x000000071d800000, 0x000000071d800000, 0x000000071da00000|  0%| F|  |TAMS 0x000000071d800000| PB 0x000000071d800000| Untracked 
| 153|0x000000071da00000, 0x000000071da00000, 0x000000071dc00000|  0%| F|  |TAMS 0x000000071da00000| PB 0x000000071da00000| Untracked 
| 154|0x000000071dc00000, 0x000000071dc00000, 0x000000071de00000|  0%| F|  |TAMS 0x000000071dc00000| PB 0x000000071dc00000| Untracked 
| 155|0x000000071de00000, 0x000000071de00000, 0x000000071e000000|  0%| F|  |TAMS 0x000000071de00000| PB 0x000000071de00000| Untracked 
| 156|0x000000071e000000, 0x000000071e000000, 0x000000071e200000|  0%| F|  |TAMS 0x000000071e000000| PB 0x000000071e000000| Untracked 
| 157|0x000000071e200000, 0x000000071e200000, 0x000000071e400000|  0%| F|  |TAMS 0x000000071e200000| PB 0x000000071e200000| Untracked 
| 158|0x000000071e400000, 0x000000071e600000, 0x000000071e600000|100%| O|  |TAMS 0x000000071e400000| PB 0x000000071e400000| Untracked 
| 159|0x000000071e600000, 0x000000071e800000, 0x000000071e800000|100%| O|  |TAMS 0x000000071e600000| PB 0x000000071e600000| Untracked 
| 160|0x000000071e800000, 0x000000071e800000, 0x000000071ea00000|  0%| F|  |TAMS 0x000000071e800000| PB 0x000000071e800000| Untracked 
| 161|0x000000071ea00000, 0x000000071ea00000, 0x000000071ec00000|  0%| F|  |TAMS 0x000000071ea00000| PB 0x000000071ea00000| Untracked 
| 162|0x000000071ec00000, 0x000000071ec00000, 0x000000071ee00000|  0%| F|  |TAMS 0x000000071ec00000| PB 0x000000071ec00000| Untracked 
| 163|0x000000071ee00000, 0x000000071ee00000, 0x000000071f000000|  0%| F|  |TAMS 0x000000071ee00000| PB 0x000000071ee00000| Untracked 
| 164|0x000000071f000000, 0x000000071f000000, 0x000000071f200000|  0%| F|  |TAMS 0x000000071f000000| PB 0x000000071f000000| Untracked 
| 165|0x000000071f200000, 0x000000071f200000, 0x000000071f400000|  0%| F|  |TAMS 0x000000071f200000| PB 0x000000071f200000| Untracked 
| 166|0x000000071f400000, 0x000000071f400000, 0x000000071f600000|  0%| F|  |TAMS 0x000000071f400000| PB 0x000000071f400000| Untracked 
| 167|0x000000071f600000, 0x000000071f763de0, 0x000000071f800000| 69%| S|CS|TAMS 0x000000071f600000| PB 0x000000071f600000| Complete 
| 168|0x000000071f800000, 0x000000071fa00000, 0x000000071fa00000|100%| S|CS|TAMS 0x000000071f800000| PB 0x000000071f800000| Complete 
| 169|0x000000071fa00000, 0x000000071fc00000, 0x000000071fc00000|100%| S|CS|TAMS 0x000000071fa00000| PB 0x000000071fa00000| Complete 
| 170|0x000000071fc00000, 0x000000071fe00000, 0x000000071fe00000|100%| S|CS|TAMS 0x000000071fc00000| PB 0x000000071fc00000| Complete 
| 171|0x000000071fe00000, 0x0000000720000000, 0x0000000720000000|100%| S|CS|TAMS 0x000000071fe00000| PB 0x000000071fe00000| Complete 
| 172|0x0000000720000000, 0x0000000720000000, 0x0000000720200000|  0%| F|  |TAMS 0x0000000720000000| PB 0x0000000720000000| Untracked 
| 173|0x0000000720200000, 0x0000000720200000, 0x0000000720400000|  0%| F|  |TAMS 0x0000000720200000| PB 0x0000000720200000| Untracked 
| 174|0x0000000720400000, 0x0000000720400000, 0x0000000720600000|  0%| F|  |TAMS 0x0000000720400000| PB 0x0000000720400000| Untracked 
| 175|0x0000000720600000, 0x0000000720600000, 0x0000000720800000|  0%| F|  |TAMS 0x0000000720600000| PB 0x0000000720600000| Untracked 
| 176|0x0000000720800000, 0x0000000720800000, 0x0000000720a00000|  0%| F|  |TAMS 0x0000000720800000| PB 0x0000000720800000| Untracked 
| 177|0x0000000720a00000, 0x0000000720a00000, 0x0000000720c00000|  0%| F|  |TAMS 0x0000000720a00000| PB 0x0000000720a00000| Untracked 
| 178|0x0000000720c00000, 0x0000000720c00000, 0x0000000720e00000|  0%| F|  |TAMS 0x0000000720c00000| PB 0x0000000720c00000| Untracked 
| 179|0x0000000720e00000, 0x0000000720e00000, 0x0000000721000000|  0%| F|  |TAMS 0x0000000720e00000| PB 0x0000000720e00000| Untracked 
| 180|0x0000000721000000, 0x0000000721000000, 0x0000000721200000|  0%| F|  |TAMS 0x0000000721000000| PB 0x0000000721000000| Untracked 
| 181|0x0000000721200000, 0x0000000721200000, 0x0000000721400000|  0%| F|  |TAMS 0x0000000721200000| PB 0x0000000721200000| Untracked 
| 182|0x0000000721400000, 0x0000000721400000, 0x0000000721600000|  0%| F|  |TAMS 0x0000000721400000| PB 0x0000000721400000| Untracked 
| 183|0x0000000721600000, 0x0000000721600000, 0x0000000721800000|  0%| F|  |TAMS 0x0000000721600000| PB 0x0000000721600000| Untracked 
| 184|0x0000000721800000, 0x0000000721800000, 0x0000000721a00000|  0%| F|  |TAMS 0x0000000721800000| PB 0x0000000721800000| Untracked 
| 185|0x0000000721a00000, 0x0000000721a00000, 0x0000000721c00000|  0%| F|  |TAMS 0x0000000721a00000| PB 0x0000000721a00000| Untracked 
| 186|0x0000000721c00000, 0x0000000721c00000, 0x0000000721e00000|  0%| F|  |TAMS 0x0000000721c00000| PB 0x0000000721c00000| Untracked 
| 187|0x0000000721e00000, 0x0000000721e00000, 0x0000000722000000|  0%| F|  |TAMS 0x0000000721e00000| PB 0x0000000721e00000| Untracked 
| 188|0x0000000722000000, 0x0000000722000000, 0x0000000722200000|  0%| F|  |TAMS 0x0000000722000000| PB 0x0000000722000000| Untracked 
| 189|0x0000000722200000, 0x0000000722200000, 0x0000000722400000|  0%| F|  |TAMS 0x0000000722200000| PB 0x0000000722200000| Untracked 
| 190|0x0000000722400000, 0x0000000722400000, 0x0000000722600000|  0%| F|  |TAMS 0x0000000722400000| PB 0x0000000722400000| Untracked 
| 191|0x0000000722600000, 0x0000000722600000, 0x0000000722800000|  0%| F|  |TAMS 0x0000000722600000| PB 0x0000000722600000| Untracked 
| 192|0x0000000722800000, 0x0000000722800000, 0x0000000722a00000|  0%| F|  |TAMS 0x0000000722800000| PB 0x0000000722800000| Untracked 
| 193|0x0000000722a00000, 0x0000000722a00000, 0x0000000722c00000|  0%| F|  |TAMS 0x0000000722a00000| PB 0x0000000722a00000| Untracked 
| 194|0x0000000722c00000, 0x0000000722c00000, 0x0000000722e00000|  0%| F|  |TAMS 0x0000000722c00000| PB 0x0000000722c00000| Untracked 
| 195|0x0000000722e00000, 0x0000000722e00000, 0x0000000723000000|  0%| F|  |TAMS 0x0000000722e00000| PB 0x0000000722e00000| Untracked 
| 196|0x0000000723000000, 0x0000000723000000, 0x0000000723200000|  0%| F|  |TAMS 0x0000000723000000| PB 0x0000000723000000| Untracked 
| 197|0x0000000723200000, 0x0000000723200000, 0x0000000723400000|  0%| F|  |TAMS 0x0000000723200000| PB 0x0000000723200000| Untracked 
| 198|0x0000000723400000, 0x0000000723400000, 0x0000000723600000|  0%| F|  |TAMS 0x0000000723400000| PB 0x0000000723400000| Untracked 
| 199|0x0000000723600000, 0x0000000723600000, 0x0000000723800000|  0%| F|  |TAMS 0x0000000723600000| PB 0x0000000723600000| Untracked 
| 200|0x0000000723800000, 0x0000000723800000, 0x0000000723a00000|  0%| F|  |TAMS 0x0000000723800000| PB 0x0000000723800000| Untracked 
| 201|0x0000000723a00000, 0x0000000723a00000, 0x0000000723c00000|  0%| F|  |TAMS 0x0000000723a00000| PB 0x0000000723a00000| Untracked 
| 202|0x0000000723c00000, 0x0000000723c00000, 0x0000000723e00000|  0%| F|  |TAMS 0x0000000723c00000| PB 0x0000000723c00000| Untracked 
| 203|0x0000000723e00000, 0x0000000723e00000, 0x0000000724000000|  0%| F|  |TAMS 0x0000000723e00000| PB 0x0000000723e00000| Untracked 
| 204|0x0000000724000000, 0x0000000724000000, 0x0000000724200000|  0%| F|  |TAMS 0x0000000724000000| PB 0x0000000724000000| Untracked 
| 205|0x0000000724200000, 0x0000000724200000, 0x0000000724400000|  0%| F|  |TAMS 0x0000000724200000| PB 0x0000000724200000| Untracked 
| 206|0x0000000724400000, 0x0000000724400000, 0x0000000724600000|  0%| F|  |TAMS 0x0000000724400000| PB 0x0000000724400000| Untracked 
| 207|0x0000000724600000, 0x0000000724600000, 0x0000000724800000|  0%| F|  |TAMS 0x0000000724600000| PB 0x0000000724600000| Untracked 
| 208|0x0000000724800000, 0x0000000724800000, 0x0000000724a00000|  0%| F|  |TAMS 0x0000000724800000| PB 0x0000000724800000| Untracked 
| 209|0x0000000724a00000, 0x0000000724a00000, 0x0000000724c00000|  0%| F|  |TAMS 0x0000000724a00000| PB 0x0000000724a00000| Untracked 
| 210|0x0000000724c00000, 0x0000000724c00000, 0x0000000724e00000|  0%| F|  |TAMS 0x0000000724c00000| PB 0x0000000724c00000| Untracked 
| 211|0x0000000724e00000, 0x0000000724e00000, 0x0000000725000000|  0%| F|  |TAMS 0x0000000724e00000| PB 0x0000000724e00000| Untracked 
| 212|0x0000000725000000, 0x0000000725000000, 0x0000000725200000|  0%| F|  |TAMS 0x0000000725000000| PB 0x0000000725000000| Untracked 
| 213|0x0000000725200000, 0x0000000725200000, 0x0000000725400000|  0%| F|  |TAMS 0x0000000725200000| PB 0x0000000725200000| Untracked 
| 214|0x0000000725400000, 0x0000000725400000, 0x0000000725600000|  0%| F|  |TAMS 0x0000000725400000| PB 0x0000000725400000| Untracked 
| 215|0x0000000725600000, 0x0000000725600000, 0x0000000725800000|  0%| F|  |TAMS 0x0000000725600000| PB 0x0000000725600000| Untracked 
| 216|0x0000000725800000, 0x0000000725800000, 0x0000000725a00000|  0%| F|  |TAMS 0x0000000725800000| PB 0x0000000725800000| Untracked 
| 217|0x0000000725a00000, 0x0000000725a00000, 0x0000000725c00000|  0%| F|  |TAMS 0x0000000725a00000| PB 0x0000000725a00000| Untracked 
| 218|0x0000000725c00000, 0x0000000725c00000, 0x0000000725e00000|  0%| F|  |TAMS 0x0000000725c00000| PB 0x0000000725c00000| Untracked 
| 219|0x0000000725e00000, 0x0000000725e00000, 0x0000000726000000|  0%| F|  |TAMS 0x0000000725e00000| PB 0x0000000725e00000| Untracked 
| 220|0x0000000726000000, 0x0000000726000000, 0x0000000726200000|  0%| F|  |TAMS 0x0000000726000000| PB 0x0000000726000000| Untracked 
| 221|0x0000000726200000, 0x0000000726200000, 0x0000000726400000|  0%| F|  |TAMS 0x0000000726200000| PB 0x0000000726200000| Untracked 
| 222|0x0000000726400000, 0x0000000726400000, 0x0000000726600000|  0%| F|  |TAMS 0x0000000726400000| PB 0x0000000726400000| Untracked 
| 223|0x0000000726600000, 0x0000000726600000, 0x0000000726800000|  0%| F|  |TAMS 0x0000000726600000| PB 0x0000000726600000| Untracked 
| 224|0x0000000726800000, 0x0000000726800000, 0x0000000726a00000|  0%| F|  |TAMS 0x0000000726800000| PB 0x0000000726800000| Untracked 
| 225|0x0000000726a00000, 0x0000000726a00000, 0x0000000726c00000|  0%| F|  |TAMS 0x0000000726a00000| PB 0x0000000726a00000| Untracked 
| 226|0x0000000726c00000, 0x0000000726c00000, 0x0000000726e00000|  0%| F|  |TAMS 0x0000000726c00000| PB 0x0000000726c00000| Untracked 
| 227|0x0000000726e00000, 0x0000000726e00000, 0x0000000727000000|  0%| F|  |TAMS 0x0000000726e00000| PB 0x0000000726e00000| Untracked 
| 228|0x0000000727000000, 0x0000000727000000, 0x0000000727200000|  0%| F|  |TAMS 0x0000000727000000| PB 0x0000000727000000| Untracked 
| 229|0x0000000727200000, 0x0000000727200000, 0x0000000727400000|  0%| F|  |TAMS 0x0000000727200000| PB 0x0000000727200000| Untracked 
| 230|0x0000000727400000, 0x0000000727400000, 0x0000000727600000|  0%| F|  |TAMS 0x0000000727400000| PB 0x0000000727400000| Untracked 
| 231|0x0000000727600000, 0x0000000727600000, 0x0000000727800000|  0%| F|  |TAMS 0x0000000727600000| PB 0x0000000727600000| Untracked 
| 232|0x0000000727800000, 0x0000000727800000, 0x0000000727a00000|  0%| F|  |TAMS 0x0000000727800000| PB 0x0000000727800000| Untracked 
| 233|0x0000000727a00000, 0x0000000727a00000, 0x0000000727c00000|  0%| F|  |TAMS 0x0000000727a00000| PB 0x0000000727a00000| Untracked 
| 234|0x0000000727c00000, 0x0000000727c00000, 0x0000000727e00000|  0%| F|  |TAMS 0x0000000727c00000| PB 0x0000000727c00000| Untracked 
| 235|0x0000000727e00000, 0x0000000727e00000, 0x0000000728000000|  0%| F|  |TAMS 0x0000000727e00000| PB 0x0000000727e00000| Untracked 
| 236|0x0000000728000000, 0x0000000728000000, 0x0000000728200000|  0%| F|  |TAMS 0x0000000728000000| PB 0x0000000728000000| Untracked 
| 237|0x0000000728200000, 0x0000000728200000, 0x0000000728400000|  0%| F|  |TAMS 0x0000000728200000| PB 0x0000000728200000| Untracked 
| 238|0x0000000728400000, 0x0000000728400000, 0x0000000728600000|  0%| F|  |TAMS 0x0000000728400000| PB 0x0000000728400000| Untracked 
| 239|0x0000000728600000, 0x0000000728600000, 0x0000000728800000|  0%| F|  |TAMS 0x0000000728600000| PB 0x0000000728600000| Untracked 
| 240|0x0000000728800000, 0x0000000728800000, 0x0000000728a00000|  0%| F|  |TAMS 0x0000000728800000| PB 0x0000000728800000| Untracked 
| 241|0x0000000728a00000, 0x0000000728a00000, 0x0000000728c00000|  0%| F|  |TAMS 0x0000000728a00000| PB 0x0000000728a00000| Untracked 
| 242|0x0000000728c00000, 0x0000000728c00000, 0x0000000728e00000|  0%| F|  |TAMS 0x0000000728c00000| PB 0x0000000728c00000| Untracked 
| 243|0x0000000728e00000, 0x0000000728e00000, 0x0000000729000000|  0%| F|  |TAMS 0x0000000728e00000| PB 0x0000000728e00000| Untracked 
| 244|0x0000000729000000, 0x0000000729000000, 0x0000000729200000|  0%| F|  |TAMS 0x0000000729000000| PB 0x0000000729000000| Untracked 
| 245|0x0000000729200000, 0x0000000729200000, 0x0000000729400000|  0%| F|  |TAMS 0x0000000729200000| PB 0x0000000729200000| Untracked 
| 246|0x0000000729400000, 0x0000000729400000, 0x0000000729600000|  0%| F|  |TAMS 0x0000000729400000| PB 0x0000000729400000| Untracked 
| 247|0x0000000729600000, 0x0000000729600000, 0x0000000729800000|  0%| F|  |TAMS 0x0000000729600000| PB 0x0000000729600000| Untracked 
| 248|0x0000000729800000, 0x0000000729800000, 0x0000000729a00000|  0%| F|  |TAMS 0x0000000729800000| PB 0x0000000729800000| Untracked 
| 249|0x0000000729a00000, 0x0000000729b00000, 0x0000000729c00000| 50%| E|  |TAMS 0x0000000729a00000| PB 0x0000000729a00000| Complete 
| 250|0x0000000729c00000, 0x0000000729e00000, 0x0000000729e00000|100%| E|CS|TAMS 0x0000000729c00000| PB 0x0000000729c00000| Complete 
| 251|0x0000000729e00000, 0x000000072a000000, 0x000000072a000000|100%| E|CS|TAMS 0x0000000729e00000| PB 0x0000000729e00000| Complete 
| 252|0x000000072a000000, 0x000000072a200000, 0x000000072a200000|100%| E|CS|TAMS 0x000000072a000000| PB 0x000000072a000000| Complete 
| 253|0x000000072a200000, 0x000000072a400000, 0x000000072a400000|100%| E|CS|TAMS 0x000000072a200000| PB 0x000000072a200000| Complete 
| 254|0x000000072a400000, 0x000000072a600000, 0x000000072a600000|100%| E|CS|TAMS 0x000000072a400000| PB 0x000000072a400000| Complete 
| 255|0x000000072a600000, 0x000000072a800000, 0x000000072a800000|100%| E|CS|TAMS 0x000000072a600000| PB 0x000000072a600000| Complete 
| 256|0x000000072a800000, 0x000000072aa00000, 0x000000072aa00000|100%| E|CS|TAMS 0x000000072a800000| PB 0x000000072a800000| Complete 
| 257|0x000000072aa00000, 0x000000072ac00000, 0x000000072ac00000|100%| E|CS|TAMS 0x000000072aa00000| PB 0x000000072aa00000| Complete 
| 258|0x000000072ac00000, 0x000000072ae00000, 0x000000072ae00000|100%| E|CS|TAMS 0x000000072ac00000| PB 0x000000072ac00000| Complete 
| 259|0x000000072ae00000, 0x000000072b000000, 0x000000072b000000|100%| E|CS|TAMS 0x000000072ae00000| PB 0x000000072ae00000| Complete 
| 260|0x000000072b000000, 0x000000072b200000, 0x000000072b200000|100%| E|CS|TAMS 0x000000072b000000| PB 0x000000072b000000| Complete 
| 261|0x000000072b200000, 0x000000072b400000, 0x000000072b400000|100%| E|CS|TAMS 0x000000072b200000| PB 0x000000072b200000| Complete 
| 262|0x000000072b400000, 0x000000072b600000, 0x000000072b600000|100%| E|CS|TAMS 0x000000072b400000| PB 0x000000072b400000| Complete 
| 263|0x000000072b600000, 0x000000072b800000, 0x000000072b800000|100%| E|CS|TAMS 0x000000072b600000| PB 0x000000072b600000| Complete 
| 264|0x000000072b800000, 0x000000072ba00000, 0x000000072ba00000|100%| E|CS|TAMS 0x000000072b800000| PB 0x000000072b800000| Complete 
| 265|0x000000072ba00000, 0x000000072bc00000, 0x000000072bc00000|100%| E|CS|TAMS 0x000000072ba00000| PB 0x000000072ba00000| Complete 
| 266|0x000000072bc00000, 0x000000072be00000, 0x000000072be00000|100%| E|CS|TAMS 0x000000072bc00000| PB 0x000000072bc00000| Complete 
| 267|0x000000072be00000, 0x000000072c000000, 0x000000072c000000|100%| E|CS|TAMS 0x000000072be00000| PB 0x000000072be00000| Complete 
| 268|0x000000072c000000, 0x000000072c200000, 0x000000072c200000|100%| E|CS|TAMS 0x000000072c000000| PB 0x000000072c000000| Complete 
| 269|0x000000072c200000, 0x000000072c400000, 0x000000072c400000|100%| E|CS|TAMS 0x000000072c200000| PB 0x000000072c200000| Complete 
| 270|0x000000072c400000, 0x000000072c600000, 0x000000072c600000|100%| E|CS|TAMS 0x000000072c400000| PB 0x000000072c400000| Complete 
| 271|0x000000072c600000, 0x000000072c800000, 0x000000072c800000|100%| E|CS|TAMS 0x000000072c600000| PB 0x000000072c600000| Complete 
| 272|0x000000072c800000, 0x000000072ca00000, 0x000000072ca00000|100%| E|CS|TAMS 0x000000072c800000| PB 0x000000072c800000| Complete 
| 273|0x000000072ca00000, 0x000000072cc00000, 0x000000072cc00000|100%| E|CS|TAMS 0x000000072ca00000| PB 0x000000072ca00000| Complete 
| 274|0x000000072cc00000, 0x000000072ce00000, 0x000000072ce00000|100%| E|CS|TAMS 0x000000072cc00000| PB 0x000000072cc00000| Complete 
| 275|0x000000072ce00000, 0x000000072d000000, 0x000000072d000000|100%| E|CS|TAMS 0x000000072ce00000| PB 0x000000072ce00000| Complete 
| 276|0x000000072d000000, 0x000000072d200000, 0x000000072d200000|100%| E|CS|TAMS 0x000000072d000000| PB 0x000000072d000000| Complete 
| 277|0x000000072d200000, 0x000000072d400000, 0x000000072d400000|100%| E|CS|TAMS 0x000000072d200000| PB 0x000000072d200000| Complete 
| 278|0x000000072d400000, 0x000000072d600000, 0x000000072d600000|100%| E|CS|TAMS 0x000000072d400000| PB 0x000000072d400000| Complete 
| 279|0x000000072d600000, 0x000000072d800000, 0x000000072d800000|100%| E|CS|TAMS 0x000000072d600000| PB 0x000000072d600000| Complete 
| 280|0x000000072d800000, 0x000000072da00000, 0x000000072da00000|100%| E|CS|TAMS 0x000000072d800000| PB 0x000000072d800000| Complete 
| 281|0x000000072da00000, 0x000000072dc00000, 0x000000072dc00000|100%| E|CS|TAMS 0x000000072da00000| PB 0x000000072da00000| Complete 
| 282|0x000000072dc00000, 0x000000072de00000, 0x000000072de00000|100%| E|CS|TAMS 0x000000072dc00000| PB 0x000000072dc00000| Complete 
| 283|0x000000072de00000, 0x000000072e000000, 0x000000072e000000|100%| E|CS|TAMS 0x000000072de00000| PB 0x000000072de00000| Complete 
| 284|0x000000072e000000, 0x000000072e200000, 0x000000072e200000|100%| E|CS|TAMS 0x000000072e000000| PB 0x000000072e000000| Complete 
|1962|0x00000007ffc00000, 0x00000007ffe00000, 0x00000007ffe00000|100%| E|CS|TAMS 0x00000007ffc00000| PB 0x00000007ffc00000| Complete 
|1963|0x00000007ffe00000, 0x0000000800000000, 0x0000000800000000|100%| O|  |TAMS 0x00000007ffe00000| PB 0x00000007ffe00000| Untracked 

Card table byte_map: [0x0000023a768e0000,0x0000023a77090000] _byte_map_base: 0x0000023a7308c000

Marking Bits: (CMBitMap*) 0x0000023a72aee0c0
 Bits: [0x0000023a77090000, 0x0000023a7adf0000)

Polling page: 0x0000023a708f0000

Metaspace:

Usage:
  Non-class:     97.36 MB used.
      Class:     10.83 MB used.
       Both:    108.19 MB used.

Virtual space:
  Non-class space:      128.00 MB reserved,      97.62 MB ( 76%) committed,  2 nodes.
      Class space:        1.00 GB reserved,      11.06 MB (  1%) committed,  1 nodes.
             Both:        1.12 GB reserved,     108.69 MB (  9%) committed. 

Chunk freelists:
   Non-Class:  13.48 MB
       Class:  4.91 MB
        Both:  18.39 MB

MaxMetaspaceSize: unlimited
CompressedClassSpaceSize: 1.00 GB
Initial GC threshold: 21.00 MB
Current GC threshold: 180.88 MB
CDS: off
 - commit_granule_bytes: 65536.
 - commit_granule_words: 8192.
 - virtual_space_node_default_size: 8388608.
 - enlarge_chunks_in_place: 1.
 - use_allocation_guard: 0.


Internal statistics:

num_allocs_failed_limit: 11.
num_arena_births: 550.
num_arena_deaths: 0.
num_vsnodes_births: 3.
num_vsnodes_deaths: 0.
num_space_committed: 1737.
num_space_uncommitted: 0.
num_chunks_returned_to_freelist: 11.
num_chunks_taken_from_freelist: 4159.
num_chunk_merges: 11.
num_chunk_splits: 3423.
num_chunks_enlarged: 3049.
num_inconsistent_stats: 0.

CodeHeap 'non-profiled nmethods': size=120000Kb used=14124Kb max_used=16250Kb free=105876Kb
 bounds [0x0000023a07ad0000, 0x0000023a08ad0000, 0x0000023a0f000000]
CodeHeap 'profiled nmethods': size=120000Kb used=58508Kb max_used=77091Kb free=61491Kb
 bounds [0x0000023a00000000, 0x0000023a04b60000, 0x0000023a07530000]
CodeHeap 'non-nmethods': size=5760Kb used=1931Kb max_used=2006Kb free=3828Kb
 bounds [0x0000023a07530000, 0x0000023a077a0000, 0x0000023a07ad0000]
 total_blobs=16597 nmethods=15699 adapters=798
 compilation: enabled
              stopped_count=0, restarted_count=0
 full_count=0

Compilation events (20 events):
Event: 38.831 Thread 0x0000023a7dc83f50 nmethod 27705 0x0000023a00fb1490 code [0x0000023a00fb17c0, 0x0000023a00fb2380]
Event: 38.831 Thread 0x0000023a7dc83f50 27706       2       org.jetbrains.org.objectweb.asm.tree.analysis.SourceInterpreter::ternaryOperation (10 bytes)
Event: 38.831 Thread 0x0000023a7dc83f50 nmethod 27706 0x0000023a000ab310 code [0x0000023a000ab4c0, 0x0000023a000ab760]
Event: 38.838 Thread 0x0000023a7dc83f50 27708       1       org.jetbrains.kotlin.codegen.inline.InplaceArgumentsMethodTransformer$MethodContext::getMethodNode (5 bytes)
Event: 38.838 Thread 0x0000023a7dc83f50 nmethod 27708 0x0000023a07ba2090 code [0x0000023a07ba2220, 0x0000023a07ba22f0]
Event: 38.839 Thread 0x0000023a7dc83f50 27709       1       org.jetbrains.kotlin.codegen.inline.InplaceArgumentsMethodTransformer$CallContext::getCallStartMarker (5 bytes)
Event: 38.839 Thread 0x0000023a7dc83f50 nmethod 27709 0x0000023a07ba2690 code [0x0000023a07ba2820, 0x0000023a07ba28f0]
Event: 38.847 Thread 0x0000023a1dd905c0 nmethod 27663% 0x0000023a08391510 code [0x0000023a08391b80, 0x0000023a08396388]
Event: 38.847 Thread 0x0000023a1dd905c0 27678       4       org.jetbrains.kotlin.codegen.optimization.boxing.BoxingInterpreter::markBoxedArgumentValues (45 bytes)
Event: 38.855 Thread 0x0000023a15eacdb0 nmethod 27677 0x0000023a0826df10 code [0x0000023a0826e2c0, 0x0000023a0826f858]
Event: 38.855 Thread 0x0000023a15eacdb0 27669       4       org.jetbrains.kotlin.codegen.inline.coroutines.CoroutineTransformer$Companion::findFakeContinuationConstructorClassName (157 bytes)
Event: 38.863 Thread 0x0000023a15eacdb0 nmethod 27669 0x0000023a07ff3310 code [0x0000023a07ff3500, 0x0000023a07ff3968]
Event: 38.863 Thread 0x0000023a15eacdb0 27671 % !   4       org.jetbrains.kotlin.codegen.inline.MethodInliner::preprocessNodeBeforeInline @ 169 (289 bytes)
Event: 38.865 Thread 0x0000023a7dc83f50 27710       2       org.jetbrains.org.objectweb.asm.tree.TryCatchBlockNode::accept (181 bytes)
Event: 38.866 Thread 0x0000023a7dc83f50 nmethod 27710 0x0000023a00642d90 code [0x0000023a00643000, 0x0000023a006437e0]
Event: 38.874 Thread 0x0000023a7dc83f50 27713       2       org.jetbrains.org.objectweb.asm.commons.InstructionAdapter::athrow (11 bytes)
Event: 38.874 Thread 0x0000023a7dc83f50 nmethod 27713 0x0000023a00411d10 code [0x0000023a00411ec0, 0x0000023a00412000]
Event: 38.886 Thread 0x0000023a1dd905c0 nmethod 27678 0x0000023a080ee890 code [0x0000023a080eeb80, 0x0000023a080f0288]
Event: 38.886 Thread 0x0000023a1dd905c0 27714       4       org.jetbrains.kotlin.codegen.optimization.common.FastAnalyzer::processControlFlowEdge$default (37 bytes)
Event: 38.901 Thread 0x0000023a7dc83f50 27716       3       org.jetbrains.org.objectweb.asm.ByteVector::encodeUtf8 (337 bytes)

GC Heap History (20 events):
Event: 29.472 GC heap before
{Heap before GC invocations=40 (full 0):
 garbage-first heap   total 393216K, used 344833K [0x000000070a800000, 0x0000000800000000)
  region size 2048K, 52 young (106496K), 5 survivors (10240K)
 Metaspace       used 102074K, committed 102528K, reserved 1179648K
  class space    used 10481K, committed 10688K, reserved 1048576K
}
Event: 29.486 GC heap after
{Heap after GC invocations=41 (full 0):
 garbage-first heap   total 393216K, used 257049K [0x000000070a800000, 0x0000000800000000)
  region size 2048K, 4 young (8192K), 4 survivors (8192K)
 Metaspace       used 102074K, committed 102528K, reserved 1179648K
  class space    used 10481K, committed 10688K, reserved 1048576K
}
Event: 32.329 GC heap before
{Heap before GC invocations=42 (full 0):
 garbage-first heap   total 434176K, used 357401K [0x000000070a800000, 0x0000000800000000)
  region size 2048K, 53 young (108544K), 4 survivors (8192K)
 Metaspace       used 107995K, committed 108480K, reserved 1179648K
  class space    used 10971K, committed 11200K, reserved 1048576K
}
Event: 32.343 GC heap after
{Heap after GC invocations=43 (full 0):
 garbage-first heap   total 434176K, used 265222K [0x000000070a800000, 0x0000000800000000)
  region size 2048K, 7 young (14336K), 7 survivors (14336K)
 Metaspace       used 107995K, committed 108480K, reserved 1179648K
  class space    used 10971K, committed 11200K, reserved 1048576K
}
Event: 33.352 GC heap before
{Heap before GC invocations=43 (full 0):
 garbage-first heap   total 434176K, used 394246K [0x000000070a800000, 0x0000000800000000)
  region size 2048K, 70 young (143360K), 7 survivors (14336K)
 Metaspace       used 108993K, committed 109440K, reserved 1179648K
  class space    used 11013K, committed 11264K, reserved 1048576K
}
Event: 33.366 GC heap after
{Heap after GC invocations=44 (full 0):
 garbage-first heap   total 434176K, used 265611K [0x000000070a800000, 0x0000000800000000)
  region size 2048K, 7 young (14336K), 7 survivors (14336K)
 Metaspace       used 108993K, committed 109440K, reserved 1179648K
  class space    used 11013K, committed 11264K, reserved 1048576K
}
Event: 34.325 GC heap before
{Heap before GC invocations=44 (full 0):
 garbage-first heap   total 434176K, used 392587K [0x000000070a800000, 0x0000000800000000)
  region size 2048K, 69 young (141312K), 7 survivors (14336K)
 Metaspace       used 109603K, committed 110080K, reserved 1179648K
  class space    used 11039K, committed 11264K, reserved 1048576K
}
Event: 34.340 GC heap after
{Heap after GC invocations=45 (full 0):
 garbage-first heap   total 434176K, used 271887K [0x000000070a800000, 0x0000000800000000)
  region size 2048K, 6 young (12288K), 6 survivors (12288K)
 Metaspace       used 109603K, committed 110080K, reserved 1179648K
  class space    used 11039K, committed 11264K, reserved 1048576K
}
Event: 36.049 GC heap before
{Heap before GC invocations=46 (full 0):
 garbage-first heap   total 458752K, used 394767K [0x000000070a800000, 0x0000000800000000)
  region size 2048K, 66 young (135168K), 6 survivors (12288K)
 Metaspace       used 110283K, committed 110720K, reserved 1179648K
  class space    used 11054K, committed 11264K, reserved 1048576K
}
Event: 36.058 GC heap after
{Heap after GC invocations=47 (full 0):
 garbage-first heap   total 458752K, used 279123K [0x000000070a800000, 0x0000000800000000)
  region size 2048K, 7 young (14336K), 7 survivors (14336K)
 Metaspace       used 110283K, committed 110720K, reserved 1179648K
  class space    used 11054K, committed 11264K, reserved 1048576K
}
Event: 36.582 GC heap before
{Heap before GC invocations=47 (full 0):
 garbage-first heap   total 458752K, used 418387K [0x000000070a800000, 0x0000000800000000)
  region size 2048K, 75 young (153600K), 7 survivors (14336K)
 Metaspace       used 110475K, committed 110976K, reserved 1179648K
  class space    used 11068K, committed 11328K, reserved 1048576K
}
Event: 36.606 GC heap after
{Heap after GC invocations=48 (full 0):
 garbage-first heap   total 458752K, used 285116K [0x000000070a800000, 0x0000000800000000)
  region size 2048K, 10 young (20480K), 10 survivors (20480K)
 Metaspace       used 110475K, committed 110976K, reserved 1179648K
  class space    used 11068K, committed 11328K, reserved 1048576K
}
Event: 37.247 GC heap before
{Heap before GC invocations=48 (full 0):
 garbage-first heap   total 458752K, used 412092K [0x000000070a800000, 0x0000000800000000)
  region size 2048K, 72 young (147456K), 10 survivors (20480K)
 Metaspace       used 110621K, committed 111104K, reserved 1179648K
  class space    used 11078K, committed 11328K, reserved 1048576K
}
Event: 37.261 GC heap after
{Heap after GC invocations=49 (full 0):
 garbage-first heap   total 458752K, used 291164K [0x000000070a800000, 0x0000000800000000)
  region size 2048K, 6 young (12288K), 6 survivors (12288K)
 Metaspace       used 110621K, committed 111104K, reserved 1179648K
  class space    used 11078K, committed 11328K, reserved 1048576K
}
Event: 37.887 GC heap before
{Heap before GC invocations=50 (full 0):
 garbage-first heap   total 489472K, used 418140K [0x000000070a800000, 0x0000000800000000)
  region size 2048K, 68 young (139264K), 6 survivors (12288K)
 Metaspace       used 110654K, committed 111168K, reserved 1179648K
  class space    used 11079K, committed 11328K, reserved 1048576K
}
Event: 37.901 GC heap after
{Heap after GC invocations=51 (full 0):
 garbage-first heap   total 489472K, used 297398K [0x000000070a800000, 0x0000000800000000)
  region size 2048K, 9 young (18432K), 9 survivors (18432K)
 Metaspace       used 110654K, committed 111168K, reserved 1179648K
  class space    used 11079K, committed 11328K, reserved 1048576K
}
Event: 38.237 GC heap before
{Heap before GC invocations=51 (full 0):
 garbage-first heap   total 489472K, used 442806K [0x000000070a800000, 0x0000000800000000)
  region size 2048K, 80 young (163840K), 9 survivors (18432K)
 Metaspace       used 110684K, committed 111168K, reserved 1179648K
  class space    used 11079K, committed 11328K, reserved 1048576K
}
Event: 38.262 GC heap after
{Heap after GC invocations=52 (full 0):
 garbage-first heap   total 489472K, used 305533K [0x000000070a800000, 0x0000000800000000)
  region size 2048K, 10 young (20480K), 10 survivors (20480K)
 Metaspace       used 110684K, committed 111168K, reserved 1179648K
  class space    used 11079K, committed 11328K, reserved 1048576K
}
Event: 38.714 GC heap before
{Heap before GC invocations=52 (full 0):
 garbage-first heap   total 489472K, used 440701K [0x000000070a800000, 0x0000000800000000)
  region size 2048K, 76 young (155648K), 10 survivors (20480K)
 Metaspace       used 110722K, committed 111232K, reserved 1179648K
  class space    used 11083K, committed 11328K, reserved 1048576K
}
Event: 38.729 GC heap after
{Heap after GC invocations=53 (full 0):
 garbage-first heap   total 587776K, used 308623K [0x000000070a800000, 0x0000000800000000)
  region size 2048K, 5 young (10240K), 5 survivors (10240K)
 Metaspace       used 110722K, committed 111232K, reserved 1179648K
  class space    used 11083K, committed 11328K, reserved 1048576K
}

Dll operation events (3 events):
Event: 0.018 Loaded shared library C:\Users\harsh\AppData\Local\Programs\Android Studio\jbr\bin\java.dll
Event: 0.029 Loaded shared library C:\Users\harsh\AppData\Local\Programs\Android Studio\jbr\bin\zip.dll
Event: 2.595 Loaded shared library C:\Users\harsh\AppData\Local\Programs\Android Studio\jbr\bin\verify.dll

Deoptimization events (20 events):
Event: 38.650 Thread 0x0000023a72a8eed0 DEOPT PACKING pc=0x0000023a00044c48 sp=0x000000971f4fda40
Event: 38.650 Thread 0x0000023a72a8eed0 DEOPT UNPACKING pc=0x0000023a07584e42 sp=0x000000971f4fceb8 mode 0
Event: 38.658 Thread 0x0000023a72a8eed0 DEOPT PACKING pc=0x0000023a028ea763 sp=0x000000971f4f8fa0
Event: 38.658 Thread 0x0000023a72a8eed0 DEOPT UNPACKING pc=0x0000023a07584e42 sp=0x000000971f4f84c8 mode 0
Event: 38.710 Thread 0x0000023a72a8eed0 DEOPT PACKING pc=0x0000023a02bc1b8e sp=0x000000971f4f80a0
Event: 38.710 Thread 0x0000023a72a8eed0 DEOPT UNPACKING pc=0x0000023a07584e42 sp=0x000000971f4f7600 mode 0
Event: 38.739 Thread 0x0000023a72a8eed0 DEOPT PACKING pc=0x0000023a01711ae4 sp=0x000000971f4fa2e0
Event: 38.739 Thread 0x0000023a72a8eed0 DEOPT UNPACKING pc=0x0000023a07584e42 sp=0x000000971f4f9898 mode 0
Event: 38.759 Thread 0x0000023a72a8eed0 DEOPT PACKING pc=0x0000023a013b3179 sp=0x000000971f4fd920
Event: 38.759 Thread 0x0000023a72a8eed0 DEOPT UNPACKING pc=0x0000023a07584e42 sp=0x000000971f4fcea0 mode 0
Event: 38.780 Thread 0x0000023a72a8eed0 Uncommon trap: trap_request=0xffffff45 fr.pc=0x0000023a08555d30 relative=0x00000000000022b0
Event: 38.780 Thread 0x0000023a72a8eed0 Uncommon trap: reason=unstable_if action=reinterpret pc=0x0000023a08555d30 method=org.jetbrains.kotlin.codegen.inline.MethodInliner$Companion.processReturns(Lorg/jetbrains/org/objectweb/asm/tree/MethodNode;Ljava/util/Map;Lorg/jetbrains/org/objectweb/asm/L
Event: 38.780 Thread 0x0000023a72a8eed0 DEOPT PACKING pc=0x0000023a08555d30 sp=0x000000971f4fade0
Event: 38.780 Thread 0x0000023a72a8eed0 DEOPT UNPACKING pc=0x0000023a075846a2 sp=0x000000971f4fad98 mode 2
Event: 38.839 Thread 0x0000023a72a8eed0 DEOPT PACKING pc=0x0000023a01711ae4 sp=0x000000971f4fd9c0
Event: 38.839 Thread 0x0000023a72a8eed0 DEOPT UNPACKING pc=0x0000023a07584e42 sp=0x000000971f4fcf78 mode 0
Event: 38.845 Thread 0x0000023a72a8eed0 DEOPT PACKING pc=0x0000023a035e449f sp=0x000000971f4fd990
Event: 38.845 Thread 0x0000023a72a8eed0 DEOPT UNPACKING pc=0x0000023a07584e42 sp=0x000000971f4fd000 mode 0
Event: 38.867 Thread 0x0000023a72a8eed0 DEOPT PACKING pc=0x0000023a040b41c1 sp=0x000000971f4fc210
Event: 38.867 Thread 0x0000023a72a8eed0 DEOPT UNPACKING pc=0x0000023a07584e42 sp=0x000000971f4fb908 mode 0

Classes loaded (20 events):
Event: 27.800 Loading class sun/security/jca/GetInstance$Instance
Event: 27.800 Loading class sun/security/jca/GetInstance$Instance done
Event: 27.801 Loading class java/security/MessageDigest$Delegate
Event: 27.801 Loading class sun/security/util/MessageDigestSpi2
Event: 27.801 Loading class sun/security/util/MessageDigestSpi2 done
Event: 27.801 Loading class java/security/MessageDigest$Delegate done
Event: 27.801 Loading class java/security/MessageDigest$Delegate$CloneableDelegate
Event: 27.801 Loading class java/security/MessageDigest$Delegate$CloneableDelegate done
Event: 27.801 Loading class sun/security/provider/ByteArrayAccess$LE
Event: 27.801 Loading class sun/security/provider/ByteArrayAccess$LE done
Event: 27.801 Loading class sun/security/provider/ByteArrayAccess
Event: 27.801 Loading class sun/security/provider/ByteArrayAccess done
Event: 27.802 Loading class java/util/Base64
Event: 27.802 Loading class java/util/Base64 done
Event: 27.802 Loading class java/util/Base64$Encoder
Event: 27.802 Loading class java/util/Base64$Encoder done
Event: 31.196 Loading class java/lang/TypeNotPresentException
Event: 31.196 Loading class java/lang/TypeNotPresentException done
Event: 31.595 Loading class java/util/Vector$Itr
Event: 31.595 Loading class java/util/Vector$Itr done

Classes unloaded (0 events):
No events

Classes redefined (0 events):
No events

Internal exceptions (20 events):
Event: 27.436 Thread 0x0000023a72a8eed0 Exception <a 'java/lang/NoSuchMethodError'{0x00000007212ed288}: 'java.lang.Object java.lang.invoke.Invokers$Holder.linkToTargetMethod(java.lang.Object, java.lang.Object, java.lang.Object, java.lang.Object, int, int, java.lang.Object)'> (0x00000007212ed288) 
thrown [s\src\hotspot\share\interpreter\linkResolver.cpp, line 784]
Event: 28.203 Thread 0x0000023a72a8eed0 Exception <a 'java/lang/NoSuchMethodError'{0x000000071fb70dd0}: 'java.lang.Object java.lang.invoke.DirectMethodHandle$Holder.invokeStaticInit(java.lang.Object, java.lang.Object, int, java.lang.Object)'> (0x000000071fb70dd0) 
thrown [s\src\hotspot\share\interpreter\linkResolver.cpp, line 784]
Event: 28.282 Thread 0x0000023a72a8eed0 Implicit null exception at 0x0000023a082e9e3d to 0x0000023a082ea6e0
Event: 28.284 Thread 0x0000023a72a8eed0 Exception <a 'java/lang/NoSuchMethodError'{0x000000071f648240}: 'java.lang.Object java.lang.invoke.DirectMethodHandle$Holder.newInvokeSpecial(java.lang.Object, java.lang.Object, java.lang.Object, java.lang.Object, java.lang.Object, java.lang.Object, int, java.lang.Object)'> (0x000000071f648240) 
thrown [s\src\hotspot\share\interpreter\linkResolver.cpp, line 784]
Event: 28.284 Thread 0x0000023a72a8eed0 Exception <a 'java/lang/NoSuchMethodError'{0x000000071f64c940}: 'java.lang.Object java.lang.invoke.DirectMethodHandle$Holder.invokeSpecial(java.lang.Object, java.lang.Object, java.lang.Object, java.lang.Object, java.lang.Object, java.lang.Object, java.lang.Object, int, java.lang.Object)'> (0x000000071f64c940) 
thrown [s\src\hotspot\share\interpreter\linkResolver.cpp, line 784]
Event: 28.284 Thread 0x0000023a72a8eed0 Exception <a 'java/lang/NoSuchMethodError'{0x000000071f650868}: 'java.lang.Object java.lang.invoke.Invokers$Holder.linkToTargetMethod(java.lang.Object, java.lang.Object, java.lang.Object, java.lang.Object, java.lang.Object, int, java.lang.Object, java.lang.Object)'> (0x000000071f650868) 
thrown [s\src\hotspot\share\interpreter\linkResolver.cpp, line 784]
Event: 28.427 Thread 0x0000023a72a8eed0 Implicit null exception at 0x0000023a0898f141 to 0x0000023a0898f700
Event: 28.427 Thread 0x0000023a72a8eed0 Implicit null exception at 0x0000023a0899109b to 0x0000023a08991654
Event: 30.126 Thread 0x0000023a72a8eed0 Implicit null exception at 0x0000023a0897f63e to 0x0000023a0897fb40
Event: 30.127 Thread 0x0000023a72a8eed0 Implicit null exception at 0x0000023a0897e09e to 0x0000023a0897e5a4
Event: 31.413 Thread 0x0000023a72a8eed0 Exception <a 'java/lang/NoSuchMethodError'{0x0000000720cd8658}: 'java.lang.Object java.lang.invoke.DirectMethodHandle$Holder.newInvokeSpecial(java.lang.Object, int, int, java.lang.Object)'> (0x0000000720cd8658) 
thrown [s\src\hotspot\share\interpreter\linkResolver.cpp, line 784]
Event: 31.414 Thread 0x0000023a72a8eed0 Exception <a 'java/lang/NoSuchMethodError'{0x0000000720cdc628}: 'java.lang.Object java.lang.invoke.DirectMethodHandle$Holder.invokeSpecial(java.lang.Object, java.lang.Object, int, int, java.lang.Object)'> (0x0000000720cdc628) 
thrown [s\src\hotspot\share\interpreter\linkResolver.cpp, line 784]
Event: 31.414 Thread 0x0000023a72a8eed0 Exception <a 'java/lang/NoSuchMethodError'{0x0000000720cdfcd8}: 'java.lang.Object java.lang.invoke.Invokers$Holder.linkToTargetMethod(int, int, java.lang.Object, java.lang.Object)'> (0x0000000720cdfcd8) 
thrown [s\src\hotspot\share\interpreter\linkResolver.cpp, line 784]
Event: 31.491 Thread 0x0000023a72a8eed0 Exception <a 'java/lang/NoSuchMethodError'{0x0000000720aa46e8}: 'java.lang.Object java.lang.invoke.DirectMethodHandle$Holder.invokeStatic(java.lang.Object, int, int)'> (0x0000000720aa46e8) 
thrown [s\src\hotspot\share\interpreter\linkResolver.cpp, line 784]
Event: 31.711 Thread 0x0000023a72a8eed0 Exception <a 'java/lang/NoSuchMethodError'{0x00000007205de8a8}: 'java.lang.Object java.lang.invoke.DirectMethodHandle$Holder.invokeStatic(java.lang.Object, java.lang.Object, java.lang.Object, int, java.lang.Object, java.lang.Object, java.lang.Object, java.lang.Object)'> (0x00000007205de8a8) 
thrown [s\src\hotspot\share\interpreter\linkResolver.cpp, line 784]
Event: 31.815 Thread 0x0000023a72a8eed0 Exception <a 'java/lang/NoSuchMethodError'{0x000000072005a590}: 'java.lang.Object java.lang.invoke.DirectMethodHandle$Holder.newInvokeSpecial(java.lang.Object, java.lang.Object, java.lang.Object, java.lang.Object, java.lang.Object, int, java.lang.Object)'> (0x000000072005a590) 
thrown [s\src\hotspot\share\interpreter\linkResolver.cpp, line 784]
Event: 31.816 Thread 0x0000023a72a8eed0 Exception <a 'java/lang/NoSuchMethodError'{0x000000072005e6d8}: 'java.lang.Object java.lang.invoke.DirectMethodHandle$Holder.invokeSpecial(java.lang.Object, java.lang.Object, java.lang.Object, java.lang.Object, java.lang.Object, java.lang.Object, int, java.lang.Object)'> (0x000000072005e6d8) 
thrown [s\src\hotspot\share\interpreter\linkResolver.cpp, line 784]
Event: 31.816 Thread 0x0000023a72a8eed0 Exception <a 'java/lang/NoSuchMethodError'{0x0000000720061e48}: 'java.lang.Object java.lang.invoke.Invokers$Holder.linkToTargetMethod(java.lang.Object, java.lang.Object, java.lang.Object, java.lang.Object, int, java.lang.Object, java.lang.Object)'> (0x0000000720061e48) 
thrown [s\src\hotspot\share\interpreter\linkResolver.cpp, line 784]
Event: 32.796 Thread 0x0000023a72a8eed0 Implicit null exception at 0x0000023a07ef285e to 0x0000023a07ef288e
Event: 34.824 Thread 0x0000023a72a8eed0 Implicit null exception at 0x0000023a07d0768c to 0x0000023a07d08d74

ZGC Phase Switch (0 events):
No events

VM Operations (20 events):
Event: 36.173 Executing VM operation: HandshakeAllThreads (Deoptimize)
Event: 36.173 Executing VM operation: HandshakeAllThreads (Deoptimize) done
Event: 36.284 Executing VM operation: HandshakeAllThreads (Deoptimize)
Event: 36.284 Executing VM operation: HandshakeAllThreads (Deoptimize) done
Event: 36.436 Executing VM operation: ICBufferFull
Event: 36.436 Executing VM operation: ICBufferFull done
Event: 36.582 Executing VM operation: G1CollectForAllocation (G1 Evacuation Pause)
Event: 36.606 Executing VM operation: G1CollectForAllocation (G1 Evacuation Pause) done
Event: 37.247 Executing VM operation: G1CollectForAllocation (G1 Evacuation Pause)
Event: 37.261 Executing VM operation: G1CollectForAllocation (G1 Evacuation Pause) done
Event: 37.513 Executing VM operation: G1PauseRemark
Event: 37.537 Executing VM operation: G1PauseRemark done
Event: 37.641 Executing VM operation: G1PauseCleanup
Event: 37.641 Executing VM operation: G1PauseCleanup done
Event: 37.887 Executing VM operation: G1CollectForAllocation (G1 Evacuation Pause)
Event: 37.901 Executing VM operation: G1CollectForAllocation (G1 Evacuation Pause) done
Event: 38.237 Executing VM operation: G1CollectForAllocation (G1 Evacuation Pause)
Event: 38.262 Executing VM operation: G1CollectForAllocation (G1 Evacuation Pause) done
Event: 38.714 Executing VM operation: G1CollectForAllocation (G1 Evacuation Pause)
Event: 38.729 Executing VM operation: G1CollectForAllocation (G1 Evacuation Pause) done

Memory protections (0 events):
No events

Nmethod flushes (20 events):
Event: 37.532 Thread 0x0000023a7daad570 flushing  nmethod 0x0000023a041e5410
Event: 37.532 Thread 0x0000023a7daad570 flushing  nmethod 0x0000023a04335510
Event: 37.532 Thread 0x0000023a7daad570 flushing  nmethod 0x0000023a04337810
Event: 37.532 Thread 0x0000023a7daad570 flushing  nmethod 0x0000023a04339a90
Event: 37.532 Thread 0x0000023a7daad570 flushing  nmethod 0x0000023a04349d90
Event: 37.532 Thread 0x0000023a7daad570 flushing  nmethod 0x0000023a0434a990
Event: 37.532 Thread 0x0000023a7daad570 flushing  nmethod 0x0000023a04353210
Event: 37.532 Thread 0x0000023a7daad570 flushing  nmethod 0x0000023a04353710
Event: 37.532 Thread 0x0000023a7daad570 flushing  nmethod 0x0000023a04353b90
Event: 37.532 Thread 0x0000023a7daad570 flushing  nmethod 0x0000023a044e2c10
Event: 37.532 Thread 0x0000023a7daad570 flushing  nmethod 0x0000023a044e7a90
Event: 37.532 Thread 0x0000023a7daad570 flushing  nmethod 0x0000023a044e8090
Event: 37.532 Thread 0x0000023a7daad570 flushing  nmethod 0x0000023a04587110
Event: 37.532 Thread 0x0000023a7daad570 flushing  nmethod 0x0000023a04588510
Event: 37.532 Thread 0x0000023a7daad570 flushing  nmethod 0x0000023a04588890
Event: 37.532 Thread 0x0000023a7daad570 flushing  nmethod 0x0000023a0458fd90
Event: 37.532 Thread 0x0000023a7daad570 flushing  nmethod 0x0000023a047a5890
Event: 37.532 Thread 0x0000023a7daad570 flushing  nmethod 0x0000023a047a7090
Event: 37.532 Thread 0x0000023a7daad570 flushing  nmethod 0x0000023a04a0a690
Event: 37.532 Thread 0x0000023a7daad570 flushing  nmethod 0x0000023a04a82790

Events (20 events):
Event: 0.255 Loaded shared library C:\Users\harsh\AppData\Local\Programs\Android Studio\jbr\bin\zip.dll
Event: 0.340 Loaded shared library C:\Users\harsh\AppData\Local\Programs\Android Studio\jbr\bin\jimage.dll
Event: 0.393 Thread 0x0000023a7de9cd20 Thread exited: 0x0000023a7de9cd20
Event: 0.481 Thread 0x0000023a7dc82d20 Thread added: 0x0000023a7e16fb70
Event: 1.030 Thread 0x0000023a7e16fb70 Thread exited: 0x0000023a7e16fb70
Event: 1.162 Loaded shared library C:\Users\harsh\AppData\Local\Programs\Android Studio\jbr\bin\management.dll
Event: 1.172 Loaded shared library C:\Users\harsh\AppData\Local\Programs\Android Studio\jbr\bin\management_ext.dll
Event: 1.475 Thread 0x0000023a7de9c680 Thread exited: 0x0000023a7de9c680
Event: 1.501 Thread 0x0000023a7dc83f50 Thread added: 0x0000023a7ea23c80
Event: 2.695 Thread 0x0000023a7dc83f50 Thread added: 0x0000023a133a6900
Event: 3.552 Thread 0x0000023a133a6900 Thread exited: 0x0000023a133a6900
Event: 4.176 Thread 0x0000023a7ea23c80 Thread exited: 0x0000023a7ea23c80
Event: 4.556 Thread 0x0000023a7dc83f50 Thread added: 0x0000023a14df2020
Event: 4.582 Thread 0x0000023a7dc83f50 Thread added: 0x0000023a7ea988b0
Event: 22.296 Thread 0x0000023a7ea988b0 Thread exited: 0x0000023a7ea988b0
Event: 22.313 Thread 0x0000023a14df2020 Thread exited: 0x0000023a14df2020
Event: 22.442 Thread 0x0000023a7dc83f50 Thread added: 0x0000023a15eacdb0
Event: 22.693 Thread 0x0000023a7dc83f50 Thread added: 0x0000023a15eae8f0
Event: 31.340 Thread 0x0000023a15eae8f0 Thread exited: 0x0000023a15eae8f0
Event: 31.737 Thread 0x0000023a7dc83f50 Thread added: 0x0000023a1dd905c0


Dynamic libraries:
0x00007ff78bbc0000 - 0x00007ff78bbca000 	C:\Users\harsh\AppData\Local\Programs\Android Studio\jbr\bin\java.exe
0x00007ffd583e0000 - 0x00007ffd58648000 	C:\Windows\SYSTEM32\ntdll.dll
0x00007ffd56c00000 - 0x00007ffd56cc9000 	C:\Windows\System32\KERNEL32.DLL
0x00007ffd55ab0000 - 0x00007ffd55ea8000 	C:\Windows\System32\KERNELBASE.dll
0x00007ffd55530000 - 0x00007ffd5567b000 	C:\Windows\System32\ucrtbase.dll
0x00007ffd47870000 - 0x00007ffd47888000 	C:\Users\harsh\AppData\Local\Programs\Android Studio\jbr\bin\jli.dll
0x00007ffd23e40000 - 0x00007ffd23e5b000 	C:\Users\harsh\AppData\Local\Programs\Android Studio\jbr\bin\VCRUNTIME140.dll
0x00007ffd56550000 - 0x00007ffd56717000 	C:\Windows\System32\USER32.dll
0x00007ffd55730000 - 0x00007ffd55757000 	C:\Windows\System32\win32u.dll
0x00007ffd43760000 - 0x00007ffd439f4000 	C:\Windows\WinSxS\amd64_microsoft.windows.common-controls_6595b64144ccf1df_6.0.26100.7019_none_3e06ffa0e335b8a8\COMCTL32.dll
0x00007ffd57ec0000 - 0x00007ffd57eeb000 	C:\Windows\System32\GDI32.dll
0x00007ffd57c80000 - 0x00007ffd57d29000 	C:\Windows\System32\msvcrt.dll
0x00007ffd55980000 - 0x00007ffd55aac000 	C:\Windows\System32\gdi32full.dll
0x00007ffd558d0000 - 0x00007ffd55973000 	C:\Windows\System32\msvcp_win.dll
0x00007ffd57ef0000 - 0x00007ffd57f21000 	C:\Windows\System32\IMM32.DLL
0x00007ffd23cc0000 - 0x00007ffd23ccc000 	C:\Users\harsh\AppData\Local\Programs\Android Studio\jbr\bin\vcruntime140_1.dll
0x00007ffd42040000 - 0x00007ffd420cd000 	C:\Users\harsh\AppData\Local\Programs\Android Studio\jbr\bin\msvcp140.dll
0x00007ffceefb0000 - 0x00007ffcefc3b000 	C:\Users\harsh\AppData\Local\Programs\Android Studio\jbr\bin\server\jvm.dll
0x00007ffd56730000 - 0x00007ffd567e4000 	C:\Windows\System32\ADVAPI32.dll
0x00007ffd56290000 - 0x00007ffd56336000 	C:\Windows\System32\sechost.dll
0x00007ffd57d30000 - 0x00007ffd57e48000 	C:\Windows\System32\RPCRT4.dll
0x00007ffd57f30000 - 0x00007ffd57fa4000 	C:\Windows\System32\WS2_32.dll
0x00007ffd55390000 - 0x00007ffd553ee000 	C:\Windows\SYSTEM32\POWRPROF.dll
0x00007ffd4e5d0000 - 0x00007ffd4e605000 	C:\Windows\SYSTEM32\WINMM.dll
0x00007ffd4e610000 - 0x00007ffd4e61b000 	C:\Windows\SYSTEM32\VERSION.dll
0x00007ffd552c0000 - 0x00007ffd552d4000 	C:\Windows\SYSTEM32\UMPDC.dll
0x00007ffd542f0000 - 0x00007ffd5430b000 	C:\Windows\SYSTEM32\kernel.appcore.dll
0x00007ffcf6d40000 - 0x00007ffcf6d4a000 	C:\Users\harsh\AppData\Local\Programs\Android Studio\jbr\bin\jimage.dll
0x00007ffd48600000 - 0x00007ffd48842000 	C:\Windows\SYSTEM32\DBGHELP.DLL
0x00007ffd57fb0000 - 0x00007ffd5833b000 	C:\Windows\System32\combase.dll
0x00007ffd561b0000 - 0x00007ffd56287000 	C:\Windows\System32\OLEAUT32.dll
0x00007ffd3eb10000 - 0x00007ffd3eb4c000 	C:\Windows\SYSTEM32\dbgcore.DLL
0x00007ffd55680000 - 0x00007ffd55725000 	C:\Windows\System32\bcryptPrimitives.dll
0x00007ffcf6c80000 - 0x00007ffcf6ca0000 	C:\Users\harsh\AppData\Local\Programs\Android Studio\jbr\bin\java.dll
0x00007ffcf6c60000 - 0x00007ffcf6c78000 	C:\Users\harsh\AppData\Local\Programs\Android Studio\jbr\bin\zip.dll
0x00007ffd57000000 - 0x00007ffd5774f000 	C:\Windows\System32\SHELL32.dll
0x00007ffd55760000 - 0x00007ffd558cb000 	C:\Windows\System32\wintypes.dll
0x00007ffd53150000 - 0x00007ffd539ad000 	C:\Windows\SYSTEM32\windows.storage.dll
0x00007ffd56cd0000 - 0x00007ffd56dc2000 	C:\Windows\System32\SHCORE.dll
0x00007ffd57e50000 - 0x00007ffd57eb7000 	C:\Windows\System32\shlwapi.dll
0x00007ffd55450000 - 0x00007ffd55479000 	C:\Windows\SYSTEM32\profapi.dll
0x00007ffcf6d30000 - 0x00007ffcf6d40000 	C:\Users\harsh\AppData\Local\Programs\Android Studio\jbr\bin\net.dll
0x00007ffd4b4e0000 - 0x00007ffd4b608000 	C:\Windows\SYSTEM32\WINHTTP.dll
0x00007ffd54860000 - 0x00007ffd548cb000 	C:\Windows\system32\mswsock.dll
0x00007ffcf5a10000 - 0x00007ffcf5a26000 	C:\Users\harsh\AppData\Local\Programs\Android Studio\jbr\bin\nio.dll
0x00007ffcf59f0000 - 0x00007ffcf59f9000 	C:\Users\harsh\AppData\Local\Programs\Android Studio\jbr\bin\management.dll
0x00007ffcf4ef0000 - 0x00007ffcf4efb000 	C:\Users\harsh\AppData\Local\Programs\Android Studio\jbr\bin\management_ext.dll
0x00007ffd56720000 - 0x00007ffd56728000 	C:\Windows\System32\PSAPI.DLL
0x00007ffcf6c50000 - 0x00007ffcf6c60000 	C:\Users\harsh\AppData\Local\Programs\Android Studio\jbr\bin\verify.dll

dbghelp: loaded successfully - version: 4.0.5 - missing functions: none
symbol engine: initialized successfully - sym options: 0x614 - pdb path: .;C:\Users\harsh\AppData\Local\Programs\Android Studio\jbr\bin;C:\Windows\SYSTEM32;C:\Windows\WinSxS\amd64_microsoft.windows.common-controls_6595b64144ccf1df_6.0.26100.7019_none_3e06ffa0e335b8a8;C:\Users\harsh\AppData\Local\Programs\Android Studio\jbr\bin\server

VM Arguments:
java_command: org.jetbrains.kotlin.cli.jvm.K2JVMCompiler @C:\Users\harsh\AndroidStudioProjects\PairlixDating\app\build\20251208_16297166915705057065.compiler.options
java_class_path (initial): C:\Users\harsh\.gradle\caches\modules-2\files-2.1\org.jetbrains.kotlin\kotlin-compiler-embeddable\2.2.21\b13aed5cf8412f9ee9d1e4db21bdcfebcc24f606\kotlin-compiler-embeddable-2.2.21.jar;C:\Users\harsh\.gradle\caches\modules-2\files-2.1\org.jetbrains.kotlin\kotlin-stdlib\2.2.21\fa374a986e128314c3db00a20aae55f72a258511\kotlin-stdlib-2.2.21.jar;C:\Users\harsh\.gradle\caches\modules-2\files-2.1\org.jetbrains.kotlin\kotlin-script-runtime\2.2.21\e9b021c4e335e4ed7a7e3b32285249ae6bb3a6c8\kotlin-script-runtime-2.2.21.jar;C:\Users\harsh\.gradle\caches\modules-2\files-2.1\org.jetbrains.kotlin\kotlin-reflect\1.6.10\1cbe9c92c12a94eea200d23c2bbaedaf3daf5132\kotlin-reflect-1.6.10.jar;C:\Users\harsh\.gradle\caches\modules-2\files-2.1\org.jetbrains.kotlin\kotlin-daemon-embeddable\2.2.21\78fde5db1c92786448170b351d8f8868acabd2ce\kotlin-daemon-embeddable-2.2.21.jar;C:\Users\harsh\.gradle\caches\modules-2\files-2.1\org.jetbrains.kotlinx\kotlinx-coroutines-core-jvm\1.8.0\ac1dc37a30a93150b704022f8d895ee1bd3a36b3\kotlinx-coroutines-core-jvm-1.8.0.jar;C:\Users\harsh\.gradle\caches\modules-2\files-2.1\org.jetbrains\annotations\13.0\919f0dfe192fb4e063e7dacadee7f8bb9a2672a9\annotations-13.0.jar
Launcher Type: SUN_STANDARD

[Global flags]
     intx CICompilerCount                          = 4                                         {product} {ergonomic}
     uint ConcGCThreads                            = 3                                         {product} {ergonomic}
     uint G1ConcRefinementThreads                  = 10                                        {product} {ergonomic}
   size_t G1HeapRegionSize                         = 2097152                                   {product} {ergonomic}
    uintx GCDrainStackTargetSize                   = 64                                        {product} {ergonomic}
   size_t InitialHeapSize                          = 257949696                                 {product} {ergonomic}
   size_t MarkStackSize                            = 4194304                                   {product} {ergonomic}
   size_t MaxHeapSize                              = 4118806528                                {product} {ergonomic}
   size_t MaxNewSize                               = 2470445056                                {product} {ergonomic}
   size_t MinHeapDeltaBytes                        = 2097152                                   {product} {ergonomic}
   size_t MinHeapSize                              = 8388608                                   {product} {ergonomic}
    uintx NonNMethodCodeHeapSize                   = 5839372                                {pd product} {ergonomic}
    uintx NonProfiledCodeHeapSize                  = 122909434                              {pd product} {ergonomic}
    uintx ProfiledCodeHeapSize                     = 122909434                              {pd product} {ergonomic}
    uintx ReservedCodeCacheSize                    = 251658240                              {pd product} {ergonomic}
     bool SegmentedCodeCache                       = true                                      {product} {ergonomic}
   size_t SoftMaxHeapSize                          = 4118806528                             {manageable} {ergonomic}
     bool UseCompressedOops                        = true                           {product lp64_product} {ergonomic}
     bool UseG1GC                                  = true                                      {product} {ergonomic}
     bool UseLargePagesIndividualAllocation        = false                                  {pd product} {ergonomic}

Logging:
Log output configuration:
 #0: stdout all=warning uptime,level,tags foldmultilines=false
 #1: stderr all=off uptime,level,tags foldmultilines=false

Environment Variables:
PATH=D:\oracle\product\10.2.0\db_1\bin;C:\Program Files\Common Files\Oracle\Java\javapath;C:\Windows\system32;C:\Windows;C:\Windows\System32\Wbem;C:\Windows\System32\WindowsPowerShell\v1.0\;C:\Windows\System32\OpenSSH\;C:\ProgramData\chocolatey\bin;C:\Program Files\Java\jdk-23\bin;C:\Program Files\Git\cmd;D:\flutter\bin;C:\Users\harsh\AppData\Local\Microsoft\WindowsApps;C:\Users\harsh\AppData\Local\Programs\Microsoft VS Code\bin;C:\Users\harsh\AppData\Roaming\Python\Python313\Scripts;C:\Users\harsh\AppData\Local\JetBrains\Toolbox\scripts;
USERNAME=harsh
OS=Windows_NT
PROCESSOR_IDENTIFIER=AMD64 Family 25 Model 80 Stepping 0, AuthenticAMD
TMP=C:\Users\harsh\AppData\Local\Temp
TEMP=C:\Users\harsh\AppData\Local\Temp




Periodic native trim disabled

JNI global refs:
JNI global refs: 14, weak refs: 17

JNI global refs memory usage: 835, weak refs: 833

Process memory usage:
Resident Set Size: 959368K (5% of 16085060K total physical memory with 2151856K free physical memory)

OOME stack traces (most recent first):
Classloader memory used:
Loader jdk.internal.loader.ClassLoaders$AppClassLoader                                 : 94886K
Loader bootstrap                                                                       : 12591K
Loader java.net.URLClassLoader                                                         : 3304K

---------------  S Y S T E M  ---------------

OS:
 Windows 11 , 64 bit Build 26100 (10.0.26100.7019)
OS uptime: 0 days 20:27 hours
Hyper-V role detected

CPU: total 12 (initial active 12) (12 cores per cpu, 2 threads per core) family 25 model 80 stepping 0 microcode 0xa50000d, cx8, cmov, fxsr, ht, mmx, 3dnowpref, sse, sse2, sse3, ssse3, sse4a, sse4.1, sse4.2, popcnt, lzcnt, tsc, tscinvbit, avx, avx2, aes, erms, clmul, bmi1, bmi2, adx, sha, fma, vzeroupper, clflush, clflushopt, hv, rdtscp, rdpid, fsrm, f16c, cet_ss
Processor Information for the first 12 processors :
  Max Mhz: 2301, Current Mhz: 2010, Mhz Limit: 2301

Memory: 4k page, system-wide physical 15708M (2092M free)
TotalPageFile size 20708M (AvailPageFile size 8M)
current process WorkingSet (physical memory assigned to process): 945M, peak: 945M
current process commit charge ("private bytes"): 988M, peak: 991M

vm_info: OpenJDK 64-Bit Server VM (21.0.6+-13368085-b895.109) for windows-amd64 JRE (21.0.6+-13368085-b895.109), built on 2025-04-16T17:01:31Z by "builder" with MS VC++ 16.10 / 16.11 (VS2019)

END.
